[0 NVIDIA GeForce RTX 4060 Laptop GPU]  queueC=2[8]  queueT=1[2]  rebar=1  r-score=76
[0 NVIDIA GeForce RTX 4060 Laptop GPU]  fp16-p/s/u/a=1/1/1/1  int8-p/s/u/a=1/1/1/1  bf16-p/s=1/1
[0 NVIDIA GeForce RTX 4060 Laptop GPU]  subgroup=32(32~32)  ops=1/1/1/1/1/1/1/1/1/1
[0 NVIDIA GeForce RTX 4060 Laptop GPU]  fp16-cm=16x16x16/16x8x16/16x8x8  int8-cm=16x16x32/16x8x32  bf16-cm=16x16x16  fp8-cm=16x16x32  fp6-cm=0  fp4-cm=0
[1 llvmpipe (LLVM 22.1.8, 256 bits)]  queueC=0[1]  queueT=0[1]  rebar=1  r-score=14
[1 llvmpipe (LLVM 22.1.8, 256 bits)]  fp16-p/s/u/a=1/1/1/1  int8-p/s/u/a=1/1/1/1  bf16-p/s=1/0
[1 llvmpipe (LLVM 22.1.8, 256 bits)]  subgroup=8(8~8)  ops=1/1/1/1/1/1/1/1/1/1
[1 llvmpipe (LLVM 22.1.8, 256 bits)]  fp16-cm=8x8x8  int8-cm=8x8x8  bf16-cm=0  fp8-cm=0  fp6-cm=0  fp4-cm=0
[2 llvmpipe (LLVM 17.0.6, 256 bits)]  queueC=0[1]  queueT=0[1]  rebar=1  r-score=4
[2 llvmpipe (LLVM 17.0.6, 256 bits)]  fp16-p/s/u/a=1/1/1/1  int8-p/s/u/a=1/1/1/1  bf16-p/s=1/0
[2 llvmpipe (LLVM 17.0.6, 256 bits)]  subgroup=8(8~8)  ops=1/1/1/1/1/1/0/1/0/0
[2 llvmpipe (LLVM 17.0.6, 256 bits)]  fp16-cm=0  int8-cm=0  bf16-cm=0  fp8-cm=0  fp6-cm=0  fp4-cm=0
{"completed":0,"elapsed_ms":253.345386,"event":"progress","stage":"validating","total":38}
{"completed":0,"elapsed_ms":258.680458,"event":"progress","stage":"validating","total":38}
{"completed":0,"elapsed_ms":483.926878,"event":"progress","stage":"validating","total":38}
{"completed":0,"elapsed_ms":764.047111,"event":"progress","stage":"validating","total":38}
{"completed":0,"elapsed_ms":1100.493569,"event":"progress","stage":"validating","total":38}
{"completed":0,"elapsed_ms":1432.302603,"event":"progress","stage":"validating","total":38}
{"completed":0,"elapsed_ms":1775.127522,"event":"progress","stage":"validating","total":38}
{"completed":0,"elapsed_ms":2124.192763,"event":"progress","stage":"validating","total":38}
{"completed":0,"elapsed_ms":2468.149489,"event":"progress","stage":"validating","total":38}
{"completed":0,"elapsed_ms":2795.352667,"event":"progress","stage":"validating","total":38}
{"completed":0,"elapsed_ms":3109.037886,"event":"progress","stage":"validating","total":38}
{"completed":0,"elapsed_ms":3445.047559,"event":"progress","stage":"validating","total":38}
{"completed":0,"elapsed_ms":3798.280708,"event":"progress","stage":"validating","total":38}
{"completed":0,"elapsed_ms":4148.920761,"event":"progress","stage":"validating","total":38}
{"completed":0,"elapsed_ms":4493.218612,"event":"progress","stage":"validating","total":38}
{"completed":0,"elapsed_ms":4859.483973,"event":"progress","stage":"validating","total":38}
{"completed":0,"elapsed_ms":5217.131305,"event":"progress","stage":"validating","total":38}
{"completed":0,"elapsed_ms":5583.304753,"event":"progress","stage":"validating","total":38}
{"completed":0,"elapsed_ms":5963.967795,"event":"progress","stage":"validating","total":38}
{"completed":0,"elapsed_ms":6327.875656,"event":"progress","stage":"validating","total":38}
{"completed":0,"elapsed_ms":6683.645023,"event":"progress","stage":"validating","total":38}
{"completed":0,"elapsed_ms":7042.623528,"event":"progress","stage":"validating","total":38}
{"completed":0,"elapsed_ms":7383.261399,"event":"progress","stage":"validating","total":38}
{"completed":0,"elapsed_ms":7722.796157,"event":"progress","stage":"validating","total":38}
{"completed":0,"elapsed_ms":8075.277337,"event":"progress","stage":"validating","total":38}
{"completed":0,"elapsed_ms":8435.030504,"event":"progress","stage":"validating","total":38}
{"completed":0,"elapsed_ms":8793.117416,"event":"progress","stage":"validating","total":38}
{"completed":0,"elapsed_ms":9135.726027,"event":"progress","stage":"validating","total":38}
{"completed":0,"elapsed_ms":9478.597875,"event":"progress","stage":"validating","total":38}
{"completed":0,"elapsed_ms":9829.024085,"event":"progress","stage":"validating","total":38}
{"completed":0,"elapsed_ms":10180.551564,"event":"progress","stage":"validating","total":38}
{"completed":0,"elapsed_ms":10528.554439,"event":"progress","stage":"validating","total":38}
{"completed":0,"elapsed_ms":10885.515686,"event":"progress","stage":"validating","total":38}
{"completed":0,"elapsed_ms":11234.145614,"event":"progress","stage":"validating","total":38}
{"completed":0,"elapsed_ms":11585.917695,"event":"progress","stage":"validating","total":38}
{"completed":0,"elapsed_ms":11820.723341,"event":"progress","stage":"validating","total":38}
{"completed":0,"elapsed_ms":11821.985624,"event":"progress","stage":"validating","total":38}
[libx264 @ 0x1d7734c0] using cpu capabilities: MMX2 SSE2Fast SSSE3 SSE4.2 AVX FMA3 BMI2 AVX2 AVX512
[libx264 @ 0x1d7734c0] profile High, level 1.0, 4:2:0, 8-bit
[libx264 @ 0x1d7734c0] 264 - core 165 r3222 b35605a - H.264/MPEG-4 AVC codec - Copyleft 2003-2025 - http://www.videolan.org/x264.html - options: cabac=1 ref=2 deblock=1:0:0 analyse=0x3:0x113 me=hex subme=6 psy=1 psy_rd=1.00:0.00 mixed_ref=1 me_range=16 chroma_me=1 trellis=1 8x8dct=1 cqm=0 deadzone=21,11 fast_pskip=1 chroma_qp_offset=-2 threads=4 lookahead_threads=1 sliced_threads=0 nr=0 decimate=1 interlaced=0 bluray_compat=0 constrained_intra=0 bframes=0 weightp=1 keyint=250 keyint_min=8 scenecut=40 intra_refresh=0 rc_lookahead=30 rc=crf mbtree=1 crf=18.0 qcomp=0.60 qpmin=0 qpmax=69 qpstep=4 ip_ratio=1.40 aq=1:1.00
[mp4 @ 0x1d68e140] Starting second pass: moving the moov atom to the beginning of the file
[libx264 @ 0x1d7734c0] frame I:1     Avg QP:18.55  size:  1174
[libx264 @ 0x1d7734c0] frame P:8     Avg QP:18.89  size:   723
[libx264 @ 0x1d7734c0] mb I  I16..4:  0.0% 90.0% 10.0%
[libx264 @ 0x1d7734c0] mb P  I16..4:  0.0%  8.1%  1.9%  P16..4: 35.0% 35.3% 17.8%  0.0%  0.0%    skip: 1.9%
[libx264 @ 0x1d7734c0] 8x8 transform intra:86.1% inter:62.1%
[libx264 @ 0x1d7734c0] coded y,uvDC,uvAC intra: 96.5% 72.2% 22.2% inter: 67.7% 32.6% 1.4%
[libx264 @ 0x1d7734c0] i8 v,h,dc,ddl,ddr,vr,hd,vl,hu: 28% 15% 13%  3%  6% 23%  3%  3%  5%
[libx264 @ 0x1d7734c0] i4 v,h,dc,ddl,ddr,vr,hd,vl,hu: 46% 18% 10%  2%  4%  7%  5%  4%  4%
[libx264 @ 0x1d7734c0] i8c dc,h,v,p: 64% 22% 12%  1%
[libx264 @ 0x1d7734c0] Weighted P-Frames: Y:12.5% UV:0.0%
[libx264 @ 0x1d7734c0] ref P L0: 80.1% 19.9%
[libx264 @ 0x1d7734c0] kb/s:49.49
{"completed":1,"elapsed_ms":12134.941586,"event":"progress","stage":"encoding","total":38}
{"completed":2,"elapsed_ms":12931.368895,"event":"progress","stage":"sampling","total":38}
{"completed":3,"elapsed_ms":12931.878587,"event":"progress","stage":"projecting","total":38}
{"completed":4,"elapsed_ms":12948.550391,"event":"progress","stage":"block-00","total":38}
overwrite built-in layer type RMSNorm
overwrite built-in layer type Swish
{"completed":5,"elapsed_ms":13388.768303,"event":"progress","stage":"block-01","total":38}
overwrite built-in layer type RMSNorm
overwrite built-in layer type Swish
{"completed":6,"elapsed_ms":13722.050848,"event":"progress","stage":"block-02","total":38}
overwrite built-in layer type RMSNorm
overwrite built-in layer type Swish
{"completed":7,"elapsed_ms":14060.537287,"event":"progress","stage":"block-03","total":38}
overwrite built-in layer type RMSNorm
overwrite built-in layer type Swish
{"completed":8,"elapsed_ms":14413.73048,"event":"progress","stage":"block-04","total":38}
overwrite built-in layer type RMSNorm
overwrite built-in layer type Swish
{"completed":9,"elapsed_ms":14771.637423,"event":"progress","stage":"block-05","total":38}
overwrite built-in layer type RMSNorm
overwrite built-in layer type Swish
{"completed":10,"elapsed_ms":15082.606824,"event":"progress","stage":"block-06","total":38}
overwrite built-in layer type RMSNorm
overwrite built-in layer type Swish
{"completed":11,"elapsed_ms":15387.16388,"event":"progress","stage":"block-07","total":38}
overwrite built-in layer type RMSNorm
overwrite built-in layer type Swish
{"completed":12,"elapsed_ms":15715.217363,"event":"progress","stage":"block-08","total":38}
overwrite built-in layer type RMSNorm
overwrite built-in layer type Swish
{"completed":13,"elapsed_ms":16090.112557,"event":"progress","stage":"block-09","total":38}
overwrite built-in layer type RMSNorm
overwrite built-in layer type Swish
{"completed":14,"elapsed_ms":16452.012427,"event":"progress","stage":"block-10","total":38}
overwrite built-in layer type RMSNorm
overwrite built-in layer type Swish
{"completed":15,"elapsed_ms":16797.085411,"event":"progress","stage":"block-11","total":38}
overwrite built-in layer type RMSNorm
overwrite built-in layer type Swish
{"completed":16,"elapsed_ms":17150.640026,"event":"progress","stage":"block-12","total":38}
overwrite built-in layer type RMSNorm
overwrite built-in layer type Swish
{"completed":17,"elapsed_ms":17511.380508,"event":"progress","stage":"block-13","total":38}
overwrite built-in layer type RMSNorm
overwrite built-in layer type Swish
{"completed":18,"elapsed_ms":17889.524123,"event":"progress","stage":"block-14","total":38}
overwrite built-in layer type RMSNorm
overwrite built-in layer type Swish
{"completed":19,"elapsed_ms":18249.056584,"event":"progress","stage":"block-15","total":38}
overwrite built-in layer type RMSNorm
overwrite built-in layer type Swish
{"completed":20,"elapsed_ms":18596.232418,"event":"progress","stage":"block-16","total":38}
overwrite built-in layer type RMSNorm
overwrite built-in layer type Swish
{"completed":21,"elapsed_ms":18960.625204,"event":"progress","stage":"block-17","total":38}
overwrite built-in layer type RMSNorm
overwrite built-in layer type Swish
{"completed":22,"elapsed_ms":19310.154591,"event":"progress","stage":"block-18","total":38}
overwrite built-in layer type RMSNorm
overwrite built-in layer type Swish
{"completed":23,"elapsed_ms":19648.039434,"event":"progress","stage":"block-19","total":38}
overwrite built-in layer type RMSNorm
overwrite built-in layer type Swish
{"completed":24,"elapsed_ms":19998.415479,"event":"progress","stage":"block-20","total":38}
overwrite built-in layer type RMSNorm
overwrite built-in layer type Swish
{"completed":25,"elapsed_ms":20348.726722,"event":"progress","stage":"block-21","total":38}
overwrite built-in layer type RMSNorm
overwrite built-in layer type Swish
{"completed":26,"elapsed_ms":20691.562652,"event":"progress","stage":"block-22","total":38}
overwrite built-in layer type RMSNorm
overwrite built-in layer type Swish
{"completed":27,"elapsed_ms":21045.039471,"event":"progress","stage":"block-23","total":38}
overwrite built-in layer type RMSNorm
overwrite built-in layer type Swish
{"completed":28,"elapsed_ms":21394.838757,"event":"progress","stage":"block-24","total":38}
overwrite built-in layer type RMSNorm
overwrite built-in layer type Swish
{"completed":29,"elapsed_ms":21737.673075,"event":"progress","stage":"block-25","total":38}
overwrite built-in layer type RMSNorm
overwrite built-in layer type Swish
{"completed":30,"elapsed_ms":22092.206828,"event":"progress","stage":"block-26","total":38}
overwrite built-in layer type RMSNorm
overwrite built-in layer type Swish
{"completed":31,"elapsed_ms":22439.99605,"event":"progress","stage":"block-27","total":38}
overwrite built-in layer type RMSNorm
overwrite built-in layer type Swish
{"completed":32,"elapsed_ms":22785.762663,"event":"progress","stage":"block-28","total":38}
overwrite built-in layer type RMSNorm
overwrite built-in layer type Swish
{"completed":33,"elapsed_ms":23137.649169,"event":"progress","stage":"block-29","total":38}
overwrite built-in layer type RMSNorm
overwrite built-in layer type Swish
{"completed":34,"elapsed_ms":23491.495145,"event":"progress","stage":"block-30","total":38}
overwrite built-in layer type RMSNorm
overwrite built-in layer type Swish
{"completed":35,"elapsed_ms":23849.489733,"event":"progress","stage":"block-31","total":38}
overwrite built-in layer type RMSNorm
overwrite built-in layer type Swish
{"completed":36,"elapsed_ms":24097.349413,"event":"progress","stage":"denoising","total":38}
{"completed":37,"elapsed_ms":24123.90705,"event":"progress","stage":"decoding","total":38}
[libx264 @ 0x1f5a8880] using cpu capabilities: MMX2 SSE2Fast SSSE3 SSE4.2 AVX FMA3 BMI2 AVX2 AVX512
[libx264 @ 0x1f5a8880] profile High, level 1.0, 4:2:0, 8-bit
[libx264 @ 0x1f5a8880] 264 - core 165 r3222 b35605a - H.264/MPEG-4 AVC codec - Copyleft 2003-2025 - http://www.videolan.org/x264.html - options: cabac=1 ref=2 deblock=1:0:0 analyse=0x3:0x113 me=hex subme=6 psy=1 psy_rd=1.00:0.00 mixed_ref=1 me_range=16 chroma_me=1 trellis=1 8x8dct=1 cqm=0 deadzone=21,11 fast_pskip=1 chroma_qp_offset=-2 threads=4 lookahead_threads=1 sliced_threads=0 nr=0 decimate=1 interlaced=0 bluray_compat=0 constrained_intra=0 bframes=0 weightp=1 keyint=250 keyint_min=8 scenecut=40 intra_refresh=0 rc_lookahead=30 rc=crf mbtree=1 crf=18.0 qcomp=0.60 qpmin=0 qpmax=69 qpstep=4 ip_ratio=1.40 aq=1:1.00
[mp4 @ 0x32b1f580] Starting second pass: moving the moov atom to the beginning of the file
[libx264 @ 0x1f5a8880] frame I:1     Avg QP:20.92  size:  1801
[libx264 @ 0x1f5a8880] frame P:8     Avg QP:20.09  size:  1451
[libx264 @ 0x1f5a8880] mb I  I16..4:  2.5% 55.0% 42.5%
[libx264 @ 0x1f5a8880] mb P  I16..4:  0.0% 15.9% 17.5%  P16..4: 18.4% 29.1% 16.2%  0.0%  0.0%    skip: 2.8%
[libx264 @ 0x1f5a8880] 8x8 transform intra:49.7% inter:55.7%
[libx264 @ 0x1f5a8880] coded y,uvDC,uvAC intra: 97.4% 91.2% 51.7% inter: 75.8% 57.7% 0.9%
[libx264 @ 0x1f5a8880] i16 v,h,dc,p:  0%  0%  0% 100%
[libx264 @ 0x1f5a8880] i8 v,h,dc,ddl,ddr,vr,hd,vl,hu: 22% 12% 15%  2%  5% 22%  4%  5% 12%
[libx264 @ 0x1f5a8880] i4 v,h,dc,ddl,ddr,vr,hd,vl,hu: 29% 11% 11%  4%  8% 17%  5%  9%  7%
[libx264 @ 0x1f5a8880] i8c dc,h,v,p: 53% 19% 21%  7%
[libx264 @ 0x1f5a8880] Weighted P-Frames: Y:25.0% UV:0.0%
[libx264 @ 0x1f5a8880] ref P L0: 89.1% 10.9%
[libx264 @ 0x1f5a8880] kb/s:95.35
{"completed":38,"elapsed_ms":25262.197072,"event":"progress","stage":"completed","total":38}
