[0 NVIDIA GeForce RTX 4060 Laptop GPU]  queueC=2[8]  queueT=1[2]  rebar=1  r-score=76
[0 NVIDIA GeForce RTX 4060 Laptop GPU]  fp16-p/s/u/a=1/1/1/1  int8-p/s/u/a=1/1/1/1  bf16-p/s=1/1
[0 NVIDIA GeForce RTX 4060 Laptop GPU]  subgroup=32(32~32)  ops=1/1/1/1/1/1/1/1/1/1
[0 NVIDIA GeForce RTX 4060 Laptop GPU]  fp16-cm=16x16x16/16x8x16/16x8x8  int8-cm=16x16x32/16x8x32  bf16-cm=16x16x16  fp8-cm=16x16x32  fp6-cm=0  fp4-cm=0
[1 llvmpipe (LLVM 22.1.8, 256 bits)]  queueC=0[1]  queueT=0[1]  rebar=1  r-score=14
[1 llvmpipe (LLVM 22.1.8, 256 bits)]  fp16-p/s/u/a=1/1/1/1  int8-p/s/u/a=1/1/1/1  bf16-p/s=1/0
[1 llvmpipe (LLVM 22.1.8, 256 bits)]  subgroup=8(8~8)  ops=1/1/1/1/1/1/1/1/1/1
[1 llvmpipe (LLVM 22.1.8, 256 bits)]  fp16-cm=8x8x8  int8-cm=8x8x8  bf16-cm=0  fp8-cm=0  fp6-cm=0  fp4-cm=0
[2 llvmpipe (LLVM 17.0.6, 256 bits)]  queueC=0[1]  queueT=0[1]  rebar=1  r-score=4
[2 llvmpipe (LLVM 17.0.6, 256 bits)]  fp16-p/s/u/a=1/1/1/1  int8-p/s/u/a=1/1/1/1  bf16-p/s=1/0
[2 llvmpipe (LLVM 17.0.6, 256 bits)]  subgroup=8(8~8)  ops=1/1/1/1/1/1/0/1/0/0
[2 llvmpipe (LLVM 17.0.6, 256 bits)]  fp16-cm=0  int8-cm=0  bf16-cm=0  fp8-cm=0  fp6-cm=0  fp4-cm=0
{"completed":0,"elapsed_ms":183.887681,"event":"progress","stage":"validating","total":38}
{"completed":0,"elapsed_ms":189.19982,"event":"progress","stage":"validating","total":38}
{"completed":0,"elapsed_ms":415.247392,"event":"progress","stage":"validating","total":38}
{"completed":0,"elapsed_ms":692.855453,"event":"progress","stage":"validating","total":38}
{"completed":0,"elapsed_ms":1024.095532,"event":"progress","stage":"validating","total":38}
{"completed":0,"elapsed_ms":1357.666241,"event":"progress","stage":"validating","total":38}
{"completed":0,"elapsed_ms":1694.441951,"event":"progress","stage":"validating","total":38}
{"completed":0,"elapsed_ms":2046.184977,"event":"progress","stage":"validating","total":38}
{"completed":0,"elapsed_ms":2409.207646,"event":"progress","stage":"validating","total":38}
{"completed":0,"elapsed_ms":2749.127191,"event":"progress","stage":"validating","total":38}
{"completed":0,"elapsed_ms":3056.076954,"event":"progress","stage":"validating","total":38}
{"completed":0,"elapsed_ms":3396.090657,"event":"progress","stage":"validating","total":38}
{"completed":0,"elapsed_ms":3754.859636,"event":"progress","stage":"validating","total":38}
{"completed":0,"elapsed_ms":4103.678912,"event":"progress","stage":"validating","total":38}
{"completed":0,"elapsed_ms":4452.939521,"event":"progress","stage":"validating","total":38}
{"completed":0,"elapsed_ms":4818.383923,"event":"progress","stage":"validating","total":38}
{"completed":0,"elapsed_ms":5182.683614,"event":"progress","stage":"validating","total":38}
{"completed":0,"elapsed_ms":5546.955492,"event":"progress","stage":"validating","total":38}
{"completed":0,"elapsed_ms":5921.822913,"event":"progress","stage":"validating","total":38}
{"completed":0,"elapsed_ms":6287.922762,"event":"progress","stage":"validating","total":38}
{"completed":0,"elapsed_ms":6650.306726,"event":"progress","stage":"validating","total":38}
{"completed":0,"elapsed_ms":6994.971519,"event":"progress","stage":"validating","total":38}
{"completed":0,"elapsed_ms":7329.187376,"event":"progress","stage":"validating","total":38}
{"completed":0,"elapsed_ms":7682.949434,"event":"progress","stage":"validating","total":38}
{"completed":0,"elapsed_ms":8046.088724,"event":"progress","stage":"validating","total":38}
{"completed":0,"elapsed_ms":8400.624421,"event":"progress","stage":"validating","total":38}
{"completed":0,"elapsed_ms":8754.405184,"event":"progress","stage":"validating","total":38}
{"completed":0,"elapsed_ms":9109.894762,"event":"progress","stage":"validating","total":38}
{"completed":0,"elapsed_ms":9453.55032,"event":"progress","stage":"validating","total":38}
{"completed":0,"elapsed_ms":9807.997751,"event":"progress","stage":"validating","total":38}
{"completed":0,"elapsed_ms":10161.769026,"event":"progress","stage":"validating","total":38}
{"completed":0,"elapsed_ms":10524.562733,"event":"progress","stage":"validating","total":38}
{"completed":0,"elapsed_ms":10870.791158,"event":"progress","stage":"validating","total":38}
{"completed":0,"elapsed_ms":11221.115806,"event":"progress","stage":"validating","total":38}
{"completed":0,"elapsed_ms":11577.078197,"event":"progress","stage":"validating","total":38}
{"completed":0,"elapsed_ms":11811.603725,"event":"progress","stage":"validating","total":38}
{"completed":0,"elapsed_ms":11812.830501,"event":"progress","stage":"validating","total":38}
[libx264 @ 0x2e0f7ec0] using cpu capabilities: MMX2 SSE2Fast SSSE3 SSE4.2 AVX FMA3 BMI2 AVX2 AVX512
[libx264 @ 0x2e0f7ec0] profile High, level 1.0, 4:2:0, 8-bit
[libx264 @ 0x2e0f7ec0] 264 - core 165 r3222 b35605a - H.264/MPEG-4 AVC codec - Copyleft 2003-2025 - http://www.videolan.org/x264.html - options: cabac=1 ref=2 deblock=1:0:0 analyse=0x3:0x113 me=hex subme=6 psy=1 psy_rd=1.00:0.00 mixed_ref=1 me_range=16 chroma_me=1 trellis=1 8x8dct=1 cqm=0 deadzone=21,11 fast_pskip=1 chroma_qp_offset=-2 threads=4 lookahead_threads=1 sliced_threads=0 nr=0 decimate=1 interlaced=0 bluray_compat=0 constrained_intra=0 bframes=0 weightp=1 keyint=250 keyint_min=8 scenecut=40 intra_refresh=0 rc_lookahead=30 rc=crf mbtree=1 crf=18.0 qcomp=0.60 qpmin=0 qpmax=69 qpstep=4 ip_ratio=1.40 aq=1:1.00
[mp4 @ 0x2e150e80] Starting second pass: moving the moov atom to the beginning of the file
[libx264 @ 0x2e0f7ec0] frame I:1     Avg QP:18.55  size:  1174
[libx264 @ 0x2e0f7ec0] frame P:7     Avg QP:18.87  size:   699
[libx264 @ 0x2e0f7ec0] mb I  I16..4:  0.0% 90.0% 10.0%
[libx264 @ 0x2e0f7ec0] mb P  I16..4:  0.0%  6.4%  2.5%  P16..4: 36.4% 35.4% 18.2%  0.0%  0.0%    skip: 1.1%
[libx264 @ 0x2e0f7ec0] 8x8 transform intra:83.1% inter:59.0%
[libx264 @ 0x2e0f7ec0] coded y,uvDC,uvAC intra: 95.8% 67.7% 18.5% inter: 65.4% 28.6% 2.7%
[libx264 @ 0x2e0f7ec0] i8 v,h,dc,ddl,ddr,vr,hd,vl,hu: 25% 15% 14%  4%  6% 25%  3%  3%  5%
[libx264 @ 0x2e0f7ec0] i4 v,h,dc,ddl,ddr,vr,hd,vl,hu: 52% 13%  7%  3%  2%  7%  6%  6%  4%
[libx264 @ 0x2e0f7ec0] i8c dc,h,v,p: 62% 26% 11%  2%
[libx264 @ 0x2e0f7ec0] Weighted P-Frames: Y:14.3% UV:0.0%
[libx264 @ 0x2e0f7ec0] ref P L0: 79.1% 20.9%
[libx264 @ 0x2e0f7ec0] kb/s:48.54
{"completed":1,"elapsed_ms":12125.031788,"event":"progress","stage":"encoding","total":38}
{"completed":2,"elapsed_ms":13004.568085,"event":"progress","stage":"sampling","total":38}
{"completed":3,"elapsed_ms":13005.097204,"event":"progress","stage":"projecting","total":38}
{"completed":4,"elapsed_ms":13022.380943,"event":"progress","stage":"block-00","total":38}
overwrite built-in layer type RMSNorm
overwrite built-in layer type Swish
{"completed":5,"elapsed_ms":13456.26092,"event":"progress","stage":"block-01","total":38}
overwrite built-in layer type RMSNorm
overwrite built-in layer type Swish
{"completed":6,"elapsed_ms":13806.468707,"event":"progress","stage":"block-02","total":38}
overwrite built-in layer type RMSNorm
overwrite built-in layer type Swish
{"completed":7,"elapsed_ms":14167.311963,"event":"progress","stage":"block-03","total":38}
overwrite built-in layer type RMSNorm
overwrite built-in layer type Swish
{"completed":8,"elapsed_ms":14557.132332,"event":"progress","stage":"block-04","total":38}
overwrite built-in layer type RMSNorm
overwrite built-in layer type Swish
{"completed":9,"elapsed_ms":14934.685063,"event":"progress","stage":"block-05","total":38}
overwrite built-in layer type RMSNorm
overwrite built-in layer type Swish
{"completed":10,"elapsed_ms":15263.363636,"event":"progress","stage":"block-06","total":38}
overwrite built-in layer type RMSNorm
overwrite built-in layer type Swish
{"completed":11,"elapsed_ms":15575.664702,"event":"progress","stage":"block-07","total":38}
overwrite built-in layer type RMSNorm
overwrite built-in layer type Swish
{"completed":12,"elapsed_ms":15914.601511,"event":"progress","stage":"block-08","total":38}
overwrite built-in layer type RMSNorm
overwrite built-in layer type Swish
{"completed":13,"elapsed_ms":16275.964698,"event":"progress","stage":"block-09","total":38}
overwrite built-in layer type RMSNorm
overwrite built-in layer type Swish
{"completed":14,"elapsed_ms":16646.365607,"event":"progress","stage":"block-10","total":38}
overwrite built-in layer type RMSNorm
overwrite built-in layer type Swish
{"completed":15,"elapsed_ms":17018.643941,"event":"progress","stage":"block-11","total":38}
overwrite built-in layer type RMSNorm
overwrite built-in layer type Swish
{"completed":16,"elapsed_ms":17393.57395,"event":"progress","stage":"block-12","total":38}
overwrite built-in layer type RMSNorm
overwrite built-in layer type Swish
{"completed":17,"elapsed_ms":17775.186617,"event":"progress","stage":"block-13","total":38}
overwrite built-in layer type RMSNorm
overwrite built-in layer type Swish
{"completed":18,"elapsed_ms":18153.420803,"event":"progress","stage":"block-14","total":38}
overwrite built-in layer type RMSNorm
overwrite built-in layer type Swish
{"completed":19,"elapsed_ms":18532.805632,"event":"progress","stage":"block-15","total":38}
overwrite built-in layer type RMSNorm
overwrite built-in layer type Swish
{"completed":20,"elapsed_ms":18910.639844,"event":"progress","stage":"block-16","total":38}
overwrite built-in layer type RMSNorm
overwrite built-in layer type Swish
{"completed":21,"elapsed_ms":19283.080584,"event":"progress","stage":"block-17","total":38}
overwrite built-in layer type RMSNorm
overwrite built-in layer type Swish
{"completed":22,"elapsed_ms":19647.66376,"event":"progress","stage":"block-18","total":38}
overwrite built-in layer type RMSNorm
overwrite built-in layer type Swish
{"completed":23,"elapsed_ms":19996.265485,"event":"progress","stage":"block-19","total":38}
overwrite built-in layer type RMSNorm
overwrite built-in layer type Swish
{"completed":24,"elapsed_ms":20351.076903,"event":"progress","stage":"block-20","total":38}
overwrite built-in layer type RMSNorm
overwrite built-in layer type Swish
{"completed":25,"elapsed_ms":20719.459732,"event":"progress","stage":"block-21","total":38}
overwrite built-in layer type RMSNorm
overwrite built-in layer type Swish
{"completed":26,"elapsed_ms":21095.613432,"event":"progress","stage":"block-22","total":38}
overwrite built-in layer type RMSNorm
overwrite built-in layer type Swish
{"completed":27,"elapsed_ms":21459.953649,"event":"progress","stage":"block-23","total":38}
overwrite built-in layer type RMSNorm
overwrite built-in layer type Swish
{"completed":28,"elapsed_ms":21825.981843,"event":"progress","stage":"block-24","total":38}
overwrite built-in layer type RMSNorm
overwrite built-in layer type Swish
{"completed":29,"elapsed_ms":22169.03323,"event":"progress","stage":"block-25","total":38}
overwrite built-in layer type RMSNorm
overwrite built-in layer type Swish
{"completed":30,"elapsed_ms":22514.645532,"event":"progress","stage":"block-26","total":38}
overwrite built-in layer type RMSNorm
overwrite built-in layer type Swish
{"completed":31,"elapsed_ms":22868.252847,"event":"progress","stage":"block-27","total":38}
overwrite built-in layer type RMSNorm
overwrite built-in layer type Swish
{"completed":32,"elapsed_ms":23230.487769,"event":"progress","stage":"block-28","total":38}
overwrite built-in layer type RMSNorm
overwrite built-in layer type Swish
{"completed":33,"elapsed_ms":23612.758667,"event":"progress","stage":"block-29","total":38}
overwrite built-in layer type RMSNorm
overwrite built-in layer type Swish
{"completed":34,"elapsed_ms":23979.025962,"event":"progress","stage":"block-30","total":38}
overwrite built-in layer type RMSNorm
overwrite built-in layer type Swish
{"completed":35,"elapsed_ms":24355.273258,"event":"progress","stage":"block-31","total":38}
overwrite built-in layer type RMSNorm
overwrite built-in layer type Swish
{"completed":36,"elapsed_ms":24606.654337,"event":"progress","stage":"denoising","total":38}
{"completed":37,"elapsed_ms":24634.092686,"event":"progress","stage":"decoding","total":38}
[libx264 @ 0x30e43a00] using cpu capabilities: MMX2 SSE2Fast SSSE3 SSE4.2 AVX FMA3 BMI2 AVX2 AVX512
[libx264 @ 0x30e43a00] profile High, level 1.0, 4:2:0, 8-bit
[libx264 @ 0x30e43a00] 264 - core 165 r3222 b35605a - H.264/MPEG-4 AVC codec - Copyleft 2003-2025 - http://www.videolan.org/x264.html - options: cabac=1 ref=2 deblock=1:0:0 analyse=0x3:0x113 me=hex subme=6 psy=1 psy_rd=1.00:0.00 mixed_ref=1 me_range=16 chroma_me=1 trellis=1 8x8dct=1 cqm=0 deadzone=21,11 fast_pskip=1 chroma_qp_offset=-2 threads=4 lookahead_threads=1 sliced_threads=0 nr=0 decimate=1 interlaced=0 bluray_compat=0 constrained_intra=0 bframes=0 weightp=1 keyint=250 keyint_min=8 scenecut=40 intra_refresh=0 rc_lookahead=30 rc=crf mbtree=1 crf=18.0 qcomp=0.60 qpmin=0 qpmax=69 qpstep=4 ip_ratio=1.40 aq=1:1.00
[mp4 @ 0x2fbe38c0] Starting second pass: moving the moov atom to the beginning of the file
[libx264 @ 0x30e43a00] frame I:1     Avg QP:20.90  size:  1780
[libx264 @ 0x30e43a00] frame P:7     Avg QP:19.90  size:  1397
[libx264 @ 0x30e43a00] mb I  I16..4:  0.0% 67.5% 32.5%
[libx264 @ 0x30e43a00] mb P  I16..4:  0.0% 11.1% 16.1%  P16..4: 23.9% 31.8% 11.4%  0.0%  0.0%    skip: 5.7%
[libx264 @ 0x30e43a00] 8x8 transform intra:50.0% inter:54.2%
[libx264 @ 0x30e43a00] coded y,uvDC,uvAC intra: 99.1% 95.7% 55.2% inter: 73.4% 52.0% 1.5%
[libx264 @ 0x30e43a00] i8 v,h,dc,ddl,ddr,vr,hd,vl,hu: 16% 12% 16%  4%  6% 25%  4%  6% 11%
[libx264 @ 0x30e43a00] i4 v,h,dc,ddl,ddr,vr,hd,vl,hu: 37%  8%  8%  3%  7% 20%  5%  6%  5%
[libx264 @ 0x30e43a00] i8c dc,h,v,p: 50% 24% 22%  3%
[libx264 @ 0x30e43a00] Weighted P-Frames: Y:42.9% UV:0.0%
[libx264 @ 0x30e43a00] ref P L0: 87.5% 12.5%
[libx264 @ 0x30e43a00] kb/s:92.46
{"completed":38,"elapsed_ms":25785.129643,"event":"progress","stage":"completed","total":38}
