Internal ctest changing into directory: /home/runner/work/seedvr2-ncnn-vulkan/seedvr2-ncnn-vulkan/build/ci
Test project /home/runner/work/seedvr2-ncnn-vulkan/seedvr2-ncnn-vulkan/build/ci
      Start  2: engine.memory-vulkan
 1/22 Test  #2: engine.memory-vulkan ....................   Passed    0.13 sec
      Start  4: engine.awa-rope-vulkan
 2/22 Test  #4: engine.awa-rope-vulkan ..................   Passed    0.16 sec
      Start  6: engine.awa-sdpa-fp32-vulkan
 3/22 Test  #6: engine.awa-sdpa-fp32-vulkan .............   Passed    0.15 sec
      Start  7: engine.awa-rope-vulkan-host
 4/22 Test  #7: engine.awa-rope-vulkan-host .............   Passed    0.15 sec
      Start  8: engine.awa-sdpa-fp32-vulkan-host
 5/22 Test  #8: engine.awa-sdpa-fp32-vulkan-host ........   Passed    0.16 sec
      Start 10: engine.temporal-conv-bias-vulkan
 6/22 Test #10: engine.temporal-conv-bias-vulkan ........   Passed    0.16 sec
      Start 11: engine.awa-rounding-vulkan
 7/22 Test #11: engine.awa-rounding-vulkan ..............   Passed    0.16 sec
      Start 14: engine.fp32-device-contract
 8/22 Test #14: engine.fp32-device-contract .............   Passed    0.26 sec
      Start 15: engine.rms-norm-fp32
 9/22 Test #15: engine.rms-norm-fp32 ....................***Skipped   0.10 sec
      Start 16: engine.linear-fp32
10/22 Test #16: engine.linear-fp32 ......................***Skipped   0.09 sec
      Start 17: engine.linear-host-fp32
11/22 Test #17: engine.linear-host-fp32 .................***Skipped   0.09 sec
      Start 18: engine.silu-fp32
12/22 Test #18: engine.silu-fp32 ........................***Skipped   0.10 sec
      Start 19: engine.softmax-fp32
13/22 Test #19: engine.softmax-fp32 .....................***Skipped   0.10 sec
      Start 20: engine.awa-rms-fp32
14/22 Test #20: engine.awa-rms-fp32 .....................***Skipped   0.10 sec
      Start 21: engine.frame-norm-fp32
15/22 Test #21: engine.frame-norm-fp32 ..................***Skipped   0.09 sec
      Start 22: engine.frame-norm-cascade-fp32
16/22 Test #22: engine.frame-norm-cascade-fp32 ..........***Skipped   0.09 sec
      Start 24: engine.frame-sdpa-fp32-vulkan
17/22 Test #24: engine.frame-sdpa-fp32-vulkan ...........   Passed    0.11 sec
      Start 25: engine.rgb-conv-fp32
18/22 Test #25: engine.rgb-conv-fp32 ....................***Skipped   0.10 sec
      Start 26: engine.rgb-conv-host-fp32
19/22 Test #26: engine.rgb-conv-host-fp32 ...............***Skipped   0.10 sec
      Start 27: engine.posterior-projection-fp32
20/22 Test #27: engine.posterior-projection-fp32 ........***Skipped   0.10 sec
      Start 28: engine.posterior-projection-host-fp32
21/22 Test #28: engine.posterior-projection-host-fp32 ...***Skipped   0.10 sec
      Start 29: engine.text-pool-fp32
22/22 Test #29: engine.text-pool-fp32 ...................   Passed    0.10 sec

100% tests passed, 0 tests failed out of 22

Label Time Summary:
vulkan    =   2.72 sec*proc (22 tests)

Total Test time (real) =   2.72 sec

The following tests did not run:
	 15 - engine.rms-norm-fp32 (Skipped)
	 16 - engine.linear-fp32 (Skipped)
	 17 - engine.linear-host-fp32 (Skipped)
	 18 - engine.silu-fp32 (Skipped)
	 19 - engine.softmax-fp32 (Skipped)
	 20 - engine.awa-rms-fp32 (Skipped)
	 21 - engine.frame-norm-fp32 (Skipped)
	 22 - engine.frame-norm-cascade-fp32 (Skipped)
	 25 - engine.rgb-conv-fp32 (Skipped)
	 26 - engine.rgb-conv-host-fp32 (Skipped)
	 27 - engine.posterior-projection-fp32 (Skipped)
	 28 - engine.posterior-projection-host-fp32 (Skipped)
