{"completed":0,"elapsed_ms":5.959154,"event":"progress","stage":"validating","total":38}
{"completed":0,"elapsed_ms":13.761027,"event":"progress","stage":"validating","total":38}
{"completed":0,"elapsed_ms":208.64519,"event":"progress","stage":"validating","total":38}
{"completed":0,"elapsed_ms":501.721821,"event":"progress","stage":"validating","total":38}
{"completed":0,"elapsed_ms":891.515081,"event":"progress","stage":"validating","total":38}
{"completed":0,"elapsed_ms":1278.065773,"event":"progress","stage":"validating","total":38}
{"completed":0,"elapsed_ms":1709.798702,"event":"progress","stage":"validating","total":38}
{"completed":0,"elapsed_ms":2142.08967,"event":"progress","stage":"validating","total":38}
{"completed":0,"elapsed_ms":2565.772576,"event":"progress","stage":"validating","total":38}
{"completed":0,"elapsed_ms":2925.659646,"event":"progress","stage":"validating","total":38}
{"completed":0,"elapsed_ms":3339.00694,"event":"progress","stage":"validating","total":38}
{"completed":0,"elapsed_ms":3752.458718,"event":"progress","stage":"validating","total":38}
{"completed":0,"elapsed_ms":4161.694327,"event":"progress","stage":"validating","total":38}
{"completed":0,"elapsed_ms":4588.358591,"event":"progress","stage":"validating","total":38}
{"completed":0,"elapsed_ms":4976.273512,"event":"progress","stage":"validating","total":38}
{"completed":0,"elapsed_ms":5392.196101,"event":"progress","stage":"validating","total":38}
{"completed":0,"elapsed_ms":5811.652152,"event":"progress","stage":"validating","total":38}
{"completed":0,"elapsed_ms":6229.969563,"event":"progress","stage":"validating","total":38}
{"completed":0,"elapsed_ms":6635.926984,"event":"progress","stage":"validating","total":38}
{"completed":0,"elapsed_ms":7063.093484,"event":"progress","stage":"validating","total":38}
{"completed":0,"elapsed_ms":7470.941117,"event":"progress","stage":"validating","total":38}
{"completed":0,"elapsed_ms":7884.185114,"event":"progress","stage":"validating","total":38}
{"completed":0,"elapsed_ms":8282.632742,"event":"progress","stage":"validating","total":38}
{"completed":0,"elapsed_ms":8672.065058,"event":"progress","stage":"validating","total":38}
{"completed":0,"elapsed_ms":9078.376299,"event":"progress","stage":"validating","total":38}
{"completed":0,"elapsed_ms":9485.541224,"event":"progress","stage":"validating","total":38}
{"completed":0,"elapsed_ms":9894.532245,"event":"progress","stage":"validating","total":38}
{"completed":0,"elapsed_ms":10303.365352,"event":"progress","stage":"validating","total":38}
{"completed":0,"elapsed_ms":10726.389296,"event":"progress","stage":"validating","total":38}
{"completed":0,"elapsed_ms":11122.521652,"event":"progress","stage":"validating","total":38}
{"completed":0,"elapsed_ms":11484.383233,"event":"progress","stage":"validating","total":38}
{"completed":0,"elapsed_ms":11898.463103,"event":"progress","stage":"validating","total":38}
{"completed":0,"elapsed_ms":12292.205386,"event":"progress","stage":"validating","total":38}
{"completed":0,"elapsed_ms":12690.749188,"event":"progress","stage":"validating","total":38}
{"completed":0,"elapsed_ms":13098.937581,"event":"progress","stage":"validating","total":38}
{"completed":0,"elapsed_ms":13364.273691,"event":"progress","stage":"validating","total":38}
{"completed":0,"elapsed_ms":13365.012203,"event":"progress","stage":"validating","total":38}
[libx264 @ 0xe3a5c0] using cpu capabilities: MMX2 SSE2Fast SSSE3 SSE4.2 AVX FMA3 BMI2 AVX2 AVX512
[libx264 @ 0xe3a5c0] profile High, level 1.0, 4:2:0, 8-bit
[libx264 @ 0xe3a5c0] 264 - core 165 r3222 b35605a - H.264/MPEG-4 AVC codec - Copyleft 2003-2025 - http://www.videolan.org/x264.html - options: cabac=1 ref=2 deblock=1:0:0 analyse=0x3:0x113 me=hex subme=6 psy=1 psy_rd=1.00:0.00 mixed_ref=1 me_range=16 chroma_me=1 trellis=1 8x8dct=1 cqm=0 deadzone=21,11 fast_pskip=1 chroma_qp_offset=-2 threads=4 lookahead_threads=1 sliced_threads=0 nr=0 decimate=1 interlaced=0 bluray_compat=0 constrained_intra=0 bframes=0 weightp=1 keyint=250 keyint_min=8 scenecut=40 intra_refresh=0 rc_lookahead=30 rc=crf mbtree=1 crf=18.0 qcomp=0.60 qpmin=0 qpmax=69 qpstep=4 ip_ratio=1.40 aq=1:1.00
[mp4 @ 0xe394c0] Starting second pass: moving the moov atom to the beginning of the file
[libx264 @ 0xe3a5c0] frame I:1     Avg QP:17.17  size:  3880
[libx264 @ 0xe3a5c0] frame P:16    Avg QP:18.93  size:  1396
[libx264 @ 0xe3a5c0] mb I  I16..4:  6.2% 17.2% 76.6%
[libx264 @ 0xe3a5c0] mb P  I16..4:  1.7%  6.7%  6.1%  P16..4: 22.3% 19.5% 13.0%  0.0%  0.0%    skip:30.8%
[libx264 @ 0xe3a5c0] 8x8 transform intra:37.7% inter:37.7%
[libx264 @ 0xe3a5c0] coded y,uvDC,uvAC intra: 72.6% 97.6% 94.8% inter: 32.0% 53.1% 46.3%
[libx264 @ 0xe3a5c0] i16 v,h,dc,p: 81% 14%  5%  0%
[libx264 @ 0xe3a5c0] i8 v,h,dc,ddl,ddr,vr,hd,vl,hu: 36% 15% 18%  4%  4%  4%  4%  8%  7%
[libx264 @ 0xe3a5c0] i4 v,h,dc,ddl,ddr,vr,hd,vl,hu: 55% 24% 10%  2%  2%  1%  2%  2%  2%
[libx264 @ 0xe3a5c0] i8c dc,h,v,p: 19% 29% 48%  4%
[libx264 @ 0xe3a5c0] Weighted P-Frames: Y:0.0% UV:0.0%
[libx264 @ 0xe3a5c0] ref P L0: 75.9% 24.1%
[libx264 @ 0xe3a5c0] kb/s:98.70
{"completed":1,"elapsed_ms":13385.770101,"event":"progress","stage":"encoding","total":38}
{"completed":2,"elapsed_ms":34624.434711,"event":"progress","stage":"sampling","total":38}
{"completed":3,"elapsed_ms":34625.698019,"event":"progress","stage":"projecting","total":38}
{"completed":4,"elapsed_ms":34631.413772,"event":"progress","stage":"block-00","total":38}
{"completed":5,"elapsed_ms":35988.423197,"event":"progress","stage":"block-01","total":38}
{"completed":6,"elapsed_ms":37305.795165,"event":"progress","stage":"block-02","total":38}
{"completed":7,"elapsed_ms":38604.255516,"event":"progress","stage":"block-03","total":38}
{"completed":8,"elapsed_ms":39879.569084,"event":"progress","stage":"block-04","total":38}
{"completed":9,"elapsed_ms":41133.744812,"event":"progress","stage":"block-05","total":38}
{"completed":10,"elapsed_ms":42341.844252,"event":"progress","stage":"block-06","total":38}
{"completed":11,"elapsed_ms":43584.4923,"event":"progress","stage":"block-07","total":38}
{"completed":12,"elapsed_ms":44825.157525,"event":"progress","stage":"block-08","total":38}
{"completed":13,"elapsed_ms":46097.613215,"event":"progress","stage":"block-09","total":38}
{"completed":14,"elapsed_ms":47372.707129,"event":"progress","stage":"block-10","total":38}
{"completed":15,"elapsed_ms":48693.415463,"event":"progress","stage":"block-11","total":38}
{"completed":16,"elapsed_ms":50681.87793,"event":"progress","stage":"block-12","total":38}
{"completed":17,"elapsed_ms":51981.88892,"event":"progress","stage":"block-13","total":38}
{"completed":18,"elapsed_ms":53235.634839,"event":"progress","stage":"block-14","total":38}
{"completed":19,"elapsed_ms":54478.198587,"event":"progress","stage":"block-15","total":38}
{"completed":20,"elapsed_ms":55726.313051,"event":"progress","stage":"block-16","total":38}
{"completed":21,"elapsed_ms":56950.665701,"event":"progress","stage":"block-17","total":38}
{"completed":22,"elapsed_ms":58198.108142,"event":"progress","stage":"block-18","total":38}
{"completed":23,"elapsed_ms":59474.441617,"event":"progress","stage":"block-19","total":38}
{"completed":24,"elapsed_ms":60777.141884,"event":"progress","stage":"block-20","total":38}
{"completed":25,"elapsed_ms":62064.899742,"event":"progress","stage":"block-21","total":38}
{"completed":26,"elapsed_ms":63307.743698,"event":"progress","stage":"block-22","total":38}
{"completed":27,"elapsed_ms":64535.198812,"event":"progress","stage":"block-23","total":38}
{"completed":28,"elapsed_ms":65791.370423,"event":"progress","stage":"block-24","total":38}
{"completed":29,"elapsed_ms":67027.783859,"event":"progress","stage":"block-25","total":38}
{"completed":30,"elapsed_ms":68287.88787,"event":"progress","stage":"block-26","total":38}
{"completed":31,"elapsed_ms":69532.806072,"event":"progress","stage":"block-27","total":38}
{"completed":32,"elapsed_ms":70805.074166,"event":"progress","stage":"block-28","total":38}
{"completed":33,"elapsed_ms":72073.070287,"event":"progress","stage":"block-29","total":38}
{"completed":34,"elapsed_ms":73374.472815,"event":"progress","stage":"block-30","total":38}
{"completed":35,"elapsed_ms":74626.127864,"event":"progress","stage":"block-31","total":38}
{"completed":36,"elapsed_ms":75625.53937,"event":"progress","stage":"denoising","total":38}
{"completed":37,"elapsed_ms":75629.550134,"event":"progress","stage":"decoding","total":38}
[libx264 @ 0xe3a5c0] using cpu capabilities: MMX2 SSE2Fast SSSE3 SSE4.2 AVX FMA3 BMI2 AVX2 AVX512
[libx264 @ 0xe3a5c0] profile High, level 1.0, 4:2:0, 8-bit
[libx264 @ 0xe3a5c0] 264 - core 165 r3222 b35605a - H.264/MPEG-4 AVC codec - Copyleft 2003-2025 - http://www.videolan.org/x264.html - options: cabac=1 ref=2 deblock=1:0:0 analyse=0x3:0x113 me=hex subme=6 psy=1 psy_rd=1.00:0.00 mixed_ref=1 me_range=16 chroma_me=1 trellis=1 8x8dct=1 cqm=0 deadzone=21,11 fast_pskip=1 chroma_qp_offset=-2 threads=4 lookahead_threads=1 sliced_threads=0 nr=0 decimate=1 interlaced=0 bluray_compat=0 constrained_intra=0 bframes=0 weightp=1 keyint=250 keyint_min=8 scenecut=40 intra_refresh=0 rc_lookahead=30 rc=crf mbtree=1 crf=18.0 qcomp=0.60 qpmin=0 qpmax=69 qpstep=4 ip_ratio=1.40 aq=1:1.00
[mp4 @ 0x1194000] Starting second pass: moving the moov atom to the beginning of the file
[libx264 @ 0xe3a5c0] frame I:1     Avg QP:17.81  size:  4495
[libx264 @ 0xe3a5c0] frame P:16    Avg QP:19.47  size:  1966
[libx264 @ 0xe3a5c0] mb I  I16..4:  7.8% 10.9% 81.2%
[libx264 @ 0xe3a5c0] mb P  I16..4:  0.7%  1.8%  5.2%  P16..4: 36.3% 23.4% 26.9%  0.0%  0.0%    skip: 5.8%
[libx264 @ 0xe3a5c0] 8x8 transform intra:17.6% inter:28.4%
[libx264 @ 0xe3a5c0] coded y,uvDC,uvAC intra: 84.2% 100.0% 99.3% inter: 59.2% 86.2% 73.7%
[libx264 @ 0xe3a5c0] i16 v,h,dc,p: 83%  0% 17%  0%
[libx264 @ 0xe3a5c0] i8 v,h,dc,ddl,ddr,vr,hd,vl,hu: 44%  5% 16%  4%  7%  3%  9%  7%  5%
[libx264 @ 0xe3a5c0] i4 v,h,dc,ddl,ddr,vr,hd,vl,hu: 39% 23% 14%  4%  5%  3%  5%  3%  3%
[libx264 @ 0xe3a5c0] i8c dc,h,v,p: 30% 27% 41%  2%
[libx264 @ 0xe3a5c0] Weighted P-Frames: Y:0.0% UV:0.0%
[libx264 @ 0xe3a5c0] ref P L0: 92.8%  7.2%
[libx264 @ 0xe3a5c0] kb/s:135.37
{"completed":38,"elapsed_ms":112621.267371,"event":"progress","stage":"completed","total":38}
