[0 NVIDIA GeForce RTX 4060 Laptop GPU]  queueC=2[8]  queueT=1[2]  rebar=1  r-score=76
[0 NVIDIA GeForce RTX 4060 Laptop GPU]  fp16-p/s/u/a=1/1/1/1  int8-p/s/u/a=1/1/1/1  bf16-p/s=1/1
[0 NVIDIA GeForce RTX 4060 Laptop GPU]  subgroup=32(32~32)  ops=1/1/1/1/1/1/1/1/1/1
[0 NVIDIA GeForce RTX 4060 Laptop GPU]  fp16-cm=16x16x16/16x8x16/16x8x8  int8-cm=16x16x32/16x8x32  bf16-cm=16x16x16  fp8-cm=16x16x32  fp6-cm=0  fp4-cm=0
[1 llvmpipe (LLVM 22.1.8, 256 bits)]  queueC=0[1]  queueT=0[1]  rebar=1  r-score=14
[1 llvmpipe (LLVM 22.1.8, 256 bits)]  fp16-p/s/u/a=1/1/1/1  int8-p/s/u/a=1/1/1/1  bf16-p/s=1/0
[1 llvmpipe (LLVM 22.1.8, 256 bits)]  subgroup=8(8~8)  ops=1/1/1/1/1/1/1/1/1/1
[1 llvmpipe (LLVM 22.1.8, 256 bits)]  fp16-cm=8x8x8  int8-cm=8x8x8  bf16-cm=0  fp8-cm=0  fp6-cm=0  fp4-cm=0
[2 llvmpipe (LLVM 17.0.6, 256 bits)]  queueC=0[1]  queueT=0[1]  rebar=1  r-score=4
[2 llvmpipe (LLVM 17.0.6, 256 bits)]  fp16-p/s/u/a=1/1/1/1  int8-p/s/u/a=1/1/1/1  bf16-p/s=1/0
[2 llvmpipe (LLVM 17.0.6, 256 bits)]  subgroup=8(8~8)  ops=1/1/1/1/1/1/0/1/0/0
[2 llvmpipe (LLVM 17.0.6, 256 bits)]  fp16-cm=0  int8-cm=0  bf16-cm=0  fp8-cm=0  fp6-cm=0  fp4-cm=0
{"completed":0,"elapsed_ms":287.830783,"event":"progress","stage":"validating","total":38}
{"completed":0,"elapsed_ms":294.290568,"event":"progress","stage":"validating","total":38}
{"completed":0,"elapsed_ms":537.0025,"event":"progress","stage":"validating","total":38}
{"completed":0,"elapsed_ms":891.898457,"event":"progress","stage":"validating","total":38}
{"completed":0,"elapsed_ms":1229.800179,"event":"progress","stage":"validating","total":38}
{"completed":0,"elapsed_ms":1572.860391,"event":"progress","stage":"validating","total":38}
{"completed":0,"elapsed_ms":1931.561982,"event":"progress","stage":"validating","total":38}
{"completed":0,"elapsed_ms":2306.75577,"event":"progress","stage":"validating","total":38}
{"completed":0,"elapsed_ms":2672.263181,"event":"progress","stage":"validating","total":38}
{"completed":0,"elapsed_ms":2995.867148,"event":"progress","stage":"validating","total":38}
{"completed":0,"elapsed_ms":3300.697534,"event":"progress","stage":"validating","total":38}
{"completed":0,"elapsed_ms":3629.874564,"event":"progress","stage":"validating","total":38}
{"completed":0,"elapsed_ms":3969.862806,"event":"progress","stage":"validating","total":38}
{"completed":0,"elapsed_ms":4317.807759,"event":"progress","stage":"validating","total":38}
{"completed":0,"elapsed_ms":4695.068599,"event":"progress","stage":"validating","total":38}
{"completed":0,"elapsed_ms":5107.727337,"event":"progress","stage":"validating","total":38}
{"completed":0,"elapsed_ms":5505.013332,"event":"progress","stage":"validating","total":38}
{"completed":0,"elapsed_ms":5903.936098,"event":"progress","stage":"validating","total":38}
{"completed":0,"elapsed_ms":6293.269399,"event":"progress","stage":"validating","total":38}
{"completed":0,"elapsed_ms":6682.510356,"event":"progress","stage":"validating","total":38}
{"completed":0,"elapsed_ms":7120.687751,"event":"progress","stage":"validating","total":38}
{"completed":0,"elapsed_ms":7507.374156,"event":"progress","stage":"validating","total":38}
{"completed":0,"elapsed_ms":7890.037966,"event":"progress","stage":"validating","total":38}
{"completed":0,"elapsed_ms":8301.589975,"event":"progress","stage":"validating","total":38}
{"completed":0,"elapsed_ms":8692.093095,"event":"progress","stage":"validating","total":38}
{"completed":0,"elapsed_ms":9074.466617,"event":"progress","stage":"validating","total":38}
{"completed":0,"elapsed_ms":9454.775631,"event":"progress","stage":"validating","total":38}
{"completed":0,"elapsed_ms":9826.753437,"event":"progress","stage":"validating","total":38}
{"completed":0,"elapsed_ms":10197.724923,"event":"progress","stage":"validating","total":38}
{"completed":0,"elapsed_ms":10570.593741,"event":"progress","stage":"validating","total":38}
{"completed":0,"elapsed_ms":10928.325021,"event":"progress","stage":"validating","total":38}
{"completed":0,"elapsed_ms":11321.75724,"event":"progress","stage":"validating","total":38}
{"completed":0,"elapsed_ms":11704.852775,"event":"progress","stage":"validating","total":38}
{"completed":0,"elapsed_ms":12104.640103,"event":"progress","stage":"validating","total":38}
{"completed":0,"elapsed_ms":12503.997629,"event":"progress","stage":"validating","total":38}
{"completed":0,"elapsed_ms":12775.840488,"event":"progress","stage":"validating","total":38}
{"completed":0,"elapsed_ms":12776.891242,"event":"progress","stage":"validating","total":38}
[libx264 @ 0x19a9fc80] using cpu capabilities: MMX2 SSE2Fast SSSE3 SSE4.2 AVX FMA3 BMI2 AVX2 AVX512
[libx264 @ 0x19a9fc80] profile High, level 1.0, 4:2:0, 8-bit
[libx264 @ 0x19a9fc80] 264 - core 165 r3222 b35605a - H.264/MPEG-4 AVC codec - Copyleft 2003-2025 - http://www.videolan.org/x264.html - options: cabac=1 ref=2 deblock=1:0:0 analyse=0x3:0x113 me=hex subme=6 psy=1 psy_rd=1.00:0.00 mixed_ref=1 me_range=16 chroma_me=1 trellis=1 8x8dct=1 cqm=0 deadzone=21,11 fast_pskip=1 chroma_qp_offset=-2 threads=4 lookahead_threads=1 sliced_threads=0 nr=0 decimate=1 interlaced=0 bluray_compat=0 constrained_intra=0 bframes=0 weightp=1 keyint=250 keyint_min=8 scenecut=40 intra_refresh=0 rc_lookahead=30 rc=crf mbtree=1 crf=18.0 qcomp=0.60 qpmin=0 qpmax=69 qpstep=4 ip_ratio=1.40 aq=1:1.00
[mp4 @ 0x19d16140] Starting second pass: moving the moov atom to the beginning of the file
[libx264 @ 0x19a9fc80] frame I:1     Avg QP:18.55  size:  1174
[libx264 @ 0x19a9fc80] frame P:8     Avg QP:18.89  size:   723
[libx264 @ 0x19a9fc80] mb I  I16..4:  0.0% 90.0% 10.0%
[libx264 @ 0x19a9fc80] mb P  I16..4:  0.0%  8.1%  1.9%  P16..4: 35.0% 35.3% 17.8%  0.0%  0.0%    skip: 1.9%
[libx264 @ 0x19a9fc80] 8x8 transform intra:86.1% inter:62.1%
[libx264 @ 0x19a9fc80] coded y,uvDC,uvAC intra: 96.5% 72.2% 22.2% inter: 67.7% 32.6% 1.4%
[libx264 @ 0x19a9fc80] i8 v,h,dc,ddl,ddr,vr,hd,vl,hu: 28% 15% 13%  3%  6% 23%  3%  3%  5%
[libx264 @ 0x19a9fc80] i4 v,h,dc,ddl,ddr,vr,hd,vl,hu: 46% 18% 10%  2%  4%  7%  5%  4%  4%
[libx264 @ 0x19a9fc80] i8c dc,h,v,p: 64% 22% 12%  1%
[libx264 @ 0x19a9fc80] Weighted P-Frames: Y:12.5% UV:0.0%
[libx264 @ 0x19a9fc80] ref P L0: 80.1% 19.9%
[libx264 @ 0x19a9fc80] kb/s:49.49
{"completed":1,"elapsed_ms":13096.00794,"event":"progress","stage":"encoding","total":38}
overwrite built-in layer type Swish
{"completed":2,"elapsed_ms":13975.885151,"event":"progress","stage":"sampling","total":38}
{"completed":3,"elapsed_ms":13976.410292,"event":"progress","stage":"projecting","total":38}
overwrite built-in layer type Swish
{"completed":4,"elapsed_ms":13993.372255,"event":"progress","stage":"block-00","total":38}
overwrite built-in layer type Swish
overwrite built-in layer type RMSNorm
{"completed":5,"elapsed_ms":14476.739546,"event":"progress","stage":"block-01","total":38}
overwrite built-in layer type Swish
overwrite built-in layer type RMSNorm
{"completed":6,"elapsed_ms":14882.153487,"event":"progress","stage":"block-02","total":38}
overwrite built-in layer type Swish
overwrite built-in layer type RMSNorm
{"completed":7,"elapsed_ms":15318.805592,"event":"progress","stage":"block-03","total":38}
overwrite built-in layer type Swish
overwrite built-in layer type RMSNorm
{"completed":8,"elapsed_ms":15796.851977,"event":"progress","stage":"block-04","total":38}
overwrite built-in layer type Swish
overwrite built-in layer type RMSNorm
{"completed":9,"elapsed_ms":16238.834356,"event":"progress","stage":"block-05","total":38}
overwrite built-in layer type Swish
overwrite built-in layer type RMSNorm
{"completed":10,"elapsed_ms":16577.243527,"event":"progress","stage":"block-06","total":38}
overwrite built-in layer type Swish
overwrite built-in layer type RMSNorm
{"completed":11,"elapsed_ms":16904.421173,"event":"progress","stage":"block-07","total":38}
overwrite built-in layer type Swish
overwrite built-in layer type RMSNorm
{"completed":12,"elapsed_ms":17261.879257,"event":"progress","stage":"block-08","total":38}
overwrite built-in layer type Swish
overwrite built-in layer type RMSNorm
{"completed":13,"elapsed_ms":17649.558075,"event":"progress","stage":"block-09","total":38}
overwrite built-in layer type Swish
overwrite built-in layer type RMSNorm
{"completed":14,"elapsed_ms":18038.57019,"event":"progress","stage":"block-10","total":38}
overwrite built-in layer type Swish
overwrite built-in layer type RMSNorm
{"completed":15,"elapsed_ms":18418.395601,"event":"progress","stage":"block-11","total":38}
overwrite built-in layer type Swish
overwrite built-in layer type RMSNorm
{"completed":16,"elapsed_ms":18813.304539,"event":"progress","stage":"block-12","total":38}
overwrite built-in layer type Swish
overwrite built-in layer type RMSNorm
{"completed":17,"elapsed_ms":19202.47349,"event":"progress","stage":"block-13","total":38}
overwrite built-in layer type Swish
overwrite built-in layer type RMSNorm
{"completed":18,"elapsed_ms":19582.616862,"event":"progress","stage":"block-14","total":38}
overwrite built-in layer type Swish
overwrite built-in layer type RMSNorm
{"completed":19,"elapsed_ms":19968.670692,"event":"progress","stage":"block-15","total":38}
overwrite built-in layer type Swish
overwrite built-in layer type RMSNorm
{"completed":20,"elapsed_ms":20367.245882,"event":"progress","stage":"block-16","total":38}
overwrite built-in layer type Swish
overwrite built-in layer type RMSNorm
{"completed":21,"elapsed_ms":20750.516317,"event":"progress","stage":"block-17","total":38}
overwrite built-in layer type Swish
overwrite built-in layer type RMSNorm
{"completed":22,"elapsed_ms":21119.193341,"event":"progress","stage":"block-18","total":38}
overwrite built-in layer type Swish
overwrite built-in layer type RMSNorm
{"completed":23,"elapsed_ms":21477.747685,"event":"progress","stage":"block-19","total":38}
overwrite built-in layer type Swish
overwrite built-in layer type RMSNorm
{"completed":24,"elapsed_ms":21854.507418,"event":"progress","stage":"block-20","total":38}
overwrite built-in layer type Swish
overwrite built-in layer type RMSNorm
{"completed":25,"elapsed_ms":22269.623495,"event":"progress","stage":"block-21","total":38}
overwrite built-in layer type Swish
overwrite built-in layer type RMSNorm
{"completed":26,"elapsed_ms":22679.572928,"event":"progress","stage":"block-22","total":38}
overwrite built-in layer type Swish
overwrite built-in layer type RMSNorm
{"completed":27,"elapsed_ms":23078.060543,"event":"progress","stage":"block-23","total":38}
overwrite built-in layer type Swish
overwrite built-in layer type RMSNorm
{"completed":28,"elapsed_ms":23490.68174,"event":"progress","stage":"block-24","total":38}
overwrite built-in layer type Swish
overwrite built-in layer type RMSNorm
{"completed":29,"elapsed_ms":23885.275924,"event":"progress","stage":"block-25","total":38}
overwrite built-in layer type Swish
overwrite built-in layer type RMSNorm
{"completed":30,"elapsed_ms":24282.374696,"event":"progress","stage":"block-26","total":38}
overwrite built-in layer type Swish
overwrite built-in layer type RMSNorm
{"completed":31,"elapsed_ms":24673.435679,"event":"progress","stage":"block-27","total":38}
overwrite built-in layer type Swish
overwrite built-in layer type RMSNorm
{"completed":32,"elapsed_ms":25073.233407,"event":"progress","stage":"block-28","total":38}
overwrite built-in layer type Swish
overwrite built-in layer type RMSNorm
{"completed":33,"elapsed_ms":25473.143928,"event":"progress","stage":"block-29","total":38}
overwrite built-in layer type Swish
overwrite built-in layer type RMSNorm
{"completed":34,"elapsed_ms":25871.862678,"event":"progress","stage":"block-30","total":38}
overwrite built-in layer type Swish
overwrite built-in layer type RMSNorm
{"completed":35,"elapsed_ms":26271.772678,"event":"progress","stage":"block-31","total":38}
overwrite built-in layer type Swish
overwrite built-in layer type RMSNorm
{"completed":36,"elapsed_ms":26545.600865,"event":"progress","stage":"denoising","total":38}
overwrite built-in layer type Swish
{"completed":37,"elapsed_ms":26571.71164,"event":"progress","stage":"decoding","total":38}
overwrite built-in layer type Swish
[libx264 @ 0x1b6dc900] using cpu capabilities: MMX2 SSE2Fast SSSE3 SSE4.2 AVX FMA3 BMI2 AVX2 AVX512
[libx264 @ 0x1b6dc900] profile High, level 1.0, 4:2:0, 8-bit
[libx264 @ 0x1b6dc900] 264 - core 165 r3222 b35605a - H.264/MPEG-4 AVC codec - Copyleft 2003-2025 - http://www.videolan.org/x264.html - options: cabac=1 ref=2 deblock=1:0:0 analyse=0x3:0x113 me=hex subme=6 psy=1 psy_rd=1.00:0.00 mixed_ref=1 me_range=16 chroma_me=1 trellis=1 8x8dct=1 cqm=0 deadzone=21,11 fast_pskip=1 chroma_qp_offset=-2 threads=4 lookahead_threads=1 sliced_threads=0 nr=0 decimate=1 interlaced=0 bluray_compat=0 constrained_intra=0 bframes=0 weightp=1 keyint=250 keyint_min=8 scenecut=40 intra_refresh=0 rc_lookahead=30 rc=crf mbtree=1 crf=18.0 qcomp=0.60 qpmin=0 qpmax=69 qpstep=4 ip_ratio=1.40 aq=1:1.00
[mp4 @ 0x1cbc7c40] Starting second pass: moving the moov atom to the beginning of the file
[libx264 @ 0x1b6dc900] frame I:1     Avg QP:20.92  size:  1801
[libx264 @ 0x1b6dc900] frame P:8     Avg QP:20.09  size:  1452
[libx264 @ 0x1b6dc900] mb I  I16..4:  2.5% 55.0% 42.5%
[libx264 @ 0x1b6dc900] mb P  I16..4:  0.0% 16.6% 16.6%  P16..4: 20.3% 28.1% 15.6%  0.0%  0.0%    skip: 2.8%
[libx264 @ 0x1b6dc900] 8x8 transform intra:51.4% inter:56.7%
[libx264 @ 0x1b6dc900] coded y,uvDC,uvAC intra: 96.9% 91.8% 49.3% inter: 75.8% 58.4% 1.4%
[libx264 @ 0x1b6dc900] i16 v,h,dc,p:  0%  0%  0% 100%
[libx264 @ 0x1b6dc900] i8 v,h,dc,ddl,ddr,vr,hd,vl,hu: 22% 12% 15%  2%  7% 22%  3%  6% 12%
[libx264 @ 0x1b6dc900] i4 v,h,dc,ddl,ddr,vr,hd,vl,hu: 31% 12%  9%  3%  8% 16%  5%  9%  7%
[libx264 @ 0x1b6dc900] i8c dc,h,v,p: 51% 19% 23%  8%
[libx264 @ 0x1b6dc900] Weighted P-Frames: Y:25.0% UV:0.0%
[libx264 @ 0x1b6dc900] ref P L0: 89.8% 10.2%
[libx264 @ 0x1b6dc900] kb/s:95.39
{"completed":38,"elapsed_ms":27737.01813,"event":"progress","stage":"completed","total":38}
