[0 NVIDIA GeForce RTX 4060 Laptop GPU]  queueC=2[8]  queueT=1[2]  rebar=1  r-score=76
[0 NVIDIA GeForce RTX 4060 Laptop GPU]  fp16-p/s/u/a=1/1/1/1  int8-p/s/u/a=1/1/1/1  bf16-p/s=1/1
[0 NVIDIA GeForce RTX 4060 Laptop GPU]  subgroup=32(32~32)  ops=1/1/1/1/1/1/1/1/1/1
[0 NVIDIA GeForce RTX 4060 Laptop GPU]  fp16-cm=16x16x16/16x8x16/16x8x8  int8-cm=16x16x32/16x8x32  bf16-cm=16x16x16  fp8-cm=16x16x32  fp6-cm=0  fp4-cm=0
[1 llvmpipe (LLVM 22.1.8, 256 bits)]  queueC=0[1]  queueT=0[1]  rebar=1  r-score=14
[1 llvmpipe (LLVM 22.1.8, 256 bits)]  fp16-p/s/u/a=1/1/1/1  int8-p/s/u/a=1/1/1/1  bf16-p/s=1/0
[1 llvmpipe (LLVM 22.1.8, 256 bits)]  subgroup=8(8~8)  ops=1/1/1/1/1/1/1/1/1/1
[1 llvmpipe (LLVM 22.1.8, 256 bits)]  fp16-cm=8x8x8  int8-cm=8x8x8  bf16-cm=0  fp8-cm=0  fp6-cm=0  fp4-cm=0
[2 llvmpipe (LLVM 17.0.6, 256 bits)]  queueC=0[1]  queueT=0[1]  rebar=1  r-score=4
[2 llvmpipe (LLVM 17.0.6, 256 bits)]  fp16-p/s/u/a=1/1/1/1  int8-p/s/u/a=1/1/1/1  bf16-p/s=1/0
[2 llvmpipe (LLVM 17.0.6, 256 bits)]  subgroup=8(8~8)  ops=1/1/1/1/1/1/0/1/0/0
[2 llvmpipe (LLVM 17.0.6, 256 bits)]  fp16-cm=0  int8-cm=0  bf16-cm=0  fp8-cm=0  fp6-cm=0  fp4-cm=0
{"completed":0,"elapsed_ms":258.111444,"event":"progress","stage":"validating","total":38}
{"completed":0,"elapsed_ms":263.359332,"event":"progress","stage":"validating","total":38}
{"completed":0,"elapsed_ms":514.076026,"event":"progress","stage":"validating","total":38}
{"completed":0,"elapsed_ms":791.436351,"event":"progress","stage":"validating","total":38}
{"completed":0,"elapsed_ms":1124.08125,"event":"progress","stage":"validating","total":38}
{"completed":0,"elapsed_ms":1466.61153,"event":"progress","stage":"validating","total":38}
{"completed":0,"elapsed_ms":1814.445164,"event":"progress","stage":"validating","total":38}
{"completed":0,"elapsed_ms":2173.776995,"event":"progress","stage":"validating","total":38}
{"completed":0,"elapsed_ms":2536.718431,"event":"progress","stage":"validating","total":38}
{"completed":0,"elapsed_ms":2864.097658,"event":"progress","stage":"validating","total":38}
{"completed":0,"elapsed_ms":3168.652474,"event":"progress","stage":"validating","total":38}
{"completed":0,"elapsed_ms":3507.906801,"event":"progress","stage":"validating","total":38}
{"completed":0,"elapsed_ms":3891.706485,"event":"progress","stage":"validating","total":38}
{"completed":0,"elapsed_ms":4258.003516,"event":"progress","stage":"validating","total":38}
{"completed":0,"elapsed_ms":4629.187083,"event":"progress","stage":"validating","total":38}
{"completed":0,"elapsed_ms":5025.118771,"event":"progress","stage":"validating","total":38}
{"completed":0,"elapsed_ms":5423.469828,"event":"progress","stage":"validating","total":38}
{"completed":0,"elapsed_ms":5812.775257,"event":"progress","stage":"validating","total":38}
{"completed":0,"elapsed_ms":6193.416278,"event":"progress","stage":"validating","total":38}
{"completed":0,"elapsed_ms":6586.452821,"event":"progress","stage":"validating","total":38}
{"completed":0,"elapsed_ms":6972.467578,"event":"progress","stage":"validating","total":38}
{"completed":0,"elapsed_ms":7354.605976,"event":"progress","stage":"validating","total":38}
{"completed":0,"elapsed_ms":7731.338028,"event":"progress","stage":"validating","total":38}
{"completed":0,"elapsed_ms":8115.499084,"event":"progress","stage":"validating","total":38}
{"completed":0,"elapsed_ms":8509.738869,"event":"progress","stage":"validating","total":38}
{"completed":0,"elapsed_ms":8892.341634,"event":"progress","stage":"validating","total":38}
{"completed":0,"elapsed_ms":9265.884084,"event":"progress","stage":"validating","total":38}
{"completed":0,"elapsed_ms":9635.264296,"event":"progress","stage":"validating","total":38}
{"completed":0,"elapsed_ms":10007.022116,"event":"progress","stage":"validating","total":38}
{"completed":0,"elapsed_ms":10368.026034,"event":"progress","stage":"validating","total":38}
{"completed":0,"elapsed_ms":10758.591873,"event":"progress","stage":"validating","total":38}
{"completed":0,"elapsed_ms":11149.552066,"event":"progress","stage":"validating","total":38}
{"completed":0,"elapsed_ms":11531.316528,"event":"progress","stage":"validating","total":38}
{"completed":0,"elapsed_ms":11931.246545,"event":"progress","stage":"validating","total":38}
{"completed":0,"elapsed_ms":12332.623485,"event":"progress","stage":"validating","total":38}
{"completed":0,"elapsed_ms":12616.150452,"event":"progress","stage":"validating","total":38}
{"completed":0,"elapsed_ms":12617.246972,"event":"progress","stage":"validating","total":38}
[libx264 @ 0x207fcfc0] using cpu capabilities: MMX2 SSE2Fast SSSE3 SSE4.2 AVX FMA3 BMI2 AVX2 AVX512
[libx264 @ 0x207fcfc0] profile High, level 1.0, 4:2:0, 8-bit
[libx264 @ 0x207fcfc0] 264 - core 165 r3222 b35605a - H.264/MPEG-4 AVC codec - Copyleft 2003-2025 - http://www.videolan.org/x264.html - options: cabac=1 ref=2 deblock=1:0:0 analyse=0x3:0x113 me=hex subme=6 psy=1 psy_rd=1.00:0.00 mixed_ref=1 me_range=16 chroma_me=1 trellis=1 8x8dct=1 cqm=0 deadzone=21,11 fast_pskip=1 chroma_qp_offset=-2 threads=4 lookahead_threads=1 sliced_threads=0 nr=0 decimate=1 interlaced=0 bluray_compat=0 constrained_intra=0 bframes=0 weightp=1 keyint=250 keyint_min=8 scenecut=40 intra_refresh=0 rc_lookahead=30 rc=crf mbtree=1 crf=18.0 qcomp=0.60 qpmin=0 qpmax=69 qpstep=4 ip_ratio=1.40 aq=1:1.00
[mp4 @ 0x2085a780] Starting second pass: moving the moov atom to the beginning of the file
[libx264 @ 0x207fcfc0] frame I:1     Avg QP:18.55  size:  1174
[libx264 @ 0x207fcfc0] frame P:7     Avg QP:18.87  size:   699
[libx264 @ 0x207fcfc0] mb I  I16..4:  0.0% 90.0% 10.0%
[libx264 @ 0x207fcfc0] mb P  I16..4:  0.0%  6.4%  2.5%  P16..4: 36.4% 35.4% 18.2%  0.0%  0.0%    skip: 1.1%
[libx264 @ 0x207fcfc0] 8x8 transform intra:83.1% inter:59.0%
[libx264 @ 0x207fcfc0] coded y,uvDC,uvAC intra: 95.8% 67.7% 18.5% inter: 65.4% 28.6% 2.7%
[libx264 @ 0x207fcfc0] i8 v,h,dc,ddl,ddr,vr,hd,vl,hu: 25% 15% 14%  4%  6% 25%  3%  3%  5%
[libx264 @ 0x207fcfc0] i4 v,h,dc,ddl,ddr,vr,hd,vl,hu: 52% 13%  7%  3%  2%  7%  6%  6%  4%
[libx264 @ 0x207fcfc0] i8c dc,h,v,p: 62% 26% 11%  2%
[libx264 @ 0x207fcfc0] Weighted P-Frames: Y:14.3% UV:0.0%
[libx264 @ 0x207fcfc0] ref P L0: 79.1% 20.9%
[libx264 @ 0x207fcfc0] kb/s:48.54
{"completed":1,"elapsed_ms":12964.726367,"event":"progress","stage":"encoding","total":38}
overwrite built-in layer type Swish
{"completed":2,"elapsed_ms":13797.026125,"event":"progress","stage":"sampling","total":38}
{"completed":3,"elapsed_ms":13797.55291,"event":"progress","stage":"projecting","total":38}
overwrite built-in layer type Swish
{"completed":4,"elapsed_ms":13815.112661,"event":"progress","stage":"block-00","total":38}
overwrite built-in layer type Swish
overwrite built-in layer type RMSNorm
{"completed":5,"elapsed_ms":14256.592361,"event":"progress","stage":"block-01","total":38}
overwrite built-in layer type Swish
overwrite built-in layer type RMSNorm
{"completed":6,"elapsed_ms":14614.022222,"event":"progress","stage":"block-02","total":38}
overwrite built-in layer type Swish
overwrite built-in layer type RMSNorm
{"completed":7,"elapsed_ms":14997.501211,"event":"progress","stage":"block-03","total":38}
overwrite built-in layer type Swish
overwrite built-in layer type RMSNorm
{"completed":8,"elapsed_ms":15396.705478,"event":"progress","stage":"block-04","total":38}
overwrite built-in layer type Swish
overwrite built-in layer type RMSNorm
{"completed":9,"elapsed_ms":15798.737033,"event":"progress","stage":"block-05","total":38}
overwrite built-in layer type Swish
overwrite built-in layer type RMSNorm
{"completed":10,"elapsed_ms":16130.35363,"event":"progress","stage":"block-06","total":38}
overwrite built-in layer type Swish
overwrite built-in layer type RMSNorm
{"completed":11,"elapsed_ms":16456.602974,"event":"progress","stage":"block-07","total":38}
overwrite built-in layer type Swish
overwrite built-in layer type RMSNorm
{"completed":12,"elapsed_ms":16825.099297,"event":"progress","stage":"block-08","total":38}
overwrite built-in layer type Swish
overwrite built-in layer type RMSNorm
{"completed":13,"elapsed_ms":17203.766151,"event":"progress","stage":"block-09","total":38}
overwrite built-in layer type Swish
overwrite built-in layer type RMSNorm
{"completed":14,"elapsed_ms":17586.242017,"event":"progress","stage":"block-10","total":38}
overwrite built-in layer type Swish
overwrite built-in layer type RMSNorm
{"completed":15,"elapsed_ms":17953.614778,"event":"progress","stage":"block-11","total":38}
overwrite built-in layer type Swish
overwrite built-in layer type RMSNorm
{"completed":16,"elapsed_ms":18332.179981,"event":"progress","stage":"block-12","total":38}
overwrite built-in layer type Swish
overwrite built-in layer type RMSNorm
{"completed":17,"elapsed_ms":18709.536481,"event":"progress","stage":"block-13","total":38}
overwrite built-in layer type Swish
overwrite built-in layer type RMSNorm
{"completed":18,"elapsed_ms":19097.452637,"event":"progress","stage":"block-14","total":38}
overwrite built-in layer type Swish
overwrite built-in layer type RMSNorm
{"completed":19,"elapsed_ms":19468.573746,"event":"progress","stage":"block-15","total":38}
overwrite built-in layer type Swish
overwrite built-in layer type RMSNorm
{"completed":20,"elapsed_ms":19874.778439,"event":"progress","stage":"block-16","total":38}
overwrite built-in layer type Swish
overwrite built-in layer type RMSNorm
{"completed":21,"elapsed_ms":20270.52594,"event":"progress","stage":"block-17","total":38}
overwrite built-in layer type Swish
overwrite built-in layer type RMSNorm
{"completed":22,"elapsed_ms":20677.232962,"event":"progress","stage":"block-18","total":38}
overwrite built-in layer type Swish
overwrite built-in layer type RMSNorm
{"completed":23,"elapsed_ms":21083.715059,"event":"progress","stage":"block-19","total":38}
overwrite built-in layer type Swish
overwrite built-in layer type RMSNorm
{"completed":24,"elapsed_ms":21503.523986,"event":"progress","stage":"block-20","total":38}
overwrite built-in layer type Swish
overwrite built-in layer type RMSNorm
{"completed":25,"elapsed_ms":21900.849126,"event":"progress","stage":"block-21","total":38}
overwrite built-in layer type Swish
overwrite built-in layer type RMSNorm
{"completed":26,"elapsed_ms":22303.899344,"event":"progress","stage":"block-22","total":38}
overwrite built-in layer type Swish
overwrite built-in layer type RMSNorm
{"completed":27,"elapsed_ms":22707.302949,"event":"progress","stage":"block-23","total":38}
overwrite built-in layer type Swish
overwrite built-in layer type RMSNorm
{"completed":28,"elapsed_ms":23102.140402,"event":"progress","stage":"block-24","total":38}
overwrite built-in layer type Swish
overwrite built-in layer type RMSNorm
{"completed":29,"elapsed_ms":23500.885282,"event":"progress","stage":"block-25","total":38}
overwrite built-in layer type Swish
overwrite built-in layer type RMSNorm
{"completed":30,"elapsed_ms":23895.082346,"event":"progress","stage":"block-26","total":38}
overwrite built-in layer type Swish
overwrite built-in layer type RMSNorm
{"completed":31,"elapsed_ms":24281.714357,"event":"progress","stage":"block-27","total":38}
overwrite built-in layer type Swish
overwrite built-in layer type RMSNorm
{"completed":32,"elapsed_ms":24666.551962,"event":"progress","stage":"block-28","total":38}
overwrite built-in layer type Swish
overwrite built-in layer type RMSNorm
{"completed":33,"elapsed_ms":25057.792304,"event":"progress","stage":"block-29","total":38}
overwrite built-in layer type Swish
overwrite built-in layer type RMSNorm
{"completed":34,"elapsed_ms":25440.831092,"event":"progress","stage":"block-30","total":38}
overwrite built-in layer type Swish
overwrite built-in layer type RMSNorm
{"completed":35,"elapsed_ms":25853.140991,"event":"progress","stage":"block-31","total":38}
overwrite built-in layer type Swish
overwrite built-in layer type RMSNorm
{"completed":36,"elapsed_ms":26144.251446,"event":"progress","stage":"denoising","total":38}
overwrite built-in layer type Swish
{"completed":37,"elapsed_ms":26170.973555,"event":"progress","stage":"decoding","total":38}
overwrite built-in layer type Swish
[libx264 @ 0x226add40] using cpu capabilities: MMX2 SSE2Fast SSSE3 SSE4.2 AVX FMA3 BMI2 AVX2 AVX512
[libx264 @ 0x226add40] profile High, level 1.0, 4:2:0, 8-bit
[libx264 @ 0x226add40] 264 - core 165 r3222 b35605a - H.264/MPEG-4 AVC codec - Copyleft 2003-2025 - http://www.videolan.org/x264.html - options: cabac=1 ref=2 deblock=1:0:0 analyse=0x3:0x113 me=hex subme=6 psy=1 psy_rd=1.00:0.00 mixed_ref=1 me_range=16 chroma_me=1 trellis=1 8x8dct=1 cqm=0 deadzone=21,11 fast_pskip=1 chroma_qp_offset=-2 threads=4 lookahead_threads=1 sliced_threads=0 nr=0 decimate=1 interlaced=0 bluray_compat=0 constrained_intra=0 bframes=0 weightp=1 keyint=250 keyint_min=8 scenecut=40 intra_refresh=0 rc_lookahead=30 rc=crf mbtree=1 crf=18.0 qcomp=0.60 qpmin=0 qpmax=69 qpstep=4 ip_ratio=1.40 aq=1:1.00
[mp4 @ 0x219bb0c0] Starting second pass: moving the moov atom to the beginning of the file
[libx264 @ 0x226add40] frame I:1     Avg QP:20.90  size:  1780
[libx264 @ 0x226add40] frame P:7     Avg QP:20.02  size:  1394
[libx264 @ 0x226add40] mb I  I16..4:  0.0% 67.5% 32.5%
[libx264 @ 0x226add40] mb P  I16..4:  0.0% 10.4% 16.4%  P16..4: 22.1% 30.0% 14.6%  0.0%  0.0%    skip: 6.4%
[libx264 @ 0x226add40] 8x8 transform intra:48.7% inter:50.6%
[libx264 @ 0x226add40] coded y,uvDC,uvAC intra: 99.3% 94.8% 54.8% inter: 73.4% 50.7% 1.0%
[libx264 @ 0x226add40] i8 v,h,dc,ddl,ddr,vr,hd,vl,hu: 15% 15% 17%  4%  6% 21%  6%  5% 10%
[libx264 @ 0x226add40] i4 v,h,dc,ddl,ddr,vr,hd,vl,hu: 35%  8%  8%  3%  8% 20%  5%  8%  5%
[libx264 @ 0x226add40] i8c dc,h,v,p: 49% 25% 23%  3%
[libx264 @ 0x226add40] Weighted P-Frames: Y:42.9% UV:0.0%
[libx264 @ 0x226add40] ref P L0: 88.8% 11.2%
[libx264 @ 0x226add40] kb/s:92.33
{"completed":38,"elapsed_ms":27368.092704,"event":"progress","stage":"completed","total":38}
