[0 NVIDIA GeForce RTX 4060 Laptop GPU]  queueC=2[8]  queueT=1[2]  rebar=1  r-score=76
[0 NVIDIA GeForce RTX 4060 Laptop GPU]  fp16-p/s/u/a=1/1/1/1  int8-p/s/u/a=1/1/1/1  bf16-p/s=1/1
[0 NVIDIA GeForce RTX 4060 Laptop GPU]  subgroup=32(32~32)  ops=1/1/1/1/1/1/1/1/1/1
[0 NVIDIA GeForce RTX 4060 Laptop GPU]  fp16-cm=16x16x16/16x8x16/16x8x8  int8-cm=16x16x32/16x8x32  bf16-cm=16x16x16  fp8-cm=16x16x32  fp6-cm=0  fp4-cm=0
[1 llvmpipe (LLVM 22.1.8, 256 bits)]  queueC=0[1]  queueT=0[1]  rebar=1  r-score=14
[1 llvmpipe (LLVM 22.1.8, 256 bits)]  fp16-p/s/u/a=1/1/1/1  int8-p/s/u/a=1/1/1/1  bf16-p/s=1/0
[1 llvmpipe (LLVM 22.1.8, 256 bits)]  subgroup=8(8~8)  ops=1/1/1/1/1/1/1/1/1/1
[1 llvmpipe (LLVM 22.1.8, 256 bits)]  fp16-cm=8x8x8  int8-cm=8x8x8  bf16-cm=0  fp8-cm=0  fp6-cm=0  fp4-cm=0
[2 llvmpipe (LLVM 17.0.6, 256 bits)]  queueC=0[1]  queueT=0[1]  rebar=1  r-score=4
[2 llvmpipe (LLVM 17.0.6, 256 bits)]  fp16-p/s/u/a=1/1/1/1  int8-p/s/u/a=1/1/1/1  bf16-p/s=1/0
[2 llvmpipe (LLVM 17.0.6, 256 bits)]  subgroup=8(8~8)  ops=1/1/1/1/1/1/0/1/0/0
[2 llvmpipe (LLVM 17.0.6, 256 bits)]  fp16-cm=0  int8-cm=0  bf16-cm=0  fp8-cm=0  fp6-cm=0  fp4-cm=0
{"completed":0,"elapsed_ms":238.745492,"event":"progress","stage":"validating","total":38}
{"completed":0,"elapsed_ms":243.94646,"event":"progress","stage":"validating","total":38}
{"completed":0,"elapsed_ms":442.14576,"event":"progress","stage":"validating","total":38}
{"completed":0,"elapsed_ms":766.819495,"event":"progress","stage":"validating","total":38}
{"completed":0,"elapsed_ms":1102.834399,"event":"progress","stage":"validating","total":38}
{"completed":0,"elapsed_ms":1427.015243,"event":"progress","stage":"validating","total":38}
{"completed":0,"elapsed_ms":1773.671955,"event":"progress","stage":"validating","total":38}
{"completed":0,"elapsed_ms":2075.586487,"event":"progress","stage":"validating","total":38}
{"completed":0,"elapsed_ms":2373.42667,"event":"progress","stage":"validating","total":38}
{"completed":0,"elapsed_ms":2687.293184,"event":"progress","stage":"validating","total":38}
{"completed":0,"elapsed_ms":3146.238748,"event":"progress","stage":"validating","total":38}
{"completed":0,"elapsed_ms":3726.418875,"event":"progress","stage":"validating","total":38}
{"completed":0,"elapsed_ms":4213.214161,"event":"progress","stage":"validating","total":38}
{"completed":0,"elapsed_ms":4576.717596,"event":"progress","stage":"validating","total":38}
{"completed":0,"elapsed_ms":4908.952558,"event":"progress","stage":"validating","total":38}
{"completed":0,"elapsed_ms":5246.752054,"event":"progress","stage":"validating","total":38}
{"completed":0,"elapsed_ms":5579.808729,"event":"progress","stage":"validating","total":38}
{"completed":0,"elapsed_ms":5912.691235,"event":"progress","stage":"validating","total":38}
{"completed":0,"elapsed_ms":6266.260458,"event":"progress","stage":"validating","total":38}
{"completed":0,"elapsed_ms":6583.503233,"event":"progress","stage":"validating","total":38}
{"completed":0,"elapsed_ms":6903.58411,"event":"progress","stage":"validating","total":38}
{"completed":0,"elapsed_ms":7223.318311,"event":"progress","stage":"validating","total":38}
{"completed":0,"elapsed_ms":7538.699879,"event":"progress","stage":"validating","total":38}
{"completed":0,"elapsed_ms":7867.525269,"event":"progress","stage":"validating","total":38}
{"completed":0,"elapsed_ms":8194.90149,"event":"progress","stage":"validating","total":38}
{"completed":0,"elapsed_ms":8520.384284,"event":"progress","stage":"validating","total":38}
{"completed":0,"elapsed_ms":8838.821836,"event":"progress","stage":"validating","total":38}
{"completed":0,"elapsed_ms":9169.090242,"event":"progress","stage":"validating","total":38}
{"completed":0,"elapsed_ms":9502.008095,"event":"progress","stage":"validating","total":38}
{"completed":0,"elapsed_ms":9818.020985,"event":"progress","stage":"validating","total":38}
{"completed":0,"elapsed_ms":10123.366329,"event":"progress","stage":"validating","total":38}
{"completed":0,"elapsed_ms":10442.325907,"event":"progress","stage":"validating","total":38}
{"completed":0,"elapsed_ms":10756.67858,"event":"progress","stage":"validating","total":38}
{"completed":0,"elapsed_ms":11064.403831,"event":"progress","stage":"validating","total":38}
{"completed":0,"elapsed_ms":11384.186184,"event":"progress","stage":"validating","total":38}
{"completed":0,"elapsed_ms":11597.040335,"event":"progress","stage":"validating","total":38}
{"completed":0,"elapsed_ms":11597.759674,"event":"progress","stage":"validating","total":38}
[libx264 @ 0x1c53f780] using cpu capabilities: MMX2 SSE2Fast SSSE3 SSE4.2 AVX FMA3 BMI2 AVX2 AVX512
[libx264 @ 0x1c53f780] profile High, level 1.0, 4:2:0, 8-bit
[libx264 @ 0x1c53f780] 264 - core 165 r3222 b35605a - H.264/MPEG-4 AVC codec - Copyleft 2003-2025 - http://www.videolan.org/x264.html - options: cabac=1 ref=2 deblock=1:0:0 analyse=0x3:0x113 me=hex subme=6 psy=1 psy_rd=1.00:0.00 mixed_ref=1 me_range=16 chroma_me=1 trellis=1 8x8dct=1 cqm=0 deadzone=21,11 fast_pskip=1 chroma_qp_offset=-2 threads=4 lookahead_threads=1 sliced_threads=0 nr=0 decimate=1 interlaced=0 bluray_compat=0 constrained_intra=0 bframes=0 weightp=1 keyint=250 keyint_min=8 scenecut=40 intra_refresh=0 rc_lookahead=30 rc=crf mbtree=1 crf=18.0 qcomp=0.60 qpmin=0 qpmax=69 qpstep=4 ip_ratio=1.40 aq=1:1.00
[mp4 @ 0x1c442e40] Starting second pass: moving the moov atom to the beginning of the file
[libx264 @ 0x1c53f780] frame I:1     Avg QP:18.55  size:  1174
[libx264 @ 0x1c53f780] frame P:8     Avg QP:18.89  size:   723
[libx264 @ 0x1c53f780] mb I  I16..4:  0.0% 90.0% 10.0%
[libx264 @ 0x1c53f780] mb P  I16..4:  0.0%  8.1%  1.9%  P16..4: 35.0% 35.3% 17.8%  0.0%  0.0%    skip: 1.9%
[libx264 @ 0x1c53f780] 8x8 transform intra:86.1% inter:62.1%
[libx264 @ 0x1c53f780] coded y,uvDC,uvAC intra: 96.5% 72.2% 22.2% inter: 67.7% 32.6% 1.4%
[libx264 @ 0x1c53f780] i8 v,h,dc,ddl,ddr,vr,hd,vl,hu: 28% 15% 13%  3%  6% 23%  3%  3%  5%
[libx264 @ 0x1c53f780] i4 v,h,dc,ddl,ddr,vr,hd,vl,hu: 46% 18% 10%  2%  4%  7%  5%  4%  4%
[libx264 @ 0x1c53f780] i8c dc,h,v,p: 64% 22% 12%  1%
[libx264 @ 0x1c53f780] Weighted P-Frames: Y:12.5% UV:0.0%
[libx264 @ 0x1c53f780] ref P L0: 80.1% 19.9%
[libx264 @ 0x1c53f780] kb/s:49.49
{"completed":1,"elapsed_ms":11908.535398,"event":"progress","stage":"encoding","total":38}
{"completed":2,"elapsed_ms":12670.237684,"event":"progress","stage":"sampling","total":38}
{"completed":3,"elapsed_ms":12670.760192,"event":"progress","stage":"projecting","total":38}
{"completed":4,"elapsed_ms":12688.023401,"event":"progress","stage":"block-00","total":38}
{"completed":5,"elapsed_ms":13156.955404,"event":"progress","stage":"block-01","total":38}
{"completed":6,"elapsed_ms":13490.084275,"event":"progress","stage":"block-02","total":38}
{"completed":7,"elapsed_ms":13858.188853,"event":"progress","stage":"block-03","total":38}
{"completed":8,"elapsed_ms":14131.973964,"event":"progress","stage":"block-04","total":38}
{"completed":9,"elapsed_ms":14405.212832,"event":"progress","stage":"block-05","total":38}
{"completed":10,"elapsed_ms":14713.000681,"event":"progress","stage":"block-06","total":38}
{"completed":11,"elapsed_ms":15069.988955,"event":"progress","stage":"block-07","total":38}
{"completed":12,"elapsed_ms":15439.643582,"event":"progress","stage":"block-08","total":38}
{"completed":13,"elapsed_ms":15791.253353,"event":"progress","stage":"block-09","total":38}
{"completed":14,"elapsed_ms":16140.13503,"event":"progress","stage":"block-10","total":38}
{"completed":15,"elapsed_ms":16471.079984,"event":"progress","stage":"block-11","total":38}
{"completed":16,"elapsed_ms":16809.594261,"event":"progress","stage":"block-12","total":38}
{"completed":17,"elapsed_ms":17152.166095,"event":"progress","stage":"block-13","total":38}
{"completed":18,"elapsed_ms":17489.025635,"event":"progress","stage":"block-14","total":38}
{"completed":19,"elapsed_ms":17834.474946,"event":"progress","stage":"block-15","total":38}
{"completed":20,"elapsed_ms":18172.629854,"event":"progress","stage":"block-16","total":38}
{"completed":21,"elapsed_ms":18500.332102,"event":"progress","stage":"block-17","total":38}
{"completed":22,"elapsed_ms":18827.521991,"event":"progress","stage":"block-18","total":38}
{"completed":23,"elapsed_ms":19153.656717,"event":"progress","stage":"block-19","total":38}
{"completed":24,"elapsed_ms":19471.588042,"event":"progress","stage":"block-20","total":38}
{"completed":25,"elapsed_ms":19801.850297,"event":"progress","stage":"block-21","total":38}
{"completed":26,"elapsed_ms":20134.908915,"event":"progress","stage":"block-22","total":38}
{"completed":27,"elapsed_ms":20461.908415,"event":"progress","stage":"block-23","total":38}
{"completed":28,"elapsed_ms":20799.022185,"event":"progress","stage":"block-24","total":38}
{"completed":29,"elapsed_ms":21136.002113,"event":"progress","stage":"block-25","total":38}
{"completed":30,"elapsed_ms":21461.256265,"event":"progress","stage":"block-26","total":38}
{"completed":31,"elapsed_ms":21777.360217,"event":"progress","stage":"block-27","total":38}
{"completed":32,"elapsed_ms":22101.299865,"event":"progress","stage":"block-28","total":38}
{"completed":33,"elapsed_ms":22430.966775,"event":"progress","stage":"block-29","total":38}
{"completed":34,"elapsed_ms":22742.754953,"event":"progress","stage":"block-30","total":38}
{"completed":35,"elapsed_ms":23078.201153,"event":"progress","stage":"block-31","total":38}
{"completed":36,"elapsed_ms":23325.920782,"event":"progress","stage":"denoising","total":38}
{"completed":37,"elapsed_ms":23337.222026,"event":"progress","stage":"decoding","total":38}
[libx264 @ 0x1df63c80] using cpu capabilities: MMX2 SSE2Fast SSSE3 SSE4.2 AVX FMA3 BMI2 AVX2 AVX512
[libx264 @ 0x1df63c80] profile High, level 1.0, 4:2:0, 8-bit
[libx264 @ 0x1df63c80] 264 - core 165 r3222 b35605a - H.264/MPEG-4 AVC codec - Copyleft 2003-2025 - http://www.videolan.org/x264.html - options: cabac=1 ref=2 deblock=1:0:0 analyse=0x3:0x113 me=hex subme=6 psy=1 psy_rd=1.00:0.00 mixed_ref=1 me_range=16 chroma_me=1 trellis=1 8x8dct=1 cqm=0 deadzone=21,11 fast_pskip=1 chroma_qp_offset=-2 threads=4 lookahead_threads=1 sliced_threads=0 nr=0 decimate=1 interlaced=0 bluray_compat=0 constrained_intra=0 bframes=0 weightp=1 keyint=250 keyint_min=8 scenecut=40 intra_refresh=0 rc_lookahead=30 rc=crf mbtree=1 crf=18.0 qcomp=0.60 qpmin=0 qpmax=69 qpstep=4 ip_ratio=1.40 aq=1:1.00
[mp4 @ 0x1f137780] Starting second pass: moving the moov atom to the beginning of the file
[libx264 @ 0x1df63c80] frame I:1     Avg QP:20.92  size:  1799
[libx264 @ 0x1df63c80] frame P:8     Avg QP:20.05  size:  1453
[libx264 @ 0x1df63c80] mb I  I16..4:  2.5% 50.0% 47.5%
[libx264 @ 0x1df63c80] mb P  I16..4:  0.0% 14.1% 19.4%  P16..4: 18.4% 31.2% 12.5%  0.0%  0.0%    skip: 4.4%
[libx264 @ 0x1df63c80] 8x8 transform intra:44.2% inter:56.2%
[libx264 @ 0x1df63c80] coded y,uvDC,uvAC intra: 97.8% 93.2% 53.7% inter: 75.7% 57.3% 0.9%
[libx264 @ 0x1df63c80] i16 v,h,dc,p:  0%  0%  0% 100%
[libx264 @ 0x1df63c80] i8 v,h,dc,ddl,ddr,vr,hd,vl,hu: 20% 15% 16%  2%  5% 21%  6%  4% 12%
[libx264 @ 0x1df63c80] i4 v,h,dc,ddl,ddr,vr,hd,vl,hu: 32% 12%  9%  4%  9% 15%  4% 10%  6%
[libx264 @ 0x1df63c80] i8c dc,h,v,p: 56% 18% 19%  7%
[libx264 @ 0x1df63c80] Weighted P-Frames: Y:25.0% UV:0.0%
[libx264 @ 0x1df63c80] ref P L0: 88.1% 11.9%
[libx264 @ 0x1df63c80] kb/s:95.45
{"completed":38,"elapsed_ms":24456.383345,"event":"progress","stage":"completed","total":38}
