-- CMake 4.3.0
-- Configuring done (0.0s)
-- Generating done (0.0s)
-- Build files have been written to: /home/mingshi/Project/AI/pnnx_torchdynamo/seedvr2-ncnn-vulkan/.cache/publication/clean-source/.deps/build/cli11
ninja: no work to do.
-- Install configuration: "Release"
-- Up-to-date: /home/mingshi/Project/AI/pnnx_torchdynamo/seedvr2-ncnn-vulkan/.cache/publication/clean-source/.deps/install/include/CLI/App.hpp
-- Up-to-date: /home/mingshi/Project/AI/pnnx_torchdynamo/seedvr2-ncnn-vulkan/.cache/publication/clean-source/.deps/install/include/CLI/Config.hpp
-- Up-to-date: /home/mingshi/Project/AI/pnnx_torchdynamo/seedvr2-ncnn-vulkan/.cache/publication/clean-source/.deps/install/include/CLI/ConfigFwd.hpp
-- Up-to-date: /home/mingshi/Project/AI/pnnx_torchdynamo/seedvr2-ncnn-vulkan/.cache/publication/clean-source/.deps/install/include/CLI/Error.hpp
-- Up-to-date: /home/mingshi/Project/AI/pnnx_torchdynamo/seedvr2-ncnn-vulkan/.cache/publication/clean-source/.deps/install/include/CLI/Formatter.hpp
-- Up-to-date: /home/mingshi/Project/AI/pnnx_torchdynamo/seedvr2-ncnn-vulkan/.cache/publication/clean-source/.deps/install/include/CLI/FormatterFwd.hpp
-- Up-to-date: /home/mingshi/Project/AI/pnnx_torchdynamo/seedvr2-ncnn-vulkan/.cache/publication/clean-source/.deps/install/include/CLI/Macros.hpp
-- Up-to-date: /home/mingshi/Project/AI/pnnx_torchdynamo/seedvr2-ncnn-vulkan/.cache/publication/clean-source/.deps/install/include/CLI/Option.hpp
-- Up-to-date: /home/mingshi/Project/AI/pnnx_torchdynamo/seedvr2-ncnn-vulkan/.cache/publication/clean-source/.deps/install/include/CLI/Split.hpp
-- Up-to-date: /home/mingshi/Project/AI/pnnx_torchdynamo/seedvr2-ncnn-vulkan/.cache/publication/clean-source/.deps/install/include/CLI/StringTools.hpp
-- Up-to-date: /home/mingshi/Project/AI/pnnx_torchdynamo/seedvr2-ncnn-vulkan/.cache/publication/clean-source/.deps/install/include/CLI/TypeTools.hpp
-- Up-to-date: /home/mingshi/Project/AI/pnnx_torchdynamo/seedvr2-ncnn-vulkan/.cache/publication/clean-source/.deps/install/include/CLI/Validators.hpp
-- Up-to-date: /home/mingshi/Project/AI/pnnx_torchdynamo/seedvr2-ncnn-vulkan/.cache/publication/clean-source/.deps/install/include/CLI/ExtraValidators.hpp
-- Up-to-date: /home/mingshi/Project/AI/pnnx_torchdynamo/seedvr2-ncnn-vulkan/.cache/publication/clean-source/.deps/install/include/CLI/Version.hpp
-- Up-to-date: /home/mingshi/Project/AI/pnnx_torchdynamo/seedvr2-ncnn-vulkan/.cache/publication/clean-source/.deps/install/include/CLI/Encoding.hpp
-- Up-to-date: /home/mingshi/Project/AI/pnnx_torchdynamo/seedvr2-ncnn-vulkan/.cache/publication/clean-source/.deps/install/include/CLI/Argv.hpp
-- Up-to-date: /home/mingshi/Project/AI/pnnx_torchdynamo/seedvr2-ncnn-vulkan/.cache/publication/clean-source/.deps/install/include/CLI/CLI.hpp
-- Up-to-date: /home/mingshi/Project/AI/pnnx_torchdynamo/seedvr2-ncnn-vulkan/.cache/publication/clean-source/.deps/install/include/CLI/Timer.hpp
-- Up-to-date: /home/mingshi/Project/AI/pnnx_torchdynamo/seedvr2-ncnn-vulkan/.cache/publication/clean-source/.deps/install/include/CLI/impl/App_inl.hpp
-- Up-to-date: /home/mingshi/Project/AI/pnnx_torchdynamo/seedvr2-ncnn-vulkan/.cache/publication/clean-source/.deps/install/include/CLI/impl/Config_inl.hpp
-- Up-to-date: /home/mingshi/Project/AI/pnnx_torchdynamo/seedvr2-ncnn-vulkan/.cache/publication/clean-source/.deps/install/include/CLI/impl/Formatter_inl.hpp
-- Up-to-date: /home/mingshi/Project/AI/pnnx_torchdynamo/seedvr2-ncnn-vulkan/.cache/publication/clean-source/.deps/install/include/CLI/impl/Option_inl.hpp
-- Up-to-date: /home/mingshi/Project/AI/pnnx_torchdynamo/seedvr2-ncnn-vulkan/.cache/publication/clean-source/.deps/install/include/CLI/impl/Split_inl.hpp
-- Up-to-date: /home/mingshi/Project/AI/pnnx_torchdynamo/seedvr2-ncnn-vulkan/.cache/publication/clean-source/.deps/install/include/CLI/impl/StringTools_inl.hpp
-- Up-to-date: /home/mingshi/Project/AI/pnnx_torchdynamo/seedvr2-ncnn-vulkan/.cache/publication/clean-source/.deps/install/include/CLI/impl/TypeTools_inl.hpp
-- Up-to-date: /home/mingshi/Project/AI/pnnx_torchdynamo/seedvr2-ncnn-vulkan/.cache/publication/clean-source/.deps/install/include/CLI/impl/Validators_inl.hpp
-- Up-to-date: /home/mingshi/Project/AI/pnnx_torchdynamo/seedvr2-ncnn-vulkan/.cache/publication/clean-source/.deps/install/include/CLI/impl/ExtraValidators_inl.hpp
-- Up-to-date: /home/mingshi/Project/AI/pnnx_torchdynamo/seedvr2-ncnn-vulkan/.cache/publication/clean-source/.deps/install/include/CLI/impl/Encoding_inl.hpp
-- Up-to-date: /home/mingshi/Project/AI/pnnx_torchdynamo/seedvr2-ncnn-vulkan/.cache/publication/clean-source/.deps/install/include/CLI/impl/Argv_inl.hpp
-- Up-to-date: /home/mingshi/Project/AI/pnnx_torchdynamo/seedvr2-ncnn-vulkan/.cache/publication/clean-source/.deps/install/share/cmake/CLI11/CLI11ConfigVersion.cmake
-- Up-to-date: /home/mingshi/Project/AI/pnnx_torchdynamo/seedvr2-ncnn-vulkan/.cache/publication/clean-source/.deps/install/share/cmake/CLI11/CLI11Config.cmake
-- Up-to-date: /home/mingshi/Project/AI/pnnx_torchdynamo/seedvr2-ncnn-vulkan/.cache/publication/clean-source/.deps/install/share/cmake/CLI11/CLI11Targets.cmake
-- Up-to-date: /home/mingshi/Project/AI/pnnx_torchdynamo/seedvr2-ncnn-vulkan/.cache/publication/clean-source/.deps/install/share/pkgconfig/CLI11.pc
