-- compiler: GNU
CMake Deprecation Warning at trantor/CMakeLists.txt:1 (cmake_minimum_required):
  Compatibility with CMake < 3.10 will be removed from a future version of
  CMake.

  Update the VERSION argument <min> value.  Or, use the <min>...<max> syntax
  to tell CMake that the project requires at least <min> but has been updated
  to work with policies introduced by <max> or earlier.


-- Trantor using SSL library: OpenSSL
-- Could NOT find c-ares (missing: C-ARES_INCLUDE_DIRS C-ARES_LIBRARIES) 
-- Found std::filesystem
-- use c++20
-- jsoncpp version:1.9.8
-- yaml-cpp not used
-- Found UUID: /lib64/libuuid.so
-- Configuring done (0.4s)
-- Generating done (0.0s)
-- Build files have been written to: /home/mingshi/Project/AI/pnnx_torchdynamo/seedvr2-ncnn-vulkan/.cache/publication/clean-source/.deps/build/drogon
[1/75] Generating CXX dyndep file CMakeFiles/drogon.dir/CXX.dd
-- Install configuration: "Release"
-- Up-to-date: /home/mingshi/Project/AI/pnnx_torchdynamo/seedvr2-ncnn-vulkan/.cache/publication/clean-source/.deps/install/lib/libtrantor.a
-- Up-to-date: /home/mingshi/Project/AI/pnnx_torchdynamo/seedvr2-ncnn-vulkan/.cache/publication/clean-source/.deps/install/include/trantor/exports.h
-- Up-to-date: /home/mingshi/Project/AI/pnnx_torchdynamo/seedvr2-ncnn-vulkan/.cache/publication/clean-source/.deps/install/include/trantor/net/EventLoop.h
-- Up-to-date: /home/mingshi/Project/AI/pnnx_torchdynamo/seedvr2-ncnn-vulkan/.cache/publication/clean-source/.deps/install/include/trantor/net/EventLoopThread.h
-- Up-to-date: /home/mingshi/Project/AI/pnnx_torchdynamo/seedvr2-ncnn-vulkan/.cache/publication/clean-source/.deps/install/include/trantor/net/EventLoopThreadPool.h
-- Up-to-date: /home/mingshi/Project/AI/pnnx_torchdynamo/seedvr2-ncnn-vulkan/.cache/publication/clean-source/.deps/install/include/trantor/net/InetAddress.h
-- Up-to-date: /home/mingshi/Project/AI/pnnx_torchdynamo/seedvr2-ncnn-vulkan/.cache/publication/clean-source/.deps/install/include/trantor/net/TcpClient.h
-- Up-to-date: /home/mingshi/Project/AI/pnnx_torchdynamo/seedvr2-ncnn-vulkan/.cache/publication/clean-source/.deps/install/include/trantor/net/TcpConnection.h
-- Up-to-date: /home/mingshi/Project/AI/pnnx_torchdynamo/seedvr2-ncnn-vulkan/.cache/publication/clean-source/.deps/install/include/trantor/net/TcpServer.h
-- Up-to-date: /home/mingshi/Project/AI/pnnx_torchdynamo/seedvr2-ncnn-vulkan/.cache/publication/clean-source/.deps/install/include/trantor/net/AsyncStream.h
-- Up-to-date: /home/mingshi/Project/AI/pnnx_torchdynamo/seedvr2-ncnn-vulkan/.cache/publication/clean-source/.deps/install/include/trantor/net/callbacks.h
-- Up-to-date: /home/mingshi/Project/AI/pnnx_torchdynamo/seedvr2-ncnn-vulkan/.cache/publication/clean-source/.deps/install/include/trantor/net/Resolver.h
-- Up-to-date: /home/mingshi/Project/AI/pnnx_torchdynamo/seedvr2-ncnn-vulkan/.cache/publication/clean-source/.deps/install/include/trantor/net/Channel.h
-- Up-to-date: /home/mingshi/Project/AI/pnnx_torchdynamo/seedvr2-ncnn-vulkan/.cache/publication/clean-source/.deps/install/include/trantor/net/Certificate.h
-- Up-to-date: /home/mingshi/Project/AI/pnnx_torchdynamo/seedvr2-ncnn-vulkan/.cache/publication/clean-source/.deps/install/include/trantor/net/TLSPolicy.h
-- Up-to-date: /home/mingshi/Project/AI/pnnx_torchdynamo/seedvr2-ncnn-vulkan/.cache/publication/clean-source/.deps/install/include/trantor/utils/AsyncFileLogger.h
-- Up-to-date: /home/mingshi/Project/AI/pnnx_torchdynamo/seedvr2-ncnn-vulkan/.cache/publication/clean-source/.deps/install/include/trantor/utils/ConcurrentTaskQueue.h
-- Up-to-date: /home/mingshi/Project/AI/pnnx_torchdynamo/seedvr2-ncnn-vulkan/.cache/publication/clean-source/.deps/install/include/trantor/utils/Date.h
-- Up-to-date: /home/mingshi/Project/AI/pnnx_torchdynamo/seedvr2-ncnn-vulkan/.cache/publication/clean-source/.deps/install/include/trantor/utils/Funcs.h
-- Up-to-date: /home/mingshi/Project/AI/pnnx_torchdynamo/seedvr2-ncnn-vulkan/.cache/publication/clean-source/.deps/install/include/trantor/utils/LockFreeQueue.h
-- Up-to-date: /home/mingshi/Project/AI/pnnx_torchdynamo/seedvr2-ncnn-vulkan/.cache/publication/clean-source/.deps/install/include/trantor/utils/LogStream.h
-- Up-to-date: /home/mingshi/Project/AI/pnnx_torchdynamo/seedvr2-ncnn-vulkan/.cache/publication/clean-source/.deps/install/include/trantor/utils/Logger.h
-- Up-to-date: /home/mingshi/Project/AI/pnnx_torchdynamo/seedvr2-ncnn-vulkan/.cache/publication/clean-source/.deps/install/include/trantor/utils/MsgBuffer.h
-- Up-to-date: /home/mingshi/Project/AI/pnnx_torchdynamo/seedvr2-ncnn-vulkan/.cache/publication/clean-source/.deps/install/include/trantor/utils/NonCopyable.h
-- Up-to-date: /home/mingshi/Project/AI/pnnx_torchdynamo/seedvr2-ncnn-vulkan/.cache/publication/clean-source/.deps/install/include/trantor/utils/ObjectPool.h
-- Up-to-date: /home/mingshi/Project/AI/pnnx_torchdynamo/seedvr2-ncnn-vulkan/.cache/publication/clean-source/.deps/install/include/trantor/utils/SerialTaskQueue.h
-- Up-to-date: /home/mingshi/Project/AI/pnnx_torchdynamo/seedvr2-ncnn-vulkan/.cache/publication/clean-source/.deps/install/include/trantor/utils/TaskQueue.h
-- Up-to-date: /home/mingshi/Project/AI/pnnx_torchdynamo/seedvr2-ncnn-vulkan/.cache/publication/clean-source/.deps/install/include/trantor/utils/TimingWheel.h
-- Up-to-date: /home/mingshi/Project/AI/pnnx_torchdynamo/seedvr2-ncnn-vulkan/.cache/publication/clean-source/.deps/install/include/trantor/utils/Utilities.h
-- Up-to-date: /home/mingshi/Project/AI/pnnx_torchdynamo/seedvr2-ncnn-vulkan/.cache/publication/clean-source/.deps/install/lib/cmake/Trantor/TrantorConfig.cmake
-- Up-to-date: /home/mingshi/Project/AI/pnnx_torchdynamo/seedvr2-ncnn-vulkan/.cache/publication/clean-source/.deps/install/lib/cmake/Trantor/TrantorConfigVersion.cmake
-- Up-to-date: /home/mingshi/Project/AI/pnnx_torchdynamo/seedvr2-ncnn-vulkan/.cache/publication/clean-source/.deps/install/lib/cmake/Trantor/Findc-ares.cmake
-- Up-to-date: /home/mingshi/Project/AI/pnnx_torchdynamo/seedvr2-ncnn-vulkan/.cache/publication/clean-source/.deps/install/lib/cmake/Trantor/FindBotan.cmake
-- Up-to-date: /home/mingshi/Project/AI/pnnx_torchdynamo/seedvr2-ncnn-vulkan/.cache/publication/clean-source/.deps/install/lib/cmake/Trantor/TrantorTargets.cmake
-- Up-to-date: /home/mingshi/Project/AI/pnnx_torchdynamo/seedvr2-ncnn-vulkan/.cache/publication/clean-source/.deps/install/lib/cmake/Trantor/TrantorTargets-release.cmake
-- Up-to-date: /home/mingshi/Project/AI/pnnx_torchdynamo/seedvr2-ncnn-vulkan/.cache/publication/clean-source/.deps/install/lib/libdrogon.a
-- Up-to-date: /home/mingshi/Project/AI/pnnx_torchdynamo/seedvr2-ncnn-vulkan/.cache/publication/clean-source/.deps/install/include/drogon/Attribute.h
-- Up-to-date: /home/mingshi/Project/AI/pnnx_torchdynamo/seedvr2-ncnn-vulkan/.cache/publication/clean-source/.deps/install/include/drogon/CacheMap.h
-- Up-to-date: /home/mingshi/Project/AI/pnnx_torchdynamo/seedvr2-ncnn-vulkan/.cache/publication/clean-source/.deps/install/include/drogon/Cookie.h
-- Up-to-date: /home/mingshi/Project/AI/pnnx_torchdynamo/seedvr2-ncnn-vulkan/.cache/publication/clean-source/.deps/install/include/drogon/DrClassMap.h
-- Up-to-date: /home/mingshi/Project/AI/pnnx_torchdynamo/seedvr2-ncnn-vulkan/.cache/publication/clean-source/.deps/install/include/drogon/DrObject.h
-- Up-to-date: /home/mingshi/Project/AI/pnnx_torchdynamo/seedvr2-ncnn-vulkan/.cache/publication/clean-source/.deps/install/include/drogon/DrTemplate.h
-- Up-to-date: /home/mingshi/Project/AI/pnnx_torchdynamo/seedvr2-ncnn-vulkan/.cache/publication/clean-source/.deps/install/include/drogon/DrTemplateBase.h
-- Up-to-date: /home/mingshi/Project/AI/pnnx_torchdynamo/seedvr2-ncnn-vulkan/.cache/publication/clean-source/.deps/install/include/drogon/HttpAppFramework.h
-- Up-to-date: /home/mingshi/Project/AI/pnnx_torchdynamo/seedvr2-ncnn-vulkan/.cache/publication/clean-source/.deps/install/include/drogon/HttpBinder.h
-- Up-to-date: /home/mingshi/Project/AI/pnnx_torchdynamo/seedvr2-ncnn-vulkan/.cache/publication/clean-source/.deps/install/include/drogon/HttpClient.h
-- Up-to-date: /home/mingshi/Project/AI/pnnx_torchdynamo/seedvr2-ncnn-vulkan/.cache/publication/clean-source/.deps/install/include/drogon/HttpController.h
-- Up-to-date: /home/mingshi/Project/AI/pnnx_torchdynamo/seedvr2-ncnn-vulkan/.cache/publication/clean-source/.deps/install/include/drogon/HttpFilter.h
-- Up-to-date: /home/mingshi/Project/AI/pnnx_torchdynamo/seedvr2-ncnn-vulkan/.cache/publication/clean-source/.deps/install/include/drogon/HttpMiddleware.h
-- Up-to-date: /home/mingshi/Project/AI/pnnx_torchdynamo/seedvr2-ncnn-vulkan/.cache/publication/clean-source/.deps/install/include/drogon/HttpRequest.h
-- Up-to-date: /home/mingshi/Project/AI/pnnx_torchdynamo/seedvr2-ncnn-vulkan/.cache/publication/clean-source/.deps/install/include/drogon/RequestStream.h
-- Up-to-date: /home/mingshi/Project/AI/pnnx_torchdynamo/seedvr2-ncnn-vulkan/.cache/publication/clean-source/.deps/install/include/drogon/HttpResponse.h
-- Up-to-date: /home/mingshi/Project/AI/pnnx_torchdynamo/seedvr2-ncnn-vulkan/.cache/publication/clean-source/.deps/install/include/drogon/HttpSimpleController.h
-- Up-to-date: /home/mingshi/Project/AI/pnnx_torchdynamo/seedvr2-ncnn-vulkan/.cache/publication/clean-source/.deps/install/include/drogon/HttpTypes.h
-- Up-to-date: /home/mingshi/Project/AI/pnnx_torchdynamo/seedvr2-ncnn-vulkan/.cache/publication/clean-source/.deps/install/include/drogon/HttpViewData.h
-- Up-to-date: /home/mingshi/Project/AI/pnnx_torchdynamo/seedvr2-ncnn-vulkan/.cache/publication/clean-source/.deps/install/include/drogon/IntranetIpFilter.h
-- Up-to-date: /home/mingshi/Project/AI/pnnx_torchdynamo/seedvr2-ncnn-vulkan/.cache/publication/clean-source/.deps/install/include/drogon/IOThreadStorage.h
-- Up-to-date: /home/mingshi/Project/AI/pnnx_torchdynamo/seedvr2-ncnn-vulkan/.cache/publication/clean-source/.deps/install/include/drogon/LocalHostFilter.h
-- Up-to-date: /home/mingshi/Project/AI/pnnx_torchdynamo/seedvr2-ncnn-vulkan/.cache/publication/clean-source/.deps/install/include/drogon/MultiPart.h
-- Up-to-date: /home/mingshi/Project/AI/pnnx_torchdynamo/seedvr2-ncnn-vulkan/.cache/publication/clean-source/.deps/install/include/drogon/NotFound.h
-- Up-to-date: /home/mingshi/Project/AI/pnnx_torchdynamo/seedvr2-ncnn-vulkan/.cache/publication/clean-source/.deps/install/include/drogon/Session.h
-- Up-to-date: /home/mingshi/Project/AI/pnnx_torchdynamo/seedvr2-ncnn-vulkan/.cache/publication/clean-source/.deps/install/include/drogon/UploadFile.h
-- Up-to-date: /home/mingshi/Project/AI/pnnx_torchdynamo/seedvr2-ncnn-vulkan/.cache/publication/clean-source/.deps/install/include/drogon/WebSocketClient.h
-- Up-to-date: /home/mingshi/Project/AI/pnnx_torchdynamo/seedvr2-ncnn-vulkan/.cache/publication/clean-source/.deps/install/include/drogon/WebSocketConnection.h
-- Up-to-date: /home/mingshi/Project/AI/pnnx_torchdynamo/seedvr2-ncnn-vulkan/.cache/publication/clean-source/.deps/install/include/drogon/WebSocketController.h
-- Up-to-date: /home/mingshi/Project/AI/pnnx_torchdynamo/seedvr2-ncnn-vulkan/.cache/publication/clean-source/.deps/install/include/drogon/drogon.h
-- Up-to-date: /home/mingshi/Project/AI/pnnx_torchdynamo/seedvr2-ncnn-vulkan/.cache/publication/clean-source/.deps/install/include/drogon/version.h
-- Up-to-date: /home/mingshi/Project/AI/pnnx_torchdynamo/seedvr2-ncnn-vulkan/.cache/publication/clean-source/.deps/install/include/drogon/drogon_callbacks.h
-- Up-to-date: /home/mingshi/Project/AI/pnnx_torchdynamo/seedvr2-ncnn-vulkan/.cache/publication/clean-source/.deps/install/include/drogon/PubSubService.h
-- Up-to-date: /home/mingshi/Project/AI/pnnx_torchdynamo/seedvr2-ncnn-vulkan/.cache/publication/clean-source/.deps/install/include/drogon/drogon_test.h
-- Up-to-date: /home/mingshi/Project/AI/pnnx_torchdynamo/seedvr2-ncnn-vulkan/.cache/publication/clean-source/.deps/install/include/drogon/RateLimiter.h
-- Up-to-date: /home/mingshi/Project/AI/pnnx_torchdynamo/seedvr2-ncnn-vulkan/.cache/publication/clean-source/.deps/install/include/drogon/exports.h
-- Up-to-date: /home/mingshi/Project/AI/pnnx_torchdynamo/seedvr2-ncnn-vulkan/.cache/publication/clean-source/.deps/install/include/drogon/orm/ArrayParser.h
-- Up-to-date: /home/mingshi/Project/AI/pnnx_torchdynamo/seedvr2-ncnn-vulkan/.cache/publication/clean-source/.deps/install/include/drogon/orm/BaseBuilder.h
-- Up-to-date: /home/mingshi/Project/AI/pnnx_torchdynamo/seedvr2-ncnn-vulkan/.cache/publication/clean-source/.deps/install/include/drogon/orm/Criteria.h
-- Up-to-date: /home/mingshi/Project/AI/pnnx_torchdynamo/seedvr2-ncnn-vulkan/.cache/publication/clean-source/.deps/install/include/drogon/orm/DbClient.h
-- Up-to-date: /home/mingshi/Project/AI/pnnx_torchdynamo/seedvr2-ncnn-vulkan/.cache/publication/clean-source/.deps/install/include/drogon/orm/DbConfig.h
-- Up-to-date: /home/mingshi/Project/AI/pnnx_torchdynamo/seedvr2-ncnn-vulkan/.cache/publication/clean-source/.deps/install/include/drogon/orm/DbListener.h
-- Up-to-date: /home/mingshi/Project/AI/pnnx_torchdynamo/seedvr2-ncnn-vulkan/.cache/publication/clean-source/.deps/install/include/drogon/orm/DbTypes.h
-- Up-to-date: /home/mingshi/Project/AI/pnnx_torchdynamo/seedvr2-ncnn-vulkan/.cache/publication/clean-source/.deps/install/include/drogon/orm/Exception.h
-- Up-to-date: /home/mingshi/Project/AI/pnnx_torchdynamo/seedvr2-ncnn-vulkan/.cache/publication/clean-source/.deps/install/include/drogon/orm/Field.h
-- Up-to-date: /home/mingshi/Project/AI/pnnx_torchdynamo/seedvr2-ncnn-vulkan/.cache/publication/clean-source/.deps/install/include/drogon/orm/FunctionTraits.h
-- Up-to-date: /home/mingshi/Project/AI/pnnx_torchdynamo/seedvr2-ncnn-vulkan/.cache/publication/clean-source/.deps/install/include/drogon/orm/Mapper.h
-- Up-to-date: /home/mingshi/Project/AI/pnnx_torchdynamo/seedvr2-ncnn-vulkan/.cache/publication/clean-source/.deps/install/include/drogon/orm/CoroMapper.h
-- Up-to-date: /home/mingshi/Project/AI/pnnx_torchdynamo/seedvr2-ncnn-vulkan/.cache/publication/clean-source/.deps/install/include/drogon/orm/Result.h
-- Up-to-date: /home/mingshi/Project/AI/pnnx_torchdynamo/seedvr2-ncnn-vulkan/.cache/publication/clean-source/.deps/install/include/drogon/orm/ResultIterator.h
-- Up-to-date: /home/mingshi/Project/AI/pnnx_torchdynamo/seedvr2-ncnn-vulkan/.cache/publication/clean-source/.deps/install/include/drogon/orm/Row.h
-- Up-to-date: /home/mingshi/Project/AI/pnnx_torchdynamo/seedvr2-ncnn-vulkan/.cache/publication/clean-source/.deps/install/include/drogon/orm/RowIterator.h
-- Up-to-date: /home/mingshi/Project/AI/pnnx_torchdynamo/seedvr2-ncnn-vulkan/.cache/publication/clean-source/.deps/install/include/drogon/orm/SqlBinder.h
-- Up-to-date: /home/mingshi/Project/AI/pnnx_torchdynamo/seedvr2-ncnn-vulkan/.cache/publication/clean-source/.deps/install/include/drogon/orm/RestfulController.h
-- Up-to-date: /home/mingshi/Project/AI/pnnx_torchdynamo/seedvr2-ncnn-vulkan/.cache/publication/clean-source/.deps/install/include/drogon/nosql/RedisClient.h
-- Up-to-date: /home/mingshi/Project/AI/pnnx_torchdynamo/seedvr2-ncnn-vulkan/.cache/publication/clean-source/.deps/install/include/drogon/nosql/RedisResult.h
-- Up-to-date: /home/mingshi/Project/AI/pnnx_torchdynamo/seedvr2-ncnn-vulkan/.cache/publication/clean-source/.deps/install/include/drogon/nosql/RedisSubscriber.h
-- Up-to-date: /home/mingshi/Project/AI/pnnx_torchdynamo/seedvr2-ncnn-vulkan/.cache/publication/clean-source/.deps/install/include/drogon/nosql/RedisException.h
-- Up-to-date: /home/mingshi/Project/AI/pnnx_torchdynamo/seedvr2-ncnn-vulkan/.cache/publication/clean-source/.deps/install/include/drogon/utils/coroutine.h
-- Up-to-date: /home/mingshi/Project/AI/pnnx_torchdynamo/seedvr2-ncnn-vulkan/.cache/publication/clean-source/.deps/install/include/drogon/utils/FunctionTraits.h
-- Up-to-date: /home/mingshi/Project/AI/pnnx_torchdynamo/seedvr2-ncnn-vulkan/.cache/publication/clean-source/.deps/install/include/drogon/utils/HttpConstraint.h
-- Up-to-date: /home/mingshi/Project/AI/pnnx_torchdynamo/seedvr2-ncnn-vulkan/.cache/publication/clean-source/.deps/install/include/drogon/utils/OStringStream.h
-- Up-to-date: /home/mingshi/Project/AI/pnnx_torchdynamo/seedvr2-ncnn-vulkan/.cache/publication/clean-source/.deps/install/include/drogon/utils/Utilities.h
-- Up-to-date: /home/mingshi/Project/AI/pnnx_torchdynamo/seedvr2-ncnn-vulkan/.cache/publication/clean-source/.deps/install/include/drogon/utils/monitoring.h
-- Up-to-date: /home/mingshi/Project/AI/pnnx_torchdynamo/seedvr2-ncnn-vulkan/.cache/publication/clean-source/.deps/install/include/drogon/utils/monitoring/Counter.h
-- Up-to-date: /home/mingshi/Project/AI/pnnx_torchdynamo/seedvr2-ncnn-vulkan/.cache/publication/clean-source/.deps/install/include/drogon/utils/monitoring/Metric.h
-- Up-to-date: /home/mingshi/Project/AI/pnnx_torchdynamo/seedvr2-ncnn-vulkan/.cache/publication/clean-source/.deps/install/include/drogon/utils/monitoring/Registry.h
-- Up-to-date: /home/mingshi/Project/AI/pnnx_torchdynamo/seedvr2-ncnn-vulkan/.cache/publication/clean-source/.deps/install/include/drogon/utils/monitoring/Collector.h
-- Up-to-date: /home/mingshi/Project/AI/pnnx_torchdynamo/seedvr2-ncnn-vulkan/.cache/publication/clean-source/.deps/install/include/drogon/utils/monitoring/Sample.h
-- Up-to-date: /home/mingshi/Project/AI/pnnx_torchdynamo/seedvr2-ncnn-vulkan/.cache/publication/clean-source/.deps/install/include/drogon/utils/monitoring/Gauge.h
-- Up-to-date: /home/mingshi/Project/AI/pnnx_torchdynamo/seedvr2-ncnn-vulkan/.cache/publication/clean-source/.deps/install/include/drogon/utils/monitoring/Histogram.h
-- Up-to-date: /home/mingshi/Project/AI/pnnx_torchdynamo/seedvr2-ncnn-vulkan/.cache/publication/clean-source/.deps/install/include/drogon/plugins/Plugin.h
-- Up-to-date: /home/mingshi/Project/AI/pnnx_torchdynamo/seedvr2-ncnn-vulkan/.cache/publication/clean-source/.deps/install/include/drogon/plugins/Redirector.h
-- Up-to-date: /home/mingshi/Project/AI/pnnx_torchdynamo/seedvr2-ncnn-vulkan/.cache/publication/clean-source/.deps/install/include/drogon/plugins/SecureSSLRedirector.h
-- Up-to-date: /home/mingshi/Project/AI/pnnx_torchdynamo/seedvr2-ncnn-vulkan/.cache/publication/clean-source/.deps/install/include/drogon/plugins/AccessLogger.h
-- Up-to-date: /home/mingshi/Project/AI/pnnx_torchdynamo/seedvr2-ncnn-vulkan/.cache/publication/clean-source/.deps/install/include/drogon/plugins/RealIpResolver.h
-- Up-to-date: /home/mingshi/Project/AI/pnnx_torchdynamo/seedvr2-ncnn-vulkan/.cache/publication/clean-source/.deps/install/include/drogon/plugins/Hodor.h
-- Up-to-date: /home/mingshi/Project/AI/pnnx_torchdynamo/seedvr2-ncnn-vulkan/.cache/publication/clean-source/.deps/install/include/drogon/plugins/SlashRemover.h
-- Up-to-date: /home/mingshi/Project/AI/pnnx_torchdynamo/seedvr2-ncnn-vulkan/.cache/publication/clean-source/.deps/install/include/drogon/plugins/GlobalFilters.h
-- Up-to-date: /home/mingshi/Project/AI/pnnx_torchdynamo/seedvr2-ncnn-vulkan/.cache/publication/clean-source/.deps/install/include/drogon/plugins/PromExporter.h
-- Up-to-date: /home/mingshi/Project/AI/pnnx_torchdynamo/seedvr2-ncnn-vulkan/.cache/publication/clean-source/.deps/install/lib/cmake/Drogon/DrogonConfig.cmake
-- Up-to-date: /home/mingshi/Project/AI/pnnx_torchdynamo/seedvr2-ncnn-vulkan/.cache/publication/clean-source/.deps/install/lib/cmake/Drogon/DrogonConfigVersion.cmake
-- Up-to-date: /home/mingshi/Project/AI/pnnx_torchdynamo/seedvr2-ncnn-vulkan/.cache/publication/clean-source/.deps/install/lib/cmake/Drogon/FindUUID.cmake
-- Up-to-date: /home/mingshi/Project/AI/pnnx_torchdynamo/seedvr2-ncnn-vulkan/.cache/publication/clean-source/.deps/install/lib/cmake/Drogon/FindJsoncpp.cmake
-- Up-to-date: /home/mingshi/Project/AI/pnnx_torchdynamo/seedvr2-ncnn-vulkan/.cache/publication/clean-source/.deps/install/lib/cmake/Drogon/FindSQLite3.cmake
-- Up-to-date: /home/mingshi/Project/AI/pnnx_torchdynamo/seedvr2-ncnn-vulkan/.cache/publication/clean-source/.deps/install/lib/cmake/Drogon/FindMySQL.cmake
-- Up-to-date: /home/mingshi/Project/AI/pnnx_torchdynamo/seedvr2-ncnn-vulkan/.cache/publication/clean-source/.deps/install/lib/cmake/Drogon/Findpg.cmake
-- Up-to-date: /home/mingshi/Project/AI/pnnx_torchdynamo/seedvr2-ncnn-vulkan/.cache/publication/clean-source/.deps/install/lib/cmake/Drogon/FindBrotli.cmake
-- Up-to-date: /home/mingshi/Project/AI/pnnx_torchdynamo/seedvr2-ncnn-vulkan/.cache/publication/clean-source/.deps/install/lib/cmake/Drogon/Findcoz-profiler.cmake
-- Up-to-date: /home/mingshi/Project/AI/pnnx_torchdynamo/seedvr2-ncnn-vulkan/.cache/publication/clean-source/.deps/install/lib/cmake/Drogon/FindHiredis.cmake
-- Up-to-date: /home/mingshi/Project/AI/pnnx_torchdynamo/seedvr2-ncnn-vulkan/.cache/publication/clean-source/.deps/install/lib/cmake/Drogon/FindFilesystem.cmake
-- Up-to-date: /home/mingshi/Project/AI/pnnx_torchdynamo/seedvr2-ncnn-vulkan/.cache/publication/clean-source/.deps/install/lib/cmake/Drogon/DrogonUtilities.cmake
-- Up-to-date: /home/mingshi/Project/AI/pnnx_torchdynamo/seedvr2-ncnn-vulkan/.cache/publication/clean-source/.deps/install/lib/cmake/Drogon/ParseAndAddDrogonTests.cmake
-- Up-to-date: /home/mingshi/Project/AI/pnnx_torchdynamo/seedvr2-ncnn-vulkan/.cache/publication/clean-source/.deps/install/lib/cmake/Drogon/DrogonTargets.cmake
-- Up-to-date: /home/mingshi/Project/AI/pnnx_torchdynamo/seedvr2-ncnn-vulkan/.cache/publication/clean-source/.deps/install/lib/cmake/Drogon/DrogonTargets-release.cmake
