-- CMAKE_INSTALL_PREFIX = /home/mingshi/Project/AI/pnnx_torchdynamo/seedvr2-ncnn-vulkan/.cache/publication/clean-source/.deps/ncnn-install
-- NCNN_VERSION_STRING = 1.0.20260910
-- Target arch: x86 64bit
-- Found glslang: /usr/lib64/libglslang.a (found version "16.2.0")
-- Found SPIRV: /usr/lib64/libSPIRV.a (found version "16.2.0")
-- Configuring done (0.1s)
-- Generating done (0.0s)
-- Build files have been written to: /home/mingshi/Project/AI/pnnx_torchdynamo/seedvr2-ncnn-vulkan/.cache/publication/clean-source/.deps/build/ncnn-3b7bdba7fc8a
[1/107] Building CXX object src/CMakeFiles/ncnn.dir/layer/x86/groupnorm_x86_fma.cpp.o
[2/107] Building CXX object src/CMakeFiles/ncnn.dir/layer/x86/groupnorm_x86_fma4.cpp.o
[3/107] Building CXX object src/CMakeFiles/ncnn.dir/layer/x86/groupnorm_x86_avx.cpp.o
[4/107] Building CXX object src/CMakeFiles/ncnn.dir/layer/x86/groupnorm_x86_avxneconvert.cpp.o
[5/107] Building CXX object src/CMakeFiles/ncnn.dir/layer/x86/groupnorm_x86_avx2.cpp.o
[6/107] Building CXX object src/CMakeFiles/ncnn.dir/layer/x86/gemm_x86_avx2.cpp.o
[7/107] Building CXX object src/CMakeFiles/ncnn.dir/layer/layernorm.cpp.o
[8/107] Building CXX object src/CMakeFiles/ncnn.dir/layer/x86/layernorm_x86.cpp.o
[9/107] Building CXX object src/CMakeFiles/ncnn.dir/layer/vulkan/layernorm_vulkan.cpp.o
[10/107] Building CXX object src/CMakeFiles/ncnn.dir/layer/x86/layernorm_x86_fma.cpp.o
[11/107] Building CXX object src/CMakeFiles/ncnn.dir/layer/x86/layernorm_x86_fma4.cpp.o
[12/107] Building CXX object src/CMakeFiles/ncnn.dir/layer/x86/layernorm_x86_avx.cpp.o
[13/107] Building CXX object src/CMakeFiles/ncnn.dir/layer/x86/layernorm_x86_avxneconvert.cpp.o
[14/107] Building CXX object src/CMakeFiles/ncnn.dir/layer/softplus.cpp.o
[15/107] Building CXX object src/CMakeFiles/ncnn.dir/layer/x86/layernorm_x86_avx2.cpp.o
[16/107] Building CXX object src/CMakeFiles/ncnn.dir/layer/vulkan/softplus_vulkan.cpp.o
[17/107] Building CXX object src/CMakeFiles/ncnn.dir/layer/gru.cpp.o
[18/107] Building CXX object src/CMakeFiles/ncnn.dir/layer/multiheadattention.cpp.o
[19/107] Building CXX object src/CMakeFiles/ncnn.dir/layer/x86/multiheadattention_x86.cpp.o
[20/107] Building CXX object src/CMakeFiles/ncnn.dir/layer/vulkan/multiheadattention_vulkan.cpp.o
[21/107] Building CXX object src/CMakeFiles/ncnn.dir/layer/gelu.cpp.o
[22/107] Building CXX object src/CMakeFiles/ncnn.dir/layer/x86/multiheadattention_x86_avx.cpp.o
[23/107] Building CXX object src/CMakeFiles/ncnn.dir/layer/x86/gelu_x86.cpp.o
[24/107] Building CXX object src/CMakeFiles/ncnn.dir/layer/vulkan/gelu_vulkan.cpp.o
[25/107] Building CXX object src/CMakeFiles/ncnn.dir/layer/x86/gelu_x86_fma.cpp.o
[26/107] Building CXX object src/CMakeFiles/ncnn.dir/layer/x86/gelu_x86_fma4.cpp.o
[27/107] Building CXX object src/CMakeFiles/ncnn.dir/layer/x86/gelu_x86_avxneconvert.cpp.o
[28/107] Building CXX object src/CMakeFiles/ncnn.dir/layer/x86/gelu_x86_avx.cpp.o
[29/107] Building CXX object src/CMakeFiles/ncnn.dir/layer/convolution1d.cpp.o
[30/107] Building CXX object src/CMakeFiles/ncnn.dir/layer/x86/gelu_x86_avx2.cpp.o
[31/107] Building CXX object src/CMakeFiles/ncnn.dir/layer/x86/convolution1d_x86.cpp.o
[32/107] Building CXX object src/CMakeFiles/ncnn.dir/layer/vulkan/convolution1d_vulkan.cpp.o
[33/107] Building CXX object src/CMakeFiles/ncnn.dir/layer/x86/convolution1d_x86_fma.cpp.o
[34/107] Building CXX object src/CMakeFiles/ncnn.dir/layer/x86/convolution1d_x86_fma4.cpp.o
[35/107] Building CXX object src/CMakeFiles/ncnn.dir/layer/x86/convolution1d_x86_avxneconvert.cpp.o
[36/107] Building CXX object src/CMakeFiles/ncnn.dir/layer/x86/convolution1d_x86_avx2.cpp.o
[37/107] Building CXX object src/CMakeFiles/ncnn.dir/layer/x86/convolution1d_x86_avx.cpp.o
[38/107] Building CXX object src/CMakeFiles/ncnn.dir/layer/pooling1d.cpp.o
[39/107] Building CXX object src/CMakeFiles/ncnn.dir/layer/convolutiondepthwise1d.cpp.o
[40/107] Building CXX object src/CMakeFiles/ncnn.dir/layer/convolution3d.cpp.o
[41/107] Building CXX object src/CMakeFiles/ncnn.dir/layer/convolutiondepthwise3d.cpp.o
[42/107] Building CXX object src/CMakeFiles/ncnn.dir/layer/pooling3d.cpp.o
[43/107] Building CXX object src/CMakeFiles/ncnn.dir/layer/matmul.cpp.o
[44/107] Building CXX object src/CMakeFiles/ncnn.dir/layer/x86/matmul_x86.cpp.o
[45/107] Building CXX object src/CMakeFiles/ncnn.dir/layer/deconvolution1d.cpp.o
[46/107] Building CXX object src/CMakeFiles/ncnn.dir/layer/x86/matmul_x86_avx.cpp.o
[47/107] Building CXX object src/CMakeFiles/ncnn.dir/layer/deconvolutiondepthwise1d.cpp.o
[48/107] Building CXX object src/CMakeFiles/ncnn.dir/layer/deconvolution3d.cpp.o
[49/107] Building CXX object src/CMakeFiles/ncnn.dir/layer/deconvolutiondepthwise3d.cpp.o
[50/107] Building CXX object src/CMakeFiles/ncnn.dir/layer/einsum.cpp.o
[51/107] Building CXX object src/CMakeFiles/ncnn.dir/layer/deformableconv2d.cpp.o
[52/107] Building CXX object src/CMakeFiles/ncnn.dir/layer/x86/deformableconv2d_x86.cpp.o
[53/107] Building CXX object src/CMakeFiles/ncnn.dir/layer/x86/deformableconv2d_x86_fma.cpp.o
[54/107] Building CXX object src/CMakeFiles/ncnn.dir/layer/x86/deformableconv2d_x86_fma4.cpp.o
[55/107] Building CXX object src/CMakeFiles/ncnn.dir/layer/glu.cpp.o
[56/107] Building CXX object src/CMakeFiles/ncnn.dir/layer/x86/deformableconv2d_x86_avx.cpp.o
[57/107] Building CXX object src/CMakeFiles/ncnn.dir/layer/fold.cpp.o
[58/107] Building CXX object src/CMakeFiles/ncnn.dir/layer/unfold.cpp.o
[59/107] Building CXX object src/CMakeFiles/ncnn.dir/layer/vulkan/unfold_vulkan.cpp.o
[60/107] Building CXX object src/CMakeFiles/ncnn.dir/layer/gridsample.cpp.o
[61/107] Building CXX object src/CMakeFiles/ncnn.dir/layer/x86/gridsample_x86.cpp.o
[62/107] Building CXX object src/CMakeFiles/ncnn.dir/layer/x86/gridsample_x86_fma.cpp.o
[63/107] Building CXX object src/CMakeFiles/ncnn.dir/layer/x86/gridsample_x86_fma4.cpp.o
[64/107] Building CXX object src/CMakeFiles/ncnn.dir/layer/cumulativesum.cpp.o
[65/107] Building CXX object src/CMakeFiles/ncnn.dir/layer/copyto.cpp.o
[66/107] Building CXX object src/CMakeFiles/ncnn.dir/layer/erf.cpp.o
[67/107] Building CXX object src/CMakeFiles/ncnn.dir/layer/x86/erf_x86.cpp.o
[68/107] Building CXX object src/CMakeFiles/ncnn.dir/layer/vulkan/erf_vulkan.cpp.o
[69/107] Building CXX object src/CMakeFiles/ncnn.dir/layer/x86/erf_x86_fma.cpp.o
[70/107] Building CXX object src/CMakeFiles/ncnn.dir/layer/x86/erf_x86_fma4.cpp.o
[71/107] Building CXX object src/CMakeFiles/ncnn.dir/layer/x86/gridsample_x86_avx.cpp.o
[72/107] Building CXX object src/CMakeFiles/ncnn.dir/layer/x86/erf_x86_avx.cpp.o
[73/107] Building CXX object src/CMakeFiles/ncnn.dir/layer/x86/erf_x86_avxneconvert.cpp.o
[74/107] Building CXX object src/CMakeFiles/ncnn.dir/layer/diag.cpp.o
[75/107] Building CXX object src/CMakeFiles/ncnn.dir/layer/x86/erf_x86_avx2.cpp.o
[76/107] Building CXX object src/CMakeFiles/ncnn.dir/layer/celu.cpp.o
[77/107] Building CXX object src/CMakeFiles/ncnn.dir/layer/vulkan/celu_vulkan.cpp.o
[78/107] Building CXX object src/CMakeFiles/ncnn.dir/layer/shrink.cpp.o
[79/107] Building CXX object src/CMakeFiles/ncnn.dir/layer/vulkan/shrink_vulkan.cpp.o
[80/107] Building CXX object src/CMakeFiles/ncnn.dir/layer/rmsnorm.cpp.o
[81/107] Building CXX object src/CMakeFiles/ncnn.dir/layer/x86/rmsnorm_x86.cpp.o
[82/107] Building CXX object src/CMakeFiles/ncnn.dir/layer/vulkan/rmsnorm_vulkan.cpp.o
[83/107] Building CXX object src/CMakeFiles/ncnn.dir/layer/x86/rmsnorm_x86_fma.cpp.o
[84/107] Building CXX object src/CMakeFiles/ncnn.dir/layer/x86/rmsnorm_x86_fma4.cpp.o
[85/107] Building CXX object src/CMakeFiles/ncnn.dir/layer/x86/rmsnorm_x86_avxneconvert.cpp.o
[86/107] Building CXX object src/CMakeFiles/ncnn.dir/layer/x86/rmsnorm_x86_avx.cpp.o
[87/107] Building CXX object src/CMakeFiles/ncnn.dir/layer/spectrogram.cpp.o
[88/107] Building CXX object src/CMakeFiles/ncnn.dir/layer/x86/rmsnorm_x86_avx2.cpp.o
[89/107] Building CXX object src/CMakeFiles/ncnn.dir/layer/inversespectrogram.cpp.o
[90/107] Building CXX object src/CMakeFiles/ncnn.dir/layer/flip.cpp.o
[91/107] Building CXX object src/CMakeFiles/ncnn.dir/layer/sdpa.cpp.o
[92/107] Building CXX object src/CMakeFiles/ncnn.dir/layer/vulkan/sdpa_vulkan.cpp.o
[93/107] Building CXX object src/CMakeFiles/ncnn.dir/layer/x86/sdpa_x86.cpp.o
[94/107] Building CXX object src/CMakeFiles/ncnn.dir/layer/x86/sdpa_x86_fma.cpp.o
[95/107] Building CXX object src/CMakeFiles/ncnn.dir/layer/x86/sdpa_x86_fma4.cpp.o
[96/107] Building CXX object src/CMakeFiles/ncnn.dir/layer/x86/sdpa_x86_avxneconvert.cpp.o
[97/107] Building CXX object src/CMakeFiles/ncnn.dir/layer/x86/sdpa_x86_avx.cpp.o
[98/107] Building CXX object src/CMakeFiles/ncnn.dir/layer/rotaryembed.cpp.o
[99/107] Building CXX object src/CMakeFiles/ncnn.dir/layer/x86/rotaryembed_x86.cpp.o
[100/107] Building CXX object src/CMakeFiles/ncnn.dir/layer/vulkan/rotaryembed_vulkan.cpp.o
[101/107] Building CXX object src/CMakeFiles/ncnn.dir/layer/x86/rotaryembed_x86_fma.cpp.o
[102/107] Building CXX object src/CMakeFiles/ncnn.dir/layer/x86/rotaryembed_x86_fma4.cpp.o
[103/107] Building CXX object src/CMakeFiles/ncnn.dir/layer/x86/rotaryembed_x86_avx.cpp.o
[104/107] Building CXX object src/CMakeFiles/ncnn.dir/layer/x86/sdpa_x86_avx2.cpp.o
[105/107] Building CXX object src/CMakeFiles/ncnn.dir/layer/x86/rotaryembed_x86_avxneconvert.cpp.o
[106/107] Building CXX object src/CMakeFiles/ncnn.dir/layer/x86/rotaryembed_x86_avx2.cpp.o
[107/107] Linking CXX static library src/libncnn.a
-- Install configuration: "Release"
-- Installing: /home/mingshi/Project/AI/pnnx_torchdynamo/seedvr2-ncnn-vulkan/.cache/publication/clean-source/.deps/ncnn-install/lib/libncnn.a
-- Installing: /home/mingshi/Project/AI/pnnx_torchdynamo/seedvr2-ncnn-vulkan/.cache/publication/clean-source/.deps/ncnn-install/include/ncnn/allocator.h
-- Installing: /home/mingshi/Project/AI/pnnx_torchdynamo/seedvr2-ncnn-vulkan/.cache/publication/clean-source/.deps/ncnn-install/include/ncnn/benchmark.h
-- Installing: /home/mingshi/Project/AI/pnnx_torchdynamo/seedvr2-ncnn-vulkan/.cache/publication/clean-source/.deps/ncnn-install/include/ncnn/blob.h
-- Installing: /home/mingshi/Project/AI/pnnx_torchdynamo/seedvr2-ncnn-vulkan/.cache/publication/clean-source/.deps/ncnn-install/include/ncnn/c_api.h
-- Installing: /home/mingshi/Project/AI/pnnx_torchdynamo/seedvr2-ncnn-vulkan/.cache/publication/clean-source/.deps/ncnn-install/include/ncnn/command.h
-- Installing: /home/mingshi/Project/AI/pnnx_torchdynamo/seedvr2-ncnn-vulkan/.cache/publication/clean-source/.deps/ncnn-install/include/ncnn/cpu.h
-- Installing: /home/mingshi/Project/AI/pnnx_torchdynamo/seedvr2-ncnn-vulkan/.cache/publication/clean-source/.deps/ncnn-install/include/ncnn/datareader.h
-- Installing: /home/mingshi/Project/AI/pnnx_torchdynamo/seedvr2-ncnn-vulkan/.cache/publication/clean-source/.deps/ncnn-install/include/ncnn/expression.h
-- Installing: /home/mingshi/Project/AI/pnnx_torchdynamo/seedvr2-ncnn-vulkan/.cache/publication/clean-source/.deps/ncnn-install/include/ncnn/gpu.h
-- Installing: /home/mingshi/Project/AI/pnnx_torchdynamo/seedvr2-ncnn-vulkan/.cache/publication/clean-source/.deps/ncnn-install/include/ncnn/layer.h
-- Installing: /home/mingshi/Project/AI/pnnx_torchdynamo/seedvr2-ncnn-vulkan/.cache/publication/clean-source/.deps/ncnn-install/include/ncnn/layer_shader_type.h
-- Installing: /home/mingshi/Project/AI/pnnx_torchdynamo/seedvr2-ncnn-vulkan/.cache/publication/clean-source/.deps/ncnn-install/include/ncnn/layer_type.h
-- Installing: /home/mingshi/Project/AI/pnnx_torchdynamo/seedvr2-ncnn-vulkan/.cache/publication/clean-source/.deps/ncnn-install/include/ncnn/mat.h
-- Installing: /home/mingshi/Project/AI/pnnx_torchdynamo/seedvr2-ncnn-vulkan/.cache/publication/clean-source/.deps/ncnn-install/include/ncnn/modelbin.h
-- Installing: /home/mingshi/Project/AI/pnnx_torchdynamo/seedvr2-ncnn-vulkan/.cache/publication/clean-source/.deps/ncnn-install/include/ncnn/net.h
-- Installing: /home/mingshi/Project/AI/pnnx_torchdynamo/seedvr2-ncnn-vulkan/.cache/publication/clean-source/.deps/ncnn-install/include/ncnn/option.h
-- Installing: /home/mingshi/Project/AI/pnnx_torchdynamo/seedvr2-ncnn-vulkan/.cache/publication/clean-source/.deps/ncnn-install/include/ncnn/paramdict.h
-- Installing: /home/mingshi/Project/AI/pnnx_torchdynamo/seedvr2-ncnn-vulkan/.cache/publication/clean-source/.deps/ncnn-install/include/ncnn/pipeline.h
-- Installing: /home/mingshi/Project/AI/pnnx_torchdynamo/seedvr2-ncnn-vulkan/.cache/publication/clean-source/.deps/ncnn-install/include/ncnn/pipelinecache.h
-- Installing: /home/mingshi/Project/AI/pnnx_torchdynamo/seedvr2-ncnn-vulkan/.cache/publication/clean-source/.deps/ncnn-install/include/ncnn/simpleocv.h
-- Installing: /home/mingshi/Project/AI/pnnx_torchdynamo/seedvr2-ncnn-vulkan/.cache/publication/clean-source/.deps/ncnn-install/include/ncnn/simpleomp.h
-- Installing: /home/mingshi/Project/AI/pnnx_torchdynamo/seedvr2-ncnn-vulkan/.cache/publication/clean-source/.deps/ncnn-install/include/ncnn/simplestl.h
-- Installing: /home/mingshi/Project/AI/pnnx_torchdynamo/seedvr2-ncnn-vulkan/.cache/publication/clean-source/.deps/ncnn-install/include/ncnn/simplemath.h
-- Installing: /home/mingshi/Project/AI/pnnx_torchdynamo/seedvr2-ncnn-vulkan/.cache/publication/clean-source/.deps/ncnn-install/include/ncnn/simplevk.h
-- Installing: /home/mingshi/Project/AI/pnnx_torchdynamo/seedvr2-ncnn-vulkan/.cache/publication/clean-source/.deps/ncnn-install/include/ncnn/vulkan_header_fix.h
-- Installing: /home/mingshi/Project/AI/pnnx_torchdynamo/seedvr2-ncnn-vulkan/.cache/publication/clean-source/.deps/ncnn-install/include/ncnn/ncnn_export.h
-- Installing: /home/mingshi/Project/AI/pnnx_torchdynamo/seedvr2-ncnn-vulkan/.cache/publication/clean-source/.deps/ncnn-install/include/ncnn/layer_shader_type_enum.h
-- Installing: /home/mingshi/Project/AI/pnnx_torchdynamo/seedvr2-ncnn-vulkan/.cache/publication/clean-source/.deps/ncnn-install/include/ncnn/layer_type_enum.h
-- Installing: /home/mingshi/Project/AI/pnnx_torchdynamo/seedvr2-ncnn-vulkan/.cache/publication/clean-source/.deps/ncnn-install/include/ncnn/platform.h
-- Installing: /home/mingshi/Project/AI/pnnx_torchdynamo/seedvr2-ncnn-vulkan/.cache/publication/clean-source/.deps/ncnn-install/lib/cmake/ncnn/ncnn.cmake
-- Installing: /home/mingshi/Project/AI/pnnx_torchdynamo/seedvr2-ncnn-vulkan/.cache/publication/clean-source/.deps/ncnn-install/lib/cmake/ncnn/ncnn-release.cmake
-- Installing: /home/mingshi/Project/AI/pnnx_torchdynamo/seedvr2-ncnn-vulkan/.cache/publication/clean-source/.deps/ncnn-install/lib/cmake/ncnn/ncnnConfig.cmake
-- Installing: /home/mingshi/Project/AI/pnnx_torchdynamo/seedvr2-ncnn-vulkan/.cache/publication/clean-source/.deps/ncnn-install/lib/cmake/ncnn/ncnnConfigVersion.cmake
-- Installing: /home/mingshi/Project/AI/pnnx_torchdynamo/seedvr2-ncnn-vulkan/.cache/publication/clean-source/.deps/ncnn-install/lib/pkgconfig/ncnn.pc
