{"completed":0,"elapsed_ms":7.985939,"event":"progress","stage":"validating","total":38}
{"completed":0,"elapsed_ms":15.727288,"event":"progress","stage":"validating","total":38}
{"completed":0,"elapsed_ms":208.463148,"event":"progress","stage":"validating","total":38}
{"completed":0,"elapsed_ms":604.740699,"event":"progress","stage":"validating","total":38}
{"completed":0,"elapsed_ms":990.036694,"event":"progress","stage":"validating","total":38}
{"completed":0,"elapsed_ms":1382.976678,"event":"progress","stage":"validating","total":38}
{"completed":0,"elapsed_ms":1769.79126,"event":"progress","stage":"validating","total":38}
{"completed":0,"elapsed_ms":2152.656804,"event":"progress","stage":"validating","total":38}
{"completed":0,"elapsed_ms":2529.627286,"event":"progress","stage":"validating","total":38}
{"completed":0,"elapsed_ms":2862.203741,"event":"progress","stage":"validating","total":38}
{"completed":0,"elapsed_ms":3235.486396,"event":"progress","stage":"validating","total":38}
{"completed":0,"elapsed_ms":3676.526045,"event":"progress","stage":"validating","total":38}
{"completed":0,"elapsed_ms":4092.608153,"event":"progress","stage":"validating","total":38}
{"completed":0,"elapsed_ms":4517.052581,"event":"progress","stage":"validating","total":38}
{"completed":0,"elapsed_ms":4953.673012,"event":"progress","stage":"validating","total":38}
{"completed":0,"elapsed_ms":5386.787276,"event":"progress","stage":"validating","total":38}
{"completed":0,"elapsed_ms":5808.109043,"event":"progress","stage":"validating","total":38}
{"completed":0,"elapsed_ms":6218.098993,"event":"progress","stage":"validating","total":38}
{"completed":0,"elapsed_ms":6606.518837,"event":"progress","stage":"validating","total":38}
{"completed":0,"elapsed_ms":6998.690623,"event":"progress","stage":"validating","total":38}
{"completed":0,"elapsed_ms":7395.456164,"event":"progress","stage":"validating","total":38}
{"completed":0,"elapsed_ms":7783.783396,"event":"progress","stage":"validating","total":38}
{"completed":0,"elapsed_ms":8172.066697,"event":"progress","stage":"validating","total":38}
{"completed":0,"elapsed_ms":8569.395029,"event":"progress","stage":"validating","total":38}
{"completed":0,"elapsed_ms":9004.211916,"event":"progress","stage":"validating","total":38}
{"completed":0,"elapsed_ms":9436.003502,"event":"progress","stage":"validating","total":38}
{"completed":0,"elapsed_ms":9840.430841,"event":"progress","stage":"validating","total":38}
{"completed":0,"elapsed_ms":10238.207982,"event":"progress","stage":"validating","total":38}
{"completed":0,"elapsed_ms":10665.057927,"event":"progress","stage":"validating","total":38}
{"completed":0,"elapsed_ms":11082.791602,"event":"progress","stage":"validating","total":38}
{"completed":0,"elapsed_ms":11449.654399,"event":"progress","stage":"validating","total":38}
{"completed":0,"elapsed_ms":11859.201478,"event":"progress","stage":"validating","total":38}
{"completed":0,"elapsed_ms":12252.818237,"event":"progress","stage":"validating","total":38}
{"completed":0,"elapsed_ms":12647.345673,"event":"progress","stage":"validating","total":38}
{"completed":0,"elapsed_ms":13030.655275,"event":"progress","stage":"validating","total":38}
{"completed":0,"elapsed_ms":13303.094978,"event":"progress","stage":"validating","total":38}
{"completed":0,"elapsed_ms":13304.436654,"event":"progress","stage":"validating","total":38}
[libx264 @ 0x134e9640] using cpu capabilities: MMX2 SSE2Fast SSSE3 SSE4.2 AVX FMA3 BMI2 AVX2 AVX512
[libx264 @ 0x134e9640] profile High, level 1.0, 4:2:0, 8-bit
[libx264 @ 0x134e9640] 264 - core 165 r3222 b35605a - H.264/MPEG-4 AVC codec - Copyleft 2003-2025 - http://www.videolan.org/x264.html - options: cabac=1 ref=2 deblock=1:0:0 analyse=0x3:0x113 me=hex subme=6 psy=1 psy_rd=1.00:0.00 mixed_ref=1 me_range=16 chroma_me=1 trellis=1 8x8dct=1 cqm=0 deadzone=21,11 fast_pskip=1 chroma_qp_offset=-2 threads=4 lookahead_threads=1 sliced_threads=0 nr=0 decimate=1 interlaced=0 bluray_compat=0 constrained_intra=0 bframes=0 weightp=1 keyint=250 keyint_min=8 scenecut=40 intra_refresh=0 rc_lookahead=30 rc=crf mbtree=1 crf=18.0 qcomp=0.60 qpmin=0 qpmax=69 qpstep=4 ip_ratio=1.40 aq=1:1.00
[mp4 @ 0x134e8600] Starting second pass: moving the moov atom to the beginning of the file
[libx264 @ 0x134e9640] frame I:1     Avg QP:17.17  size:  3880
[libx264 @ 0x134e9640] frame P:16    Avg QP:18.93  size:  1396
[libx264 @ 0x134e9640] mb I  I16..4:  6.2% 17.2% 76.6%
[libx264 @ 0x134e9640] mb P  I16..4:  1.7%  6.7%  6.1%  P16..4: 22.3% 19.5% 13.0%  0.0%  0.0%    skip:30.8%
[libx264 @ 0x134e9640] 8x8 transform intra:37.7% inter:37.7%
[libx264 @ 0x134e9640] coded y,uvDC,uvAC intra: 72.6% 97.6% 94.8% inter: 32.0% 53.1% 46.3%
[libx264 @ 0x134e9640] i16 v,h,dc,p: 81% 14%  5%  0%
[libx264 @ 0x134e9640] i8 v,h,dc,ddl,ddr,vr,hd,vl,hu: 36% 15% 18%  4%  4%  4%  4%  8%  7%
[libx264 @ 0x134e9640] i4 v,h,dc,ddl,ddr,vr,hd,vl,hu: 55% 24% 10%  2%  2%  1%  2%  2%  2%
[libx264 @ 0x134e9640] i8c dc,h,v,p: 19% 29% 48%  4%
[libx264 @ 0x134e9640] Weighted P-Frames: Y:0.0% UV:0.0%
[libx264 @ 0x134e9640] ref P L0: 75.9% 24.1%
[libx264 @ 0x134e9640] kb/s:98.70
{"completed":1,"elapsed_ms":13325.227877,"event":"progress","stage":"encoding","total":38}
{"completed":2,"elapsed_ms":34116.327328,"event":"progress","stage":"sampling","total":38}
{"completed":3,"elapsed_ms":34117.714122,"event":"progress","stage":"projecting","total":38}
{"completed":4,"elapsed_ms":34122.830299,"event":"progress","stage":"block-00","total":38}
{"completed":5,"elapsed_ms":35426.478328,"event":"progress","stage":"block-01","total":38}
{"completed":6,"elapsed_ms":36717.101417,"event":"progress","stage":"block-02","total":38}
{"completed":7,"elapsed_ms":38048.704979,"event":"progress","stage":"block-03","total":38}
{"completed":8,"elapsed_ms":39354.240851,"event":"progress","stage":"block-04","total":38}
{"completed":9,"elapsed_ms":40649.157302,"event":"progress","stage":"block-05","total":38}
{"completed":10,"elapsed_ms":41913.168908,"event":"progress","stage":"block-06","total":38}
{"completed":11,"elapsed_ms":43230.092401,"event":"progress","stage":"block-07","total":38}
{"completed":12,"elapsed_ms":44522.234077,"event":"progress","stage":"block-08","total":38}
{"completed":13,"elapsed_ms":45828.217571,"event":"progress","stage":"block-09","total":38}
{"completed":14,"elapsed_ms":47070.872788,"event":"progress","stage":"block-10","total":38}
{"completed":15,"elapsed_ms":48295.832135,"event":"progress","stage":"block-11","total":38}
{"completed":16,"elapsed_ms":49546.22039,"event":"progress","stage":"block-12","total":38}
{"completed":17,"elapsed_ms":50754.268687,"event":"progress","stage":"block-13","total":38}
{"completed":18,"elapsed_ms":51974.61172,"event":"progress","stage":"block-14","total":38}
{"completed":19,"elapsed_ms":53216.472617,"event":"progress","stage":"block-15","total":38}
{"completed":20,"elapsed_ms":54426.690154,"event":"progress","stage":"block-16","total":38}
{"completed":21,"elapsed_ms":55653.00305,"event":"progress","stage":"block-17","total":38}
{"completed":22,"elapsed_ms":56878.900382,"event":"progress","stage":"block-18","total":38}
{"completed":23,"elapsed_ms":58124.02167,"event":"progress","stage":"block-19","total":38}
{"completed":24,"elapsed_ms":59362.153184,"event":"progress","stage":"block-20","total":38}
{"completed":25,"elapsed_ms":60606.592948,"event":"progress","stage":"block-21","total":38}
{"completed":26,"elapsed_ms":61827.003658,"event":"progress","stage":"block-22","total":38}
{"completed":27,"elapsed_ms":63031.703703,"event":"progress","stage":"block-23","total":38}
{"completed":28,"elapsed_ms":64265.361382,"event":"progress","stage":"block-24","total":38}
{"completed":29,"elapsed_ms":65496.146925,"event":"progress","stage":"block-25","total":38}
{"completed":30,"elapsed_ms":66711.082886,"event":"progress","stage":"block-26","total":38}
{"completed":31,"elapsed_ms":67891.519974,"event":"progress","stage":"block-27","total":38}
{"completed":32,"elapsed_ms":69113.974067,"event":"progress","stage":"block-28","total":38}
{"completed":33,"elapsed_ms":70354.056354,"event":"progress","stage":"block-29","total":38}
{"completed":34,"elapsed_ms":71577.273897,"event":"progress","stage":"block-30","total":38}
{"completed":35,"elapsed_ms":72786.082081,"event":"progress","stage":"block-31","total":38}
{"completed":36,"elapsed_ms":73763.136579,"event":"progress","stage":"denoising","total":38}
{"completed":37,"elapsed_ms":73767.591417,"event":"progress","stage":"decoding","total":38}
[libx264 @ 0x134e9640] using cpu capabilities: MMX2 SSE2Fast SSSE3 SSE4.2 AVX FMA3 BMI2 AVX2 AVX512
[libx264 @ 0x134e9640] profile High, level 1.0, 4:2:0, 8-bit
[libx264 @ 0x134e9640] 264 - core 165 r3222 b35605a - H.264/MPEG-4 AVC codec - Copyleft 2003-2025 - http://www.videolan.org/x264.html - options: cabac=1 ref=2 deblock=1:0:0 analyse=0x3:0x113 me=hex subme=6 psy=1 psy_rd=1.00:0.00 mixed_ref=1 me_range=16 chroma_me=1 trellis=1 8x8dct=1 cqm=0 deadzone=21,11 fast_pskip=1 chroma_qp_offset=-2 threads=4 lookahead_threads=1 sliced_threads=0 nr=0 decimate=1 interlaced=0 bluray_compat=0 constrained_intra=0 bframes=0 weightp=1 keyint=250 keyint_min=8 scenecut=40 intra_refresh=0 rc_lookahead=30 rc=crf mbtree=1 crf=18.0 qcomp=0.60 qpmin=0 qpmax=69 qpstep=4 ip_ratio=1.40 aq=1:1.00
[mp4 @ 0x134e8600] Starting second pass: moving the moov atom to the beginning of the file
[libx264 @ 0x134e9640] frame I:1     Avg QP:17.81  size:  4495
[libx264 @ 0x134e9640] frame P:16    Avg QP:19.33  size:  1983
[libx264 @ 0x134e9640] mb I  I16..4:  7.8% 10.9% 81.2%
[libx264 @ 0x134e9640] mb P  I16..4:  0.5%  2.7%  4.8%  P16..4: 35.9% 25.0% 25.3%  0.0%  0.0%    skip: 5.8%
[libx264 @ 0x134e9640] 8x8 transform intra:24.0% inter:29.2%
[libx264 @ 0x134e9640] coded y,uvDC,uvAC intra: 83.2% 100.0% 98.6% inter: 60.1% 86.6% 73.5%
[libx264 @ 0x134e9640] i16 v,h,dc,p: 80%  0% 20%  0%
[libx264 @ 0x134e9640] i8 v,h,dc,ddl,ddr,vr,hd,vl,hu: 34%  9% 20%  4%  7%  2% 11%  5%  8%
[libx264 @ 0x134e9640] i4 v,h,dc,ddl,ddr,vr,hd,vl,hu: 41% 22% 12%  4%  6%  3%  6%  3%  4%
[libx264 @ 0x134e9640] i8c dc,h,v,p: 32% 27% 39%  2%
[libx264 @ 0x134e9640] Weighted P-Frames: Y:0.0% UV:0.0%
[libx264 @ 0x134e9640] ref P L0: 93.2%  6.8%
[libx264 @ 0x134e9640] kb/s:136.40
{"completed":38,"elapsed_ms":130179.595804,"event":"progress","stage":"completed","total":38}
