-- The C compiler identification is GNU 13.3.0
-- The CXX compiler identification is GNU 13.3.0
-- Detecting C compiler ABI info
-- Detecting C compiler ABI info - done
-- Check for working C compiler: /usr/bin/cc - skipped
-- Detecting C compile features
-- Detecting C compile features - done
-- Detecting CXX compiler ABI info
-- Detecting CXX compiler ABI info - done
-- Check for working CXX compiler: /usr/bin/g++ - skipped
-- Detecting CXX compile features
-- Detecting CXX compile features - done
-- compiler: GNU
-- Performing Test COMPILER_HAS_HIDDEN_VISIBILITY
-- Performing Test COMPILER_HAS_HIDDEN_VISIBILITY - Success
-- Performing Test COMPILER_HAS_HIDDEN_INLINE_VISIBILITY
-- Performing Test COMPILER_HAS_HIDDEN_INLINE_VISIBILITY - Success
-- Performing Test COMPILER_HAS_DEPRECATED_ATTR
-- Performing Test COMPILER_HAS_DEPRECATED_ATTR - Success
-- Looking for C++ include any
-- Looking for C++ include any - found
-- Looking for C++ include string_view
-- Looking for C++ include string_view - found
-- Looking for C++ include coroutine
-- Looking for C++ include coroutine - found
CMake Deprecation Warning at trantor/CMakeLists.txt:1 (cmake_minimum_required):
  Compatibility with CMake < 3.10 will be removed from a future version of
  CMake.

  Update the VERSION argument <min> value.  Or, use the <min>...<max> syntax
  to tell CMake that the project requires at least <min> but has been updated
  to work with policies introduced by <max> or earlier.


-- Found OpenSSL: /usr/lib/x86_64-linux-gnu/libcrypto.so (found version "3.0.13")
-- Trantor using SSL library: OpenSSL
-- Could NOT find c-ares (missing: C-ARES_INCLUDE_DIRS C-ARES_LIBRARIES) 
-- Performing Test CMAKE_HAVE_LIBC_PTHREAD
-- Performing Test CMAKE_HAVE_LIBC_PTHREAD - Success
-- Found Threads: TRUE
-- Could NOT find Doxygen (missing: DOXYGEN_EXECUTABLE) 
-- Looking for C++ include filesystem
-- Looking for C++ include filesystem - found
-- Performing Test CXX_FILESYSTEM_NO_LINK_NEEDED
-- Performing Test CXX_FILESYSTEM_NO_LINK_NEEDED - Success
-- Found std::filesystem
-- use c++20
-- Found Jsoncpp: /home/runner/work/seedvr2-ncnn-vulkan/seedvr2-ncnn-vulkan/.deps/install/include
-- jsoncpp version:1.9.8
-- yaml-cpp not used
-- Found UUID: /usr/lib/x86_64-linux-gnu/libuuid.so
-- Found ZLIB: /usr/lib/x86_64-linux-gnu/libz.so (found version "1.3")
-- Could NOT find Doxygen (missing: DOXYGEN_EXECUTABLE) 
-- Configuring done (2.5s)
-- Generating done (0.0s)
-- Build files have been written to: /home/runner/work/seedvr2-ncnn-vulkan/seedvr2-ncnn-vulkan/.deps/build/drogon
[1/108] Building CXX object trantor/CMakeFiles/trantor.dir/trantor/utils/ConcurrentTaskQueue.cc.o
[2/108] Building CXX object trantor/CMakeFiles/trantor.dir/trantor/utils/Date.cc.o
[3/108] Building CXX object trantor/CMakeFiles/trantor.dir/trantor/utils/AsyncFileLogger.cc.o
[4/108] Building CXX object trantor/CMakeFiles/trantor.dir/trantor/utils/LogStream.cc.o
[5/108] Building CXX object trantor/CMakeFiles/trantor.dir/trantor/utils/Logger.cc.o
[6/108] Building CXX object trantor/CMakeFiles/trantor.dir/trantor/utils/MsgBuffer.cc.o
[7/108] Building CXX object trantor/CMakeFiles/trantor.dir/trantor/utils/SerialTaskQueue.cc.o
[8/108] Building CXX object trantor/CMakeFiles/trantor.dir/trantor/utils/TimingWheel.cc.o
[9/108] Building CXX object trantor/CMakeFiles/trantor.dir/trantor/net/EventLoop.cc.o
[10/108] Building CXX object trantor/CMakeFiles/trantor.dir/trantor/utils/Utilities.cc.o
[11/108] Building CXX object trantor/CMakeFiles/trantor.dir/trantor/net/EventLoopThread.cc.o
[12/108] Building CXX object trantor/CMakeFiles/trantor.dir/trantor/net/EventLoopThreadPool.cc.o
[13/108] Building CXX object trantor/CMakeFiles/trantor.dir/trantor/net/InetAddress.cc.o
[14/108] Building CXX object trantor/CMakeFiles/trantor.dir/trantor/net/TcpClient.cc.o
[15/108] Building CXX object trantor/CMakeFiles/trantor.dir/trantor/net/Channel.cc.o
[16/108] Building CXX object trantor/CMakeFiles/trantor.dir/trantor/net/inner/Acceptor.cc.o
[17/108] Building CXX object trantor/CMakeFiles/trantor.dir/trantor/net/TcpServer.cc.o
[18/108] Building CXX object trantor/CMakeFiles/trantor.dir/trantor/net/inner/Poller.cc.o
[19/108] Building CXX object trantor/CMakeFiles/trantor.dir/trantor/net/inner/Connector.cc.o
[20/108] Building CXX object trantor/CMakeFiles/trantor.dir/trantor/net/inner/Socket.cc.o
[21/108] Building CXX object trantor/CMakeFiles/trantor.dir/trantor/net/inner/MemBufferNode.cc.o
[22/108] Building CXX object trantor/CMakeFiles/trantor.dir/trantor/net/inner/StreamBufferNode.cc.o
[23/108] Building CXX object trantor/CMakeFiles/trantor.dir/trantor/net/inner/AsyncStreamBufferNode.cc.o
[24/108] Building CXX object trantor/CMakeFiles/trantor.dir/trantor/net/inner/Timer.cc.o
[25/108] Building CXX object trantor/CMakeFiles/trantor.dir/trantor/net/inner/TimerQueue.cc.o
[26/108] Building CXX object trantor/CMakeFiles/trantor.dir/trantor/net/inner/poller/EpollPoller.cc.o
[27/108] Building CXX object trantor/CMakeFiles/trantor.dir/trantor/net/inner/TcpConnectionImpl.cc.o
[28/108] Building CXX object trantor/CMakeFiles/trantor.dir/trantor/net/inner/poller/KQueue.cc.o
[29/108] Building CXX object trantor/CMakeFiles/trantor.dir/trantor/net/inner/poller/PollPoller.cc.o
[30/108] Building CXX object trantor/CMakeFiles/trantor.dir/trantor/net/inner/FileBufferNodeUnix.cc.o
[31/108] Building CXX object trantor/CMakeFiles/trantor.dir/trantor/utils/crypto/openssl.cc.o
[32/108] Building CXX object trantor/CMakeFiles/trantor.dir/trantor/net/inner/NormalResolver.cc.o
[33/108] Building CXX object trantor/CMakeFiles/trantor.dir/trantor/net/inner/tlsprovider/OpenSSLProvider.cc.o
[34/108] Building CXX object CMakeFiles/drogon.dir/lib/src/AOPAdvice.cc.o
[35/108] Building CXX object CMakeFiles/drogon.dir/lib/src/CacheFile.cc.o
[36/108] Building CXX object CMakeFiles/drogon.dir/lib/src/ConfigAdapterManager.cc.o
[37/108] Building CXX object CMakeFiles/drogon.dir/lib/src/AccessLogger.cc.o
[38/108] Building CXX object CMakeFiles/drogon.dir/lib/src/ConfigLoader.cc.o
[39/108] Building CXX object CMakeFiles/drogon.dir/lib/src/Cookie.cc.o
[40/108] Building CXX object CMakeFiles/drogon.dir/lib/src/DrClassMap.cc.o
[41/108] Building CXX object CMakeFiles/drogon.dir/lib/src/DrTemplateBase.cc.o
[42/108] Building CXX object CMakeFiles/drogon.dir/lib/src/FixedWindowRateLimiter.cc.o
[43/108] Building CXX object CMakeFiles/drogon.dir/lib/src/MiddlewaresFunction.cc.o
[44/108] Building CXX object CMakeFiles/drogon.dir/lib/src/Histogram.cc.o
[45/108] Building CXX object CMakeFiles/drogon.dir/lib/src/GlobalFilters.cc.o
[46/108] Building CXX object CMakeFiles/drogon.dir/lib/src/Hodor.cc.o
[47/108] Building CXX object CMakeFiles/drogon.dir/lib/src/HttpAppFrameworkImpl.cc.o
[48/108] Building CXX object CMakeFiles/drogon.dir/lib/src/HttpBinder.cc.o
[49/108] Building CXX object CMakeFiles/drogon.dir/lib/src/HttpConnectionLimit.cc.o
[50/108] Building CXX object CMakeFiles/drogon.dir/lib/src/HttpClientImpl.cc.o
[51/108] Building CXX object CMakeFiles/drogon.dir/lib/src/HttpControllerBinder.cc.o
[52/108] Building CXX object CMakeFiles/drogon.dir/lib/src/HttpFileImpl.cc.o
[53/108] Building CXX object CMakeFiles/drogon.dir/lib/src/HttpFileUploadRequest.cc.o
[54/108] Building CXX object CMakeFiles/drogon.dir/lib/src/HttpControllersRouter.cc.o
[55/108] Building CXX object CMakeFiles/drogon.dir/lib/src/HttpRequestImpl.cc.o
[56/108] Building CXX object CMakeFiles/drogon.dir/lib/src/HttpRequestParser.cc.o
[57/108] Building CXX object CMakeFiles/drogon.dir/lib/src/RequestStream.cc.o
[58/108] Building CXX object CMakeFiles/drogon.dir/lib/src/HttpResponseParser.cc.o
[59/108] Building CXX object CMakeFiles/drogon.dir/lib/src/HttpResponseImpl.cc.o
[60/108] Building CXX object CMakeFiles/drogon.dir/lib/src/HttpUtils.cc.o
/home/runner/work/seedvr2-ncnn-vulkan/seedvr2-ncnn-vulkan/.deps/src/drogon/lib/src/HttpUtils.cc:62:10: warning: ‘drogon::CT_APPLICATION_X_JAVASCRIPT’ is deprecated: use CT_TEXT_JAVASCRIPT [-Wdeprecated-declarations]
   62 |         {CT_APPLICATION_X_JAVASCRIPT,
      |          ^~~~~~~~~~~~~~~~~~~~~~~~~~~
In file included from /home/runner/work/seedvr2-ncnn-vulkan/seedvr2-ncnn-vulkan/.deps/src/drogon/lib/src/HttpUtils.h:18,
                 from /home/runner/work/seedvr2-ncnn-vulkan/seedvr2-ncnn-vulkan/.deps/src/drogon/lib/src/HttpUtils.cc:15:
/home/runner/work/seedvr2-ncnn-vulkan/seedvr2-ncnn-vulkan/.deps/src/drogon/lib/inc/drogon/HttpTypes.h:106:5: note: declared here
  106 |     CT_APPLICATION_X_JAVASCRIPT [[deprecated("use CT_TEXT_JAVASCRIPT")]],
      |     ^~~~~~~~~~~~~~~~~~~~~~~~~~~
/home/runner/work/seedvr2-ncnn-vulkan/seedvr2-ncnn-vulkan/.deps/src/drogon/lib/src/HttpUtils.cc: In lambda function:
/home/runner/work/seedvr2-ncnn-vulkan/seedvr2-ncnn-vulkan/.deps/src/drogon/lib/src/HttpUtils.cc:733:23: warning: ‘drogon::CT_APPLICATION_X_JAVASCRIPT’ is deprecated: use CT_TEXT_JAVASCRIPT [-Wdeprecated-declarations]
  733 |         extensionMap_[CT_APPLICATION_X_JAVASCRIPT] =
      |                       ^~~~~~~~~~~~~~~~~~~~~~~~~~~
/home/runner/work/seedvr2-ncnn-vulkan/seedvr2-ncnn-vulkan/.deps/src/drogon/lib/inc/drogon/HttpTypes.h:106:5: note: declared here
  106 |     CT_APPLICATION_X_JAVASCRIPT [[deprecated("use CT_TEXT_JAVASCRIPT")]],
      |     ^~~~~~~~~~~~~~~~~~~~~~~~~~~
[61/108] Building CXX object CMakeFiles/drogon.dir/lib/src/HttpViewData.cc.o
[62/108] Building CXX object CMakeFiles/drogon.dir/lib/src/HttpServer.cc.o
[63/108] Building CXX object CMakeFiles/drogon.dir/lib/src/JsonConfigAdapter.cc.o
[64/108] Building CXX object CMakeFiles/drogon.dir/lib/src/IntranetIpFilter.cc.o
[65/108] Building CXX object CMakeFiles/drogon.dir/lib/src/LocalHostFilter.cc.o
[66/108] Building CXX object CMakeFiles/drogon.dir/lib/src/ListenerManager.cc.o
[67/108] Building CXX object CMakeFiles/drogon.dir/lib/src/MultipartStreamParser.cc.o
[68/108] Building CXX object CMakeFiles/drogon.dir/lib/src/NotFound.cc.o
[69/108] Building CXX object CMakeFiles/drogon.dir/lib/src/MultiPart.cc.o
[70/108] Building CXX object CMakeFiles/drogon.dir/lib/src/PluginsManager.cc.o
[71/108] Building CXX object CMakeFiles/drogon.dir/lib/src/RangeParser.cc.o
[72/108] Building CXX object CMakeFiles/drogon.dir/lib/src/RateLimiter.cc.o
[73/108] Building CXX object CMakeFiles/drogon.dir/lib/src/PromExporter.cc.o
[74/108] Building CXX object CMakeFiles/drogon.dir/lib/src/RealIpResolver.cc.o
[75/108] Building CXX object CMakeFiles/drogon.dir/lib/src/Redirector.cc.o
[76/108] Building CXX object CMakeFiles/drogon.dir/lib/src/SecureSSLRedirector.cc.o
[77/108] Building CXX object CMakeFiles/drogon.dir/lib/src/SessionManager.cc.o
[78/108] Building CXX object CMakeFiles/drogon.dir/lib/src/SlidingWindowRateLimiter.cc.o
[79/108] Building CXX object CMakeFiles/drogon.dir/lib/src/SlashRemover.cc.o
[80/108] Building CXX object CMakeFiles/drogon.dir/lib/src/TaskTimeoutFlag.cc.o
[81/108] Building CXX object CMakeFiles/drogon.dir/lib/src/TokenBucketRateLimiter.cc.o
[82/108] Building CXX object CMakeFiles/drogon.dir/lib/src/Utilities.cc.o
[83/108] Building CXX object CMakeFiles/drogon.dir/lib/src/StaticFileRouter.cc.o
[84/108] Building CXX object CMakeFiles/drogon.dir/lib/src/WebSocketConnectionImpl.cc.o
[85/108] Building CXX object CMakeFiles/drogon.dir/lib/src/YamlConfigAdapter.cc.o
[86/108] Building CXX object CMakeFiles/drogon.dir/lib/src/WebSocketClientImpl.cc.o
[87/108] Building CXX object CMakeFiles/drogon.dir/lib/src/drogon_test.cc.o
[88/108] Building CXX object CMakeFiles/drogon.dir/lib/src/SharedLibManager.cc.o
[89/108] Building CXX object CMakeFiles/drogon.dir/lib/src/RedisClientSkipped.cc.o
[90/108] Building CXX object CMakeFiles/drogon.dir/lib/src/RedisResultSkipped.cc.o
[91/108] Building CXX object CMakeFiles/drogon.dir/orm_lib/src/ArrayParser.cc.o
[92/108] Building CXX object CMakeFiles/drogon.dir/orm_lib/src/Criteria.cc.o
[93/108] Building CXX object CMakeFiles/drogon.dir/lib/src/RedisClientManagerSkipped.cc.o
[94/108] Building CXX object CMakeFiles/drogon.dir/orm_lib/src/DbClient.cc.o
[95/108] Building CXX object CMakeFiles/drogon.dir/orm_lib/src/DbClientImpl.cc.o
[96/108] Building CXX object CMakeFiles/drogon.dir/orm_lib/src/DbClientLockFree.cc.o
[97/108] Building CXX object CMakeFiles/drogon.dir/orm_lib/src/DbListener.cc.o
[98/108] Building CXX object CMakeFiles/drogon.dir/orm_lib/src/Exception.cc.o
[99/108] Building CXX object CMakeFiles/drogon.dir/orm_lib/src/Field.cc.o
[100/108] Building CXX object CMakeFiles/drogon.dir/orm_lib/src/Result.cc.o
[101/108] Building CXX object CMakeFiles/drogon.dir/orm_lib/src/DbConnection.cc.o
[102/108] Building CXX object CMakeFiles/drogon.dir/orm_lib/src/Row.cc.o
[103/108] Building CXX object CMakeFiles/drogon.dir/orm_lib/src/TransactionImpl.cc.o
[104/108] Building CXX object CMakeFiles/drogon.dir/orm_lib/src/RestfulController.cc.o
[105/108] Building CXX object CMakeFiles/drogon.dir/orm_lib/src/SqlBinder.cc.o
[106/108] Linking CXX static library trantor/libtrantor.a
[107/108] Building CXX object CMakeFiles/drogon.dir/lib/src/DbClientManagerSkipped.cc.o
[108/108] Linking CXX static library libdrogon.a
-- Install configuration: "Release"
-- Installing: /home/runner/work/seedvr2-ncnn-vulkan/seedvr2-ncnn-vulkan/.deps/install/lib/libtrantor.a
-- Installing: /home/runner/work/seedvr2-ncnn-vulkan/seedvr2-ncnn-vulkan/.deps/install/include/trantor/exports.h
-- Installing: /home/runner/work/seedvr2-ncnn-vulkan/seedvr2-ncnn-vulkan/.deps/install/include/trantor/net/EventLoop.h
-- Installing: /home/runner/work/seedvr2-ncnn-vulkan/seedvr2-ncnn-vulkan/.deps/install/include/trantor/net/EventLoopThread.h
-- Installing: /home/runner/work/seedvr2-ncnn-vulkan/seedvr2-ncnn-vulkan/.deps/install/include/trantor/net/EventLoopThreadPool.h
-- Installing: /home/runner/work/seedvr2-ncnn-vulkan/seedvr2-ncnn-vulkan/.deps/install/include/trantor/net/InetAddress.h
-- Installing: /home/runner/work/seedvr2-ncnn-vulkan/seedvr2-ncnn-vulkan/.deps/install/include/trantor/net/TcpClient.h
-- Installing: /home/runner/work/seedvr2-ncnn-vulkan/seedvr2-ncnn-vulkan/.deps/install/include/trantor/net/TcpConnection.h
-- Installing: /home/runner/work/seedvr2-ncnn-vulkan/seedvr2-ncnn-vulkan/.deps/install/include/trantor/net/TcpServer.h
-- Installing: /home/runner/work/seedvr2-ncnn-vulkan/seedvr2-ncnn-vulkan/.deps/install/include/trantor/net/AsyncStream.h
-- Installing: /home/runner/work/seedvr2-ncnn-vulkan/seedvr2-ncnn-vulkan/.deps/install/include/trantor/net/callbacks.h
-- Installing: /home/runner/work/seedvr2-ncnn-vulkan/seedvr2-ncnn-vulkan/.deps/install/include/trantor/net/Resolver.h
-- Installing: /home/runner/work/seedvr2-ncnn-vulkan/seedvr2-ncnn-vulkan/.deps/install/include/trantor/net/Channel.h
-- Installing: /home/runner/work/seedvr2-ncnn-vulkan/seedvr2-ncnn-vulkan/.deps/install/include/trantor/net/Certificate.h
-- Installing: /home/runner/work/seedvr2-ncnn-vulkan/seedvr2-ncnn-vulkan/.deps/install/include/trantor/net/TLSPolicy.h
-- Installing: /home/runner/work/seedvr2-ncnn-vulkan/seedvr2-ncnn-vulkan/.deps/install/include/trantor/utils/AsyncFileLogger.h
-- Installing: /home/runner/work/seedvr2-ncnn-vulkan/seedvr2-ncnn-vulkan/.deps/install/include/trantor/utils/ConcurrentTaskQueue.h
-- Installing: /home/runner/work/seedvr2-ncnn-vulkan/seedvr2-ncnn-vulkan/.deps/install/include/trantor/utils/Date.h
-- Installing: /home/runner/work/seedvr2-ncnn-vulkan/seedvr2-ncnn-vulkan/.deps/install/include/trantor/utils/Funcs.h
-- Installing: /home/runner/work/seedvr2-ncnn-vulkan/seedvr2-ncnn-vulkan/.deps/install/include/trantor/utils/LockFreeQueue.h
-- Installing: /home/runner/work/seedvr2-ncnn-vulkan/seedvr2-ncnn-vulkan/.deps/install/include/trantor/utils/LogStream.h
-- Installing: /home/runner/work/seedvr2-ncnn-vulkan/seedvr2-ncnn-vulkan/.deps/install/include/trantor/utils/Logger.h
-- Installing: /home/runner/work/seedvr2-ncnn-vulkan/seedvr2-ncnn-vulkan/.deps/install/include/trantor/utils/MsgBuffer.h
-- Installing: /home/runner/work/seedvr2-ncnn-vulkan/seedvr2-ncnn-vulkan/.deps/install/include/trantor/utils/NonCopyable.h
-- Installing: /home/runner/work/seedvr2-ncnn-vulkan/seedvr2-ncnn-vulkan/.deps/install/include/trantor/utils/ObjectPool.h
-- Installing: /home/runner/work/seedvr2-ncnn-vulkan/seedvr2-ncnn-vulkan/.deps/install/include/trantor/utils/SerialTaskQueue.h
-- Installing: /home/runner/work/seedvr2-ncnn-vulkan/seedvr2-ncnn-vulkan/.deps/install/include/trantor/utils/TaskQueue.h
-- Installing: /home/runner/work/seedvr2-ncnn-vulkan/seedvr2-ncnn-vulkan/.deps/install/include/trantor/utils/TimingWheel.h
-- Installing: /home/runner/work/seedvr2-ncnn-vulkan/seedvr2-ncnn-vulkan/.deps/install/include/trantor/utils/Utilities.h
-- Installing: /home/runner/work/seedvr2-ncnn-vulkan/seedvr2-ncnn-vulkan/.deps/install/lib/cmake/Trantor/TrantorConfig.cmake
-- Installing: /home/runner/work/seedvr2-ncnn-vulkan/seedvr2-ncnn-vulkan/.deps/install/lib/cmake/Trantor/TrantorConfigVersion.cmake
-- Installing: /home/runner/work/seedvr2-ncnn-vulkan/seedvr2-ncnn-vulkan/.deps/install/lib/cmake/Trantor/Findc-ares.cmake
-- Installing: /home/runner/work/seedvr2-ncnn-vulkan/seedvr2-ncnn-vulkan/.deps/install/lib/cmake/Trantor/FindBotan.cmake
-- Installing: /home/runner/work/seedvr2-ncnn-vulkan/seedvr2-ncnn-vulkan/.deps/install/lib/cmake/Trantor/TrantorTargets.cmake
-- Installing: /home/runner/work/seedvr2-ncnn-vulkan/seedvr2-ncnn-vulkan/.deps/install/lib/cmake/Trantor/TrantorTargets-release.cmake
-- Installing: /home/runner/work/seedvr2-ncnn-vulkan/seedvr2-ncnn-vulkan/.deps/install/lib/libdrogon.a
-- Installing: /home/runner/work/seedvr2-ncnn-vulkan/seedvr2-ncnn-vulkan/.deps/install/include/drogon/Attribute.h
-- Installing: /home/runner/work/seedvr2-ncnn-vulkan/seedvr2-ncnn-vulkan/.deps/install/include/drogon/CacheMap.h
-- Installing: /home/runner/work/seedvr2-ncnn-vulkan/seedvr2-ncnn-vulkan/.deps/install/include/drogon/Cookie.h
-- Installing: /home/runner/work/seedvr2-ncnn-vulkan/seedvr2-ncnn-vulkan/.deps/install/include/drogon/DrClassMap.h
-- Installing: /home/runner/work/seedvr2-ncnn-vulkan/seedvr2-ncnn-vulkan/.deps/install/include/drogon/DrObject.h
-- Installing: /home/runner/work/seedvr2-ncnn-vulkan/seedvr2-ncnn-vulkan/.deps/install/include/drogon/DrTemplate.h
-- Installing: /home/runner/work/seedvr2-ncnn-vulkan/seedvr2-ncnn-vulkan/.deps/install/include/drogon/DrTemplateBase.h
-- Installing: /home/runner/work/seedvr2-ncnn-vulkan/seedvr2-ncnn-vulkan/.deps/install/include/drogon/HttpAppFramework.h
-- Installing: /home/runner/work/seedvr2-ncnn-vulkan/seedvr2-ncnn-vulkan/.deps/install/include/drogon/HttpBinder.h
-- Installing: /home/runner/work/seedvr2-ncnn-vulkan/seedvr2-ncnn-vulkan/.deps/install/include/drogon/HttpClient.h
-- Installing: /home/runner/work/seedvr2-ncnn-vulkan/seedvr2-ncnn-vulkan/.deps/install/include/drogon/HttpController.h
-- Installing: /home/runner/work/seedvr2-ncnn-vulkan/seedvr2-ncnn-vulkan/.deps/install/include/drogon/HttpFilter.h
-- Installing: /home/runner/work/seedvr2-ncnn-vulkan/seedvr2-ncnn-vulkan/.deps/install/include/drogon/HttpMiddleware.h
-- Installing: /home/runner/work/seedvr2-ncnn-vulkan/seedvr2-ncnn-vulkan/.deps/install/include/drogon/HttpRequest.h
-- Installing: /home/runner/work/seedvr2-ncnn-vulkan/seedvr2-ncnn-vulkan/.deps/install/include/drogon/RequestStream.h
-- Installing: /home/runner/work/seedvr2-ncnn-vulkan/seedvr2-ncnn-vulkan/.deps/install/include/drogon/HttpResponse.h
-- Installing: /home/runner/work/seedvr2-ncnn-vulkan/seedvr2-ncnn-vulkan/.deps/install/include/drogon/HttpSimpleController.h
-- Installing: /home/runner/work/seedvr2-ncnn-vulkan/seedvr2-ncnn-vulkan/.deps/install/include/drogon/HttpTypes.h
-- Installing: /home/runner/work/seedvr2-ncnn-vulkan/seedvr2-ncnn-vulkan/.deps/install/include/drogon/HttpViewData.h
-- Installing: /home/runner/work/seedvr2-ncnn-vulkan/seedvr2-ncnn-vulkan/.deps/install/include/drogon/IntranetIpFilter.h
-- Installing: /home/runner/work/seedvr2-ncnn-vulkan/seedvr2-ncnn-vulkan/.deps/install/include/drogon/IOThreadStorage.h
-- Installing: /home/runner/work/seedvr2-ncnn-vulkan/seedvr2-ncnn-vulkan/.deps/install/include/drogon/LocalHostFilter.h
-- Installing: /home/runner/work/seedvr2-ncnn-vulkan/seedvr2-ncnn-vulkan/.deps/install/include/drogon/MultiPart.h
-- Installing: /home/runner/work/seedvr2-ncnn-vulkan/seedvr2-ncnn-vulkan/.deps/install/include/drogon/NotFound.h
-- Installing: /home/runner/work/seedvr2-ncnn-vulkan/seedvr2-ncnn-vulkan/.deps/install/include/drogon/Session.h
-- Installing: /home/runner/work/seedvr2-ncnn-vulkan/seedvr2-ncnn-vulkan/.deps/install/include/drogon/UploadFile.h
-- Installing: /home/runner/work/seedvr2-ncnn-vulkan/seedvr2-ncnn-vulkan/.deps/install/include/drogon/WebSocketClient.h
-- Installing: /home/runner/work/seedvr2-ncnn-vulkan/seedvr2-ncnn-vulkan/.deps/install/include/drogon/WebSocketConnection.h
-- Installing: /home/runner/work/seedvr2-ncnn-vulkan/seedvr2-ncnn-vulkan/.deps/install/include/drogon/WebSocketController.h
-- Installing: /home/runner/work/seedvr2-ncnn-vulkan/seedvr2-ncnn-vulkan/.deps/install/include/drogon/drogon.h
-- Installing: /home/runner/work/seedvr2-ncnn-vulkan/seedvr2-ncnn-vulkan/.deps/install/include/drogon/version.h
-- Installing: /home/runner/work/seedvr2-ncnn-vulkan/seedvr2-ncnn-vulkan/.deps/install/include/drogon/drogon_callbacks.h
-- Installing: /home/runner/work/seedvr2-ncnn-vulkan/seedvr2-ncnn-vulkan/.deps/install/include/drogon/PubSubService.h
-- Installing: /home/runner/work/seedvr2-ncnn-vulkan/seedvr2-ncnn-vulkan/.deps/install/include/drogon/drogon_test.h
-- Installing: /home/runner/work/seedvr2-ncnn-vulkan/seedvr2-ncnn-vulkan/.deps/install/include/drogon/RateLimiter.h
-- Installing: /home/runner/work/seedvr2-ncnn-vulkan/seedvr2-ncnn-vulkan/.deps/install/include/drogon/exports.h
-- Installing: /home/runner/work/seedvr2-ncnn-vulkan/seedvr2-ncnn-vulkan/.deps/install/include/drogon/orm/ArrayParser.h
-- Installing: /home/runner/work/seedvr2-ncnn-vulkan/seedvr2-ncnn-vulkan/.deps/install/include/drogon/orm/BaseBuilder.h
-- Installing: /home/runner/work/seedvr2-ncnn-vulkan/seedvr2-ncnn-vulkan/.deps/install/include/drogon/orm/Criteria.h
-- Installing: /home/runner/work/seedvr2-ncnn-vulkan/seedvr2-ncnn-vulkan/.deps/install/include/drogon/orm/DbClient.h
-- Installing: /home/runner/work/seedvr2-ncnn-vulkan/seedvr2-ncnn-vulkan/.deps/install/include/drogon/orm/DbConfig.h
-- Installing: /home/runner/work/seedvr2-ncnn-vulkan/seedvr2-ncnn-vulkan/.deps/install/include/drogon/orm/DbListener.h
-- Installing: /home/runner/work/seedvr2-ncnn-vulkan/seedvr2-ncnn-vulkan/.deps/install/include/drogon/orm/DbTypes.h
-- Installing: /home/runner/work/seedvr2-ncnn-vulkan/seedvr2-ncnn-vulkan/.deps/install/include/drogon/orm/Exception.h
-- Installing: /home/runner/work/seedvr2-ncnn-vulkan/seedvr2-ncnn-vulkan/.deps/install/include/drogon/orm/Field.h
-- Installing: /home/runner/work/seedvr2-ncnn-vulkan/seedvr2-ncnn-vulkan/.deps/install/include/drogon/orm/FunctionTraits.h
-- Installing: /home/runner/work/seedvr2-ncnn-vulkan/seedvr2-ncnn-vulkan/.deps/install/include/drogon/orm/Mapper.h
-- Installing: /home/runner/work/seedvr2-ncnn-vulkan/seedvr2-ncnn-vulkan/.deps/install/include/drogon/orm/CoroMapper.h
-- Installing: /home/runner/work/seedvr2-ncnn-vulkan/seedvr2-ncnn-vulkan/.deps/install/include/drogon/orm/Result.h
-- Installing: /home/runner/work/seedvr2-ncnn-vulkan/seedvr2-ncnn-vulkan/.deps/install/include/drogon/orm/ResultIterator.h
-- Installing: /home/runner/work/seedvr2-ncnn-vulkan/seedvr2-ncnn-vulkan/.deps/install/include/drogon/orm/Row.h
-- Installing: /home/runner/work/seedvr2-ncnn-vulkan/seedvr2-ncnn-vulkan/.deps/install/include/drogon/orm/RowIterator.h
-- Installing: /home/runner/work/seedvr2-ncnn-vulkan/seedvr2-ncnn-vulkan/.deps/install/include/drogon/orm/SqlBinder.h
-- Installing: /home/runner/work/seedvr2-ncnn-vulkan/seedvr2-ncnn-vulkan/.deps/install/include/drogon/orm/RestfulController.h
-- Installing: /home/runner/work/seedvr2-ncnn-vulkan/seedvr2-ncnn-vulkan/.deps/install/include/drogon/nosql/RedisClient.h
-- Installing: /home/runner/work/seedvr2-ncnn-vulkan/seedvr2-ncnn-vulkan/.deps/install/include/drogon/nosql/RedisResult.h
-- Installing: /home/runner/work/seedvr2-ncnn-vulkan/seedvr2-ncnn-vulkan/.deps/install/include/drogon/nosql/RedisSubscriber.h
-- Installing: /home/runner/work/seedvr2-ncnn-vulkan/seedvr2-ncnn-vulkan/.deps/install/include/drogon/nosql/RedisException.h
-- Installing: /home/runner/work/seedvr2-ncnn-vulkan/seedvr2-ncnn-vulkan/.deps/install/include/drogon/utils/coroutine.h
-- Installing: /home/runner/work/seedvr2-ncnn-vulkan/seedvr2-ncnn-vulkan/.deps/install/include/drogon/utils/FunctionTraits.h
-- Installing: /home/runner/work/seedvr2-ncnn-vulkan/seedvr2-ncnn-vulkan/.deps/install/include/drogon/utils/HttpConstraint.h
-- Installing: /home/runner/work/seedvr2-ncnn-vulkan/seedvr2-ncnn-vulkan/.deps/install/include/drogon/utils/OStringStream.h
-- Installing: /home/runner/work/seedvr2-ncnn-vulkan/seedvr2-ncnn-vulkan/.deps/install/include/drogon/utils/Utilities.h
-- Installing: /home/runner/work/seedvr2-ncnn-vulkan/seedvr2-ncnn-vulkan/.deps/install/include/drogon/utils/monitoring.h
-- Installing: /home/runner/work/seedvr2-ncnn-vulkan/seedvr2-ncnn-vulkan/.deps/install/include/drogon/utils/monitoring/Counter.h
-- Installing: /home/runner/work/seedvr2-ncnn-vulkan/seedvr2-ncnn-vulkan/.deps/install/include/drogon/utils/monitoring/Metric.h
-- Installing: /home/runner/work/seedvr2-ncnn-vulkan/seedvr2-ncnn-vulkan/.deps/install/include/drogon/utils/monitoring/Registry.h
-- Installing: /home/runner/work/seedvr2-ncnn-vulkan/seedvr2-ncnn-vulkan/.deps/install/include/drogon/utils/monitoring/Collector.h
-- Installing: /home/runner/work/seedvr2-ncnn-vulkan/seedvr2-ncnn-vulkan/.deps/install/include/drogon/utils/monitoring/Sample.h
-- Installing: /home/runner/work/seedvr2-ncnn-vulkan/seedvr2-ncnn-vulkan/.deps/install/include/drogon/utils/monitoring/Gauge.h
-- Installing: /home/runner/work/seedvr2-ncnn-vulkan/seedvr2-ncnn-vulkan/.deps/install/include/drogon/utils/monitoring/Histogram.h
-- Installing: /home/runner/work/seedvr2-ncnn-vulkan/seedvr2-ncnn-vulkan/.deps/install/include/drogon/plugins/Plugin.h
-- Installing: /home/runner/work/seedvr2-ncnn-vulkan/seedvr2-ncnn-vulkan/.deps/install/include/drogon/plugins/Redirector.h
-- Installing: /home/runner/work/seedvr2-ncnn-vulkan/seedvr2-ncnn-vulkan/.deps/install/include/drogon/plugins/SecureSSLRedirector.h
-- Installing: /home/runner/work/seedvr2-ncnn-vulkan/seedvr2-ncnn-vulkan/.deps/install/include/drogon/plugins/AccessLogger.h
-- Installing: /home/runner/work/seedvr2-ncnn-vulkan/seedvr2-ncnn-vulkan/.deps/install/include/drogon/plugins/RealIpResolver.h
-- Installing: /home/runner/work/seedvr2-ncnn-vulkan/seedvr2-ncnn-vulkan/.deps/install/include/drogon/plugins/Hodor.h
-- Installing: /home/runner/work/seedvr2-ncnn-vulkan/seedvr2-ncnn-vulkan/.deps/install/include/drogon/plugins/SlashRemover.h
-- Installing: /home/runner/work/seedvr2-ncnn-vulkan/seedvr2-ncnn-vulkan/.deps/install/include/drogon/plugins/GlobalFilters.h
-- Installing: /home/runner/work/seedvr2-ncnn-vulkan/seedvr2-ncnn-vulkan/.deps/install/include/drogon/plugins/PromExporter.h
-- Installing: /home/runner/work/seedvr2-ncnn-vulkan/seedvr2-ncnn-vulkan/.deps/install/lib/cmake/Drogon/DrogonConfig.cmake
-- Installing: /home/runner/work/seedvr2-ncnn-vulkan/seedvr2-ncnn-vulkan/.deps/install/lib/cmake/Drogon/DrogonConfigVersion.cmake
-- Installing: /home/runner/work/seedvr2-ncnn-vulkan/seedvr2-ncnn-vulkan/.deps/install/lib/cmake/Drogon/FindUUID.cmake
-- Installing: /home/runner/work/seedvr2-ncnn-vulkan/seedvr2-ncnn-vulkan/.deps/install/lib/cmake/Drogon/FindJsoncpp.cmake
-- Installing: /home/runner/work/seedvr2-ncnn-vulkan/seedvr2-ncnn-vulkan/.deps/install/lib/cmake/Drogon/FindSQLite3.cmake
-- Installing: /home/runner/work/seedvr2-ncnn-vulkan/seedvr2-ncnn-vulkan/.deps/install/lib/cmake/Drogon/FindMySQL.cmake
-- Installing: /home/runner/work/seedvr2-ncnn-vulkan/seedvr2-ncnn-vulkan/.deps/install/lib/cmake/Drogon/Findpg.cmake
-- Installing: /home/runner/work/seedvr2-ncnn-vulkan/seedvr2-ncnn-vulkan/.deps/install/lib/cmake/Drogon/FindBrotli.cmake
-- Installing: /home/runner/work/seedvr2-ncnn-vulkan/seedvr2-ncnn-vulkan/.deps/install/lib/cmake/Drogon/Findcoz-profiler.cmake
-- Installing: /home/runner/work/seedvr2-ncnn-vulkan/seedvr2-ncnn-vulkan/.deps/install/lib/cmake/Drogon/FindHiredis.cmake
-- Installing: /home/runner/work/seedvr2-ncnn-vulkan/seedvr2-ncnn-vulkan/.deps/install/lib/cmake/Drogon/FindFilesystem.cmake
-- Installing: /home/runner/work/seedvr2-ncnn-vulkan/seedvr2-ncnn-vulkan/.deps/install/lib/cmake/Drogon/DrogonUtilities.cmake
-- Installing: /home/runner/work/seedvr2-ncnn-vulkan/seedvr2-ncnn-vulkan/.deps/install/lib/cmake/Drogon/ParseAndAddDrogonTests.cmake
-- Installing: /home/runner/work/seedvr2-ncnn-vulkan/seedvr2-ncnn-vulkan/.deps/install/lib/cmake/Drogon/DrogonTargets.cmake
-- Installing: /home/runner/work/seedvr2-ncnn-vulkan/seedvr2-ncnn-vulkan/.deps/install/lib/cmake/Drogon/DrogonTargets-release.cmake
