[0 NVIDIA GeForce RTX 4060 Laptop GPU]  queueC=2[8]  queueT=1[2]  rebar=1  r-score=76
[0 NVIDIA GeForce RTX 4060 Laptop GPU]  fp16-p/s/u/a=1/1/1/1  int8-p/s/u/a=1/1/1/1  bf16-p/s=1/1
[0 NVIDIA GeForce RTX 4060 Laptop GPU]  subgroup=32(32~32)  ops=1/1/1/1/1/1/1/1/1/1
[0 NVIDIA GeForce RTX 4060 Laptop GPU]  fp16-cm=16x16x16/16x8x16/16x8x8  int8-cm=16x16x32/16x8x32  bf16-cm=16x16x16  fp8-cm=16x16x32  fp6-cm=0  fp4-cm=0
[1 llvmpipe (LLVM 22.1.8, 256 bits)]  queueC=0[1]  queueT=0[1]  rebar=1  r-score=14
[1 llvmpipe (LLVM 22.1.8, 256 bits)]  fp16-p/s/u/a=1/1/1/1  int8-p/s/u/a=1/1/1/1  bf16-p/s=1/0
[1 llvmpipe (LLVM 22.1.8, 256 bits)]  subgroup=8(8~8)  ops=1/1/1/1/1/1/1/1/1/1
[1 llvmpipe (LLVM 22.1.8, 256 bits)]  fp16-cm=8x8x8  int8-cm=8x8x8  bf16-cm=0  fp8-cm=0  fp6-cm=0  fp4-cm=0
[2 llvmpipe (LLVM 17.0.6, 256 bits)]  queueC=0[1]  queueT=0[1]  rebar=1  r-score=4
[2 llvmpipe (LLVM 17.0.6, 256 bits)]  fp16-p/s/u/a=1/1/1/1  int8-p/s/u/a=1/1/1/1  bf16-p/s=1/0
[2 llvmpipe (LLVM 17.0.6, 256 bits)]  subgroup=8(8~8)  ops=1/1/1/1/1/1/0/1/0/0
[2 llvmpipe (LLVM 17.0.6, 256 bits)]  fp16-cm=0  int8-cm=0  bf16-cm=0  fp8-cm=0  fp6-cm=0  fp4-cm=0
{"completed":0,"elapsed_ms":579.831169,"event":"progress","stage":"validating","total":38}
{"completed":0,"elapsed_ms":586.715964,"event":"progress","stage":"validating","total":38}
{"completed":0,"elapsed_ms":807.042619,"event":"progress","stage":"validating","total":38}
{"completed":0,"elapsed_ms":1098.461189,"event":"progress","stage":"validating","total":38}
{"completed":0,"elapsed_ms":1281.58512,"event":"progress","stage":"validating","total":38}
{"completed":0,"elapsed_ms":1467.419304,"event":"progress","stage":"validating","total":38}
{"completed":0,"elapsed_ms":1672.260957,"event":"progress","stage":"validating","total":38}
{"completed":0,"elapsed_ms":1862.429865,"event":"progress","stage":"validating","total":38}
{"completed":0,"elapsed_ms":2075.307299,"event":"progress","stage":"validating","total":38}
{"completed":0,"elapsed_ms":2261.991409,"event":"progress","stage":"validating","total":38}
{"completed":0,"elapsed_ms":2469.565578,"event":"progress","stage":"validating","total":38}
{"completed":0,"elapsed_ms":2628.258016,"event":"progress","stage":"validating","total":38}
{"completed":0,"elapsed_ms":2791.083847,"event":"progress","stage":"validating","total":38}
{"completed":0,"elapsed_ms":2955.32881,"event":"progress","stage":"validating","total":38}
{"completed":0,"elapsed_ms":3101.964747,"event":"progress","stage":"validating","total":38}
{"completed":0,"elapsed_ms":3247.593811,"event":"progress","stage":"validating","total":38}
{"completed":0,"elapsed_ms":3417.134485,"event":"progress","stage":"validating","total":38}
{"completed":0,"elapsed_ms":3608.95284,"event":"progress","stage":"validating","total":38}
{"completed":0,"elapsed_ms":3814.196434,"event":"progress","stage":"validating","total":38}
{"completed":0,"elapsed_ms":4004.014578,"event":"progress","stage":"validating","total":38}
{"completed":0,"elapsed_ms":4206.286625,"event":"progress","stage":"validating","total":38}
{"completed":0,"elapsed_ms":4399.082448,"event":"progress","stage":"validating","total":38}
{"completed":0,"elapsed_ms":4603.571876,"event":"progress","stage":"validating","total":38}
{"completed":0,"elapsed_ms":4826.168943,"event":"progress","stage":"validating","total":38}
{"completed":0,"elapsed_ms":5032.573832,"event":"progress","stage":"validating","total":38}
{"completed":0,"elapsed_ms":5215.976078,"event":"progress","stage":"validating","total":38}
{"completed":0,"elapsed_ms":5390.111317,"event":"progress","stage":"validating","total":38}
{"completed":0,"elapsed_ms":5581.043758,"event":"progress","stage":"validating","total":38}
{"completed":0,"elapsed_ms":5768.01423,"event":"progress","stage":"validating","total":38}
{"completed":0,"elapsed_ms":5945.639176,"event":"progress","stage":"validating","total":38}
{"completed":0,"elapsed_ms":6130.466266,"event":"progress","stage":"validating","total":38}
{"completed":0,"elapsed_ms":6319.636195,"event":"progress","stage":"validating","total":38}
{"completed":0,"elapsed_ms":6522.238446,"event":"progress","stage":"validating","total":38}
{"completed":0,"elapsed_ms":6694.706343,"event":"progress","stage":"validating","total":38}
{"completed":0,"elapsed_ms":6888.76323,"event":"progress","stage":"validating","total":38}
{"completed":0,"elapsed_ms":7022.834075,"event":"progress","stage":"validating","total":38}
{"completed":0,"elapsed_ms":7024.209996,"event":"progress","stage":"validating","total":38}
[libx264 @ 0x3cdad4c0] using cpu capabilities: MMX2 SSE2Fast SSSE3 SSE4.2 AVX FMA3 BMI2 AVX2 AVX512
[libx264 @ 0x3cdad4c0] profile High, level 1.0, 4:2:0, 8-bit
[libx264 @ 0x3cdad4c0] 264 - core 165 r3222 b35605a - H.264/MPEG-4 AVC codec - Copyleft 2003-2025 - http://www.videolan.org/x264.html - options: cabac=1 ref=2 deblock=1:0:0 analyse=0x3:0x113 me=hex subme=6 psy=1 psy_rd=1.00:0.00 mixed_ref=1 me_range=16 chroma_me=1 trellis=1 8x8dct=1 cqm=0 deadzone=21,11 fast_pskip=1 chroma_qp_offset=-2 threads=4 lookahead_threads=1 sliced_threads=0 nr=0 decimate=1 interlaced=0 bluray_compat=0 constrained_intra=0 bframes=0 weightp=1 keyint=250 keyint_min=8 scenecut=40 intra_refresh=0 rc_lookahead=30 rc=crf mbtree=1 crf=18.0 qcomp=0.60 qpmin=0 qpmax=69 qpstep=4 ip_ratio=1.40 aq=1:1.00
[mp4 @ 0x3bf64900] Starting second pass: moving the moov atom to the beginning of the file
[libx264 @ 0x3cdad4c0] frame I:1     Avg QP:18.55  size:  1174
[libx264 @ 0x3cdad4c0] frame P:16    Avg QP:18.65  size:   682
[libx264 @ 0x3cdad4c0] mb I  I16..4:  0.0% 90.0% 10.0%
[libx264 @ 0x3cdad4c0] mb P  I16..4:  0.2%  8.4%  2.0%  P16..4: 34.5% 32.8% 19.5%  0.0%  0.0%    skip: 2.5%
[libx264 @ 0x3cdad4c0] 8x8 transform intra:83.3% inter:56.4%
[libx264 @ 0x3cdad4c0] coded y,uvDC,uvAC intra: 97.0% 82.4% 46.3% inter: 61.1% 39.0% 2.4%
[libx264 @ 0x3cdad4c0] i16 v,h,dc,p:  0%  0%  0% 100%
[libx264 @ 0x3cdad4c0] i8 v,h,dc,ddl,ddr,vr,hd,vl,hu: 24% 17% 11%  5%  8% 16%  4%  4% 12%
[libx264 @ 0x3cdad4c0] i4 v,h,dc,ddl,ddr,vr,hd,vl,hu: 27% 14% 12%  4%  9% 15%  7%  5%  7%
[libx264 @ 0x3cdad4c0] i8c dc,h,v,p: 57% 25% 11%  6%
[libx264 @ 0x3cdad4c0] Weighted P-Frames: Y:12.5% UV:6.2%
[libx264 @ 0x3cdad4c0] ref P L0: 75.4% 24.6%
[libx264 @ 0x3cdad4c0] kb/s:45.53
{"completed":1,"elapsed_ms":7037.025,"event":"progress","stage":"encoding","total":38}
overwrite built-in layer type Swish
{"completed":2,"elapsed_ms":8566.804374,"event":"progress","stage":"sampling","total":38}
{"completed":3,"elapsed_ms":8567.591852,"event":"progress","stage":"projecting","total":38}
overwrite built-in layer type Swish
{"completed":4,"elapsed_ms":8579.198001,"event":"progress","stage":"block-00","total":38}
overwrite built-in layer type Swish
overwrite built-in layer type RMSNorm
overwrite built-in layer type InnerProduct
{"completed":5,"elapsed_ms":9171.136938,"event":"progress","stage":"block-01","total":38}
overwrite built-in layer type Swish
overwrite built-in layer type RMSNorm
overwrite built-in layer type InnerProduct
{"completed":6,"elapsed_ms":9717.064068,"event":"progress","stage":"block-02","total":38}
overwrite built-in layer type Swish
overwrite built-in layer type RMSNorm
overwrite built-in layer type InnerProduct
{"completed":7,"elapsed_ms":10298.992952,"event":"progress","stage":"block-03","total":38}
overwrite built-in layer type Swish
overwrite built-in layer type RMSNorm
overwrite built-in layer type InnerProduct
{"completed":8,"elapsed_ms":10817.355517,"event":"progress","stage":"block-04","total":38}
overwrite built-in layer type Swish
overwrite built-in layer type RMSNorm
overwrite built-in layer type InnerProduct
{"completed":9,"elapsed_ms":11370.631839,"event":"progress","stage":"block-05","total":38}
overwrite built-in layer type Swish
overwrite built-in layer type RMSNorm
overwrite built-in layer type InnerProduct
{"completed":10,"elapsed_ms":11923.894205,"event":"progress","stage":"block-06","total":38}
overwrite built-in layer type Swish
overwrite built-in layer type RMSNorm
overwrite built-in layer type InnerProduct
{"completed":11,"elapsed_ms":12501.415879,"event":"progress","stage":"block-07","total":38}
overwrite built-in layer type Swish
overwrite built-in layer type RMSNorm
overwrite built-in layer type InnerProduct
{"completed":12,"elapsed_ms":12993.333424,"event":"progress","stage":"block-08","total":38}
overwrite built-in layer type Swish
overwrite built-in layer type RMSNorm
overwrite built-in layer type InnerProduct
{"completed":13,"elapsed_ms":13480.399639,"event":"progress","stage":"block-09","total":38}
overwrite built-in layer type Swish
overwrite built-in layer type RMSNorm
overwrite built-in layer type InnerProduct
{"completed":14,"elapsed_ms":13996.096845,"event":"progress","stage":"block-10","total":38}
overwrite built-in layer type Swish
overwrite built-in layer type RMSNorm
overwrite built-in layer type InnerProduct
{"completed":15,"elapsed_ms":14496.781463,"event":"progress","stage":"block-11","total":38}
overwrite built-in layer type Swish
overwrite built-in layer type RMSNorm
overwrite built-in layer type InnerProduct
{"completed":16,"elapsed_ms":15009.61698,"event":"progress","stage":"block-12","total":38}
overwrite built-in layer type Swish
overwrite built-in layer type RMSNorm
overwrite built-in layer type InnerProduct
{"completed":17,"elapsed_ms":15520.382513,"event":"progress","stage":"block-13","total":38}
overwrite built-in layer type Swish
overwrite built-in layer type RMSNorm
overwrite built-in layer type InnerProduct
{"completed":18,"elapsed_ms":16094.248406,"event":"progress","stage":"block-14","total":38}
overwrite built-in layer type Swish
overwrite built-in layer type RMSNorm
overwrite built-in layer type InnerProduct
{"completed":19,"elapsed_ms":16677.275366,"event":"progress","stage":"block-15","total":38}
overwrite built-in layer type Swish
overwrite built-in layer type RMSNorm
overwrite built-in layer type InnerProduct
{"completed":20,"elapsed_ms":17257.883785,"event":"progress","stage":"block-16","total":38}
overwrite built-in layer type Swish
overwrite built-in layer type RMSNorm
overwrite built-in layer type InnerProduct
{"completed":21,"elapsed_ms":17789.269747,"event":"progress","stage":"block-17","total":38}
overwrite built-in layer type Swish
overwrite built-in layer type RMSNorm
overwrite built-in layer type InnerProduct
{"completed":22,"elapsed_ms":18334.736778,"event":"progress","stage":"block-18","total":38}
overwrite built-in layer type Swish
overwrite built-in layer type RMSNorm
overwrite built-in layer type InnerProduct
{"completed":23,"elapsed_ms":18868.150213,"event":"progress","stage":"block-19","total":38}
overwrite built-in layer type Swish
overwrite built-in layer type RMSNorm
overwrite built-in layer type InnerProduct
{"completed":24,"elapsed_ms":19415.242495,"event":"progress","stage":"block-20","total":38}
overwrite built-in layer type Swish
overwrite built-in layer type RMSNorm
overwrite built-in layer type InnerProduct
{"completed":25,"elapsed_ms":19972.825829,"event":"progress","stage":"block-21","total":38}
overwrite built-in layer type Swish
overwrite built-in layer type RMSNorm
overwrite built-in layer type InnerProduct
{"completed":26,"elapsed_ms":20536.499035,"event":"progress","stage":"block-22","total":38}
overwrite built-in layer type Swish
overwrite built-in layer type RMSNorm
overwrite built-in layer type InnerProduct
{"completed":27,"elapsed_ms":21090.30591,"event":"progress","stage":"block-23","total":38}
overwrite built-in layer type Swish
overwrite built-in layer type RMSNorm
overwrite built-in layer type InnerProduct
{"completed":28,"elapsed_ms":21642.260845,"event":"progress","stage":"block-24","total":38}
overwrite built-in layer type Swish
overwrite built-in layer type RMSNorm
overwrite built-in layer type InnerProduct
{"completed":29,"elapsed_ms":22213.861015,"event":"progress","stage":"block-25","total":38}
overwrite built-in layer type Swish
overwrite built-in layer type RMSNorm
overwrite built-in layer type InnerProduct
{"completed":30,"elapsed_ms":22745.789052,"event":"progress","stage":"block-26","total":38}
overwrite built-in layer type Swish
overwrite built-in layer type RMSNorm
overwrite built-in layer type InnerProduct
{"completed":31,"elapsed_ms":23276.112386,"event":"progress","stage":"block-27","total":38}
overwrite built-in layer type Swish
overwrite built-in layer type RMSNorm
overwrite built-in layer type InnerProduct
{"completed":32,"elapsed_ms":23834.787604,"event":"progress","stage":"block-28","total":38}
overwrite built-in layer type Swish
overwrite built-in layer type RMSNorm
overwrite built-in layer type InnerProduct
{"completed":33,"elapsed_ms":24379.46929,"event":"progress","stage":"block-29","total":38}
overwrite built-in layer type Swish
overwrite built-in layer type RMSNorm
overwrite built-in layer type InnerProduct
{"completed":34,"elapsed_ms":24928.317832,"event":"progress","stage":"block-30","total":38}
overwrite built-in layer type Swish
overwrite built-in layer type RMSNorm
overwrite built-in layer type InnerProduct
{"completed":35,"elapsed_ms":25511.861269,"event":"progress","stage":"block-31","total":38}
overwrite built-in layer type Swish
overwrite built-in layer type RMSNorm
overwrite built-in layer type InnerProduct
{"completed":36,"elapsed_ms":25974.801138,"event":"progress","stage":"denoising","total":38}
overwrite built-in layer type Swish
{"completed":37,"elapsed_ms":26010.985788,"event":"progress","stage":"decoding","total":38}
overwrite built-in layer type Swish
[libx264 @ 0x3cdad4c0] using cpu capabilities: MMX2 SSE2Fast SSSE3 SSE4.2 AVX FMA3 BMI2 AVX2 AVX512
[libx264 @ 0x3cdad4c0] profile High, level 1.0, 4:2:0, 8-bit
[libx264 @ 0x3cdad4c0] 264 - core 165 r3222 b35605a - H.264/MPEG-4 AVC codec - Copyleft 2003-2025 - http://www.videolan.org/x264.html - options: cabac=1 ref=2 deblock=1:0:0 analyse=0x3:0x113 me=hex subme=6 psy=1 psy_rd=1.00:0.00 mixed_ref=1 me_range=16 chroma_me=1 trellis=1 8x8dct=1 cqm=0 deadzone=21,11 fast_pskip=1 chroma_qp_offset=-2 threads=4 lookahead_threads=1 sliced_threads=0 nr=0 decimate=1 interlaced=0 bluray_compat=0 constrained_intra=0 bframes=0 weightp=1 keyint=250 keyint_min=8 scenecut=40 intra_refresh=0 rc_lookahead=30 rc=crf mbtree=1 crf=18.0 qcomp=0.60 qpmin=0 qpmax=69 qpstep=4 ip_ratio=1.40 aq=1:1.00
[mp4 @ 0x3bf64900] Starting second pass: moving the moov atom to the beginning of the file
[libx264 @ 0x3cdad4c0] frame I:1     Avg QP:20.08  size:  1643
[libx264 @ 0x3cdad4c0] frame P:16    Avg QP:19.41  size:   975
[libx264 @ 0x3cdad4c0] mb I  I16..4:  2.5% 62.5% 35.0%
[libx264 @ 0x3cdad4c0] mb P  I16..4:  0.3%  8.0%  5.8%  P16..4: 26.9% 38.8% 20.2%  0.0%  0.0%    skip: 0.2%
[libx264 @ 0x3cdad4c0] 8x8 transform intra:58.5% inter:42.6%
[libx264 @ 0x3cdad4c0] coded y,uvDC,uvAC intra: 97.5% 98.5% 79.2% inter: 78.1% 58.7% 8.0%
[libx264 @ 0x3cdad4c0] i16 v,h,dc,p:  0%  0%  0% 100%
[libx264 @ 0x3cdad4c0] i8 v,h,dc,ddl,ddr,vr,hd,vl,hu: 19% 20%  9%  5%  7% 16%  5%  6% 13%
[libx264 @ 0x3cdad4c0] i4 v,h,dc,ddl,ddr,vr,hd,vl,hu: 30% 14%  7%  5%  8% 14%  7%  6%  9%
[libx264 @ 0x3cdad4c0] i8c dc,h,v,p: 55% 18% 17% 11%
[libx264 @ 0x3cdad4c0] Weighted P-Frames: Y:25.0% UV:6.2%
[libx264 @ 0x3cdad4c0] ref P L0: 93.0%  7.0%
[libx264 @ 0x3cdad4c0] kb/s:64.92
{"completed":38,"elapsed_ms":28630.51857,"event":"progress","stage":"completed","total":38}
