{
  "backend": "ncnn-vulkan",
  "build": "0.7.0",
  "comparison_input": "comparison-input.png",
  "converter_ncnn_commit": "6a1bf000f363714839a36793addc8c879d3d899e",
  "device": {
    "api_version": 4211017,
    "device_id": 10464,
    "driver_version": 2497102272,
    "index": 0,
    "name": "NVIDIA GeForce RTX 4060 Laptop GPU",
    "subgroup_size": 32,
    "vendor_id": 4318
  },
  "diagnostics": {
    "block-00-text": {
      "dtype": "f32le",
      "elements": 148480,
      "path": "block-00-text.f32",
      "sha256": "94c28aaf4b8e5a1a27fd0ff1d48a768fe02d6178faa638f11cc06265ee1843d1",
      "shape": [
        58,
        2560
      ]
    },
    "block-00-video": {
      "dtype": "f32le",
      "elements": 655360,
      "path": "block-00-video.f32",
      "sha256": "120c68743db6ef2cad8a818e9200a115ceaf4ee3486228ce4bd17f24efc5656a",
      "shape": [
        256,
        2560
      ]
    },
    "block-01-text": {
      "dtype": "f32le",
      "elements": 148480,
      "path": "block-01-text.f32",
      "sha256": "7b289b1fc8fbd2655c10229699a65715513cd3f35a7abd92f082a160777a95d9",
      "shape": [
        58,
        2560
      ]
    },
    "block-01-video": {
      "dtype": "f32le",
      "elements": 655360,
      "path": "block-01-video.f32",
      "sha256": "acd09a7cc966357a0924970035aa1772154c497ef6e912be819dcf6a6a489c2b",
      "shape": [
        256,
        2560
      ]
    },
    "block-02-text": {
      "dtype": "f32le",
      "elements": 148480,
      "path": "block-02-text.f32",
      "sha256": "573335f314364b2c6955f9551975a2693b2e435afd5833b6f01e0b402b2d3006",
      "shape": [
        58,
        2560
      ]
    },
    "block-02-video": {
      "dtype": "f32le",
      "elements": 655360,
      "path": "block-02-video.f32",
      "sha256": "361e70d8fda909590f15a4e38005b1e55168ce371d5fabb3def750e9a25633ca",
      "shape": [
        256,
        2560
      ]
    },
    "block-03-text": {
      "dtype": "f32le",
      "elements": 148480,
      "path": "block-03-text.f32",
      "sha256": "41ad99fa02a848b598a5179ce58c8a407306c7a4a48c2aeec35eaaf8cb1e97e0",
      "shape": [
        58,
        2560
      ]
    },
    "block-03-video": {
      "dtype": "f32le",
      "elements": 655360,
      "path": "block-03-video.f32",
      "sha256": "2968ecc3a9d6e1d9cd81442f75a2a73e9b7c65391920ae1ddd49d872868d0e2a",
      "shape": [
        256,
        2560
      ]
    },
    "block-04-text": {
      "dtype": "f32le",
      "elements": 148480,
      "path": "block-04-text.f32",
      "sha256": "82779397206533f91b916dc8ae1a8471091c0934bde2958fbbf7fd6ebc504676",
      "shape": [
        58,
        2560
      ]
    },
    "block-04-video": {
      "dtype": "f32le",
      "elements": 655360,
      "path": "block-04-video.f32",
      "sha256": "7eb93611c609fd2d0a0294f1b1a71aefdc8f8f6c19b6effeed358551310b7300",
      "shape": [
        256,
        2560
      ]
    },
    "block-05-text": {
      "dtype": "f32le",
      "elements": 148480,
      "path": "block-05-text.f32",
      "sha256": "205ed08823722661423616d451503640a1d0d65fc3b13a941eaa675476de2a9f",
      "shape": [
        58,
        2560
      ]
    },
    "block-05-video": {
      "dtype": "f32le",
      "elements": 655360,
      "path": "block-05-video.f32",
      "sha256": "f98c2f45c64a49ed101714e077cb0c7a6a10ab1710a31d22ea7d47714c8bd6cd",
      "shape": [
        256,
        2560
      ]
    },
    "block-06-text": {
      "dtype": "f32le",
      "elements": 148480,
      "path": "block-06-text.f32",
      "sha256": "4beb78772acbed046d89f6763a8ed452ecaa9295d8ba72f4c111ab90efca4409",
      "shape": [
        58,
        2560
      ]
    },
    "block-06-video": {
      "dtype": "f32le",
      "elements": 655360,
      "path": "block-06-video.f32",
      "sha256": "d704aac449d86b82d982f78cc88d399b1ee035cee83b8d3bad3c2d7dafeed747",
      "shape": [
        256,
        2560
      ]
    },
    "block-07-text": {
      "dtype": "f32le",
      "elements": 148480,
      "path": "block-07-text.f32",
      "sha256": "5e6207f9cd23a9851919a4b5bb69c48794d380bc95a8a25ff5f92984a78c2ad7",
      "shape": [
        58,
        2560
      ]
    },
    "block-07-video": {
      "dtype": "f32le",
      "elements": 655360,
      "path": "block-07-video.f32",
      "sha256": "b46047283c25b0c8b55f3517dfedb04e1f4fbf1e9ab8eb85dac909f4bc499331",
      "shape": [
        256,
        2560
      ]
    },
    "block-08-text": {
      "dtype": "f32le",
      "elements": 148480,
      "path": "block-08-text.f32",
      "sha256": "7ce4beb04cd3bee0b74dd8b7ade79f6d017f9288ee9b26f9ee025ef4698378fe",
      "shape": [
        58,
        2560
      ]
    },
    "block-08-video": {
      "dtype": "f32le",
      "elements": 655360,
      "path": "block-08-video.f32",
      "sha256": "caaa64ba777d291a74f6a9be04c5e5f59faf6a6a9b471d7780ca98ded12730f6",
      "shape": [
        256,
        2560
      ]
    },
    "block-09-text": {
      "dtype": "f32le",
      "elements": 148480,
      "path": "block-09-text.f32",
      "sha256": "a00c14cb3adb12e9b0436abf64c4ec7b62c17723c1fd1d6cea02205bd50148c8",
      "shape": [
        58,
        2560
      ]
    },
    "block-09-video": {
      "dtype": "f32le",
      "elements": 655360,
      "path": "block-09-video.f32",
      "sha256": "74c1ae55cb7af85771c228be1dc0cd1a505a65b1f4cf02b2b36848ceef8f24ef",
      "shape": [
        256,
        2560
      ]
    },
    "block-10-text": {
      "dtype": "f32le",
      "elements": 148480,
      "path": "block-10-text.f32",
      "sha256": "c6e3f1b280715a35f788b1393b77fa6c99f2ccf48cb1090867969721caf58cae",
      "shape": [
        58,
        2560
      ]
    },
    "block-10-video": {
      "dtype": "f32le",
      "elements": 655360,
      "path": "block-10-video.f32",
      "sha256": "faf0701bb90f23613a96d8ab5cc73d59270a00de4143abe8647026f4fcb2837a",
      "shape": [
        256,
        2560
      ]
    },
    "block-11-text": {
      "dtype": "f32le",
      "elements": 148480,
      "path": "block-11-text.f32",
      "sha256": "2072f6a257eef41662f0a0955c000437500ca72dc5a64496c835fc21eaa4e3f7",
      "shape": [
        58,
        2560
      ]
    },
    "block-11-video": {
      "dtype": "f32le",
      "elements": 655360,
      "path": "block-11-video.f32",
      "sha256": "00e2f7ccb4e4e72d49962b4ec96b5ef2f76efa175cc638b3ca9ea9315b87fe88",
      "shape": [
        256,
        2560
      ]
    },
    "block-12-text": {
      "dtype": "f32le",
      "elements": 148480,
      "path": "block-12-text.f32",
      "sha256": "02a38b7670e7936dbbb6d3d8f1443eae9174f357b248e3b39debf8ccdb14ded6",
      "shape": [
        58,
        2560
      ]
    },
    "block-12-video": {
      "dtype": "f32le",
      "elements": 655360,
      "path": "block-12-video.f32",
      "sha256": "eac0455cd9b1d0604017c3bc7647a6207555b7ae18b705bb728b14a9a24601b8",
      "shape": [
        256,
        2560
      ]
    },
    "block-13-text": {
      "dtype": "f32le",
      "elements": 148480,
      "path": "block-13-text.f32",
      "sha256": "c3f2c73f2fe91c9bf0873ec8cb7763bf5f5ac73706d51ed6809e3a5808c518e0",
      "shape": [
        58,
        2560
      ]
    },
    "block-13-video": {
      "dtype": "f32le",
      "elements": 655360,
      "path": "block-13-video.f32",
      "sha256": "c69d185feb26684c3da5dd5f6e5262eec126b9038e2de3835576cddd542f2067",
      "shape": [
        256,
        2560
      ]
    },
    "block-14-text": {
      "dtype": "f32le",
      "elements": 148480,
      "path": "block-14-text.f32",
      "sha256": "0db2f6aa661223b0595e56bc144dc4ca8b77551fe02cd5807ea2792b919ec974",
      "shape": [
        58,
        2560
      ]
    },
    "block-14-video": {
      "dtype": "f32le",
      "elements": 655360,
      "path": "block-14-video.f32",
      "sha256": "ba43e86194813ec4e09603624987513fdf5a8e111a049b4b258dac8a4cf58689",
      "shape": [
        256,
        2560
      ]
    },
    "block-15-text": {
      "dtype": "f32le",
      "elements": 148480,
      "path": "block-15-text.f32",
      "sha256": "16be82fea82995d01ea890f2383b8743550a73cff3cce1eaf80bdbc3fbd396d9",
      "shape": [
        58,
        2560
      ]
    },
    "block-15-video": {
      "dtype": "f32le",
      "elements": 655360,
      "path": "block-15-video.f32",
      "sha256": "feaee2f9fd59d0d595ac8fb13d26d39dedf98a9638882777dc5c91e72d97f7e6",
      "shape": [
        256,
        2560
      ]
    },
    "block-16-text": {
      "dtype": "f32le",
      "elements": 148480,
      "path": "block-16-text.f32",
      "sha256": "313ad06fa76c1c7b7ef34a3e550d5e5387f7eb711fbad6cad9ede06c797a26a4",
      "shape": [
        58,
        2560
      ]
    },
    "block-16-video": {
      "dtype": "f32le",
      "elements": 655360,
      "path": "block-16-video.f32",
      "sha256": "8cef7dfe74f32baf1f5271181c92a7aa86a9a76163da6ba5ee838e901a31fe34",
      "shape": [
        256,
        2560
      ]
    },
    "block-17-text": {
      "dtype": "f32le",
      "elements": 148480,
      "path": "block-17-text.f32",
      "sha256": "b46238d350a8751448412db59a1dabc35826d0a4f9882284630231fb77f7c5d6",
      "shape": [
        58,
        2560
      ]
    },
    "block-17-video": {
      "dtype": "f32le",
      "elements": 655360,
      "path": "block-17-video.f32",
      "sha256": "69959360d6b0280f696631f8671ce1155216194583ed2c8c3b44aa51ac203ec2",
      "shape": [
        256,
        2560
      ]
    },
    "block-18-text": {
      "dtype": "f32le",
      "elements": 148480,
      "path": "block-18-text.f32",
      "sha256": "ff3d841f4b3c9c79e66c4072f4777bf11a2a53391f16e9ec6f14c3d976fa9343",
      "shape": [
        58,
        2560
      ]
    },
    "block-18-video": {
      "dtype": "f32le",
      "elements": 655360,
      "path": "block-18-video.f32",
      "sha256": "f749b4f230f13921c30080b885038b26d13592bd073a3a69c77db8a8db4a91c8",
      "shape": [
        256,
        2560
      ]
    },
    "block-19-text": {
      "dtype": "f32le",
      "elements": 148480,
      "path": "block-19-text.f32",
      "sha256": "2253649875085e75f34c7d980b865e3896c505adb4eb81fedfe0190b67996fdb",
      "shape": [
        58,
        2560
      ]
    },
    "block-19-video": {
      "dtype": "f32le",
      "elements": 655360,
      "path": "block-19-video.f32",
      "sha256": "99cf9191baf837b029e7172f7d33e8f326ca1ae867408d9c7a35da9c2a785f64",
      "shape": [
        256,
        2560
      ]
    },
    "block-20-text": {
      "dtype": "f32le",
      "elements": 148480,
      "path": "block-20-text.f32",
      "sha256": "4165680e65e4dcc37c2aa0997ca9a4bd0afb7d7010db0c097adad887018dce49",
      "shape": [
        58,
        2560
      ]
    },
    "block-20-video": {
      "dtype": "f32le",
      "elements": 655360,
      "path": "block-20-video.f32",
      "sha256": "d4bfdc239ec2a1f0c1a37302993cbc114d7a68ac8fbac305e6c8b77415f91c41",
      "shape": [
        256,
        2560
      ]
    },
    "block-21-text": {
      "dtype": "f32le",
      "elements": 148480,
      "path": "block-21-text.f32",
      "sha256": "2d3bd30cbefbf5ad3b213edfcbabe65916a4abe0e3bc524022d6bd8b1c4b319f",
      "shape": [
        58,
        2560
      ]
    },
    "block-21-video": {
      "dtype": "f32le",
      "elements": 655360,
      "path": "block-21-video.f32",
      "sha256": "ff1293dd8cb18228cc24fd7bf91676c911d6232b7c6f2e649f4f6ba94f51ab13",
      "shape": [
        256,
        2560
      ]
    },
    "block-22-text": {
      "dtype": "f32le",
      "elements": 148480,
      "path": "block-22-text.f32",
      "sha256": "50b2c2f25782afd0431d3f4c9715d3b8b589006946c586b986e5cfb1d083316e",
      "shape": [
        58,
        2560
      ]
    },
    "block-22-video": {
      "dtype": "f32le",
      "elements": 655360,
      "path": "block-22-video.f32",
      "sha256": "ef738ec442847f2104343b7c166cc55ada0bb0843f22763faa33abd8e7c8b56f",
      "shape": [
        256,
        2560
      ]
    },
    "block-23-text": {
      "dtype": "f32le",
      "elements": 148480,
      "path": "block-23-text.f32",
      "sha256": "869073314b861dedae5e15168463101586f62560a2c90bbdf4f438dfdc95eabd",
      "shape": [
        58,
        2560
      ]
    },
    "block-23-video": {
      "dtype": "f32le",
      "elements": 655360,
      "path": "block-23-video.f32",
      "sha256": "1253ff76a054d0ede2bd15e7ee807e3ef881b6c430b04bb28d402805a4394bc4",
      "shape": [
        256,
        2560
      ]
    },
    "block-24-text": {
      "dtype": "f32le",
      "elements": 148480,
      "path": "block-24-text.f32",
      "sha256": "8a30e2272979410cd7d6955900ad8dd53a107a9a36ee6cd4e65abc83e0ea7c09",
      "shape": [
        58,
        2560
      ]
    },
    "block-24-video": {
      "dtype": "f32le",
      "elements": 655360,
      "path": "block-24-video.f32",
      "sha256": "c7a9ec07e738ae5e90aef0bdfe93a47a0ff88884145d3fd204adde83e66853e8",
      "shape": [
        256,
        2560
      ]
    },
    "block-25-text": {
      "dtype": "f32le",
      "elements": 148480,
      "path": "block-25-text.f32",
      "sha256": "efec32feb8f20be98981ed1f5bba71aa90deeb8669dd6f2b482034b36933c284",
      "shape": [
        58,
        2560
      ]
    },
    "block-25-video": {
      "dtype": "f32le",
      "elements": 655360,
      "path": "block-25-video.f32",
      "sha256": "4a88f5c0ea8454b7aebf8c7ed59704f6b6f2f1ecef2b901a92f13ac9ecbf3452",
      "shape": [
        256,
        2560
      ]
    },
    "block-26-text": {
      "dtype": "f32le",
      "elements": 148480,
      "path": "block-26-text.f32",
      "sha256": "53fc6004b7744a97923b8b6f4f4f455c0a5844e08cd447c45f97a1ede8b57d63",
      "shape": [
        58,
        2560
      ]
    },
    "block-26-video": {
      "dtype": "f32le",
      "elements": 655360,
      "path": "block-26-video.f32",
      "sha256": "fb314a7d6ffef2a9138c4358ed09cd3978785d5eff55f449fa1b9bcdd9f2e0a6",
      "shape": [
        256,
        2560
      ]
    },
    "block-27-text": {
      "dtype": "f32le",
      "elements": 148480,
      "path": "block-27-text.f32",
      "sha256": "e2a0ca174eccbcb1b375675c1a56192676e035a2e16eda714ef983bfb25de92a",
      "shape": [
        58,
        2560
      ]
    },
    "block-27-video": {
      "dtype": "f32le",
      "elements": 655360,
      "path": "block-27-video.f32",
      "sha256": "7bcc2c351588f64e9aa4e99b742968590e92358630f2f92de9401015e007867d",
      "shape": [
        256,
        2560
      ]
    },
    "block-28-text": {
      "dtype": "f32le",
      "elements": 148480,
      "path": "block-28-text.f32",
      "sha256": "dab454c4a7a84538c27aec14da5e9cd52f24f144fe2b98eeb5831a6fe40e5012",
      "shape": [
        58,
        2560
      ]
    },
    "block-28-video": {
      "dtype": "f32le",
      "elements": 655360,
      "path": "block-28-video.f32",
      "sha256": "32af97486b2ad4ec779d25c717fe9f5179d9f22d4e6b5e7f3d18c941bc9b6ba8",
      "shape": [
        256,
        2560
      ]
    },
    "block-29-text": {
      "dtype": "f32le",
      "elements": 148480,
      "path": "block-29-text.f32",
      "sha256": "c45adb5a89b255a5b8c83eef302ba26987acb04847e3c88d4f8eaf78de04ca07",
      "shape": [
        58,
        2560
      ]
    },
    "block-29-video": {
      "dtype": "f32le",
      "elements": 655360,
      "path": "block-29-video.f32",
      "sha256": "76c1cab5dbf525507ffa71b6c9b148b5c2e9fbf318211c74e163d709e40a2e8b",
      "shape": [
        256,
        2560
      ]
    },
    "block-30-text": {
      "dtype": "f32le",
      "elements": 148480,
      "path": "block-30-text.f32",
      "sha256": "10927d8d065f095c47037c87002fc4b1bed960cba851935883a11e43e4101b58",
      "shape": [
        58,
        2560
      ]
    },
    "block-30-video": {
      "dtype": "f32le",
      "elements": 655360,
      "path": "block-30-video.f32",
      "sha256": "4908b18d0c4167bfedc5d5f8c6d809fa0ae4153929d3912121833628e6fc55d9",
      "shape": [
        256,
        2560
      ]
    },
    "block-31-text": {
      "dtype": "f32le",
      "elements": 148480,
      "path": "block-31-text.f32",
      "sha256": "5bfc6f3a322fccca822232ef10f3ca4ddfdbfb6b4cf8f603ef6a674ded1e3e53",
      "shape": [
        58,
        2560
      ]
    },
    "block-31-video": {
      "dtype": "f32le",
      "elements": 655360,
      "path": "block-31-video.f32",
      "sha256": "1e3157ab01c047e6ecb02c1a47e6f6029af55bea3e04b3b019f3f92cc7d81438",
      "shape": [
        256,
        2560
      ]
    },
    "conditioned": {
      "dtype": "f32le",
      "elements": 16384,
      "path": "conditioned.f32",
      "sha256": "1bb7c329888680781767bc3998f9516d89ee91b7598f7e1cd9de725844ecfcef",
      "shape": [
        16,
        32,
        32
      ]
    },
    "decoded": {
      "dtype": "f32le",
      "elements": 196608,
      "path": "decoded.f32",
      "sha256": "dbff35576523eb2e1e6c2d4533dedb3fedb748bc0ac7ac6c779f28987cb79c4f",
      "shape": [
        3,
        256,
        256
      ]
    },
    "latent": {
      "dtype": "f32le",
      "elements": 16384,
      "path": "latent.f32",
      "sha256": "c1398072d87bc06fc9f5a2c1da0fa4d9f0c1d367d7656f798e5746e487c122c6",
      "shape": [
        16,
        32,
        32
      ]
    },
    "noise": {
      "dtype": "f32le",
      "elements": 16384,
      "path": "noise.f32",
      "sha256": "9d8b022f42698051ee169c4e44ee24e90ef13fa6dadc51b37e7b79a1a7920084",
      "shape": [
        16,
        32,
        32
      ]
    },
    "patch-in": {
      "dtype": "f32le",
      "elements": 655360,
      "path": "patch-in.f32",
      "sha256": "8631c6b639f25d7c0658cbd2e6ed0ce1a0aca650977d7aad4103b199e3c75c35",
      "shape": [
        256,
        2560
      ]
    },
    "patch-out": {
      "dtype": "f32le",
      "elements": 16384,
      "path": "patch-out.f32",
      "sha256": "8bc354de0e86b931094d97af4db76765b2754b2f3f8957b5850d64a0a5fe5fff",
      "shape": [
        256,
        64
      ]
    },
    "patches": {
      "dtype": "f32le",
      "elements": 33792,
      "path": "patches.f32",
      "sha256": "be274fd2605a298b25418ca7912e9cbde1903ca4c7a31a00564420cf4e365d6f",
      "shape": [
        256,
        132
      ]
    },
    "posterior": {
      "dtype": "f32le",
      "elements": 32768,
      "path": "posterior.f32",
      "sha256": "79ffd0022baccb116e12d3bb0afac7884362baa1d4b0d6d78cb4e37bc73ec2a8",
      "shape": [
        32,
        32,
        32
      ]
    },
    "posterior-noise": {
      "dtype": "f32le",
      "elements": 16384,
      "path": "posterior-noise.f32",
      "sha256": "99c79c0d6ffed73385a1fd762e83ce1d624c35dc08869e5afd468e51a1888401",
      "shape": [
        16,
        32,
        32
      ]
    },
    "prepared": {
      "dtype": "f32le",
      "elements": 196608,
      "path": "prepared.f32",
      "sha256": "264df94b0de5fd9d08f092e6efd7178e531f9b4bbb2af4a2c63e6ae253788ad9",
      "shape": [
        3,
        256,
        256
      ]
    },
    "text-in": {
      "dtype": "f32le",
      "elements": 148480,
      "path": "text-in.f32",
      "sha256": "c7cecae53e4f83d60cab1ebddeca3bdf028c630ef33feb0cfd58d8c1ab50e42d",
      "shape": [
        58,
        2560
      ]
    },
    "time-in": {
      "dtype": "f32le",
      "elements": 15360,
      "path": "time-in.f32",
      "sha256": "bd542b62115dab2f055c2ec0ff47df9ebdbe25a9bf1d287b7557c08d20c6e719",
      "shape": [
        2560,
        6
      ]
    },
    "velocity": {
      "dtype": "f32le",
      "elements": 16384,
      "path": "velocity.f32",
      "sha256": "947676a3a2ff90bf0f621dfbcc3cc9892c1c136fc499047916f4a5bbc829288b",
      "shape": [
        16,
        32,
        32
      ]
    }
  },
  "dispatch": "EXPLICIT_PER_LAYER_NO_BACKEND_FALLBACK",
  "executable_sha256": "78743d78ee31d4cef08655ab8cea3e4b89e9cd0037df2d9e7e938a02786ef6bb",
  "host_operations": [
    "image IO",
    "resizing",
    "layouts",
    "posterior sampling",
    "Euler endpoint"
  ],
  "implementation": {
    "executable_sha256": "78743d78ee31d4cef08655ab8cea3e4b89e9cd0037df2d9e7e938a02786ef6bb",
    "ncnn_runtime_patches": [
      {
        "compiled_allocator_sha256": "b8398e0d5ef5a367f80c5d2f13af1c8f170a83a39d0a1b458a40100924a55320",
        "id": "host-buffer-v1",
        "original_allocator_sha256": "601d69dab40823366fa6aa2be00c8e37bb0f1e960fe96323c36daed887c4fda2",
        "scope": "Imported-host buffer declaration and weight-buffer transfer-source usage"
      }
    ],
    "sdk_library_sha256": "643872eb8128e9c696c5373ed7f213a80f98e0607aba579ba033433202ab58e0"
  },
  "input": {
    "height": 128,
    "sha256": "60718db042617c501aa453ed16453f31b39a6400f71e938e09bc30b5e25520aa",
    "width": 128
  },
  "model_certificate": null,
  "model_manifest_sha256": "99e031176cd0d1c14d2412eca388cec9c2f47b5b4f59f5792635099ed7fbaf0d",
  "model_verified": false,
  "ncnn_commit": "3b7bdba7fc8aea8fd46779533eee027df77c639d",
  "noise_algorithm": "splitmix64-box-muller-v1",
  "numerical_validation": "NOT_PERFORMED_BY_RUNNER",
  "output": {
    "height": 256,
    "path": "output.png",
    "sha256": "564ea7b51cb4704d65329300a812583ad041d596fc22273bf4605748c5b2da84",
    "width": 256
  },
  "package_authenticated": true,
  "preprocessing": "RGB8 / bicubic antialias / center crop 16 / normalize [-1,1]",
  "profile": "seedvr2-3b-image-dit-fp16-storage-v1",
  "resources": {
    "activation_peak_bytes": null,
    "autoregressive_kv_cache": false,
    "file_cache_peak_bytes": null,
    "largest_graph_weight_bytes": 317339788,
    "package_bytes": 10395017619,
    "pipeline_cache": "per-run Vulkan shader pipelines; no model weights or autoregressive keys",
    "process_lifetime_peak_rss_bytes": 621858816,
    "process_system_cpu_seconds": 8.797253,
    "process_user_cpu_seconds": 8.614681000000001,
    "temporal_vae_cache": false,
    "unmeasured_scope": "Allocator categories are not inferred from process RSS or whole-card VRAM",
    "weight_placement": {
      "budget_unavailable": 0,
      "cache_enabled": false,
      "cpu_graphs": 0,
      "device_requests": 36,
      "host_requests": 0,
      "scope": "placement requests, not measured allocator residency"
    },
    "weight_residency": "one graph at a time",
    "workspace_peak_bytes": null
  },
  "sampling": {
    "cfg": 1,
    "color_fix": "none",
    "latent_scale": 0.9152,
    "steps": 1,
    "timestep": 1000
  },
  "schema_version": "seedvr2-image-run-v1",
  "seed": 666,
  "stages": [
    {
      "awa_cpu": 0,
      "awa_vulkan": 0,
      "awa_windows": 0,
      "backend": "ncnn-vulkan",
      "compute_ms": 112.883224,
      "cpu_layers": 0,
      "cpu_temporal_encoder_direct_convolution": false,
      "id": "encoder",
      "layers": 110,
      "load_ms": 208.221433,
      "memory": {
        "activation_offload": false,
        "actual_weight_memory": "not_instrumented",
        "after_load": {
          "budget_bytes": 5455020032,
          "heap_index": 0,
          "source": "VK_EXT_memory_budget_estimate",
          "usage_bytes": 155975680
        },
        "after_release": {
          "budget_bytes": 5457117184,
          "heap_index": 0,
          "source": "VK_EXT_memory_budget_estimate",
          "usage_bytes": 185925632
        },
        "available_bytes": 5438767104,
        "before_load": {
          "budget_bytes": 5455872000,
          "heap_index": 0,
          "source": "VK_EXT_memory_budget_estimate",
          "usage_bytes": 17104896
        },
        "estimated_weight_bytes": 274193912,
        "oom_recovery": false,
        "policy": "auto",
        "reason": "budget_available",
        "requested_memory": "device",
        "reserve_bytes": 1363968000,
        "reserve_policy": "quarter_heap_budget",
        "scope": "weight placement before graph loading",
        "serialized_weight_bytes": 137096956,
        "storage_expansion_factor": 1
      },
      "vulkan_layers": 110,
      "weight_io": "buffered"
    },
    {
      "awa_cpu": 0,
      "awa_vulkan": 0,
      "awa_windows": 0,
      "backend": "ncnn-vulkan",
      "compute_ms": 4.614222,
      "cpu_layers": 0,
      "cpu_temporal_encoder_direct_convolution": false,
      "id": "patch-in",
      "layers": 1,
      "load_ms": 7.960819,
      "memory": {
        "activation_offload": false,
        "actual_weight_memory": "not_instrumented",
        "after_load": {
          "budget_bytes": 5457117184,
          "heap_index": 0,
          "source": "VK_EXT_memory_budget_estimate",
          "usage_bytes": 194314240
        },
        "after_release": {
          "budget_bytes": 5457117184,
          "heap_index": 0,
          "source": "VK_EXT_memory_budget_estimate",
          "usage_bytes": 185925632
        },
        "available_bytes": 5271191552,
        "before_load": {
          "budget_bytes": 5457117184,
          "heap_index": 0,
          "source": "VK_EXT_memory_budget_estimate",
          "usage_bytes": 185925632
        },
        "estimated_weight_bytes": 2723856,
        "oom_recovery": false,
        "policy": "auto",
        "reason": "budget_available",
        "requested_memory": "device",
        "reserve_bytes": 1364279296,
        "reserve_policy": "quarter_heap_budget",
        "scope": "weight placement before graph loading",
        "serialized_weight_bytes": 1361928,
        "storage_expansion_factor": 1
      },
      "vulkan_layers": 1,
      "weight_io": "buffered"
    },
    {
      "awa_cpu": 0,
      "awa_vulkan": 1,
      "awa_windows": 1,
      "backend": "ncnn-vulkan",
      "compute_ms": 279.247284,
      "cpu_layers": 0,
      "cpu_temporal_encoder_direct_convolution": false,
      "id": "block-00",
      "layers": 83,
      "load_ms": 420.828695,
      "memory": {
        "activation_offload": false,
        "actual_weight_memory": "not_instrumented",
        "after_load": {
          "budget_bytes": 5439488000,
          "heap_index": 0,
          "source": "VK_EXT_memory_budget_estimate",
          "usage_bytes": 835256320
        },
        "after_release": {
          "budget_bytes": 5439619072,
          "heap_index": 0,
          "source": "VK_EXT_memory_budget_estimate",
          "usage_bytes": 186449920
        },
        "available_bytes": 5271191552,
        "before_load": {
          "budget_bytes": 5457117184,
          "heap_index": 0,
          "source": "VK_EXT_memory_budget_estimate",
          "usage_bytes": 185925632
        },
        "estimated_weight_bytes": 1269359152,
        "oom_recovery": false,
        "policy": "auto",
        "reason": "budget_available",
        "requested_memory": "device",
        "reserve_bytes": 1364279296,
        "reserve_policy": "quarter_heap_budget",
        "scope": "weight placement before graph loading",
        "serialized_weight_bytes": 317339788,
        "storage_expansion_factor": 2
      },
      "vulkan_layers": 83,
      "weight_io": "buffered"
    },
    {
      "awa_cpu": 0,
      "awa_vulkan": 1,
      "awa_windows": 1,
      "backend": "ncnn-vulkan",
      "compute_ms": 276.799556,
      "cpu_layers": 0,
      "cpu_temporal_encoder_direct_convolution": false,
      "id": "block-01",
      "layers": 83,
      "load_ms": 288.816082,
      "memory": {
        "activation_offload": false,
        "actual_weight_memory": "not_instrumented",
        "after_load": {
          "budget_bytes": 5436604416,
          "heap_index": 0,
          "source": "VK_EXT_memory_budget_estimate",
          "usage_bytes": 835256320
        },
        "after_release": {
          "budget_bytes": 5436735488,
          "heap_index": 0,
          "source": "VK_EXT_memory_budget_estimate",
          "usage_bytes": 186449920
        },
        "available_bytes": 5253169152,
        "before_load": {
          "budget_bytes": 5439619072,
          "heap_index": 0,
          "source": "VK_EXT_memory_budget_estimate",
          "usage_bytes": 186449920
        },
        "estimated_weight_bytes": 1269359152,
        "oom_recovery": false,
        "policy": "auto",
        "reason": "budget_available",
        "requested_memory": "device",
        "reserve_bytes": 1359904768,
        "reserve_policy": "quarter_heap_budget",
        "scope": "weight placement before graph loading",
        "serialized_weight_bytes": 317339788,
        "storage_expansion_factor": 2
      },
      "vulkan_layers": 83,
      "weight_io": "buffered"
    },
    {
      "awa_cpu": 0,
      "awa_vulkan": 1,
      "awa_windows": 1,
      "backend": "ncnn-vulkan",
      "compute_ms": 276.453091,
      "cpu_layers": 0,
      "cpu_temporal_encoder_direct_convolution": false,
      "id": "block-02",
      "layers": 83,
      "load_ms": 321.214384,
      "memory": {
        "activation_offload": false,
        "actual_weight_memory": "not_instrumented",
        "after_load": {
          "budget_bytes": 5454888960,
          "heap_index": 0,
          "source": "VK_EXT_memory_budget_estimate",
          "usage_bytes": 835256320
        },
        "after_release": {
          "budget_bytes": 5454757888,
          "heap_index": 0,
          "source": "VK_EXT_memory_budget_estimate",
          "usage_bytes": 186449920
        },
        "available_bytes": 5250285568,
        "before_load": {
          "budget_bytes": 5436735488,
          "heap_index": 0,
          "source": "VK_EXT_memory_budget_estimate",
          "usage_bytes": 186449920
        },
        "estimated_weight_bytes": 1269359152,
        "oom_recovery": false,
        "policy": "auto",
        "reason": "budget_available",
        "requested_memory": "device",
        "reserve_bytes": 1359183872,
        "reserve_policy": "quarter_heap_budget",
        "scope": "weight placement before graph loading",
        "serialized_weight_bytes": 317339788,
        "storage_expansion_factor": 2
      },
      "vulkan_layers": 83,
      "weight_io": "buffered"
    },
    {
      "awa_cpu": 0,
      "awa_vulkan": 1,
      "awa_windows": 1,
      "backend": "ncnn-vulkan",
      "compute_ms": 280.585092,
      "cpu_layers": 0,
      "cpu_temporal_encoder_direct_convolution": false,
      "id": "block-03",
      "layers": 83,
      "load_ms": 290.568353,
      "memory": {
        "activation_offload": false,
        "actual_weight_memory": "not_instrumented",
        "after_load": {
          "budget_bytes": 5454626816,
          "heap_index": 0,
          "source": "VK_EXT_memory_budget_estimate",
          "usage_bytes": 835256320
        },
        "after_release": {
          "budget_bytes": 5455478784,
          "heap_index": 0,
          "source": "VK_EXT_memory_budget_estimate",
          "usage_bytes": 186449920
        },
        "available_bytes": 5268307968,
        "before_load": {
          "budget_bytes": 5454757888,
          "heap_index": 0,
          "source": "VK_EXT_memory_budget_estimate",
          "usage_bytes": 186449920
        },
        "estimated_weight_bytes": 1269359152,
        "oom_recovery": false,
        "policy": "auto",
        "reason": "budget_available",
        "requested_memory": "device",
        "reserve_bytes": 1363689472,
        "reserve_policy": "quarter_heap_budget",
        "scope": "weight placement before graph loading",
        "serialized_weight_bytes": 317339788,
        "storage_expansion_factor": 2
      },
      "vulkan_layers": 83,
      "weight_io": "buffered"
    },
    {
      "awa_cpu": 0,
      "awa_vulkan": 1,
      "awa_windows": 1,
      "backend": "ncnn-vulkan",
      "compute_ms": 285.19683,
      "cpu_layers": 0,
      "cpu_temporal_encoder_direct_convolution": false,
      "id": "block-04",
      "layers": 83,
      "load_ms": 313.597285,
      "memory": {
        "activation_offload": false,
        "actual_weight_memory": "not_instrumented",
        "after_load": {
          "budget_bytes": 5454299136,
          "heap_index": 0,
          "source": "VK_EXT_memory_budget_estimate",
          "usage_bytes": 835256320
        },
        "after_release": {
          "budget_bytes": 5454430208,
          "heap_index": 0,
          "source": "VK_EXT_memory_budget_estimate",
          "usage_bytes": 186449920
        },
        "available_bytes": 5270405120,
        "before_load": {
          "budget_bytes": 5456855040,
          "heap_index": 0,
          "source": "VK_EXT_memory_budget_estimate",
          "usage_bytes": 186449920
        },
        "estimated_weight_bytes": 1269359152,
        "oom_recovery": false,
        "policy": "auto",
        "reason": "budget_available",
        "requested_memory": "device",
        "reserve_bytes": 1364213760,
        "reserve_policy": "quarter_heap_budget",
        "scope": "weight placement before graph loading",
        "serialized_weight_bytes": 317339788,
        "storage_expansion_factor": 2
      },
      "vulkan_layers": 83,
      "weight_io": "buffered"
    },
    {
      "awa_cpu": 0,
      "awa_vulkan": 1,
      "awa_windows": 1,
      "backend": "ncnn-vulkan",
      "compute_ms": 274.877122,
      "cpu_layers": 0,
      "cpu_temporal_encoder_direct_convolution": false,
      "id": "block-05",
      "layers": 83,
      "load_ms": 289.4448,
      "memory": {
        "activation_offload": false,
        "actual_weight_memory": "not_instrumented",
        "after_load": {
          "budget_bytes": 5454299136,
          "heap_index": 0,
          "source": "VK_EXT_memory_budget_estimate",
          "usage_bytes": 835256320
        },
        "after_release": {
          "budget_bytes": 5454823424,
          "heap_index": 0,
          "source": "VK_EXT_memory_budget_estimate",
          "usage_bytes": 186449920
        },
        "available_bytes": 5267980288,
        "before_load": {
          "budget_bytes": 5454430208,
          "heap_index": 0,
          "source": "VK_EXT_memory_budget_estimate",
          "usage_bytes": 186449920
        },
        "estimated_weight_bytes": 1269359152,
        "oom_recovery": false,
        "policy": "auto",
        "reason": "budget_available",
        "requested_memory": "device",
        "reserve_bytes": 1363607552,
        "reserve_policy": "quarter_heap_budget",
        "scope": "weight placement before graph loading",
        "serialized_weight_bytes": 317339788,
        "storage_expansion_factor": 2
      },
      "vulkan_layers": 83,
      "weight_io": "buffered"
    },
    {
      "awa_cpu": 0,
      "awa_vulkan": 1,
      "awa_windows": 1,
      "backend": "ncnn-vulkan",
      "compute_ms": 272.802791,
      "cpu_layers": 0,
      "cpu_temporal_encoder_direct_convolution": false,
      "id": "block-06",
      "layers": 83,
      "load_ms": 312.588158,
      "memory": {
        "activation_offload": false,
        "actual_weight_memory": "not_instrumented",
        "after_load": {
          "budget_bytes": 5454692352,
          "heap_index": 0,
          "source": "VK_EXT_memory_budget_estimate",
          "usage_bytes": 835256320
        },
        "after_release": {
          "budget_bytes": 5454823424,
          "heap_index": 0,
          "source": "VK_EXT_memory_budget_estimate",
          "usage_bytes": 186449920
        },
        "available_bytes": 5268373504,
        "before_load": {
          "budget_bytes": 5454823424,
          "heap_index": 0,
          "source": "VK_EXT_memory_budget_estimate",
          "usage_bytes": 186449920
        },
        "estimated_weight_bytes": 1269359152,
        "oom_recovery": false,
        "policy": "auto",
        "reason": "budget_available",
        "requested_memory": "device",
        "reserve_bytes": 1363705856,
        "reserve_policy": "quarter_heap_budget",
        "scope": "weight placement before graph loading",
        "serialized_weight_bytes": 317339788,
        "storage_expansion_factor": 2
      },
      "vulkan_layers": 83,
      "weight_io": "buffered"
    },
    {
      "awa_cpu": 0,
      "awa_vulkan": 1,
      "awa_windows": 1,
      "backend": "ncnn-vulkan",
      "compute_ms": 279.964319,
      "cpu_layers": 0,
      "cpu_temporal_encoder_direct_convolution": false,
      "id": "block-07",
      "layers": 83,
      "load_ms": 260.283075,
      "memory": {
        "activation_offload": false,
        "actual_weight_memory": "not_instrumented",
        "after_load": {
          "budget_bytes": 5454954496,
          "heap_index": 0,
          "source": "VK_EXT_memory_budget_estimate",
          "usage_bytes": 835256320
        },
        "after_release": {
          "budget_bytes": 5455085568,
          "heap_index": 0,
          "source": "VK_EXT_memory_budget_estimate",
          "usage_bytes": 186449920
        },
        "available_bytes": 5268373504,
        "before_load": {
          "budget_bytes": 5454823424,
          "heap_index": 0,
          "source": "VK_EXT_memory_budget_estimate",
          "usage_bytes": 186449920
        },
        "estimated_weight_bytes": 1269359152,
        "oom_recovery": false,
        "policy": "auto",
        "reason": "budget_available",
        "requested_memory": "device",
        "reserve_bytes": 1363705856,
        "reserve_policy": "quarter_heap_budget",
        "scope": "weight placement before graph loading",
        "serialized_weight_bytes": 317339788,
        "storage_expansion_factor": 2
      },
      "vulkan_layers": 83,
      "weight_io": "buffered"
    },
    {
      "awa_cpu": 0,
      "awa_vulkan": 1,
      "awa_windows": 1,
      "backend": "ncnn-vulkan",
      "compute_ms": 279.830566,
      "cpu_layers": 0,
      "cpu_temporal_encoder_direct_convolution": false,
      "id": "block-08",
      "layers": 83,
      "load_ms": 258.75683,
      "memory": {
        "activation_offload": false,
        "actual_weight_memory": "not_instrumented",
        "after_load": {
          "budget_bytes": 5454954496,
          "heap_index": 0,
          "source": "VK_EXT_memory_budget_estimate",
          "usage_bytes": 835256320
        },
        "after_release": {
          "budget_bytes": 5459279872,
          "heap_index": 0,
          "source": "VK_EXT_memory_budget_estimate",
          "usage_bytes": 186449920
        },
        "available_bytes": 5268635648,
        "before_load": {
          "budget_bytes": 5455085568,
          "heap_index": 0,
          "source": "VK_EXT_memory_budget_estimate",
          "usage_bytes": 186449920
        },
        "estimated_weight_bytes": 1269359152,
        "oom_recovery": false,
        "policy": "auto",
        "reason": "budget_available",
        "requested_memory": "device",
        "reserve_bytes": 1363771392,
        "reserve_policy": "quarter_heap_budget",
        "scope": "weight placement before graph loading",
        "serialized_weight_bytes": 317339788,
        "storage_expansion_factor": 2
      },
      "vulkan_layers": 83,
      "weight_io": "buffered"
    },
    {
      "awa_cpu": 0,
      "awa_vulkan": 1,
      "awa_windows": 1,
      "backend": "ncnn-vulkan",
      "compute_ms": 281.690191,
      "cpu_layers": 0,
      "cpu_temporal_encoder_direct_convolution": false,
      "id": "block-09",
      "layers": 83,
      "load_ms": 266.984643,
      "memory": {
        "activation_offload": false,
        "actual_weight_memory": "not_instrumented",
        "after_load": {
          "budget_bytes": 5437325312,
          "heap_index": 0,
          "source": "VK_EXT_memory_budget_estimate",
          "usage_bytes": 835256320
        },
        "after_release": {
          "budget_bytes": 5437456384,
          "heap_index": 0,
          "source": "VK_EXT_memory_budget_estimate",
          "usage_bytes": 186449920
        },
        "available_bytes": 5272829952,
        "before_load": {
          "budget_bytes": 5459279872,
          "heap_index": 0,
          "source": "VK_EXT_memory_budget_estimate",
          "usage_bytes": 186449920
        },
        "estimated_weight_bytes": 1269359152,
        "oom_recovery": false,
        "policy": "auto",
        "reason": "budget_available",
        "requested_memory": "device",
        "reserve_bytes": 1364819968,
        "reserve_policy": "quarter_heap_budget",
        "scope": "weight placement before graph loading",
        "serialized_weight_bytes": 317339788,
        "storage_expansion_factor": 2
      },
      "vulkan_layers": 83,
      "weight_io": "buffered"
    },
    {
      "awa_cpu": 0,
      "awa_vulkan": 1,
      "awa_windows": 1,
      "backend": "ncnn-vulkan",
      "compute_ms": 279.010355,
      "cpu_layers": 0,
      "cpu_temporal_encoder_direct_convolution": false,
      "id": "block-10",
      "layers": 83,
      "load_ms": 256.591908,
      "memory": {
        "activation_offload": false,
        "actual_weight_memory": "not_instrumented",
        "after_load": {
          "budget_bytes": 5437063168,
          "heap_index": 0,
          "source": "VK_EXT_memory_budget_estimate",
          "usage_bytes": 834863104
        },
        "after_release": {
          "budget_bytes": 5452333056,
          "heap_index": 0,
          "source": "VK_EXT_memory_budget_estimate",
          "usage_bytes": 186449920
        },
        "available_bytes": 5251006464,
        "before_load": {
          "budget_bytes": 5437456384,
          "heap_index": 0,
          "source": "VK_EXT_memory_budget_estimate",
          "usage_bytes": 186449920
        },
        "estimated_weight_bytes": 1269113392,
        "oom_recovery": false,
        "policy": "auto",
        "reason": "budget_available",
        "requested_memory": "device",
        "reserve_bytes": 1359364096,
        "reserve_policy": "quarter_heap_budget",
        "scope": "weight placement before graph loading",
        "serialized_weight_bytes": 317278348,
        "storage_expansion_factor": 2
      },
      "vulkan_layers": 83,
      "weight_io": "buffered"
    },
    {
      "awa_cpu": 0,
      "awa_vulkan": 1,
      "awa_windows": 1,
      "backend": "ncnn-vulkan",
      "compute_ms": 282.783869,
      "cpu_layers": 0,
      "cpu_temporal_encoder_direct_convolution": false,
      "id": "block-11",
      "layers": 83,
      "load_ms": 267.901606,
      "memory": {
        "activation_offload": false,
        "actual_weight_memory": "not_instrumented",
        "after_load": {
          "budget_bytes": 5453512704,
          "heap_index": 0,
          "source": "VK_EXT_memory_budget_estimate",
          "usage_bytes": 834863104
        },
        "after_release": {
          "budget_bytes": 5453381632,
          "heap_index": 0,
          "source": "VK_EXT_memory_budget_estimate",
          "usage_bytes": 186449920
        },
        "available_bytes": 5265883136,
        "before_load": {
          "budget_bytes": 5452333056,
          "heap_index": 0,
          "source": "VK_EXT_memory_budget_estimate",
          "usage_bytes": 186449920
        },
        "estimated_weight_bytes": 1269113392,
        "oom_recovery": false,
        "policy": "auto",
        "reason": "budget_available",
        "requested_memory": "device",
        "reserve_bytes": 1363083264,
        "reserve_policy": "quarter_heap_budget",
        "scope": "weight placement before graph loading",
        "serialized_weight_bytes": 317278348,
        "storage_expansion_factor": 2
      },
      "vulkan_layers": 83,
      "weight_io": "buffered"
    },
    {
      "awa_cpu": 0,
      "awa_vulkan": 1,
      "awa_windows": 1,
      "backend": "ncnn-vulkan",
      "compute_ms": 272.821586,
      "cpu_layers": 0,
      "cpu_temporal_encoder_direct_convolution": false,
      "id": "block-12",
      "layers": 83,
      "load_ms": 284.02785,
      "memory": {
        "activation_offload": false,
        "actual_weight_memory": "not_instrumented",
        "after_load": {
          "budget_bytes": 5453250560,
          "heap_index": 0,
          "source": "VK_EXT_memory_budget_estimate",
          "usage_bytes": 834863104
        },
        "after_release": {
          "budget_bytes": 5427298304,
          "heap_index": 0,
          "source": "VK_EXT_memory_budget_estimate",
          "usage_bytes": 186449920
        },
        "available_bytes": 5266931712,
        "before_load": {
          "budget_bytes": 5453381632,
          "heap_index": 0,
          "source": "VK_EXT_memory_budget_estimate",
          "usage_bytes": 186449920
        },
        "estimated_weight_bytes": 1269113392,
        "oom_recovery": false,
        "policy": "auto",
        "reason": "budget_available",
        "requested_memory": "device",
        "reserve_bytes": 1363345408,
        "reserve_policy": "quarter_heap_budget",
        "scope": "weight placement before graph loading",
        "serialized_weight_bytes": 317278348,
        "storage_expansion_factor": 2
      },
      "vulkan_layers": 83,
      "weight_io": "buffered"
    },
    {
      "awa_cpu": 0,
      "awa_vulkan": 1,
      "awa_windows": 1,
      "backend": "ncnn-vulkan",
      "compute_ms": 275.176117,
      "cpu_layers": 0,
      "cpu_temporal_encoder_direct_convolution": false,
      "id": "block-13",
      "layers": 83,
      "load_ms": 305.10339,
      "memory": {
        "activation_offload": false,
        "actual_weight_memory": "not_instrumented",
        "after_load": {
          "budget_bytes": 5427167232,
          "heap_index": 0,
          "source": "VK_EXT_memory_budget_estimate",
          "usage_bytes": 834863104
        },
        "after_release": {
          "budget_bytes": 5427298304,
          "heap_index": 0,
          "source": "VK_EXT_memory_budget_estimate",
          "usage_bytes": 186449920
        },
        "available_bytes": 5240848384,
        "before_load": {
          "budget_bytes": 5427298304,
          "heap_index": 0,
          "source": "VK_EXT_memory_budget_estimate",
          "usage_bytes": 186449920
        },
        "estimated_weight_bytes": 1269113392,
        "oom_recovery": false,
        "policy": "auto",
        "reason": "budget_available",
        "requested_memory": "device",
        "reserve_bytes": 1356824576,
        "reserve_policy": "quarter_heap_budget",
        "scope": "weight placement before graph loading",
        "serialized_weight_bytes": 317278348,
        "storage_expansion_factor": 2
      },
      "vulkan_layers": 83,
      "weight_io": "buffered"
    },
    {
      "awa_cpu": 0,
      "awa_vulkan": 1,
      "awa_windows": 1,
      "backend": "ncnn-vulkan",
      "compute_ms": 281.377801,
      "cpu_layers": 0,
      "cpu_temporal_encoder_direct_convolution": false,
      "id": "block-14",
      "layers": 83,
      "load_ms": 323.981955,
      "memory": {
        "activation_offload": false,
        "actual_weight_memory": "not_instrumented",
        "after_load": {
          "budget_bytes": 5437128704,
          "heap_index": 0,
          "source": "VK_EXT_memory_budget_estimate",
          "usage_bytes": 834863104
        },
        "after_release": {
          "budget_bytes": 5402722304,
          "heap_index": 0,
          "source": "VK_EXT_memory_budget_estimate",
          "usage_bytes": 186449920
        },
        "available_bytes": 5240848384,
        "before_load": {
          "budget_bytes": 5427298304,
          "heap_index": 0,
          "source": "VK_EXT_memory_budget_estimate",
          "usage_bytes": 186449920
        },
        "estimated_weight_bytes": 1269113392,
        "oom_recovery": false,
        "policy": "auto",
        "reason": "budget_available",
        "requested_memory": "device",
        "reserve_bytes": 1356824576,
        "reserve_policy": "quarter_heap_budget",
        "scope": "weight placement before graph loading",
        "serialized_weight_bytes": 317278348,
        "storage_expansion_factor": 2
      },
      "vulkan_layers": 83,
      "weight_io": "buffered"
    },
    {
      "awa_cpu": 0,
      "awa_vulkan": 1,
      "awa_windows": 1,
      "backend": "ncnn-vulkan",
      "compute_ms": 265.408453,
      "cpu_layers": 0,
      "cpu_temporal_encoder_direct_convolution": false,
      "id": "block-15",
      "layers": 83,
      "load_ms": 297.774486,
      "memory": {
        "activation_offload": false,
        "actual_weight_memory": "not_instrumented",
        "after_load": {
          "budget_bytes": 5402591232,
          "heap_index": 0,
          "source": "VK_EXT_memory_budget_estimate",
          "usage_bytes": 834863104
        },
        "after_release": {
          "budget_bytes": 5402722304,
          "heap_index": 0,
          "source": "VK_EXT_memory_budget_estimate",
          "usage_bytes": 186449920
        },
        "available_bytes": 5216272384,
        "before_load": {
          "budget_bytes": 5402722304,
          "heap_index": 0,
          "source": "VK_EXT_memory_budget_estimate",
          "usage_bytes": 186449920
        },
        "estimated_weight_bytes": 1269113392,
        "oom_recovery": false,
        "policy": "auto",
        "reason": "budget_available",
        "requested_memory": "device",
        "reserve_bytes": 1350680576,
        "reserve_policy": "quarter_heap_budget",
        "scope": "weight placement before graph loading",
        "serialized_weight_bytes": 317278348,
        "storage_expansion_factor": 2
      },
      "vulkan_layers": 83,
      "weight_io": "buffered"
    },
    {
      "awa_cpu": 0,
      "awa_vulkan": 1,
      "awa_windows": 1,
      "backend": "ncnn-vulkan",
      "compute_ms": 265.245776,
      "cpu_layers": 0,
      "cpu_temporal_encoder_direct_convolution": false,
      "id": "block-16",
      "layers": 83,
      "load_ms": 322.224884,
      "memory": {
        "activation_offload": false,
        "actual_weight_memory": "not_instrumented",
        "after_load": {
          "budget_bytes": 5403115520,
          "heap_index": 0,
          "source": "VK_EXT_memory_budget_estimate",
          "usage_bytes": 834863104
        },
        "after_release": {
          "budget_bytes": 5392498688,
          "heap_index": 0,
          "source": "VK_EXT_memory_budget_estimate",
          "usage_bytes": 186449920
        },
        "available_bytes": 5216272384,
        "before_load": {
          "budget_bytes": 5402722304,
          "heap_index": 0,
          "source": "VK_EXT_memory_budget_estimate",
          "usage_bytes": 186449920
        },
        "estimated_weight_bytes": 1269113392,
        "oom_recovery": false,
        "policy": "auto",
        "reason": "budget_available",
        "requested_memory": "device",
        "reserve_bytes": 1350680576,
        "reserve_policy": "quarter_heap_budget",
        "scope": "weight placement before graph loading",
        "serialized_weight_bytes": 317278348,
        "storage_expansion_factor": 2
      },
      "vulkan_layers": 83,
      "weight_io": "buffered"
    },
    {
      "awa_cpu": 0,
      "awa_vulkan": 1,
      "awa_windows": 1,
      "backend": "ncnn-vulkan",
      "compute_ms": 269.838217,
      "cpu_layers": 0,
      "cpu_temporal_encoder_direct_convolution": false,
      "id": "block-17",
      "layers": 83,
      "load_ms": 298.285932,
      "memory": {
        "activation_offload": false,
        "actual_weight_memory": "not_instrumented",
        "after_load": {
          "budget_bytes": 5309857792,
          "heap_index": 0,
          "source": "VK_EXT_memory_budget_estimate",
          "usage_bytes": 834863104
        },
        "after_release": {
          "budget_bytes": 5314379776,
          "heap_index": 0,
          "source": "VK_EXT_memory_budget_estimate",
          "usage_bytes": 186449920
        },
        "available_bytes": 5206048768,
        "before_load": {
          "budget_bytes": 5392498688,
          "heap_index": 0,
          "source": "VK_EXT_memory_budget_estimate",
          "usage_bytes": 186449920
        },
        "estimated_weight_bytes": 1269113392,
        "oom_recovery": false,
        "policy": "auto",
        "reason": "budget_available",
        "requested_memory": "device",
        "reserve_bytes": 1348124672,
        "reserve_policy": "quarter_heap_budget",
        "scope": "weight placement before graph loading",
        "serialized_weight_bytes": 317278348,
        "storage_expansion_factor": 2
      },
      "vulkan_layers": 83,
      "weight_io": "buffered"
    },
    {
      "awa_cpu": 0,
      "awa_vulkan": 1,
      "awa_windows": 1,
      "backend": "ncnn-vulkan",
      "compute_ms": 407.089915,
      "cpu_layers": 0,
      "cpu_temporal_encoder_direct_convolution": false,
      "id": "block-18",
      "layers": 83,
      "load_ms": 315.48832,
      "memory": {
        "activation_offload": false,
        "actual_weight_memory": "not_instrumented",
        "after_load": {
          "budget_bytes": 5314248704,
          "heap_index": 0,
          "source": "VK_EXT_memory_budget_estimate",
          "usage_bytes": 834863104
        },
        "after_release": {
          "budget_bytes": 5320998912,
          "heap_index": 0,
          "source": "VK_EXT_memory_budget_estimate",
          "usage_bytes": 186449920
        },
        "available_bytes": 5127929856,
        "before_load": {
          "budget_bytes": 5314379776,
          "heap_index": 0,
          "source": "VK_EXT_memory_budget_estimate",
          "usage_bytes": 186449920
        },
        "estimated_weight_bytes": 1269113392,
        "oom_recovery": false,
        "policy": "auto",
        "reason": "budget_available",
        "requested_memory": "device",
        "reserve_bytes": 1328594944,
        "reserve_policy": "quarter_heap_budget",
        "scope": "weight placement before graph loading",
        "serialized_weight_bytes": 317278348,
        "storage_expansion_factor": 2
      },
      "vulkan_layers": 83,
      "weight_io": "buffered"
    },
    {
      "awa_cpu": 0,
      "awa_vulkan": 1,
      "awa_windows": 1,
      "backend": "ncnn-vulkan",
      "compute_ms": 394.177417,
      "cpu_layers": 0,
      "cpu_temporal_encoder_direct_convolution": false,
      "id": "block-19",
      "layers": 83,
      "load_ms": 362.405247,
      "memory": {
        "activation_offload": false,
        "actual_weight_memory": "not_instrumented",
        "after_load": {
          "budget_bytes": 5329780736,
          "heap_index": 0,
          "source": "VK_EXT_memory_budget_estimate",
          "usage_bytes": 834863104
        },
        "after_release": {
          "budget_bytes": 5293211648,
          "heap_index": 0,
          "source": "VK_EXT_memory_budget_estimate",
          "usage_bytes": 186449920
        },
        "available_bytes": 5134548992,
        "before_load": {
          "budget_bytes": 5320998912,
          "heap_index": 0,
          "source": "VK_EXT_memory_budget_estimate",
          "usage_bytes": 186449920
        },
        "estimated_weight_bytes": 1269113392,
        "oom_recovery": false,
        "policy": "auto",
        "reason": "budget_available",
        "requested_memory": "device",
        "reserve_bytes": 1330249728,
        "reserve_policy": "quarter_heap_budget",
        "scope": "weight placement before graph loading",
        "serialized_weight_bytes": 317278348,
        "storage_expansion_factor": 2
      },
      "vulkan_layers": 83,
      "weight_io": "buffered"
    },
    {
      "awa_cpu": 0,
      "awa_vulkan": 1,
      "awa_windows": 1,
      "backend": "ncnn-vulkan",
      "compute_ms": 274.384281,
      "cpu_layers": 0,
      "cpu_temporal_encoder_direct_convolution": false,
      "id": "block-20",
      "layers": 83,
      "load_ms": 306.165858,
      "memory": {
        "activation_offload": false,
        "actual_weight_memory": "not_instrumented",
        "after_load": {
          "budget_bytes": 5292883968,
          "heap_index": 0,
          "source": "VK_EXT_memory_budget_estimate",
          "usage_bytes": 834863104
        },
        "after_release": {
          "budget_bytes": 5328076800,
          "heap_index": 0,
          "source": "VK_EXT_memory_budget_estimate",
          "usage_bytes": 186449920
        },
        "available_bytes": 5106761728,
        "before_load": {
          "budget_bytes": 5293211648,
          "heap_index": 0,
          "source": "VK_EXT_memory_budget_estimate",
          "usage_bytes": 186449920
        },
        "estimated_weight_bytes": 1269113392,
        "oom_recovery": false,
        "policy": "auto",
        "reason": "budget_available",
        "requested_memory": "device",
        "reserve_bytes": 1323302912,
        "reserve_policy": "quarter_heap_budget",
        "scope": "weight placement before graph loading",
        "serialized_weight_bytes": 317278348,
        "storage_expansion_factor": 2
      },
      "vulkan_layers": 83,
      "weight_io": "buffered"
    },
    {
      "awa_cpu": 0,
      "awa_vulkan": 1,
      "awa_windows": 1,
      "backend": "ncnn-vulkan",
      "compute_ms": 271.222584,
      "cpu_layers": 0,
      "cpu_temporal_encoder_direct_convolution": false,
      "id": "block-21",
      "layers": 83,
      "load_ms": 303.152872,
      "memory": {
        "activation_offload": false,
        "actual_weight_memory": "not_instrumented",
        "after_load": {
          "budget_bytes": 5328207872,
          "heap_index": 0,
          "source": "VK_EXT_memory_budget_estimate",
          "usage_bytes": 834863104
        },
        "after_release": {
          "budget_bytes": 5328338944,
          "heap_index": 0,
          "source": "VK_EXT_memory_budget_estimate",
          "usage_bytes": 186449920
        },
        "available_bytes": 5141626880,
        "before_load": {
          "budget_bytes": 5328076800,
          "heap_index": 0,
          "source": "VK_EXT_memory_budget_estimate",
          "usage_bytes": 186449920
        },
        "estimated_weight_bytes": 1269113392,
        "oom_recovery": false,
        "policy": "auto",
        "reason": "budget_available",
        "requested_memory": "device",
        "reserve_bytes": 1332019200,
        "reserve_policy": "quarter_heap_budget",
        "scope": "weight placement before graph loading",
        "serialized_weight_bytes": 317278348,
        "storage_expansion_factor": 2
      },
      "vulkan_layers": 83,
      "weight_io": "buffered"
    },
    {
      "awa_cpu": 0,
      "awa_vulkan": 1,
      "awa_windows": 1,
      "backend": "ncnn-vulkan",
      "compute_ms": 276.787022,
      "cpu_layers": 0,
      "cpu_temporal_encoder_direct_convolution": false,
      "id": "block-22",
      "layers": 83,
      "load_ms": 282.947107,
      "memory": {
        "activation_offload": false,
        "actual_weight_memory": "not_instrumented",
        "after_load": {
          "budget_bytes": 5395775488,
          "heap_index": 0,
          "source": "VK_EXT_memory_budget_estimate",
          "usage_bytes": 834863104
        },
        "after_release": {
          "budget_bytes": 6230704128,
          "heap_index": 0,
          "source": "VK_EXT_memory_budget_estimate",
          "usage_bytes": 186449920
        },
        "available_bytes": 5141889024,
        "before_load": {
          "budget_bytes": 5328338944,
          "heap_index": 0,
          "source": "VK_EXT_memory_budget_estimate",
          "usage_bytes": 186449920
        },
        "estimated_weight_bytes": 1269113392,
        "oom_recovery": false,
        "policy": "auto",
        "reason": "budget_available",
        "requested_memory": "device",
        "reserve_bytes": 1332084736,
        "reserve_policy": "quarter_heap_budget",
        "scope": "weight placement before graph loading",
        "serialized_weight_bytes": 317278348,
        "storage_expansion_factor": 2
      },
      "vulkan_layers": 83,
      "weight_io": "buffered"
    },
    {
      "awa_cpu": 0,
      "awa_vulkan": 1,
      "awa_windows": 1,
      "backend": "ncnn-vulkan",
      "compute_ms": 274.408937,
      "cpu_layers": 0,
      "cpu_temporal_encoder_direct_convolution": false,
      "id": "block-23",
      "layers": 83,
      "load_ms": 306.804164,
      "memory": {
        "activation_offload": false,
        "actual_weight_memory": "not_instrumented",
        "after_load": {
          "budget_bytes": 6230638592,
          "heap_index": 0,
          "source": "VK_EXT_memory_budget_estimate",
          "usage_bytes": 834863104
        },
        "after_release": {
          "budget_bytes": 6230769664,
          "heap_index": 0,
          "source": "VK_EXT_memory_budget_estimate",
          "usage_bytes": 186449920
        },
        "available_bytes": 6044254208,
        "before_load": {
          "budget_bytes": 6230704128,
          "heap_index": 0,
          "source": "VK_EXT_memory_budget_estimate",
          "usage_bytes": 186449920
        },
        "estimated_weight_bytes": 1269113392,
        "oom_recovery": false,
        "policy": "auto",
        "reason": "budget_available",
        "requested_memory": "device",
        "reserve_bytes": 1557676032,
        "reserve_policy": "quarter_heap_budget",
        "scope": "weight placement before graph loading",
        "serialized_weight_bytes": 317278348,
        "storage_expansion_factor": 2
      },
      "vulkan_layers": 83,
      "weight_io": "buffered"
    },
    {
      "awa_cpu": 0,
      "awa_vulkan": 1,
      "awa_windows": 1,
      "backend": "ncnn-vulkan",
      "compute_ms": 318.433578,
      "cpu_layers": 0,
      "cpu_temporal_encoder_direct_convolution": false,
      "id": "block-24",
      "layers": 83,
      "load_ms": 293.507509,
      "memory": {
        "activation_offload": false,
        "actual_weight_memory": "not_instrumented",
        "after_load": {
          "budget_bytes": 6229721088,
          "heap_index": 0,
          "source": "VK_EXT_memory_budget_estimate",
          "usage_bytes": 834863104
        },
        "after_release": {
          "budget_bytes": 6235553792,
          "heap_index": 0,
          "source": "VK_EXT_memory_budget_estimate",
          "usage_bytes": 186449920
        },
        "available_bytes": 6044319744,
        "before_load": {
          "budget_bytes": 6230769664,
          "heap_index": 0,
          "source": "VK_EXT_memory_budget_estimate",
          "usage_bytes": 186449920
        },
        "estimated_weight_bytes": 1269113392,
        "oom_recovery": false,
        "policy": "auto",
        "reason": "budget_available",
        "requested_memory": "device",
        "reserve_bytes": 1557692416,
        "reserve_policy": "quarter_heap_budget",
        "scope": "weight placement before graph loading",
        "serialized_weight_bytes": 317278348,
        "storage_expansion_factor": 2
      },
      "vulkan_layers": 83,
      "weight_io": "buffered"
    },
    {
      "awa_cpu": 0,
      "awa_vulkan": 1,
      "awa_windows": 1,
      "backend": "ncnn-vulkan",
      "compute_ms": 259.88862,
      "cpu_layers": 0,
      "cpu_temporal_encoder_direct_convolution": false,
      "id": "block-25",
      "layers": 83,
      "load_ms": 277.749131,
      "memory": {
        "activation_offload": false,
        "actual_weight_memory": "not_instrumented",
        "after_load": {
          "budget_bytes": 6233456640,
          "heap_index": 0,
          "source": "VK_EXT_memory_budget_estimate",
          "usage_bytes": 834863104
        },
        "after_release": {
          "budget_bytes": 6233784320,
          "heap_index": 0,
          "source": "VK_EXT_memory_budget_estimate",
          "usage_bytes": 186449920
        },
        "available_bytes": 6049103872,
        "before_load": {
          "budget_bytes": 6235553792,
          "heap_index": 0,
          "source": "VK_EXT_memory_budget_estimate",
          "usage_bytes": 186449920
        },
        "estimated_weight_bytes": 1269113392,
        "oom_recovery": false,
        "policy": "auto",
        "reason": "budget_available",
        "requested_memory": "device",
        "reserve_bytes": 1558888448,
        "reserve_policy": "quarter_heap_budget",
        "scope": "weight placement before graph loading",
        "serialized_weight_bytes": 317278348,
        "storage_expansion_factor": 2
      },
      "vulkan_layers": 83,
      "weight_io": "buffered"
    },
    {
      "awa_cpu": 0,
      "awa_vulkan": 1,
      "awa_windows": 1,
      "backend": "ncnn-vulkan",
      "compute_ms": 307.61643,
      "cpu_layers": 0,
      "cpu_temporal_encoder_direct_convolution": false,
      "id": "block-26",
      "layers": 83,
      "load_ms": 298.441045,
      "memory": {
        "activation_offload": false,
        "actual_weight_memory": "not_instrumented",
        "after_load": {
          "budget_bytes": 6202064896,
          "heap_index": 0,
          "source": "VK_EXT_memory_budget_estimate",
          "usage_bytes": 834863104
        },
        "after_release": {
          "budget_bytes": 6207635456,
          "heap_index": 0,
          "source": "VK_EXT_memory_budget_estimate",
          "usage_bytes": 186449920
        },
        "available_bytes": 6047334400,
        "before_load": {
          "budget_bytes": 6233784320,
          "heap_index": 0,
          "source": "VK_EXT_memory_budget_estimate",
          "usage_bytes": 186449920
        },
        "estimated_weight_bytes": 1269113392,
        "oom_recovery": false,
        "policy": "auto",
        "reason": "budget_available",
        "requested_memory": "device",
        "reserve_bytes": 1558446080,
        "reserve_policy": "quarter_heap_budget",
        "scope": "weight placement before graph loading",
        "serialized_weight_bytes": 317278348,
        "storage_expansion_factor": 2
      },
      "vulkan_layers": 83,
      "weight_io": "buffered"
    },
    {
      "awa_cpu": 0,
      "awa_vulkan": 1,
      "awa_windows": 1,
      "backend": "ncnn-vulkan",
      "compute_ms": 273.121473,
      "cpu_layers": 0,
      "cpu_temporal_encoder_direct_convolution": false,
      "id": "block-27",
      "layers": 83,
      "load_ms": 292.116941,
      "memory": {
        "activation_offload": false,
        "actual_weight_memory": "not_instrumented",
        "after_load": {
          "budget_bytes": 6225330176,
          "heap_index": 0,
          "source": "VK_EXT_memory_budget_estimate",
          "usage_bytes": 834863104
        },
        "after_release": {
          "budget_bytes": 6246236160,
          "heap_index": 0,
          "source": "VK_EXT_memory_budget_estimate",
          "usage_bytes": 186449920
        },
        "available_bytes": 6039011328,
        "before_load": {
          "budget_bytes": 6225461248,
          "heap_index": 0,
          "source": "VK_EXT_memory_budget_estimate",
          "usage_bytes": 186449920
        },
        "estimated_weight_bytes": 1269113392,
        "oom_recovery": false,
        "policy": "auto",
        "reason": "budget_available",
        "requested_memory": "device",
        "reserve_bytes": 1556365312,
        "reserve_policy": "quarter_heap_budget",
        "scope": "weight placement before graph loading",
        "serialized_weight_bytes": 317278348,
        "storage_expansion_factor": 2
      },
      "vulkan_layers": 83,
      "weight_io": "buffered"
    },
    {
      "awa_cpu": 0,
      "awa_vulkan": 1,
      "awa_windows": 1,
      "backend": "ncnn-vulkan",
      "compute_ms": 275.573478,
      "cpu_layers": 0,
      "cpu_temporal_encoder_direct_convolution": false,
      "id": "block-28",
      "layers": 83,
      "load_ms": 297.900894,
      "memory": {
        "activation_offload": false,
        "actual_weight_memory": "not_instrumented",
        "after_load": {
          "budget_bytes": 6244728832,
          "heap_index": 0,
          "source": "VK_EXT_memory_budget_estimate",
          "usage_bytes": 834863104
        },
        "after_release": {
          "budget_bytes": 6249054208,
          "heap_index": 0,
          "source": "VK_EXT_memory_budget_estimate",
          "usage_bytes": 186449920
        },
        "available_bytes": 6058278912,
        "before_load": {
          "budget_bytes": 6244728832,
          "heap_index": 0,
          "source": "VK_EXT_memory_budget_estimate",
          "usage_bytes": 186449920
        },
        "estimated_weight_bytes": 1269113392,
        "oom_recovery": false,
        "policy": "auto",
        "reason": "budget_available",
        "requested_memory": "device",
        "reserve_bytes": 1561182208,
        "reserve_policy": "quarter_heap_budget",
        "scope": "weight placement before graph loading",
        "serialized_weight_bytes": 317278348,
        "storage_expansion_factor": 2
      },
      "vulkan_layers": 83,
      "weight_io": "buffered"
    },
    {
      "awa_cpu": 0,
      "awa_vulkan": 1,
      "awa_windows": 1,
      "backend": "ncnn-vulkan",
      "compute_ms": 294.52878,
      "cpu_layers": 0,
      "cpu_temporal_encoder_direct_convolution": false,
      "id": "block-29",
      "layers": 83,
      "load_ms": 283.361521,
      "memory": {
        "activation_offload": false,
        "actual_weight_memory": "not_instrumented",
        "after_load": {
          "budget_bytes": 6248660992,
          "heap_index": 0,
          "source": "VK_EXT_memory_budget_estimate",
          "usage_bytes": 834863104
        },
        "after_release": {
          "budget_bytes": 6249971712,
          "heap_index": 0,
          "source": "VK_EXT_memory_budget_estimate",
          "usage_bytes": 186449920
        },
        "available_bytes": 6062604288,
        "before_load": {
          "budget_bytes": 6249054208,
          "heap_index": 0,
          "source": "VK_EXT_memory_budget_estimate",
          "usage_bytes": 186449920
        },
        "estimated_weight_bytes": 1269113392,
        "oom_recovery": false,
        "policy": "auto",
        "reason": "budget_available",
        "requested_memory": "device",
        "reserve_bytes": 1562263552,
        "reserve_policy": "quarter_heap_budget",
        "scope": "weight placement before graph loading",
        "serialized_weight_bytes": 317278348,
        "storage_expansion_factor": 2
      },
      "vulkan_layers": 83,
      "weight_io": "buffered"
    },
    {
      "awa_cpu": 0,
      "awa_vulkan": 1,
      "awa_windows": 1,
      "backend": "ncnn-vulkan",
      "compute_ms": 277.054228,
      "cpu_layers": 0,
      "cpu_temporal_encoder_direct_convolution": false,
      "id": "block-30",
      "layers": 83,
      "load_ms": 305.745072,
      "memory": {
        "activation_offload": false,
        "actual_weight_memory": "not_instrumented",
        "after_load": {
          "budget_bytes": 6249840640,
          "heap_index": 0,
          "source": "VK_EXT_memory_budget_estimate",
          "usage_bytes": 834863104
        },
        "after_release": {
          "budget_bytes": 6249971712,
          "heap_index": 0,
          "source": "VK_EXT_memory_budget_estimate",
          "usage_bytes": 186449920
        },
        "available_bytes": 6063521792,
        "before_load": {
          "budget_bytes": 6249971712,
          "heap_index": 0,
          "source": "VK_EXT_memory_budget_estimate",
          "usage_bytes": 186449920
        },
        "estimated_weight_bytes": 1269113392,
        "oom_recovery": false,
        "policy": "auto",
        "reason": "budget_available",
        "requested_memory": "device",
        "reserve_bytes": 1562492928,
        "reserve_policy": "quarter_heap_budget",
        "scope": "weight placement before graph loading",
        "serialized_weight_bytes": 317278348,
        "storage_expansion_factor": 2
      },
      "vulkan_layers": 83,
      "weight_io": "buffered"
    },
    {
      "awa_cpu": 0,
      "awa_vulkan": 1,
      "awa_windows": 1,
      "backend": "ncnn-vulkan",
      "compute_ms": 247.098011,
      "cpu_layers": 0,
      "cpu_temporal_encoder_direct_convolution": false,
      "id": "block-31",
      "layers": 51,
      "load_ms": 211.409679,
      "memory": {
        "activation_offload": false,
        "actual_weight_memory": "not_instrumented",
        "after_load": {
          "budget_bytes": 6255280128,
          "heap_index": 0,
          "source": "VK_EXT_memory_budget_estimate",
          "usage_bytes": 620953600
        },
        "after_release": {
          "budget_bytes": 6255411200,
          "heap_index": 0,
          "source": "VK_EXT_memory_budget_estimate",
          "usage_bytes": 186449920
        },
        "available_bytes": 6063521792,
        "before_load": {
          "budget_bytes": 6249971712,
          "heap_index": 0,
          "source": "VK_EXT_memory_budget_estimate",
          "usage_bytes": 186449920
        },
        "estimated_weight_bytes": 844440064,
        "oom_recovery": false,
        "policy": "auto",
        "reason": "budget_available",
        "requested_memory": "device",
        "reserve_bytes": 1562492928,
        "reserve_policy": "quarter_heap_budget",
        "scope": "weight placement before graph loading",
        "serialized_weight_bytes": 211110016,
        "storage_expansion_factor": 2
      },
      "vulkan_layers": 51,
      "weight_io": "buffered"
    },
    {
      "awa_cpu": 0,
      "awa_vulkan": 0,
      "awa_windows": 0,
      "backend": "ncnn-vulkan",
      "compute_ms": 4.328232,
      "cpu_layers": 0,
      "cpu_temporal_encoder_direct_convolution": false,
      "id": "patch-out",
      "layers": 6,
      "load_ms": 34.460561,
      "memory": {
        "activation_offload": false,
        "actual_weight_memory": "not_instrumented",
        "after_load": {
          "budget_bytes": 6255411200,
          "heap_index": 0,
          "source": "VK_EXT_memory_budget_estimate",
          "usage_bytes": 194969600
        },
        "after_release": {
          "budget_bytes": 6255411200,
          "heap_index": 0,
          "source": "VK_EXT_memory_budget_estimate",
          "usage_bytes": 186449920
        },
        "available_bytes": 6068961280,
        "before_load": {
          "budget_bytes": 6255411200,
          "heap_index": 0,
          "source": "VK_EXT_memory_budget_estimate",
          "usage_bytes": 186449920
        },
        "estimated_weight_bytes": 1372680,
        "oom_recovery": false,
        "policy": "auto",
        "reason": "budget_available",
        "requested_memory": "device",
        "reserve_bytes": 1563852800,
        "reserve_policy": "quarter_heap_budget",
        "scope": "weight placement before graph loading",
        "serialized_weight_bytes": 686340,
        "storage_expansion_factor": 1
      },
      "vulkan_layers": 6,
      "weight_io": "buffered"
    },
    {
      "awa_cpu": 0,
      "awa_vulkan": 0,
      "awa_windows": 0,
      "backend": "ncnn-vulkan",
      "compute_ms": 198.61841,
      "cpu_layers": 0,
      "cpu_temporal_encoder_direct_convolution": false,
      "id": "decoder",
      "layers": 148,
      "load_ms": 104.194079,
      "memory": {
        "activation_offload": false,
        "actual_weight_memory": "not_instrumented",
        "after_load": {
          "budget_bytes": 6255411200,
          "heap_index": 0,
          "source": "VK_EXT_memory_budget_estimate",
          "usage_bytes": 398262272
        },
        "after_release": {
          "budget_bytes": 6255411200,
          "heap_index": 0,
          "source": "VK_EXT_memory_budget_estimate",
          "usage_bytes": 491782144
        },
        "available_bytes": 6068961280,
        "before_load": {
          "budget_bytes": 6255411200,
          "heap_index": 0,
          "source": "VK_EXT_memory_budget_estimate",
          "usage_bytes": 186449920
        },
        "estimated_weight_bytes": 415279464,
        "oom_recovery": false,
        "policy": "auto",
        "reason": "budget_available",
        "requested_memory": "device",
        "reserve_bytes": 1563852800,
        "reserve_policy": "quarter_heap_budget",
        "scope": "weight placement before graph loading",
        "serialized_weight_bytes": 207639732,
        "storage_expansion_factor": 1
      },
      "vulkan_layers": 148,
      "weight_io": "buffered"
    }
  ],
  "status": "SUCCEEDED",
  "storage_precision": {
    "activation": "fp32",
    "arithmetic": "fp32",
    "dit_linear_weights": "fp16-ieee",
    "other_weights": "fp32"
  },
  "timing": {
    "graph_compute_ms": 9450.937858,
    "graph_load_ms": 9871.006568,
    "other_host_wait_and_cleanup_ms": 1001.3906450000013,
    "package_validation_ms": 6884.197559
  },
  "total_ms": 27207.53263,
  "weight_io": "buffered"
}
