{"completed":0,"elapsed_ms":4.432539,"event":"progress","stage":"validating","total":38}
{"completed":0,"elapsed_ms":6.987579,"event":"progress","stage":"validating","total":38}
{"completed":0,"elapsed_ms":92.2177,"event":"progress","stage":"validating","total":38}
{"completed":0,"elapsed_ms":205.770389,"event":"progress","stage":"validating","total":38}
{"completed":0,"elapsed_ms":394.098077,"event":"progress","stage":"validating","total":38}
{"completed":0,"elapsed_ms":581.021048,"event":"progress","stage":"validating","total":38}
{"completed":0,"elapsed_ms":789.954988,"event":"progress","stage":"validating","total":38}
{"completed":0,"elapsed_ms":980.128284,"event":"progress","stage":"validating","total":38}
{"completed":0,"elapsed_ms":1190.363242,"event":"progress","stage":"validating","total":38}
{"completed":0,"elapsed_ms":1376.713141,"event":"progress","stage":"validating","total":38}
{"completed":0,"elapsed_ms":1592.202041,"event":"progress","stage":"validating","total":38}
{"completed":0,"elapsed_ms":1752.073688,"event":"progress","stage":"validating","total":38}
{"completed":0,"elapsed_ms":1910.566268,"event":"progress","stage":"validating","total":38}
{"completed":0,"elapsed_ms":2072.591996,"event":"progress","stage":"validating","total":38}
{"completed":0,"elapsed_ms":2228.153325,"event":"progress","stage":"validating","total":38}
{"completed":0,"elapsed_ms":2385.572846,"event":"progress","stage":"validating","total":38}
{"completed":0,"elapsed_ms":2567.530231,"event":"progress","stage":"validating","total":38}
{"completed":0,"elapsed_ms":2776.880237,"event":"progress","stage":"validating","total":38}
{"completed":0,"elapsed_ms":2994.536424,"event":"progress","stage":"validating","total":38}
{"completed":0,"elapsed_ms":3203.887162,"event":"progress","stage":"validating","total":38}
{"completed":0,"elapsed_ms":3417.233291,"event":"progress","stage":"validating","total":38}
{"completed":0,"elapsed_ms":3625.376867,"event":"progress","stage":"validating","total":38}
{"completed":0,"elapsed_ms":3823.787554,"event":"progress","stage":"validating","total":38}
{"completed":0,"elapsed_ms":4025.451461,"event":"progress","stage":"validating","total":38}
{"completed":0,"elapsed_ms":4221.046806,"event":"progress","stage":"validating","total":38}
{"completed":0,"elapsed_ms":4408.641187,"event":"progress","stage":"validating","total":38}
{"completed":0,"elapsed_ms":4599.986208,"event":"progress","stage":"validating","total":38}
{"completed":0,"elapsed_ms":4798.544825,"event":"progress","stage":"validating","total":38}
{"completed":0,"elapsed_ms":4986.747676,"event":"progress","stage":"validating","total":38}
{"completed":0,"elapsed_ms":5167.098324,"event":"progress","stage":"validating","total":38}
{"completed":0,"elapsed_ms":5355.421012,"event":"progress","stage":"validating","total":38}
{"completed":0,"elapsed_ms":5545.975489,"event":"progress","stage":"validating","total":38}
{"completed":0,"elapsed_ms":5758.054573,"event":"progress","stage":"validating","total":38}
{"completed":0,"elapsed_ms":5940.91232,"event":"progress","stage":"validating","total":38}
{"completed":0,"elapsed_ms":6143.706574,"event":"progress","stage":"validating","total":38}
{"completed":0,"elapsed_ms":6284.202144,"event":"progress","stage":"validating","total":38}
{"completed":0,"elapsed_ms":6285.472816,"event":"progress","stage":"validating","total":38}
{"completed":1,"elapsed_ms":6294.909354,"event":"progress","stage":"encoding","total":38}
{"completed":2,"elapsed_ms":7316.321917,"event":"progress","stage":"sampling","total":38}
{"completed":3,"elapsed_ms":7317.300908,"event":"progress","stage":"projecting","total":38}
{"completed":4,"elapsed_ms":7320.177806,"event":"progress","stage":"block-00","total":38}
overwrite built-in layer type RMSNorm
{"completed":5,"elapsed_ms":8523.277494,"event":"progress","stage":"block-01","total":38}
overwrite built-in layer type RMSNorm
{"completed":6,"elapsed_ms":9647.984997,"event":"progress","stage":"block-02","total":38}
overwrite built-in layer type RMSNorm
{"completed":7,"elapsed_ms":10744.769858,"event":"progress","stage":"block-03","total":38}
overwrite built-in layer type RMSNorm
{"completed":8,"elapsed_ms":11793.048727,"event":"progress","stage":"block-04","total":38}
overwrite built-in layer type RMSNorm
{"completed":9,"elapsed_ms":12889.261907,"event":"progress","stage":"block-05","total":38}
overwrite built-in layer type RMSNorm
{"completed":10,"elapsed_ms":13950.744285,"event":"progress","stage":"block-06","total":38}
overwrite built-in layer type RMSNorm
{"completed":11,"elapsed_ms":15049.929272,"event":"progress","stage":"block-07","total":38}
overwrite built-in layer type RMSNorm
{"completed":12,"elapsed_ms":16095.302419,"event":"progress","stage":"block-08","total":38}
overwrite built-in layer type RMSNorm
{"completed":13,"elapsed_ms":17146.146547,"event":"progress","stage":"block-09","total":38}
overwrite built-in layer type RMSNorm
{"completed":14,"elapsed_ms":18194.514465,"event":"progress","stage":"block-10","total":38}
overwrite built-in layer type RMSNorm
{"completed":15,"elapsed_ms":19235.502713,"event":"progress","stage":"block-11","total":38}
overwrite built-in layer type RMSNorm
{"completed":16,"elapsed_ms":20224.934914,"event":"progress","stage":"block-12","total":38}
overwrite built-in layer type RMSNorm
{"completed":17,"elapsed_ms":21257.272299,"event":"progress","stage":"block-13","total":38}
overwrite built-in layer type RMSNorm
{"completed":18,"elapsed_ms":22335.087601,"event":"progress","stage":"block-14","total":38}
overwrite built-in layer type RMSNorm
{"completed":19,"elapsed_ms":23464.084412,"event":"progress","stage":"block-15","total":38}
overwrite built-in layer type RMSNorm
{"completed":20,"elapsed_ms":24597.729259,"event":"progress","stage":"block-16","total":38}
overwrite built-in layer type RMSNorm
{"completed":21,"elapsed_ms":25688.557981,"event":"progress","stage":"block-17","total":38}
overwrite built-in layer type RMSNorm
{"completed":22,"elapsed_ms":26748.03065,"event":"progress","stage":"block-18","total":38}
overwrite built-in layer type RMSNorm
{"completed":23,"elapsed_ms":27836.175147,"event":"progress","stage":"block-19","total":38}
overwrite built-in layer type RMSNorm
{"completed":24,"elapsed_ms":28895.427861,"event":"progress","stage":"block-20","total":38}
overwrite built-in layer type RMSNorm
{"completed":25,"elapsed_ms":29978.326302,"event":"progress","stage":"block-21","total":38}
overwrite built-in layer type RMSNorm
{"completed":26,"elapsed_ms":31032.824988,"event":"progress","stage":"block-22","total":38}
overwrite built-in layer type RMSNorm
{"completed":27,"elapsed_ms":32089.845903,"event":"progress","stage":"block-23","total":38}
overwrite built-in layer type RMSNorm
{"completed":28,"elapsed_ms":33138.553843,"event":"progress","stage":"block-24","total":38}
overwrite built-in layer type RMSNorm
{"completed":29,"elapsed_ms":34195.074051,"event":"progress","stage":"block-25","total":38}
overwrite built-in layer type RMSNorm
{"completed":30,"elapsed_ms":35285.715929,"event":"progress","stage":"block-26","total":38}
overwrite built-in layer type RMSNorm
{"completed":31,"elapsed_ms":36337.864383,"event":"progress","stage":"block-27","total":38}
overwrite built-in layer type RMSNorm
{"completed":32,"elapsed_ms":37415.701377,"event":"progress","stage":"block-28","total":38}
overwrite built-in layer type RMSNorm
{"completed":33,"elapsed_ms":38468.21461,"event":"progress","stage":"block-29","total":38}
overwrite built-in layer type RMSNorm
{"completed":34,"elapsed_ms":39559.034215,"event":"progress","stage":"block-30","total":38}
overwrite built-in layer type RMSNorm
{"completed":35,"elapsed_ms":40726.688961,"event":"progress","stage":"block-31","total":38}
overwrite built-in layer type RMSNorm
{"completed":36,"elapsed_ms":41661.719646,"event":"progress","stage":"denoising","total":38}
{"completed":37,"elapsed_ms":41663.951125,"event":"progress","stage":"decoding","total":38}
{"completed":38,"elapsed_ms":43983.01604,"event":"progress","stage":"completed","total":38}
