[0 NVIDIA GeForce RTX 4060 Laptop GPU]  queueC=2[8]  queueT=1[2]  rebar=1  r-score=76
[0 NVIDIA GeForce RTX 4060 Laptop GPU]  fp16-p/s/u/a=1/1/1/1  int8-p/s/u/a=1/1/1/1  bf16-p/s=1/1
[0 NVIDIA GeForce RTX 4060 Laptop GPU]  subgroup=32(32~32)  ops=1/1/1/1/1/1/1/1/1/1
[0 NVIDIA GeForce RTX 4060 Laptop GPU]  fp16-cm=16x16x16/16x8x16/16x8x8  int8-cm=16x16x32/16x8x32  bf16-cm=16x16x16  fp8-cm=16x16x32  fp6-cm=0  fp4-cm=0
[1 llvmpipe (LLVM 22.1.8, 256 bits)]  queueC=0[1]  queueT=0[1]  rebar=1  r-score=14
[1 llvmpipe (LLVM 22.1.8, 256 bits)]  fp16-p/s/u/a=1/1/1/1  int8-p/s/u/a=1/1/1/1  bf16-p/s=1/0
[1 llvmpipe (LLVM 22.1.8, 256 bits)]  subgroup=8(8~8)  ops=1/1/1/1/1/1/1/1/1/1
[1 llvmpipe (LLVM 22.1.8, 256 bits)]  fp16-cm=8x8x8  int8-cm=8x8x8  bf16-cm=0  fp8-cm=0  fp6-cm=0  fp4-cm=0
[2 llvmpipe (LLVM 17.0.6, 256 bits)]  queueC=0[1]  queueT=0[1]  rebar=1  r-score=4
[2 llvmpipe (LLVM 17.0.6, 256 bits)]  fp16-p/s/u/a=1/1/1/1  int8-p/s/u/a=1/1/1/1  bf16-p/s=1/0
[2 llvmpipe (LLVM 17.0.6, 256 bits)]  subgroup=8(8~8)  ops=1/1/1/1/1/1/0/1/0/0
[2 llvmpipe (LLVM 17.0.6, 256 bits)]  fp16-cm=0  int8-cm=0  bf16-cm=0  fp8-cm=0  fp6-cm=0  fp4-cm=0
{"completed":0,"elapsed_ms":659.893111,"event":"progress","stage":"validating","total":38}
{"completed":0,"elapsed_ms":664.679388,"event":"progress","stage":"validating","total":38}
{"completed":0,"elapsed_ms":874.907715,"event":"progress","stage":"validating","total":38}
{"completed":0,"elapsed_ms":1201.004458,"event":"progress","stage":"validating","total":38}
{"completed":0,"elapsed_ms":1384.930384,"event":"progress","stage":"validating","total":38}
{"completed":0,"elapsed_ms":1557.738715,"event":"progress","stage":"validating","total":38}
{"completed":0,"elapsed_ms":1753.712726,"event":"progress","stage":"validating","total":38}
{"completed":0,"elapsed_ms":1928.837225,"event":"progress","stage":"validating","total":38}
{"completed":0,"elapsed_ms":2132.78032,"event":"progress","stage":"validating","total":38}
{"completed":0,"elapsed_ms":2307.952239,"event":"progress","stage":"validating","total":38}
{"completed":0,"elapsed_ms":2511.401581,"event":"progress","stage":"validating","total":38}
{"completed":0,"elapsed_ms":2664.46599,"event":"progress","stage":"validating","total":38}
{"completed":0,"elapsed_ms":2817.654513,"event":"progress","stage":"validating","total":38}
{"completed":0,"elapsed_ms":2976.368762,"event":"progress","stage":"validating","total":38}
{"completed":0,"elapsed_ms":3127.809,"event":"progress","stage":"validating","total":38}
{"completed":0,"elapsed_ms":3276.772056,"event":"progress","stage":"validating","total":38}
{"completed":0,"elapsed_ms":3440.829405,"event":"progress","stage":"validating","total":38}
{"completed":0,"elapsed_ms":3625.890227,"event":"progress","stage":"validating","total":38}
{"completed":0,"elapsed_ms":3831.96932,"event":"progress","stage":"validating","total":38}
{"completed":0,"elapsed_ms":4050.112718,"event":"progress","stage":"validating","total":38}
{"completed":0,"elapsed_ms":4238.330067,"event":"progress","stage":"validating","total":38}
{"completed":0,"elapsed_ms":4427.204738,"event":"progress","stage":"validating","total":38}
{"completed":0,"elapsed_ms":4630.297315,"event":"progress","stage":"validating","total":38}
{"completed":0,"elapsed_ms":4822.267247,"event":"progress","stage":"validating","total":38}
{"completed":0,"elapsed_ms":5003.083906,"event":"progress","stage":"validating","total":38}
{"completed":0,"elapsed_ms":5175.833987,"event":"progress","stage":"validating","total":38}
{"completed":0,"elapsed_ms":5344.795917,"event":"progress","stage":"validating","total":38}
{"completed":0,"elapsed_ms":5519.035183,"event":"progress","stage":"validating","total":38}
{"completed":0,"elapsed_ms":5688.055984,"event":"progress","stage":"validating","total":38}
{"completed":0,"elapsed_ms":5851.290868,"event":"progress","stage":"validating","total":38}
{"completed":0,"elapsed_ms":6017.958952,"event":"progress","stage":"validating","total":38}
{"completed":0,"elapsed_ms":6195.41022,"event":"progress","stage":"validating","total":38}
{"completed":0,"elapsed_ms":6380.427469,"event":"progress","stage":"validating","total":38}
{"completed":0,"elapsed_ms":6543.668405,"event":"progress","stage":"validating","total":38}
{"completed":0,"elapsed_ms":6728.340391,"event":"progress","stage":"validating","total":38}
{"completed":0,"elapsed_ms":6856.645437,"event":"progress","stage":"validating","total":38}
{"completed":0,"elapsed_ms":6858.381259,"event":"progress","stage":"validating","total":38}
[libx264 @ 0x33073280] using cpu capabilities: MMX2 SSE2Fast SSSE3 SSE4.2 AVX FMA3 BMI2 AVX2 AVX512
[libx264 @ 0x33073280] profile High, level 1.0, 4:2:0, 8-bit
[libx264 @ 0x33073280] 264 - core 165 r3222 b35605a - H.264/MPEG-4 AVC codec - Copyleft 2003-2025 - http://www.videolan.org/x264.html - options: cabac=1 ref=2 deblock=1:0:0 analyse=0x3:0x113 me=hex subme=6 psy=1 psy_rd=1.00:0.00 mixed_ref=1 me_range=16 chroma_me=1 trellis=1 8x8dct=1 cqm=0 deadzone=21,11 fast_pskip=1 chroma_qp_offset=-2 threads=4 lookahead_threads=1 sliced_threads=0 nr=0 decimate=1 interlaced=0 bluray_compat=0 constrained_intra=0 bframes=0 weightp=1 keyint=250 keyint_min=8 scenecut=40 intra_refresh=0 rc_lookahead=30 rc=crf mbtree=1 crf=18.0 qcomp=0.60 qpmin=0 qpmax=69 qpstep=4 ip_ratio=1.40 aq=1:1.00
[mp4 @ 0x32258800] Starting second pass: moving the moov atom to the beginning of the file
[libx264 @ 0x33073280] frame I:1     Avg QP:18.55  size:  1174
[libx264 @ 0x33073280] frame P:8     Avg QP:18.89  size:   723
[libx264 @ 0x33073280] mb I  I16..4:  0.0% 90.0% 10.0%
[libx264 @ 0x33073280] mb P  I16..4:  0.0%  8.1%  1.9%  P16..4: 35.0% 35.3% 17.8%  0.0%  0.0%    skip: 1.9%
[libx264 @ 0x33073280] 8x8 transform intra:86.1% inter:62.1%
[libx264 @ 0x33073280] coded y,uvDC,uvAC intra: 96.5% 72.2% 22.2% inter: 67.7% 32.6% 1.4%
[libx264 @ 0x33073280] i8 v,h,dc,ddl,ddr,vr,hd,vl,hu: 28% 15% 13%  3%  6% 23%  3%  3%  5%
[libx264 @ 0x33073280] i4 v,h,dc,ddl,ddr,vr,hd,vl,hu: 46% 18% 10%  2%  4%  7%  5%  4%  4%
[libx264 @ 0x33073280] i8c dc,h,v,p: 64% 22% 12%  1%
[libx264 @ 0x33073280] Weighted P-Frames: Y:12.5% UV:0.0%
[libx264 @ 0x33073280] ref P L0: 80.1% 19.9%
[libx264 @ 0x33073280] kb/s:49.49
{"completed":1,"elapsed_ms":6866.946369,"event":"progress","stage":"encoding","total":38}
overwrite built-in layer type Swish
{"completed":2,"elapsed_ms":7675.012913,"event":"progress","stage":"sampling","total":38}
{"completed":3,"elapsed_ms":7675.565608,"event":"progress","stage":"projecting","total":38}
overwrite built-in layer type Swish
{"completed":4,"elapsed_ms":7688.635985,"event":"progress","stage":"block-00","total":38}
overwrite built-in layer type Swish
overwrite built-in layer type RMSNorm
overwrite built-in layer type InnerProduct
{"completed":5,"elapsed_ms":8162.596917,"event":"progress","stage":"block-01","total":38}
overwrite built-in layer type Swish
overwrite built-in layer type RMSNorm
overwrite built-in layer type InnerProduct
{"completed":6,"elapsed_ms":8611.441171,"event":"progress","stage":"block-02","total":38}
overwrite built-in layer type Swish
overwrite built-in layer type RMSNorm
overwrite built-in layer type InnerProduct
{"completed":7,"elapsed_ms":9076.746621,"event":"progress","stage":"block-03","total":38}
overwrite built-in layer type Swish
overwrite built-in layer type RMSNorm
overwrite built-in layer type InnerProduct
{"completed":8,"elapsed_ms":9536.384247,"event":"progress","stage":"block-04","total":38}
overwrite built-in layer type Swish
overwrite built-in layer type RMSNorm
overwrite built-in layer type InnerProduct
{"completed":9,"elapsed_ms":10001.903462,"event":"progress","stage":"block-05","total":38}
overwrite built-in layer type Swish
overwrite built-in layer type RMSNorm
overwrite built-in layer type InnerProduct
{"completed":10,"elapsed_ms":10452.720264,"event":"progress","stage":"block-06","total":38}
overwrite built-in layer type Swish
overwrite built-in layer type RMSNorm
overwrite built-in layer type InnerProduct
{"completed":11,"elapsed_ms":10912.072742,"event":"progress","stage":"block-07","total":38}
overwrite built-in layer type Swish
overwrite built-in layer type RMSNorm
overwrite built-in layer type InnerProduct
{"completed":12,"elapsed_ms":11333.279973,"event":"progress","stage":"block-08","total":38}
overwrite built-in layer type Swish
overwrite built-in layer type RMSNorm
overwrite built-in layer type InnerProduct
{"completed":13,"elapsed_ms":11747.992186,"event":"progress","stage":"block-09","total":38}
overwrite built-in layer type Swish
overwrite built-in layer type RMSNorm
overwrite built-in layer type InnerProduct
{"completed":14,"elapsed_ms":12156.952767,"event":"progress","stage":"block-10","total":38}
overwrite built-in layer type Swish
overwrite built-in layer type RMSNorm
overwrite built-in layer type InnerProduct
{"completed":15,"elapsed_ms":12568.519044,"event":"progress","stage":"block-11","total":38}
overwrite built-in layer type Swish
overwrite built-in layer type RMSNorm
overwrite built-in layer type InnerProduct
{"completed":16,"elapsed_ms":12959.789135,"event":"progress","stage":"block-12","total":38}
overwrite built-in layer type Swish
overwrite built-in layer type RMSNorm
overwrite built-in layer type InnerProduct
{"completed":17,"elapsed_ms":13368.465709,"event":"progress","stage":"block-13","total":38}
overwrite built-in layer type Swish
overwrite built-in layer type RMSNorm
overwrite built-in layer type InnerProduct
{"completed":18,"elapsed_ms":13826.050024,"event":"progress","stage":"block-14","total":38}
overwrite built-in layer type Swish
overwrite built-in layer type RMSNorm
overwrite built-in layer type InnerProduct
{"completed":19,"elapsed_ms":14286.687771,"event":"progress","stage":"block-15","total":38}
overwrite built-in layer type Swish
overwrite built-in layer type RMSNorm
overwrite built-in layer type InnerProduct
{"completed":20,"elapsed_ms":14743.409796,"event":"progress","stage":"block-16","total":38}
overwrite built-in layer type Swish
overwrite built-in layer type RMSNorm
overwrite built-in layer type InnerProduct
{"completed":21,"elapsed_ms":15202.723521,"event":"progress","stage":"block-17","total":38}
overwrite built-in layer type Swish
overwrite built-in layer type RMSNorm
overwrite built-in layer type InnerProduct
{"completed":22,"elapsed_ms":15658.182438,"event":"progress","stage":"block-18","total":38}
overwrite built-in layer type Swish
overwrite built-in layer type RMSNorm
overwrite built-in layer type InnerProduct
{"completed":23,"elapsed_ms":16108.667533,"event":"progress","stage":"block-19","total":38}
overwrite built-in layer type Swish
overwrite built-in layer type RMSNorm
overwrite built-in layer type InnerProduct
{"completed":24,"elapsed_ms":16541.706911,"event":"progress","stage":"block-20","total":38}
overwrite built-in layer type Swish
overwrite built-in layer type RMSNorm
overwrite built-in layer type InnerProduct
{"completed":25,"elapsed_ms":17004.910959,"event":"progress","stage":"block-21","total":38}
overwrite built-in layer type Swish
overwrite built-in layer type RMSNorm
overwrite built-in layer type InnerProduct
{"completed":26,"elapsed_ms":17450.342291,"event":"progress","stage":"block-22","total":38}
overwrite built-in layer type Swish
overwrite built-in layer type RMSNorm
overwrite built-in layer type InnerProduct
{"completed":27,"elapsed_ms":17902.946792,"event":"progress","stage":"block-23","total":38}
overwrite built-in layer type Swish
overwrite built-in layer type RMSNorm
overwrite built-in layer type InnerProduct
{"completed":28,"elapsed_ms":18363.097659,"event":"progress","stage":"block-24","total":38}
overwrite built-in layer type Swish
overwrite built-in layer type RMSNorm
overwrite built-in layer type InnerProduct
{"completed":29,"elapsed_ms":18791.348014,"event":"progress","stage":"block-25","total":38}
overwrite built-in layer type Swish
overwrite built-in layer type RMSNorm
overwrite built-in layer type InnerProduct
{"completed":30,"elapsed_ms":19239.677214,"event":"progress","stage":"block-26","total":38}
overwrite built-in layer type Swish
overwrite built-in layer type RMSNorm
overwrite built-in layer type InnerProduct
{"completed":31,"elapsed_ms":19699.788355,"event":"progress","stage":"block-27","total":38}
overwrite built-in layer type Swish
overwrite built-in layer type RMSNorm
overwrite built-in layer type InnerProduct
{"completed":32,"elapsed_ms":20149.799414,"event":"progress","stage":"block-28","total":38}
overwrite built-in layer type Swish
overwrite built-in layer type RMSNorm
overwrite built-in layer type InnerProduct
{"completed":33,"elapsed_ms":20608.999644,"event":"progress","stage":"block-29","total":38}
overwrite built-in layer type Swish
overwrite built-in layer type RMSNorm
overwrite built-in layer type InnerProduct
{"completed":34,"elapsed_ms":21080.279498,"event":"progress","stage":"block-30","total":38}
overwrite built-in layer type Swish
overwrite built-in layer type RMSNorm
overwrite built-in layer type InnerProduct
{"completed":35,"elapsed_ms":21542.80318,"event":"progress","stage":"block-31","total":38}
overwrite built-in layer type Swish
overwrite built-in layer type RMSNorm
overwrite built-in layer type InnerProduct
{"completed":36,"elapsed_ms":21882.073355,"event":"progress","stage":"denoising","total":38}
overwrite built-in layer type Swish
{"completed":37,"elapsed_ms":21916.47767,"event":"progress","stage":"decoding","total":38}
overwrite built-in layer type Swish
[libx264 @ 0x33073280] using cpu capabilities: MMX2 SSE2Fast SSSE3 SSE4.2 AVX FMA3 BMI2 AVX2 AVX512
[libx264 @ 0x33073280] profile High, level 1.0, 4:2:0, 8-bit
[libx264 @ 0x33073280] 264 - core 165 r3222 b35605a - H.264/MPEG-4 AVC codec - Copyleft 2003-2025 - http://www.videolan.org/x264.html - options: cabac=1 ref=2 deblock=1:0:0 analyse=0x3:0x113 me=hex subme=6 psy=1 psy_rd=1.00:0.00 mixed_ref=1 me_range=16 chroma_me=1 trellis=1 8x8dct=1 cqm=0 deadzone=21,11 fast_pskip=1 chroma_qp_offset=-2 threads=4 lookahead_threads=1 sliced_threads=0 nr=0 decimate=1 interlaced=0 bluray_compat=0 constrained_intra=0 bframes=0 weightp=1 keyint=250 keyint_min=8 scenecut=40 intra_refresh=0 rc_lookahead=30 rc=crf mbtree=1 crf=18.0 qcomp=0.60 qpmin=0 qpmax=69 qpstep=4 ip_ratio=1.40 aq=1:1.00
[mp4 @ 0x32258800] Starting second pass: moving the moov atom to the beginning of the file
[libx264 @ 0x33073280] frame I:1     Avg QP:20.92  size:  1804
[libx264 @ 0x33073280] frame P:8     Avg QP:20.09  size:  1451
[libx264 @ 0x33073280] mb I  I16..4:  0.0% 57.5% 42.5%
[libx264 @ 0x33073280] mb P  I16..4:  0.0% 14.1% 19.7%  P16..4: 20.3% 25.3% 16.2%  0.0%  0.0%    skip: 4.4%
[libx264 @ 0x33073280] 8x8 transform intra:45.9% inter:64.6%
[libx264 @ 0x33073280] coded y,uvDC,uvAC intra: 98.5% 93.9% 51.4% inter: 77.1% 53.8% 0.9%
[libx264 @ 0x33073280] i8 v,h,dc,ddl,ddr,vr,hd,vl,hu: 22% 15% 15%  3%  7% 19%  4%  4% 11%
[libx264 @ 0x33073280] i4 v,h,dc,ddl,ddr,vr,hd,vl,hu: 31% 11% 11%  3%  8% 15%  5% 10%  6%
[libx264 @ 0x33073280] i8c dc,h,v,p: 49% 22% 22%  7%
[libx264 @ 0x33073280] Weighted P-Frames: Y:25.0% UV:0.0%
[libx264 @ 0x33073280] ref P L0: 91.2%  8.8%
[libx264 @ 0x33073280] kb/s:95.37
{"completed":38,"elapsed_ms":23494.827997,"event":"progress","stage":"completed","total":38}
