[0 NVIDIA GeForce RTX 4060 Laptop GPU]  queueC=2[8]  queueT=1[2]  rebar=1  r-score=76
[0 NVIDIA GeForce RTX 4060 Laptop GPU]  fp16-p/s/u/a=1/1/1/1  int8-p/s/u/a=1/1/1/1  bf16-p/s=1/1
[0 NVIDIA GeForce RTX 4060 Laptop GPU]  subgroup=32(32~32)  ops=1/1/1/1/1/1/1/1/1/1
[0 NVIDIA GeForce RTX 4060 Laptop GPU]  fp16-cm=16x16x16/16x8x16/16x8x8  int8-cm=16x16x32/16x8x32  bf16-cm=16x16x16  fp8-cm=16x16x32  fp6-cm=0  fp4-cm=0
[1 llvmpipe (LLVM 22.1.8, 256 bits)]  queueC=0[1]  queueT=0[1]  rebar=1  r-score=14
[1 llvmpipe (LLVM 22.1.8, 256 bits)]  fp16-p/s/u/a=1/1/1/1  int8-p/s/u/a=1/1/1/1  bf16-p/s=1/0
[1 llvmpipe (LLVM 22.1.8, 256 bits)]  subgroup=8(8~8)  ops=1/1/1/1/1/1/1/1/1/1
[1 llvmpipe (LLVM 22.1.8, 256 bits)]  fp16-cm=8x8x8  int8-cm=8x8x8  bf16-cm=0  fp8-cm=0  fp6-cm=0  fp4-cm=0
[2 llvmpipe (LLVM 17.0.6, 256 bits)]  queueC=0[1]  queueT=0[1]  rebar=1  r-score=4
[2 llvmpipe (LLVM 17.0.6, 256 bits)]  fp16-p/s/u/a=1/1/1/1  int8-p/s/u/a=1/1/1/1  bf16-p/s=1/0
[2 llvmpipe (LLVM 17.0.6, 256 bits)]  subgroup=8(8~8)  ops=1/1/1/1/1/1/0/1/0/0
[2 llvmpipe (LLVM 17.0.6, 256 bits)]  fp16-cm=0  int8-cm=0  bf16-cm=0  fp8-cm=0  fp6-cm=0  fp4-cm=0
{"completed":0,"elapsed_ms":237.48269,"event":"progress","stage":"validating","total":38}
{"completed":0,"elapsed_ms":242.882355,"event":"progress","stage":"validating","total":38}
{"completed":0,"elapsed_ms":484.682095,"event":"progress","stage":"validating","total":38}
{"completed":0,"elapsed_ms":773.719209,"event":"progress","stage":"validating","total":38}
{"completed":0,"elapsed_ms":1113.861788,"event":"progress","stage":"validating","total":38}
{"completed":0,"elapsed_ms":1463.228421,"event":"progress","stage":"validating","total":38}
{"completed":0,"elapsed_ms":1834.130964,"event":"progress","stage":"validating","total":38}
{"completed":0,"elapsed_ms":2227.739445,"event":"progress","stage":"validating","total":38}
{"completed":0,"elapsed_ms":2624.34248,"event":"progress","stage":"validating","total":38}
{"completed":0,"elapsed_ms":2958.726937,"event":"progress","stage":"validating","total":38}
{"completed":0,"elapsed_ms":3269.518132,"event":"progress","stage":"validating","total":38}
{"completed":0,"elapsed_ms":3616.53535,"event":"progress","stage":"validating","total":38}
{"completed":0,"elapsed_ms":3982.142615,"event":"progress","stage":"validating","total":38}
{"completed":0,"elapsed_ms":4340.288714,"event":"progress","stage":"validating","total":38}
{"completed":0,"elapsed_ms":4699.747261,"event":"progress","stage":"validating","total":38}
{"completed":0,"elapsed_ms":5076.954356,"event":"progress","stage":"validating","total":38}
{"completed":0,"elapsed_ms":5449.67397,"event":"progress","stage":"validating","total":38}
{"completed":0,"elapsed_ms":5816.387574,"event":"progress","stage":"validating","total":38}
{"completed":0,"elapsed_ms":6206.575848,"event":"progress","stage":"validating","total":38}
{"completed":0,"elapsed_ms":6600.445141,"event":"progress","stage":"validating","total":38}
{"completed":0,"elapsed_ms":6997.484459,"event":"progress","stage":"validating","total":38}
{"completed":0,"elapsed_ms":7372.656072,"event":"progress","stage":"validating","total":38}
{"completed":0,"elapsed_ms":7729.447734,"event":"progress","stage":"validating","total":38}
{"completed":0,"elapsed_ms":8107.134345,"event":"progress","stage":"validating","total":38}
{"completed":0,"elapsed_ms":8492.776876,"event":"progress","stage":"validating","total":38}
{"completed":0,"elapsed_ms":8888.530607,"event":"progress","stage":"validating","total":38}
{"completed":0,"elapsed_ms":9286.060952,"event":"progress","stage":"validating","total":38}
{"completed":0,"elapsed_ms":9677.373408,"event":"progress","stage":"validating","total":38}
{"completed":0,"elapsed_ms":10049.63104,"event":"progress","stage":"validating","total":38}
{"completed":0,"elapsed_ms":10424.228188,"event":"progress","stage":"validating","total":38}
{"completed":0,"elapsed_ms":10790.918818,"event":"progress","stage":"validating","total":38}
{"completed":0,"elapsed_ms":11165.394417,"event":"progress","stage":"validating","total":38}
{"completed":0,"elapsed_ms":11537.038911,"event":"progress","stage":"validating","total":38}
{"completed":0,"elapsed_ms":11904.562183,"event":"progress","stage":"validating","total":38}
{"completed":0,"elapsed_ms":12292.704755,"event":"progress","stage":"validating","total":38}
{"completed":0,"elapsed_ms":12560.718847,"event":"progress","stage":"validating","total":38}
{"completed":0,"elapsed_ms":12561.973907,"event":"progress","stage":"validating","total":38}
[libx264 @ 0xa15e640] using cpu capabilities: MMX2 SSE2Fast SSSE3 SSE4.2 AVX FMA3 BMI2 AVX2 AVX512
[libx264 @ 0xa15e640] profile High, level 1.0, 4:2:0, 8-bit
[libx264 @ 0xa15e640] 264 - core 165 r3222 b35605a - H.264/MPEG-4 AVC codec - Copyleft 2003-2025 - http://www.videolan.org/x264.html - options: cabac=1 ref=2 deblock=1:0:0 analyse=0x3:0x113 me=hex subme=6 psy=1 psy_rd=1.00:0.00 mixed_ref=1 me_range=16 chroma_me=1 trellis=1 8x8dct=1 cqm=0 deadzone=21,11 fast_pskip=1 chroma_qp_offset=-2 threads=4 lookahead_threads=1 sliced_threads=0 nr=0 decimate=1 interlaced=0 bluray_compat=0 constrained_intra=0 bframes=0 weightp=1 keyint=250 keyint_min=8 scenecut=40 intra_refresh=0 rc_lookahead=30 rc=crf mbtree=1 crf=18.0 qcomp=0.60 qpmin=0 qpmax=69 qpstep=4 ip_ratio=1.40 aq=1:1.00
[mp4 @ 0xa034d00] Starting second pass: moving the moov atom to the beginning of the file
[libx264 @ 0xa15e640] frame I:1     Avg QP:18.55  size:  1174
[libx264 @ 0xa15e640] frame P:7     Avg QP:18.87  size:   699
[libx264 @ 0xa15e640] mb I  I16..4:  0.0% 90.0% 10.0%
[libx264 @ 0xa15e640] mb P  I16..4:  0.0%  6.4%  2.5%  P16..4: 36.4% 35.4% 18.2%  0.0%  0.0%    skip: 1.1%
[libx264 @ 0xa15e640] 8x8 transform intra:83.1% inter:59.0%
[libx264 @ 0xa15e640] coded y,uvDC,uvAC intra: 95.8% 67.7% 18.5% inter: 65.4% 28.6% 2.7%
[libx264 @ 0xa15e640] i8 v,h,dc,ddl,ddr,vr,hd,vl,hu: 25% 15% 14%  4%  6% 25%  3%  3%  5%
[libx264 @ 0xa15e640] i4 v,h,dc,ddl,ddr,vr,hd,vl,hu: 52% 13%  7%  3%  2%  7%  6%  6%  4%
[libx264 @ 0xa15e640] i8c dc,h,v,p: 62% 26% 11%  2%
[libx264 @ 0xa15e640] Weighted P-Frames: Y:14.3% UV:0.0%
[libx264 @ 0xa15e640] ref P L0: 79.1% 20.9%
[libx264 @ 0xa15e640] kb/s:48.54
{"completed":1,"elapsed_ms":12856.04262,"event":"progress","stage":"encoding","total":38}
overwrite built-in layer type Swish
{"completed":2,"elapsed_ms":13789.234788,"event":"progress","stage":"sampling","total":38}
{"completed":3,"elapsed_ms":13789.753768,"event":"progress","stage":"projecting","total":38}
overwrite built-in layer type Swish
{"completed":4,"elapsed_ms":13806.961386,"event":"progress","stage":"block-00","total":38}
overwrite built-in layer type Swish
overwrite built-in layer type RMSNorm
{"completed":5,"elapsed_ms":14369.989616,"event":"progress","stage":"block-01","total":38}
overwrite built-in layer type Swish
overwrite built-in layer type RMSNorm
{"completed":6,"elapsed_ms":14768.288512,"event":"progress","stage":"block-02","total":38}
overwrite built-in layer type Swish
overwrite built-in layer type RMSNorm
{"completed":7,"elapsed_ms":15171.625009,"event":"progress","stage":"block-03","total":38}
overwrite built-in layer type Swish
overwrite built-in layer type RMSNorm
{"completed":8,"elapsed_ms":15592.968823,"event":"progress","stage":"block-04","total":38}
overwrite built-in layer type Swish
overwrite built-in layer type RMSNorm
{"completed":9,"elapsed_ms":16010.78613,"event":"progress","stage":"block-05","total":38}
overwrite built-in layer type Swish
overwrite built-in layer type RMSNorm
{"completed":10,"elapsed_ms":16356.611778,"event":"progress","stage":"block-06","total":38}
overwrite built-in layer type Swish
overwrite built-in layer type RMSNorm
{"completed":11,"elapsed_ms":16685.741054,"event":"progress","stage":"block-07","total":38}
overwrite built-in layer type Swish
overwrite built-in layer type RMSNorm
{"completed":12,"elapsed_ms":17037.977516,"event":"progress","stage":"block-08","total":38}
overwrite built-in layer type Swish
overwrite built-in layer type RMSNorm
{"completed":13,"elapsed_ms":17418.099194,"event":"progress","stage":"block-09","total":38}
overwrite built-in layer type Swish
overwrite built-in layer type RMSNorm
{"completed":14,"elapsed_ms":17793.460104,"event":"progress","stage":"block-10","total":38}
overwrite built-in layer type Swish
overwrite built-in layer type RMSNorm
{"completed":15,"elapsed_ms":18171.31359,"event":"progress","stage":"block-11","total":38}
overwrite built-in layer type Swish
overwrite built-in layer type RMSNorm
{"completed":16,"elapsed_ms":18565.848621,"event":"progress","stage":"block-12","total":38}
overwrite built-in layer type Swish
overwrite built-in layer type RMSNorm
{"completed":17,"elapsed_ms":18953.172637,"event":"progress","stage":"block-13","total":38}
overwrite built-in layer type Swish
overwrite built-in layer type RMSNorm
{"completed":18,"elapsed_ms":19332.699332,"event":"progress","stage":"block-14","total":38}
overwrite built-in layer type Swish
overwrite built-in layer type RMSNorm
{"completed":19,"elapsed_ms":19712.611995,"event":"progress","stage":"block-15","total":38}
overwrite built-in layer type Swish
overwrite built-in layer type RMSNorm
{"completed":20,"elapsed_ms":20080.557565,"event":"progress","stage":"block-16","total":38}
overwrite built-in layer type Swish
overwrite built-in layer type RMSNorm
{"completed":21,"elapsed_ms":20449.468237,"event":"progress","stage":"block-17","total":38}
overwrite built-in layer type Swish
overwrite built-in layer type RMSNorm
{"completed":22,"elapsed_ms":20809.613371,"event":"progress","stage":"block-18","total":38}
overwrite built-in layer type Swish
overwrite built-in layer type RMSNorm
{"completed":23,"elapsed_ms":21176.453333,"event":"progress","stage":"block-19","total":38}
overwrite built-in layer type Swish
overwrite built-in layer type RMSNorm
{"completed":24,"elapsed_ms":21579.537594,"event":"progress","stage":"block-20","total":38}
overwrite built-in layer type Swish
overwrite built-in layer type RMSNorm
{"completed":25,"elapsed_ms":21968.300126,"event":"progress","stage":"block-21","total":38}
overwrite built-in layer type Swish
overwrite built-in layer type RMSNorm
{"completed":26,"elapsed_ms":22387.329982,"event":"progress","stage":"block-22","total":38}
overwrite built-in layer type Swish
overwrite built-in layer type RMSNorm
{"completed":27,"elapsed_ms":22805.996762,"event":"progress","stage":"block-23","total":38}
overwrite built-in layer type Swish
overwrite built-in layer type RMSNorm
{"completed":28,"elapsed_ms":23197.407303,"event":"progress","stage":"block-24","total":38}
overwrite built-in layer type Swish
overwrite built-in layer type RMSNorm
{"completed":29,"elapsed_ms":23584.602075,"event":"progress","stage":"block-25","total":38}
overwrite built-in layer type Swish
overwrite built-in layer type RMSNorm
{"completed":30,"elapsed_ms":23971.923557,"event":"progress","stage":"block-26","total":38}
overwrite built-in layer type Swish
overwrite built-in layer type RMSNorm
{"completed":31,"elapsed_ms":24365.370983,"event":"progress","stage":"block-27","total":38}
overwrite built-in layer type Swish
overwrite built-in layer type RMSNorm
{"completed":32,"elapsed_ms":24765.285259,"event":"progress","stage":"block-28","total":38}
overwrite built-in layer type Swish
overwrite built-in layer type RMSNorm
{"completed":33,"elapsed_ms":25166.236664,"event":"progress","stage":"block-29","total":38}
overwrite built-in layer type Swish
overwrite built-in layer type RMSNorm
{"completed":34,"elapsed_ms":25575.235571,"event":"progress","stage":"block-30","total":38}
overwrite built-in layer type Swish
overwrite built-in layer type RMSNorm
{"completed":35,"elapsed_ms":25998.289554,"event":"progress","stage":"block-31","total":38}
overwrite built-in layer type Swish
overwrite built-in layer type RMSNorm
{"completed":36,"elapsed_ms":26293.933772,"event":"progress","stage":"denoising","total":38}
overwrite built-in layer type Swish
{"completed":37,"elapsed_ms":26320.324917,"event":"progress","stage":"decoding","total":38}
overwrite built-in layer type Swish
[libx264 @ 0xc4dea00] using cpu capabilities: MMX2 SSE2Fast SSSE3 SSE4.2 AVX FMA3 BMI2 AVX2 AVX512
[libx264 @ 0xc4dea00] profile High, level 1.0, 4:2:0, 8-bit
[libx264 @ 0xc4dea00] 264 - core 165 r3222 b35605a - H.264/MPEG-4 AVC codec - Copyleft 2003-2025 - http://www.videolan.org/x264.html - options: cabac=1 ref=2 deblock=1:0:0 analyse=0x3:0x113 me=hex subme=6 psy=1 psy_rd=1.00:0.00 mixed_ref=1 me_range=16 chroma_me=1 trellis=1 8x8dct=1 cqm=0 deadzone=21,11 fast_pskip=1 chroma_qp_offset=-2 threads=4 lookahead_threads=1 sliced_threads=0 nr=0 decimate=1 interlaced=0 bluray_compat=0 constrained_intra=0 bframes=0 weightp=1 keyint=250 keyint_min=8 scenecut=40 intra_refresh=0 rc_lookahead=30 rc=crf mbtree=1 crf=18.0 qcomp=0.60 qpmin=0 qpmax=69 qpstep=4 ip_ratio=1.40 aq=1:1.00
[mp4 @ 0xbccb800] Starting second pass: moving the moov atom to the beginning of the file
[libx264 @ 0xc4dea00] frame I:1     Avg QP:20.90  size:  1777
[libx264 @ 0xc4dea00] frame P:7     Avg QP:19.99  size:  1397
[libx264 @ 0xc4dea00] mb I  I16..4:  0.0% 62.5% 37.5%
[libx264 @ 0xc4dea00] mb P  I16..4:  0.4% 12.1% 15.4%  P16..4: 22.1% 33.2% 11.8%  0.0%  0.0%    skip: 5.0%
[libx264 @ 0xc4dea00] 8x8 transform intra:50.0% inter:51.4%
[libx264 @ 0xc4dea00] coded y,uvDC,uvAC intra: 98.3% 94.1% 55.1% inter: 72.8% 51.0% 0.5%
[libx264 @ 0xc4dea00] i16 v,h,dc,p: 100%  0%  0%  0%
[libx264 @ 0xc4dea00] i8 v,h,dc,ddl,ddr,vr,hd,vl,hu: 17% 13% 14%  5%  7% 26%  3%  3% 11%
[libx264 @ 0xc4dea00] i4 v,h,dc,ddl,ddr,vr,hd,vl,hu: 38%  7%  9%  3%  9% 18%  5%  7%  5%
[libx264 @ 0xc4dea00] i8c dc,h,v,p: 48% 24% 25%  3%
[libx264 @ 0xc4dea00] Weighted P-Frames: Y:42.9% UV:0.0%
[libx264 @ 0xc4dea00] ref P L0: 88.0% 12.0%
[libx264 @ 0xc4dea00] kb/s:92.44
{"completed":38,"elapsed_ms":27516.798513,"event":"progress","stage":"completed","total":38}
