[0 NVIDIA GeForce RTX 4060 Laptop GPU]  queueC=2[8]  queueT=1[2]  rebar=1  r-score=76
[0 NVIDIA GeForce RTX 4060 Laptop GPU]  fp16-p/s/u/a=1/1/1/1  int8-p/s/u/a=1/1/1/1  bf16-p/s=1/1
[0 NVIDIA GeForce RTX 4060 Laptop GPU]  subgroup=32(32~32)  ops=1/1/1/1/1/1/1/1/1/1
[0 NVIDIA GeForce RTX 4060 Laptop GPU]  fp16-cm=16x16x16/16x8x16/16x8x8  int8-cm=16x16x32/16x8x32  bf16-cm=16x16x16  fp8-cm=16x16x32  fp6-cm=0  fp4-cm=0
[1 llvmpipe (LLVM 22.1.8, 256 bits)]  queueC=0[1]  queueT=0[1]  rebar=1  r-score=14
[1 llvmpipe (LLVM 22.1.8, 256 bits)]  fp16-p/s/u/a=1/1/1/1  int8-p/s/u/a=1/1/1/1  bf16-p/s=1/0
[1 llvmpipe (LLVM 22.1.8, 256 bits)]  subgroup=8(8~8)  ops=1/1/1/1/1/1/1/1/1/1
[1 llvmpipe (LLVM 22.1.8, 256 bits)]  fp16-cm=8x8x8  int8-cm=8x8x8  bf16-cm=0  fp8-cm=0  fp6-cm=0  fp4-cm=0
[2 llvmpipe (LLVM 17.0.6, 256 bits)]  queueC=0[1]  queueT=0[1]  rebar=1  r-score=4
[2 llvmpipe (LLVM 17.0.6, 256 bits)]  fp16-p/s/u/a=1/1/1/1  int8-p/s/u/a=1/1/1/1  bf16-p/s=1/0
[2 llvmpipe (LLVM 17.0.6, 256 bits)]  subgroup=8(8~8)  ops=1/1/1/1/1/1/0/1/0/0
[2 llvmpipe (LLVM 17.0.6, 256 bits)]  fp16-cm=0  int8-cm=0  bf16-cm=0  fp8-cm=0  fp6-cm=0  fp4-cm=0
{"completed":0,"elapsed_ms":266.534643,"event":"progress","stage":"validating","total":38}
{"completed":0,"elapsed_ms":272.90582,"event":"progress","stage":"validating","total":38}
{"completed":0,"elapsed_ms":477.922588,"event":"progress","stage":"validating","total":38}
{"completed":0,"elapsed_ms":785.536833,"event":"progress","stage":"validating","total":38}
{"completed":0,"elapsed_ms":1110.919702,"event":"progress","stage":"validating","total":38}
{"completed":0,"elapsed_ms":1423.440189,"event":"progress","stage":"validating","total":38}
{"completed":0,"elapsed_ms":1737.286839,"event":"progress","stage":"validating","total":38}
{"completed":0,"elapsed_ms":2057.949327,"event":"progress","stage":"validating","total":38}
{"completed":0,"elapsed_ms":2420.406456,"event":"progress","stage":"validating","total":38}
{"completed":0,"elapsed_ms":2755.659117,"event":"progress","stage":"validating","total":38}
{"completed":0,"elapsed_ms":3071.820977,"event":"progress","stage":"validating","total":38}
{"completed":0,"elapsed_ms":3402.278075,"event":"progress","stage":"validating","total":38}
{"completed":0,"elapsed_ms":3751.395842,"event":"progress","stage":"validating","total":38}
{"completed":0,"elapsed_ms":4130.777382,"event":"progress","stage":"validating","total":38}
{"completed":0,"elapsed_ms":4485.559693,"event":"progress","stage":"validating","total":38}
{"completed":0,"elapsed_ms":4874.868704,"event":"progress","stage":"validating","total":38}
{"completed":0,"elapsed_ms":5270.776082,"event":"progress","stage":"validating","total":38}
{"completed":0,"elapsed_ms":5652.436874,"event":"progress","stage":"validating","total":38}
{"completed":0,"elapsed_ms":6034.025641,"event":"progress","stage":"validating","total":38}
{"completed":0,"elapsed_ms":6412.777652,"event":"progress","stage":"validating","total":38}
{"completed":0,"elapsed_ms":6798.130314,"event":"progress","stage":"validating","total":38}
{"completed":0,"elapsed_ms":7173.202378,"event":"progress","stage":"validating","total":38}
{"completed":0,"elapsed_ms":7546.907442,"event":"progress","stage":"validating","total":38}
{"completed":0,"elapsed_ms":7926.829502,"event":"progress","stage":"validating","total":38}
{"completed":0,"elapsed_ms":8323.531409,"event":"progress","stage":"validating","total":38}
{"completed":0,"elapsed_ms":8699.395258,"event":"progress","stage":"validating","total":38}
{"completed":0,"elapsed_ms":9076.302957,"event":"progress","stage":"validating","total":38}
{"completed":0,"elapsed_ms":9444.666887,"event":"progress","stage":"validating","total":38}
{"completed":0,"elapsed_ms":9802.266226,"event":"progress","stage":"validating","total":38}
{"completed":0,"elapsed_ms":10159.865955,"event":"progress","stage":"validating","total":38}
{"completed":0,"elapsed_ms":10515.550528,"event":"progress","stage":"validating","total":38}
{"completed":0,"elapsed_ms":10908.741538,"event":"progress","stage":"validating","total":38}
{"completed":0,"elapsed_ms":11289.522359,"event":"progress","stage":"validating","total":38}
{"completed":0,"elapsed_ms":11677.812136,"event":"progress","stage":"validating","total":38}
{"completed":0,"elapsed_ms":12081.630939,"event":"progress","stage":"validating","total":38}
{"completed":0,"elapsed_ms":12344.30281,"event":"progress","stage":"validating","total":38}
{"completed":0,"elapsed_ms":12345.338115,"event":"progress","stage":"validating","total":38}
[libx264 @ 0x3753cf00] using cpu capabilities: MMX2 SSE2Fast SSSE3 SSE4.2 AVX FMA3 BMI2 AVX2 AVX512
[libx264 @ 0x3753cf00] profile High, level 1.0, 4:2:0, 8-bit
[libx264 @ 0x3753cf00] 264 - core 165 r3222 b35605a - H.264/MPEG-4 AVC codec - Copyleft 2003-2025 - http://www.videolan.org/x264.html - options: cabac=1 ref=2 deblock=1:0:0 analyse=0x3:0x113 me=hex subme=6 psy=1 psy_rd=1.00:0.00 mixed_ref=1 me_range=16 chroma_me=1 trellis=1 8x8dct=1 cqm=0 deadzone=21,11 fast_pskip=1 chroma_qp_offset=-2 threads=4 lookahead_threads=1 sliced_threads=0 nr=0 decimate=1 interlaced=0 bluray_compat=0 constrained_intra=0 bframes=0 weightp=1 keyint=250 keyint_min=8 scenecut=40 intra_refresh=0 rc_lookahead=30 rc=crf mbtree=1 crf=18.0 qcomp=0.60 qpmin=0 qpmax=69 qpstep=4 ip_ratio=1.40 aq=1:1.00
[mp4 @ 0x37751c00] Starting second pass: moving the moov atom to the beginning of the file
[libx264 @ 0x3753cf00] frame I:1     Avg QP:18.55  size:  1174
[libx264 @ 0x3753cf00] frame P:8     Avg QP:18.89  size:   723
[libx264 @ 0x3753cf00] mb I  I16..4:  0.0% 90.0% 10.0%
[libx264 @ 0x3753cf00] mb P  I16..4:  0.0%  8.1%  1.9%  P16..4: 35.0% 35.3% 17.8%  0.0%  0.0%    skip: 1.9%
[libx264 @ 0x3753cf00] 8x8 transform intra:86.1% inter:62.1%
[libx264 @ 0x3753cf00] coded y,uvDC,uvAC intra: 96.5% 72.2% 22.2% inter: 67.7% 32.6% 1.4%
[libx264 @ 0x3753cf00] i8 v,h,dc,ddl,ddr,vr,hd,vl,hu: 28% 15% 13%  3%  6% 23%  3%  3%  5%
[libx264 @ 0x3753cf00] i4 v,h,dc,ddl,ddr,vr,hd,vl,hu: 46% 18% 10%  2%  4%  7%  5%  4%  4%
[libx264 @ 0x3753cf00] i8c dc,h,v,p: 64% 22% 12%  1%
[libx264 @ 0x3753cf00] Weighted P-Frames: Y:12.5% UV:0.0%
[libx264 @ 0x3753cf00] ref P L0: 80.1% 19.9%
[libx264 @ 0x3753cf00] kb/s:49.49
{"completed":1,"elapsed_ms":12681.155282,"event":"progress","stage":"encoding","total":38}
overwrite built-in layer type Swish
{"completed":2,"elapsed_ms":13433.057188,"event":"progress","stage":"sampling","total":38}
{"completed":3,"elapsed_ms":13433.658343,"event":"progress","stage":"projecting","total":38}
overwrite built-in layer type Swish
{"completed":4,"elapsed_ms":13454.150839,"event":"progress","stage":"block-00","total":38}
overwrite built-in layer type Swish
overwrite built-in layer type RMSNorm
overwrite built-in layer type InnerProduct
{"completed":5,"elapsed_ms":14270.337274,"event":"progress","stage":"block-01","total":38}
overwrite built-in layer type Swish
overwrite built-in layer type RMSNorm
overwrite built-in layer type InnerProduct
{"completed":6,"elapsed_ms":14939.58845,"event":"progress","stage":"block-02","total":38}
overwrite built-in layer type Swish
overwrite built-in layer type RMSNorm
overwrite built-in layer type InnerProduct
{"completed":7,"elapsed_ms":15548.924154,"event":"progress","stage":"block-03","total":38}
overwrite built-in layer type Swish
overwrite built-in layer type RMSNorm
overwrite built-in layer type InnerProduct
{"completed":8,"elapsed_ms":16042.356833,"event":"progress","stage":"block-04","total":38}
overwrite built-in layer type Swish
overwrite built-in layer type RMSNorm
overwrite built-in layer type InnerProduct
{"completed":9,"elapsed_ms":16575.654511,"event":"progress","stage":"block-05","total":38}
overwrite built-in layer type Swish
overwrite built-in layer type RMSNorm
overwrite built-in layer type InnerProduct
{"completed":10,"elapsed_ms":17035.066025,"event":"progress","stage":"block-06","total":38}
overwrite built-in layer type Swish
overwrite built-in layer type RMSNorm
overwrite built-in layer type InnerProduct
{"completed":11,"elapsed_ms":17476.091258,"event":"progress","stage":"block-07","total":38}
overwrite built-in layer type Swish
overwrite built-in layer type RMSNorm
overwrite built-in layer type InnerProduct
{"completed":12,"elapsed_ms":17937.838891,"event":"progress","stage":"block-08","total":38}
overwrite built-in layer type Swish
overwrite built-in layer type RMSNorm
overwrite built-in layer type InnerProduct
{"completed":13,"elapsed_ms":18405.887178,"event":"progress","stage":"block-09","total":38}
overwrite built-in layer type Swish
overwrite built-in layer type RMSNorm
overwrite built-in layer type InnerProduct
{"completed":14,"elapsed_ms":18947.891243,"event":"progress","stage":"block-10","total":38}
overwrite built-in layer type Swish
overwrite built-in layer type RMSNorm
overwrite built-in layer type InnerProduct
{"completed":15,"elapsed_ms":19453.543621,"event":"progress","stage":"block-11","total":38}
overwrite built-in layer type Swish
overwrite built-in layer type RMSNorm
overwrite built-in layer type InnerProduct
{"completed":16,"elapsed_ms":19970.571273,"event":"progress","stage":"block-12","total":38}
overwrite built-in layer type Swish
overwrite built-in layer type RMSNorm
overwrite built-in layer type InnerProduct
{"completed":17,"elapsed_ms":20587.875923,"event":"progress","stage":"block-13","total":38}
overwrite built-in layer type Swish
overwrite built-in layer type RMSNorm
overwrite built-in layer type InnerProduct
{"completed":18,"elapsed_ms":21153.868093,"event":"progress","stage":"block-14","total":38}
overwrite built-in layer type Swish
overwrite built-in layer type RMSNorm
overwrite built-in layer type InnerProduct
{"completed":19,"elapsed_ms":21735.269974,"event":"progress","stage":"block-15","total":38}
overwrite built-in layer type Swish
overwrite built-in layer type RMSNorm
overwrite built-in layer type InnerProduct
{"completed":20,"elapsed_ms":22315.166252,"event":"progress","stage":"block-16","total":38}
overwrite built-in layer type Swish
overwrite built-in layer type RMSNorm
overwrite built-in layer type InnerProduct
{"completed":21,"elapsed_ms":22946.409895,"event":"progress","stage":"block-17","total":38}
overwrite built-in layer type Swish
overwrite built-in layer type RMSNorm
overwrite built-in layer type InnerProduct
{"completed":22,"elapsed_ms":23532.441917,"event":"progress","stage":"block-18","total":38}
overwrite built-in layer type Swish
overwrite built-in layer type RMSNorm
overwrite built-in layer type InnerProduct
{"completed":23,"elapsed_ms":24113.070127,"event":"progress","stage":"block-19","total":38}
overwrite built-in layer type Swish
overwrite built-in layer type RMSNorm
overwrite built-in layer type InnerProduct
{"completed":24,"elapsed_ms":24713.353743,"event":"progress","stage":"block-20","total":38}
overwrite built-in layer type Swish
overwrite built-in layer type RMSNorm
overwrite built-in layer type InnerProduct
{"completed":25,"elapsed_ms":25268.695727,"event":"progress","stage":"block-21","total":38}
overwrite built-in layer type Swish
overwrite built-in layer type RMSNorm
overwrite built-in layer type InnerProduct
{"completed":26,"elapsed_ms":25900.246981,"event":"progress","stage":"block-22","total":38}
overwrite built-in layer type Swish
overwrite built-in layer type RMSNorm
overwrite built-in layer type InnerProduct
{"completed":27,"elapsed_ms":26458.844271,"event":"progress","stage":"block-23","total":38}
overwrite built-in layer type Swish
overwrite built-in layer type RMSNorm
overwrite built-in layer type InnerProduct
{"completed":28,"elapsed_ms":26987.342769,"event":"progress","stage":"block-24","total":38}
overwrite built-in layer type Swish
overwrite built-in layer type RMSNorm
overwrite built-in layer type InnerProduct
{"completed":29,"elapsed_ms":27512.801679,"event":"progress","stage":"block-25","total":38}
overwrite built-in layer type Swish
overwrite built-in layer type RMSNorm
overwrite built-in layer type InnerProduct
{"completed":30,"elapsed_ms":28030.38433,"event":"progress","stage":"block-26","total":38}
overwrite built-in layer type Swish
overwrite built-in layer type RMSNorm
overwrite built-in layer type InnerProduct
{"completed":31,"elapsed_ms":28531.939814,"event":"progress","stage":"block-27","total":38}
overwrite built-in layer type Swish
overwrite built-in layer type RMSNorm
overwrite built-in layer type InnerProduct
{"completed":32,"elapsed_ms":29042.45916,"event":"progress","stage":"block-28","total":38}
overwrite built-in layer type Swish
overwrite built-in layer type RMSNorm
overwrite built-in layer type InnerProduct
{"completed":33,"elapsed_ms":29575.210335,"event":"progress","stage":"block-29","total":38}
overwrite built-in layer type Swish
overwrite built-in layer type RMSNorm
overwrite built-in layer type InnerProduct
{"completed":34,"elapsed_ms":30107.306445,"event":"progress","stage":"block-30","total":38}
overwrite built-in layer type Swish
overwrite built-in layer type RMSNorm
overwrite built-in layer type InnerProduct
{"completed":35,"elapsed_ms":30648.986087,"event":"progress","stage":"block-31","total":38}
overwrite built-in layer type Swish
overwrite built-in layer type RMSNorm
overwrite built-in layer type InnerProduct
{"completed":36,"elapsed_ms":31049.242144,"event":"progress","stage":"denoising","total":38}
overwrite built-in layer type Swish
{"completed":37,"elapsed_ms":31089.574014,"event":"progress","stage":"decoding","total":38}
overwrite built-in layer type Swish
[libx264 @ 0x38a420c0] using cpu capabilities: MMX2 SSE2Fast SSSE3 SSE4.2 AVX FMA3 BMI2 AVX2 AVX512
[libx264 @ 0x38a420c0] profile High, level 1.0, 4:2:0, 8-bit
[libx264 @ 0x38a420c0] 264 - core 165 r3222 b35605a - H.264/MPEG-4 AVC codec - Copyleft 2003-2025 - http://www.videolan.org/x264.html - options: cabac=1 ref=2 deblock=1:0:0 analyse=0x3:0x113 me=hex subme=6 psy=1 psy_rd=1.00:0.00 mixed_ref=1 me_range=16 chroma_me=1 trellis=1 8x8dct=1 cqm=0 deadzone=21,11 fast_pskip=1 chroma_qp_offset=-2 threads=4 lookahead_threads=1 sliced_threads=0 nr=0 decimate=1 interlaced=0 bluray_compat=0 constrained_intra=0 bframes=0 weightp=1 keyint=250 keyint_min=8 scenecut=40 intra_refresh=0 rc_lookahead=30 rc=crf mbtree=1 crf=18.0 qcomp=0.60 qpmin=0 qpmax=69 qpstep=4 ip_ratio=1.40 aq=1:1.00
[mp4 @ 0x38d51280] Starting second pass: moving the moov atom to the beginning of the file
[libx264 @ 0x38a420c0] frame I:1     Avg QP:20.92  size:  1799
[libx264 @ 0x38a420c0] frame P:8     Avg QP:20.05  size:  1454
[libx264 @ 0x38a420c0] mb I  I16..4:  2.5% 50.0% 47.5%
[libx264 @ 0x38a420c0] mb P  I16..4:  0.0% 14.4% 19.1%  P16..4: 18.4% 31.2% 12.5%  0.0%  0.0%    skip: 4.4%
[libx264 @ 0x38a420c0] 8x8 transform intra:44.9% inter:55.7%
[libx264 @ 0x38a420c0] coded y,uvDC,uvAC intra: 97.8% 92.5% 53.7% inter: 75.7% 57.3% 0.9%
[libx264 @ 0x38a420c0] i16 v,h,dc,p:  0%  0%  0% 100%
[libx264 @ 0x38a420c0] i8 v,h,dc,ddl,ddr,vr,hd,vl,hu: 20% 15% 16%  2%  5% 21%  6%  4% 12%
[libx264 @ 0x38a420c0] i4 v,h,dc,ddl,ddr,vr,hd,vl,hu: 32% 12%  9%  4%  9% 15%  4% 10%  6%
[libx264 @ 0x38a420c0] i8c dc,h,v,p: 56% 18% 19%  7%
[libx264 @ 0x38a420c0] Weighted P-Frames: Y:25.0% UV:0.0%
[libx264 @ 0x38a420c0] ref P L0: 88.1% 11.9%
[libx264 @ 0x38a420c0] kb/s:95.49
{"completed":38,"elapsed_ms":32235.563492,"event":"progress","stage":"completed","total":38}
