[0 NVIDIA GeForce RTX 4060 Laptop GPU]  queueC=2[8]  queueT=1[2]  rebar=1  r-score=76
[0 NVIDIA GeForce RTX 4060 Laptop GPU]  fp16-p/s/u/a=1/1/1/1  int8-p/s/u/a=1/1/1/1  bf16-p/s=1/1
[0 NVIDIA GeForce RTX 4060 Laptop GPU]  subgroup=32(32~32)  ops=1/1/1/1/1/1/1/1/1/1
[0 NVIDIA GeForce RTX 4060 Laptop GPU]  fp16-cm=16x16x16/16x8x16/16x8x8  int8-cm=16x16x32/16x8x32  bf16-cm=16x16x16  fp8-cm=16x16x32  fp6-cm=0  fp4-cm=0
[1 llvmpipe (LLVM 22.1.8, 256 bits)]  queueC=0[1]  queueT=0[1]  rebar=1  r-score=14
[1 llvmpipe (LLVM 22.1.8, 256 bits)]  fp16-p/s/u/a=1/1/1/1  int8-p/s/u/a=1/1/1/1  bf16-p/s=1/0
[1 llvmpipe (LLVM 22.1.8, 256 bits)]  subgroup=8(8~8)  ops=1/1/1/1/1/1/1/1/1/1
[1 llvmpipe (LLVM 22.1.8, 256 bits)]  fp16-cm=8x8x8  int8-cm=8x8x8  bf16-cm=0  fp8-cm=0  fp6-cm=0  fp4-cm=0
[2 llvmpipe (LLVM 17.0.6, 256 bits)]  queueC=0[1]  queueT=0[1]  rebar=1  r-score=4
[2 llvmpipe (LLVM 17.0.6, 256 bits)]  fp16-p/s/u/a=1/1/1/1  int8-p/s/u/a=1/1/1/1  bf16-p/s=1/0
[2 llvmpipe (LLVM 17.0.6, 256 bits)]  subgroup=8(8~8)  ops=1/1/1/1/1/1/0/1/0/0
[2 llvmpipe (LLVM 17.0.6, 256 bits)]  fp16-cm=0  int8-cm=0  bf16-cm=0  fp8-cm=0  fp6-cm=0  fp4-cm=0
{"completed":0,"elapsed_ms":190.040715,"event":"progress","stage":"validating","total":38}
{"completed":0,"elapsed_ms":195.398233,"event":"progress","stage":"validating","total":38}
{"completed":0,"elapsed_ms":401.689569,"event":"progress","stage":"validating","total":38}
{"completed":0,"elapsed_ms":693.03067,"event":"progress","stage":"validating","total":38}
{"completed":0,"elapsed_ms":1001.242301,"event":"progress","stage":"validating","total":38}
{"completed":0,"elapsed_ms":1320.31818,"event":"progress","stage":"validating","total":38}
{"completed":0,"elapsed_ms":1739.39319,"event":"progress","stage":"validating","total":38}
{"completed":0,"elapsed_ms":2243.105758,"event":"progress","stage":"validating","total":38}
{"completed":0,"elapsed_ms":2744.655766,"event":"progress","stage":"validating","total":38}
{"completed":0,"elapsed_ms":3327.870773,"event":"progress","stage":"validating","total":38}
{"completed":0,"elapsed_ms":3712.340442,"event":"progress","stage":"validating","total":38}
{"completed":0,"elapsed_ms":4075.182446,"event":"progress","stage":"validating","total":38}
{"completed":0,"elapsed_ms":4461.295556,"event":"progress","stage":"validating","total":38}
{"completed":0,"elapsed_ms":4795.881137,"event":"progress","stage":"validating","total":38}
{"completed":0,"elapsed_ms":5109.585091,"event":"progress","stage":"validating","total":38}
{"completed":0,"elapsed_ms":5431.051991,"event":"progress","stage":"validating","total":38}
{"completed":0,"elapsed_ms":5740.548987,"event":"progress","stage":"validating","total":38}
{"completed":0,"elapsed_ms":6048.513993,"event":"progress","stage":"validating","total":38}
{"completed":0,"elapsed_ms":6356.350136,"event":"progress","stage":"validating","total":38}
{"completed":0,"elapsed_ms":6672.945224,"event":"progress","stage":"validating","total":38}
{"completed":0,"elapsed_ms":6980.740109,"event":"progress","stage":"validating","total":38}
{"completed":0,"elapsed_ms":7290.766163,"event":"progress","stage":"validating","total":38}
{"completed":0,"elapsed_ms":7607.099528,"event":"progress","stage":"validating","total":38}
{"completed":0,"elapsed_ms":7926.780098,"event":"progress","stage":"validating","total":38}
{"completed":0,"elapsed_ms":8239.599322,"event":"progress","stage":"validating","total":38}
{"completed":0,"elapsed_ms":8559.370343,"event":"progress","stage":"validating","total":38}
{"completed":0,"elapsed_ms":8872.292491,"event":"progress","stage":"validating","total":38}
{"completed":0,"elapsed_ms":9178.447913,"event":"progress","stage":"validating","total":38}
{"completed":0,"elapsed_ms":9487.996446,"event":"progress","stage":"validating","total":38}
{"completed":0,"elapsed_ms":9798.928179,"event":"progress","stage":"validating","total":38}
{"completed":0,"elapsed_ms":10108.747394,"event":"progress","stage":"validating","total":38}
{"completed":0,"elapsed_ms":10418.670344,"event":"progress","stage":"validating","total":38}
{"completed":0,"elapsed_ms":10725.3267,"event":"progress","stage":"validating","total":38}
{"completed":0,"elapsed_ms":11031.228804,"event":"progress","stage":"validating","total":38}
{"completed":0,"elapsed_ms":11346.460199,"event":"progress","stage":"validating","total":38}
{"completed":0,"elapsed_ms":11554.372122,"event":"progress","stage":"validating","total":38}
{"completed":0,"elapsed_ms":11555.691582,"event":"progress","stage":"validating","total":38}
[libx264 @ 0x317f45c0] using cpu capabilities: MMX2 SSE2Fast SSSE3 SSE4.2 AVX FMA3 BMI2 AVX2 AVX512
[libx264 @ 0x317f45c0] profile High, level 1.0, 4:2:0, 8-bit
[libx264 @ 0x317f45c0] 264 - core 165 r3222 b35605a - H.264/MPEG-4 AVC codec - Copyleft 2003-2025 - http://www.videolan.org/x264.html - options: cabac=1 ref=2 deblock=1:0:0 analyse=0x3:0x113 me=hex subme=6 psy=1 psy_rd=1.00:0.00 mixed_ref=1 me_range=16 chroma_me=1 trellis=1 8x8dct=1 cqm=0 deadzone=21,11 fast_pskip=1 chroma_qp_offset=-2 threads=4 lookahead_threads=1 sliced_threads=0 nr=0 decimate=1 interlaced=0 bluray_compat=0 constrained_intra=0 bframes=0 weightp=1 keyint=250 keyint_min=8 scenecut=40 intra_refresh=0 rc_lookahead=30 rc=crf mbtree=1 crf=18.0 qcomp=0.60 qpmin=0 qpmax=69 qpstep=4 ip_ratio=1.40 aq=1:1.00
[mp4 @ 0x31794780] Starting second pass: moving the moov atom to the beginning of the file
[libx264 @ 0x317f45c0] frame I:1     Avg QP:18.55  size:  1174
[libx264 @ 0x317f45c0] frame P:7     Avg QP:18.87  size:   699
[libx264 @ 0x317f45c0] mb I  I16..4:  0.0% 90.0% 10.0%
[libx264 @ 0x317f45c0] mb P  I16..4:  0.0%  6.4%  2.5%  P16..4: 36.4% 35.4% 18.2%  0.0%  0.0%    skip: 1.1%
[libx264 @ 0x317f45c0] 8x8 transform intra:83.1% inter:59.0%
[libx264 @ 0x317f45c0] coded y,uvDC,uvAC intra: 95.8% 67.7% 18.5% inter: 65.4% 28.6% 2.7%
[libx264 @ 0x317f45c0] i8 v,h,dc,ddl,ddr,vr,hd,vl,hu: 25% 15% 14%  4%  6% 25%  3%  3%  5%
[libx264 @ 0x317f45c0] i4 v,h,dc,ddl,ddr,vr,hd,vl,hu: 52% 13%  7%  3%  2%  7%  6%  6%  4%
[libx264 @ 0x317f45c0] i8c dc,h,v,p: 62% 26% 11%  2%
[libx264 @ 0x317f45c0] Weighted P-Frames: Y:14.3% UV:0.0%
[libx264 @ 0x317f45c0] ref P L0: 79.1% 20.9%
[libx264 @ 0x317f45c0] kb/s:48.54
{"completed":1,"elapsed_ms":11886.993819,"event":"progress","stage":"encoding","total":38}
{"completed":2,"elapsed_ms":12717.785305,"event":"progress","stage":"sampling","total":38}
{"completed":3,"elapsed_ms":12719.328988,"event":"progress","stage":"projecting","total":38}
{"completed":4,"elapsed_ms":12737.869859,"event":"progress","stage":"block-00","total":38}
{"completed":5,"elapsed_ms":13198.338718,"event":"progress","stage":"block-01","total":38}
{"completed":6,"elapsed_ms":13555.543576,"event":"progress","stage":"block-02","total":38}
{"completed":7,"elapsed_ms":13940.186692,"event":"progress","stage":"block-03","total":38}
{"completed":8,"elapsed_ms":14319.432095,"event":"progress","stage":"block-04","total":38}
{"completed":9,"elapsed_ms":14701.682817,"event":"progress","stage":"block-05","total":38}
{"completed":10,"elapsed_ms":15073.027363,"event":"progress","stage":"block-06","total":38}
{"completed":11,"elapsed_ms":15397.573673,"event":"progress","stage":"block-07","total":38}
{"completed":12,"elapsed_ms":15732.92536,"event":"progress","stage":"block-08","total":38}
{"completed":13,"elapsed_ms":16077.806046,"event":"progress","stage":"block-09","total":38}
{"completed":14,"elapsed_ms":16420.950977,"event":"progress","stage":"block-10","total":38}
{"completed":15,"elapsed_ms":16740.853405,"event":"progress","stage":"block-11","total":38}
{"completed":16,"elapsed_ms":17076.000847,"event":"progress","stage":"block-12","total":38}
{"completed":17,"elapsed_ms":17417.568712,"event":"progress","stage":"block-13","total":38}
{"completed":18,"elapsed_ms":17745.260136,"event":"progress","stage":"block-14","total":38}
{"completed":19,"elapsed_ms":18067.177947,"event":"progress","stage":"block-15","total":38}
{"completed":20,"elapsed_ms":18396.78715,"event":"progress","stage":"block-16","total":38}
{"completed":21,"elapsed_ms":18728.394622,"event":"progress","stage":"block-17","total":38}
{"completed":22,"elapsed_ms":19070.667377,"event":"progress","stage":"block-18","total":38}
{"completed":23,"elapsed_ms":19391.037198,"event":"progress","stage":"block-19","total":38}
{"completed":24,"elapsed_ms":19715.614677,"event":"progress","stage":"block-20","total":38}
{"completed":25,"elapsed_ms":20055.359552,"event":"progress","stage":"block-21","total":38}
{"completed":26,"elapsed_ms":20383.828043,"event":"progress","stage":"block-22","total":38}
{"completed":27,"elapsed_ms":20716.319804,"event":"progress","stage":"block-23","total":38}
{"completed":28,"elapsed_ms":21042.996393,"event":"progress","stage":"block-24","total":38}
{"completed":29,"elapsed_ms":21357.996012,"event":"progress","stage":"block-25","total":38}
{"completed":30,"elapsed_ms":21693.069113,"event":"progress","stage":"block-26","total":38}
{"completed":31,"elapsed_ms":22029.300109,"event":"progress","stage":"block-27","total":38}
{"completed":32,"elapsed_ms":22347.621234,"event":"progress","stage":"block-28","total":38}
{"completed":33,"elapsed_ms":22677.081536,"event":"progress","stage":"block-29","total":38}
{"completed":34,"elapsed_ms":23023.425071,"event":"progress","stage":"block-30","total":38}
{"completed":35,"elapsed_ms":23361.665138,"event":"progress","stage":"block-31","total":38}
{"completed":36,"elapsed_ms":23598.07592,"event":"progress","stage":"denoising","total":38}
{"completed":37,"elapsed_ms":23610.60001,"event":"progress","stage":"decoding","total":38}
[libx264 @ 0x346e9280] using cpu capabilities: MMX2 SSE2Fast SSSE3 SSE4.2 AVX FMA3 BMI2 AVX2 AVX512
[libx264 @ 0x346e9280] profile High, level 1.0, 4:2:0, 8-bit
[libx264 @ 0x346e9280] 264 - core 165 r3222 b35605a - H.264/MPEG-4 AVC codec - Copyleft 2003-2025 - http://www.videolan.org/x264.html - options: cabac=1 ref=2 deblock=1:0:0 analyse=0x3:0x113 me=hex subme=6 psy=1 psy_rd=1.00:0.00 mixed_ref=1 me_range=16 chroma_me=1 trellis=1 8x8dct=1 cqm=0 deadzone=21,11 fast_pskip=1 chroma_qp_offset=-2 threads=4 lookahead_threads=1 sliced_threads=0 nr=0 decimate=1 interlaced=0 bluray_compat=0 constrained_intra=0 bframes=0 weightp=1 keyint=250 keyint_min=8 scenecut=40 intra_refresh=0 rc_lookahead=30 rc=crf mbtree=1 crf=18.0 qcomp=0.60 qpmin=0 qpmax=69 qpstep=4 ip_ratio=1.40 aq=1:1.00
[mp4 @ 0x3476c7c0] Starting second pass: moving the moov atom to the beginning of the file
[libx264 @ 0x346e9280] frame I:1     Avg QP:20.90  size:  1780
[libx264 @ 0x346e9280] frame P:7     Avg QP:19.90  size:  1398
[libx264 @ 0x346e9280] mb I  I16..4:  0.0% 67.5% 32.5%
[libx264 @ 0x346e9280] mb P  I16..4:  0.0% 11.1% 16.1%  P16..4: 23.9% 30.7% 12.5%  0.0%  0.0%    skip: 5.7%
[libx264 @ 0x346e9280] 8x8 transform intra:50.0% inter:54.7%
[libx264 @ 0x346e9280] coded y,uvDC,uvAC intra: 99.1% 95.7% 56.9% inter: 73.2% 51.0% 1.5%
[libx264 @ 0x346e9280] i8 v,h,dc,ddl,ddr,vr,hd,vl,hu: 16% 12% 16%  5%  5% 25%  4%  5% 11%
[libx264 @ 0x346e9280] i4 v,h,dc,ddl,ddr,vr,hd,vl,hu: 35%  8%  8%  4%  8% 21%  4%  7%  5%
[libx264 @ 0x346e9280] i8c dc,h,v,p: 51% 22% 23%  3%
[libx264 @ 0x346e9280] Weighted P-Frames: Y:42.9% UV:0.0%
[libx264 @ 0x346e9280] ref P L0: 87.5% 12.5%
[libx264 @ 0x346e9280] kb/s:92.55
{"completed":38,"elapsed_ms":24751.308955,"event":"progress","stage":"completed","total":38}
