test_completed_partial_promoted_without_request (test_model_download.DownloadContract.test_completed_partial_promoted_without_request) ... checkpoint.pth SHA256 verified (completed partial)
ok
test_corruption_never_becomes_final_checkpoint (test_model_download.DownloadContract.test_corruption_never_becomes_final_checkpoint) ... checkpoint.pth downloading, offset 0 / 26624
ok
test_download_and_cached_file_never_redownloads (test_model_download.DownloadContract.test_download_and_cached_file_never_redownloads) ... checkpoint.pth downloading, offset 0 / 26624
checkpoint.pth SHA256 verified 4bb349ae8d3644ae73c4146b4a456857e84f252dca12c43b1e2dd4c26b75113c
checkpoint.pth hash verified (cached)
ok
test_existing_wrong_file_is_not_overwritten (test_model_download.DownloadContract.test_existing_wrong_file_is_not_overwritten) ... ok
test_offline_miss_does_not_use_network (test_model_download.DownloadContract.test_offline_miss_does_not_use_network) ... ok
test_oversized_partial_is_rejected (test_model_download.DownloadContract.test_oversized_partial_is_rejected) ... ok
test_partial_symlink_is_rejected (test_model_download.DownloadContract.test_partial_symlink_is_rejected) ... ok
test_resume (test_model_download.DownloadContract.test_resume) ... checkpoint.pth downloading, offset 997 / 26624
checkpoint.pth SHA256 verified 4bb349ae8d3644ae73c4146b4a456857e84f252dca12c43b1e2dd4c26b75113c
ok
test_wrong_resume_range_keeps_partial (test_model_download.DownloadContract.test_wrong_resume_range_keeps_partial) ... checkpoint.pth downloading, offset 997 / 26624
checkpoint.pth downloading, offset 997 / 26624
ok

----------------------------------------------------------------------
Ran 9 tests in 0.508s

OK
