{"job": "eca7a5e64fd3b2319cea4bda24198407", "status": "QUEUED", "previous_jobs": 6}
{"job": "eca7a5e64fd3b2319cea4bda24198407", "status": ["RUNNING", "starting"]}
{"job": "eca7a5e64fd3b2319cea4bda24198407", "status": ["RUNNING", "validating"]}
{"job": "eca7a5e64fd3b2319cea4bda24198407", "status": ["RUNNING", "encoding"]}
{"job": "eca7a5e64fd3b2319cea4bda24198407", "status": ["RUNNING", "block-00"]}
{"job": "eca7a5e64fd3b2319cea4bda24198407", "status": ["RUNNING", "block-01"]}
{"job": "eca7a5e64fd3b2319cea4bda24198407", "status": ["RUNNING", "block-02"]}
{"job": "eca7a5e64fd3b2319cea4bda24198407", "status": ["RUNNING", "block-03"]}
{"job": "eca7a5e64fd3b2319cea4bda24198407", "status": ["RUNNING", "block-04"]}
{"job": "eca7a5e64fd3b2319cea4bda24198407", "status": ["RUNNING", "block-05"]}
{"job": "eca7a5e64fd3b2319cea4bda24198407", "status": ["RUNNING", "block-06"]}
{"job": "eca7a5e64fd3b2319cea4bda24198407", "status": ["RUNNING", "block-07"]}
{"job": "eca7a5e64fd3b2319cea4bda24198407", "status": ["RUNNING", "block-08"]}
{"job": "eca7a5e64fd3b2319cea4bda24198407", "status": ["RUNNING", "block-09"]}
{"job": "eca7a5e64fd3b2319cea4bda24198407", "status": ["RUNNING", "block-10"]}
{"job": "eca7a5e64fd3b2319cea4bda24198407", "status": ["RUNNING", "block-11"]}
{"job": "eca7a5e64fd3b2319cea4bda24198407", "status": ["RUNNING", "block-12"]}
{"job": "eca7a5e64fd3b2319cea4bda24198407", "status": ["RUNNING", "block-13"]}
{"job": "eca7a5e64fd3b2319cea4bda24198407", "status": ["RUNNING", "block-14"]}
{"job": "eca7a5e64fd3b2319cea4bda24198407", "status": ["RUNNING", "block-15"]}
{"job": "eca7a5e64fd3b2319cea4bda24198407", "status": ["RUNNING", "block-16"]}
{"job": "eca7a5e64fd3b2319cea4bda24198407", "status": ["RUNNING", "block-17"]}
{"job": "eca7a5e64fd3b2319cea4bda24198407", "status": ["RUNNING", "block-18"]}
{"job": "eca7a5e64fd3b2319cea4bda24198407", "status": ["RUNNING", "block-19"]}
{"job": "eca7a5e64fd3b2319cea4bda24198407", "status": ["RUNNING", "block-20"]}
{"job": "eca7a5e64fd3b2319cea4bda24198407", "status": ["RUNNING", "block-21"]}
{"job": "eca7a5e64fd3b2319cea4bda24198407", "status": ["RUNNING", "block-22"]}
{"job": "eca7a5e64fd3b2319cea4bda24198407", "status": ["RUNNING", "block-23"]}
{"job": "eca7a5e64fd3b2319cea4bda24198407", "status": ["RUNNING", "block-24"]}
{"job": "eca7a5e64fd3b2319cea4bda24198407", "status": ["RUNNING", "block-25"]}
{"job": "eca7a5e64fd3b2319cea4bda24198407", "status": ["RUNNING", "block-26"]}
{"job": "eca7a5e64fd3b2319cea4bda24198407", "status": ["RUNNING", "block-27"]}
{"job": "eca7a5e64fd3b2319cea4bda24198407", "status": ["RUNNING", "block-28"]}
{"job": "eca7a5e64fd3b2319cea4bda24198407", "status": ["RUNNING", "block-29"]}
{"job": "eca7a5e64fd3b2319cea4bda24198407", "status": ["RUNNING", "block-30"]}
{"job": "eca7a5e64fd3b2319cea4bda24198407", "status": ["RUNNING", "block-31"]}
{"job": "eca7a5e64fd3b2319cea4bda24198407", "status": ["RUNNING", "decoding"]}
{"job": "eca7a5e64fd3b2319cea4bda24198407", "status": ["RUNNING", "completed"]}
{"job": "eca7a5e64fd3b2319cea4bda24198407", "status": ["SUCCEEDED", "completed"]}
Traceback (most recent call last):
  File "/home/mingshi/Project/AI/pnnx_torchdynamo/seedvr2-ncnn-vulkan/.cache/verify-installed-numerics-web.py", line 46, in <module>
    'installed_sdk_identity':run['implementation']['sdk_library_sha256']==sha(root/'dist/seedvr2-0.6.0/lib64/libseedvr2_engine.so')=='dcddfd914118ffcfabb6b6e37cbc7fd423320aedad59c9abe9a533d93ad11992',
                                                                          ~~~^^^^^^^^^^^^^^^^^^^^^^^^^^^^^^^^^^^^^^^^^^^^^^^^^^^^^^
  File "/home/mingshi/Project/AI/pnnx_torchdynamo/seedvr2-ncnn-vulkan/.cache/verify-installed-numerics-web.py", line 14, in sha
    def sha(p): return hashlib.file_digest(open(p,'rb'),'sha256').hexdigest()
                                           ~~~~^^^^^^^^
FileNotFoundError: [Errno 2] No such file or directory: '/home/mingshi/Project/AI/pnnx_torchdynamo/seedvr2-ncnn-vulkan/dist/seedvr2-0.6.0/lib64/libseedvr2_engine.so'
