{
  "backend": "ncnn-vulkan",
  "case_id": "t3-h5-w8-heads20-text58-shifted",
  "case_sha256": "9c812b6d75037cdb84d65cebc965251a2bfde26a80793747ee1e9c62a8a3922c",
  "cpu_calls": 0,
  "device": {
    "api_version": 4211017,
    "device_id": 10464,
    "driver_version": 2497102272,
    "index": 0,
    "name": "NVIDIA GeForce RTX 4060 Laptop GPU",
    "subgroup_size": 32,
    "vendor_id": 4318
  },
  "implementation": {
    "executable_sha256": "2c2d08ac27d1a35ce2f2a8a92d32c307f7774ab00398999b6173d672893112b6",
    "ncnn_runtime_patches": [
      {
        "compiled_allocator_sha256": "b8398e0d5ef5a367f80c5d2f13af1c8f170a83a39d0a1b458a40100924a55320",
        "id": "host-buffer-v1",
        "original_allocator_sha256": "601d69dab40823366fa6aa2be00c8e37bb0f1e960fe96323c36daed887c4fda2",
        "scope": "Imported-host buffer declaration and weight-buffer transfer-source usage"
      }
    ],
    "sdk_library_sha256": "ff86dcd0b05ea66f5ab384701701aced273582e0ee95fc0cfa12c9c4608f30f2"
  },
  "model_verified": false,
  "ncnn_commit": "3b7bdba7fc8aea8fd46779533eee027df77c639d",
  "numerical_validation": "NOT_PERFORMED_BY_RUNNER",
  "outputs": {
    "text": {
      "dtype": "f32le",
      "elements": 148480,
      "path": "text.f32",
      "sha256": "42aed13a93eabe534e430098b0f691da58c56f2016969b90cf6694787338d159",
      "shape": [
        58,
        2560
      ]
    },
    "video": {
      "dtype": "f32le",
      "elements": 307200,
      "path": "video.f32",
      "sha256": "24b40f3c3a0b9396c9554717495c0c65c37844f0482dc01eae97f96c7ac2627a",
      "shape": [
        3,
        5,
        8,
        2560
      ]
    }
  },
  "precision": "fp32",
  "schema_version": "awa-execution-v1",
  "sdpa_calls": 3,
  "status": "EXECUTED",
  "timing_ms": {
    "extract_including_transfers": 12.852913,
    "total": 738.591299
  },
  "vulkan_calls": 1,
  "windows": 3
}
