{
  "backend": "ncnn-cpu",
  "case_id": "t3-h5-w8-heads20-text58-regular",
  "case_sha256": "6107af5215cfcb1ec32381d37bd2330bcf7fe28963fc52f83334f7b4fd03ac21",
  "cpu_calls": 1,
  "device": null,
  "implementation": {
    "executable_sha256": "2c2d08ac27d1a35ce2f2a8a92d32c307f7774ab00398999b6173d672893112b6",
    "ncnn_runtime_patches": [
      {
        "compiled_allocator_sha256": "b8398e0d5ef5a367f80c5d2f13af1c8f170a83a39d0a1b458a40100924a55320",
        "id": "host-buffer-v1",
        "original_allocator_sha256": "601d69dab40823366fa6aa2be00c8e37bb0f1e960fe96323c36daed887c4fda2",
        "scope": "Imported-host buffer declaration and weight-buffer transfer-source usage"
      }
    ],
    "sdk_library_sha256": "ff86dcd0b05ea66f5ab384701701aced273582e0ee95fc0cfa12c9c4608f30f2"
  },
  "model_verified": false,
  "ncnn_commit": "3b7bdba7fc8aea8fd46779533eee027df77c639d",
  "numerical_validation": "NOT_PERFORMED_BY_RUNNER",
  "outputs": {
    "text": {
      "dtype": "f32le",
      "elements": 148480,
      "path": "text.f32",
      "sha256": "d29c52caa67ef0c984b191afddd253792ec26276663ec0cf1561891794d29e4e",
      "shape": [
        58,
        2560
      ]
    },
    "video": {
      "dtype": "f32le",
      "elements": 307200,
      "path": "video.f32",
      "sha256": "7469e7cb5c264d3113f6201ef9379517d8ae10829035191b3095cced5989e72d",
      "shape": [
        3,
        5,
        8,
        2560
      ]
    }
  },
  "precision": "fp32",
  "schema_version": "awa-execution-v1",
  "sdpa_calls": 3,
  "status": "EXECUTED",
  "timing_ms": {
    "extract_including_transfers": 5.210058,
    "total": 79.937893
  },
  "vulkan_calls": 0,
  "windows": 3
}
