{
  "backend": "ncnn-vulkan",
  "case_id": "t5-h5-w8-heads20-text58-shifted",
  "case_sha256": "9c6c49c7fef2b75b42a26a57eddbe606259a7a3febe55576c7340399f30ac156",
  "cpu_calls": 0,
  "device": {
    "api_version": 4211017,
    "device_id": 10464,
    "driver_version": 2497102272,
    "index": 0,
    "name": "NVIDIA GeForce RTX 4060 Laptop GPU",
    "subgroup_size": 32,
    "vendor_id": 4318
  },
  "implementation": {
    "executable_sha256": "2c2d08ac27d1a35ce2f2a8a92d32c307f7774ab00398999b6173d672893112b6",
    "ncnn_runtime_patches": [
      {
        "compiled_allocator_sha256": "b8398e0d5ef5a367f80c5d2f13af1c8f170a83a39d0a1b458a40100924a55320",
        "id": "host-buffer-v1",
        "original_allocator_sha256": "601d69dab40823366fa6aa2be00c8e37bb0f1e960fe96323c36daed887c4fda2",
        "scope": "Imported-host buffer declaration and weight-buffer transfer-source usage"
      }
    ],
    "sdk_library_sha256": "ff86dcd0b05ea66f5ab384701701aced273582e0ee95fc0cfa12c9c4608f30f2"
  },
  "model_verified": false,
  "ncnn_commit": "3b7bdba7fc8aea8fd46779533eee027df77c639d",
  "numerical_validation": "NOT_PERFORMED_BY_RUNNER",
  "outputs": {
    "text": {
      "dtype": "f32le",
      "elements": 148480,
      "path": "text.f32",
      "sha256": "ee7e9f9d3551b2dcf65443ac8d27489df552ab569bdc7312a51bae73e4adab2e",
      "shape": [
        58,
        2560
      ]
    },
    "video": {
      "dtype": "f32le",
      "elements": 512000,
      "path": "video.f32",
      "sha256": "6d98a91df4767c5afd654876a553fd14e7eaa1acfbe189742e7ac7d75617240c",
      "shape": [
        5,
        5,
        8,
        2560
      ]
    }
  },
  "precision": "fp32",
  "schema_version": "awa-execution-v1",
  "sdpa_calls": 3,
  "status": "EXECUTED",
  "timing_ms": {
    "extract_including_transfers": 15.664168,
    "total": 741.667402
  },
  "vulkan_calls": 1,
  "windows": 3
}
