{
  "backend": "ncnn-cpu",
  "case_id": "t5-h5-w8-heads20-text58-regular",
  "case_sha256": "3c886b76648c8a606e3abbc309cc890ee0f290e97cbc422d348d6e41ab5ad1d4",
  "cpu_calls": 1,
  "device": null,
  "implementation": {
    "executable_sha256": "2c2d08ac27d1a35ce2f2a8a92d32c307f7774ab00398999b6173d672893112b6",
    "ncnn_runtime_patches": [
      {
        "compiled_allocator_sha256": "b8398e0d5ef5a367f80c5d2f13af1c8f170a83a39d0a1b458a40100924a55320",
        "id": "host-buffer-v1",
        "original_allocator_sha256": "601d69dab40823366fa6aa2be00c8e37bb0f1e960fe96323c36daed887c4fda2",
        "scope": "Imported-host buffer declaration and weight-buffer transfer-source usage"
      }
    ],
    "sdk_library_sha256": "ff86dcd0b05ea66f5ab384701701aced273582e0ee95fc0cfa12c9c4608f30f2"
  },
  "model_verified": false,
  "ncnn_commit": "3b7bdba7fc8aea8fd46779533eee027df77c639d",
  "numerical_validation": "NOT_PERFORMED_BY_RUNNER",
  "outputs": {
    "text": {
      "dtype": "f32le",
      "elements": 148480,
      "path": "text.f32",
      "sha256": "6a15d5b9be76c76c39a001cd106290636f15aa6f18dd6f70863e04c630022391",
      "shape": [
        58,
        2560
      ]
    },
    "video": {
      "dtype": "f32le",
      "elements": 512000,
      "path": "video.f32",
      "sha256": "27a5833ac3961144916178bfcfd14fbe911ce2977ba56fba8a1671729e336b85",
      "shape": [
        5,
        5,
        8,
        2560
      ]
    }
  },
  "precision": "fp32",
  "schema_version": "awa-execution-v1",
  "sdpa_calls": 3,
  "status": "EXECUTED",
  "timing_ms": {
    "extract_including_transfers": 6.248701,
    "total": 81.165864
  },
  "vulkan_calls": 0,
  "windows": 3
}
