{
  "backend": "ncnn-vulkan",
  "build": "0.7.0",
  "clip": {
    "decoded_frames": 9,
    "latent_frames": 3,
    "padded_frames": 9,
    "padding": "repeat last frame to 4n+1; crop output to decoded frame count",
    "requested_max_frames": 9,
    "streaming_cache": false,
    "temporal_mode": "joint clip VAE + 3D adaptive window attention",
    "truncated": false
  },
  "comparison_input": "comparison-input.mp4",
  "converter_ncnn_commit": "6a1bf000f363714839a36793addc8c879d3d899e",
  "device": {
    "api_version": 4211017,
    "device_id": 10464,
    "driver_version": 2497102272,
    "index": 0,
    "name": "NVIDIA GeForce RTX 4060 Laptop GPU",
    "subgroup_size": 32,
    "vendor_id": 4318
  },
  "diagnostics": {
    "block-00-text": {
      "dtype": "f32le",
      "elements": 148480,
      "path": "block-00-text.f32",
      "sha256": "82ba06dcf77fb4c49b2d63804fbf631cf276023975eada503954ed8c3980606d",
      "shape": [
        58,
        2560
      ]
    },
    "block-00-video": {
      "dtype": "f32le",
      "elements": 307200,
      "path": "block-00-video.f32",
      "sha256": "b2517fb9edcd074edf90d2b06343bcd38c67f4ef85987a3a7462b08a177c2056",
      "shape": [
        120,
        2560
      ]
    },
    "block-01-text": {
      "dtype": "f32le",
      "elements": 148480,
      "path": "block-01-text.f32",
      "sha256": "891f6e0957e87be80a07db6e7b24402bd3212d794e4dac003cc2c7f84ce20fec",
      "shape": [
        58,
        2560
      ]
    },
    "block-01-video": {
      "dtype": "f32le",
      "elements": 307200,
      "path": "block-01-video.f32",
      "sha256": "98864dc9c44556a4a5e5cf902bd211f15f0b74a27c60d151afdbf78c0b13813a",
      "shape": [
        120,
        2560
      ]
    },
    "block-02-text": {
      "dtype": "f32le",
      "elements": 148480,
      "path": "block-02-text.f32",
      "sha256": "3a818c7f9be921af5fc94cee52c5ab4dd15695c78361322bd4173ec92027ca1e",
      "shape": [
        58,
        2560
      ]
    },
    "block-02-video": {
      "dtype": "f32le",
      "elements": 307200,
      "path": "block-02-video.f32",
      "sha256": "511b1f99b4c5fdcec8b78f821821799888e684902841857c3120925bb2f140e0",
      "shape": [
        120,
        2560
      ]
    },
    "block-03-text": {
      "dtype": "f32le",
      "elements": 148480,
      "path": "block-03-text.f32",
      "sha256": "ca82e6b7bde13aad0ddf5ab89bddadbc0db2ae9e07b0a23e459094325d8ff901",
      "shape": [
        58,
        2560
      ]
    },
    "block-03-video": {
      "dtype": "f32le",
      "elements": 307200,
      "path": "block-03-video.f32",
      "sha256": "65c566b8421f070fff8c7748205889bc5b975972d3f98ac1f73f4e857b1ecb68",
      "shape": [
        120,
        2560
      ]
    },
    "block-04-text": {
      "dtype": "f32le",
      "elements": 148480,
      "path": "block-04-text.f32",
      "sha256": "9850e8ab9bb8c95d0c3bec385a2ec02fbf586e3082cb2661ad442a09f3587405",
      "shape": [
        58,
        2560
      ]
    },
    "block-04-video": {
      "dtype": "f32le",
      "elements": 307200,
      "path": "block-04-video.f32",
      "sha256": "7b3dbaebc5df57e9e0e49f11136e375ce8e1a173bb4d0a58cca9a9bef27c00d3",
      "shape": [
        120,
        2560
      ]
    },
    "block-05-text": {
      "dtype": "f32le",
      "elements": 148480,
      "path": "block-05-text.f32",
      "sha256": "f6a3ea7a1b7e5f8f14c3098c0bc377ddee0efad594e75d5c6c12e197d5f32f1e",
      "shape": [
        58,
        2560
      ]
    },
    "block-05-video": {
      "dtype": "f32le",
      "elements": 307200,
      "path": "block-05-video.f32",
      "sha256": "4c40a43130fd7d7cabb24943b63459193fa8d826ff3a9cc6d64ccd7339b5a32c",
      "shape": [
        120,
        2560
      ]
    },
    "block-06-text": {
      "dtype": "f32le",
      "elements": 148480,
      "path": "block-06-text.f32",
      "sha256": "a858c54252c3ffe1d744104c1dea3446404f1599a0e33daf19da912922370e2a",
      "shape": [
        58,
        2560
      ]
    },
    "block-06-video": {
      "dtype": "f32le",
      "elements": 307200,
      "path": "block-06-video.f32",
      "sha256": "a14e52f9fe1cbaf14bccc869c50bc293734c9b373ee7165fc3f8d17d53bdbe16",
      "shape": [
        120,
        2560
      ]
    },
    "block-07-text": {
      "dtype": "f32le",
      "elements": 148480,
      "path": "block-07-text.f32",
      "sha256": "4fd1da069717b61338ea4ed820652aa51ff69eb9a484e6fa6d79cabebc865fb7",
      "shape": [
        58,
        2560
      ]
    },
    "block-07-video": {
      "dtype": "f32le",
      "elements": 307200,
      "path": "block-07-video.f32",
      "sha256": "27152ca86bada64a88643024f5e9b286182990531644e9c0fb619287b5a8d68c",
      "shape": [
        120,
        2560
      ]
    },
    "block-08-text": {
      "dtype": "f32le",
      "elements": 148480,
      "path": "block-08-text.f32",
      "sha256": "bf0bb6fbd2fde3fe4bed435611b200efd56c1d49381dcb5922e29f463e8ef95f",
      "shape": [
        58,
        2560
      ]
    },
    "block-08-video": {
      "dtype": "f32le",
      "elements": 307200,
      "path": "block-08-video.f32",
      "sha256": "b51b76d98e3fddbbf4177e1a8da583f0bbbaa25e9719e15016f45b2c441b431e",
      "shape": [
        120,
        2560
      ]
    },
    "block-09-text": {
      "dtype": "f32le",
      "elements": 148480,
      "path": "block-09-text.f32",
      "sha256": "58fd67f62715ccff9b6258be10d5221d1dbb2519b9da5147a3b5a49c11551f5a",
      "shape": [
        58,
        2560
      ]
    },
    "block-09-video": {
      "dtype": "f32le",
      "elements": 307200,
      "path": "block-09-video.f32",
      "sha256": "5991428b972bf5a33b34bcaad8c86da7311f806b99b23b6a9d213539fe45b705",
      "shape": [
        120,
        2560
      ]
    },
    "block-10-text": {
      "dtype": "f32le",
      "elements": 148480,
      "path": "block-10-text.f32",
      "sha256": "1a2f8de787fc71d3047d23b1e32f7f6c654a7285a1daaf447c83f865902e8245",
      "shape": [
        58,
        2560
      ]
    },
    "block-10-video": {
      "dtype": "f32le",
      "elements": 307200,
      "path": "block-10-video.f32",
      "sha256": "0887ba0e3cbd46d341929fe3c4eaf01d131db5b071aaea42563f0bb566370367",
      "shape": [
        120,
        2560
      ]
    },
    "block-11-text": {
      "dtype": "f32le",
      "elements": 148480,
      "path": "block-11-text.f32",
      "sha256": "9f60c27c8c7def8331b6d6761b8bb5dbd16507df411976ea68f6925b7e36fb24",
      "shape": [
        58,
        2560
      ]
    },
    "block-11-video": {
      "dtype": "f32le",
      "elements": 307200,
      "path": "block-11-video.f32",
      "sha256": "3b3529dbb2bc58b0e5416f2db7568ae9df9515f42d2009a3f6e7eb678cbc691c",
      "shape": [
        120,
        2560
      ]
    },
    "block-12-text": {
      "dtype": "f32le",
      "elements": 148480,
      "path": "block-12-text.f32",
      "sha256": "bc8ab507148566fb7fdbf800c8b22ed92c5f6098ed95afe3fedcd34eaa2bcb9d",
      "shape": [
        58,
        2560
      ]
    },
    "block-12-video": {
      "dtype": "f32le",
      "elements": 307200,
      "path": "block-12-video.f32",
      "sha256": "10e2bba540c5ab66c844cc828b8d83bdff3b4923a32086c89097fd6a9a503ce8",
      "shape": [
        120,
        2560
      ]
    },
    "block-13-text": {
      "dtype": "f32le",
      "elements": 148480,
      "path": "block-13-text.f32",
      "sha256": "84ca40ad760ebc3c6b465353f097e73e82b95544dffa8b09e79bb80b4ea24d93",
      "shape": [
        58,
        2560
      ]
    },
    "block-13-video": {
      "dtype": "f32le",
      "elements": 307200,
      "path": "block-13-video.f32",
      "sha256": "4b65364cab17851519a1338323cea4f30d6eb90a97b9142e7d6f1220bdd288a5",
      "shape": [
        120,
        2560
      ]
    },
    "block-14-text": {
      "dtype": "f32le",
      "elements": 148480,
      "path": "block-14-text.f32",
      "sha256": "1ad9cccd1617125ddc74475bf59fcd5779aea9c85c8e0c83d6d118ffbe39d6f1",
      "shape": [
        58,
        2560
      ]
    },
    "block-14-video": {
      "dtype": "f32le",
      "elements": 307200,
      "path": "block-14-video.f32",
      "sha256": "844a24b8c7fbb567104193794c937218fd3db2d0dee44929b05c1e505a9b01a2",
      "shape": [
        120,
        2560
      ]
    },
    "block-15-text": {
      "dtype": "f32le",
      "elements": 148480,
      "path": "block-15-text.f32",
      "sha256": "6decf644e646e1b3a70a0484fe156955395c3f01924bcf940114d0b1ba6eb869",
      "shape": [
        58,
        2560
      ]
    },
    "block-15-video": {
      "dtype": "f32le",
      "elements": 307200,
      "path": "block-15-video.f32",
      "sha256": "fca3675e4adf0c54f1d6397e6eddf727d03e2e1fc40062a4e15fe8d3511f697b",
      "shape": [
        120,
        2560
      ]
    },
    "block-16-text": {
      "dtype": "f32le",
      "elements": 148480,
      "path": "block-16-text.f32",
      "sha256": "35b3697ca60d14aef6b961c3807ab1432bc81c9fd3091acea4bac2e65e1ab004",
      "shape": [
        58,
        2560
      ]
    },
    "block-16-video": {
      "dtype": "f32le",
      "elements": 307200,
      "path": "block-16-video.f32",
      "sha256": "69acb515a575e07a5b524cf4a971496d2701b14e3bdcc15586e523c37c5a6218",
      "shape": [
        120,
        2560
      ]
    },
    "block-17-text": {
      "dtype": "f32le",
      "elements": 148480,
      "path": "block-17-text.f32",
      "sha256": "026737dae4da791bb6e34e2462a3d2427699e23d77c48b8de71475cd41df641c",
      "shape": [
        58,
        2560
      ]
    },
    "block-17-video": {
      "dtype": "f32le",
      "elements": 307200,
      "path": "block-17-video.f32",
      "sha256": "9451c8e3b6431d4cf7f60894f378a88acdd48ec668a83b9eb7460c7c9dec3f2f",
      "shape": [
        120,
        2560
      ]
    },
    "block-18-text": {
      "dtype": "f32le",
      "elements": 148480,
      "path": "block-18-text.f32",
      "sha256": "648cff181897de74df033083ef683cfef71ee4011f4c5e9bb479898481fb282d",
      "shape": [
        58,
        2560
      ]
    },
    "block-18-video": {
      "dtype": "f32le",
      "elements": 307200,
      "path": "block-18-video.f32",
      "sha256": "c42d61d8450b402657353c6cce28562659822722bec5a4d3f8f1a0e5ec211d2e",
      "shape": [
        120,
        2560
      ]
    },
    "block-19-text": {
      "dtype": "f32le",
      "elements": 148480,
      "path": "block-19-text.f32",
      "sha256": "6f1c0f3f87812d57c16fbb826e274ef8b5167cb17dbd01476e417ed1451f0a7c",
      "shape": [
        58,
        2560
      ]
    },
    "block-19-video": {
      "dtype": "f32le",
      "elements": 307200,
      "path": "block-19-video.f32",
      "sha256": "3ff1d444d0c4755d7cbf6bb02527c991d44f67d6bdfb8537b1056ef5c19ed312",
      "shape": [
        120,
        2560
      ]
    },
    "block-20-text": {
      "dtype": "f32le",
      "elements": 148480,
      "path": "block-20-text.f32",
      "sha256": "85822ee336c0b9c695854052b2c37af7d4b337ed4946d420947fa754ebfeb891",
      "shape": [
        58,
        2560
      ]
    },
    "block-20-video": {
      "dtype": "f32le",
      "elements": 307200,
      "path": "block-20-video.f32",
      "sha256": "6f576e9dcf6013ba73beb1d8240495e684823041c9d7e65c434bbdfee9de4f34",
      "shape": [
        120,
        2560
      ]
    },
    "block-21-text": {
      "dtype": "f32le",
      "elements": 148480,
      "path": "block-21-text.f32",
      "sha256": "b30eda0c0300515c1131838b354699f45a95308c1313254d1e49202de0b0308c",
      "shape": [
        58,
        2560
      ]
    },
    "block-21-video": {
      "dtype": "f32le",
      "elements": 307200,
      "path": "block-21-video.f32",
      "sha256": "677a7a651ba81540203fa38616b359bd1ec2cb7929913c7f380868e9c43120e5",
      "shape": [
        120,
        2560
      ]
    },
    "block-22-text": {
      "dtype": "f32le",
      "elements": 148480,
      "path": "block-22-text.f32",
      "sha256": "96cc3cd600981a58e4d21ac995fc1070c55f2bae5641e1c1775add94cd302756",
      "shape": [
        58,
        2560
      ]
    },
    "block-22-video": {
      "dtype": "f32le",
      "elements": 307200,
      "path": "block-22-video.f32",
      "sha256": "24daefc82371e70af0da283cc6ab65285b8ce26701ed18491eb96dd4a42234ac",
      "shape": [
        120,
        2560
      ]
    },
    "block-23-text": {
      "dtype": "f32le",
      "elements": 148480,
      "path": "block-23-text.f32",
      "sha256": "e1430450a005c01d79b362bde012692ec2c62d000bd1e028c9e9f3a74130bed3",
      "shape": [
        58,
        2560
      ]
    },
    "block-23-video": {
      "dtype": "f32le",
      "elements": 307200,
      "path": "block-23-video.f32",
      "sha256": "9409585effcb26008dddc63636c191b96f52d285abc2c7dd043c24ca8ba7e571",
      "shape": [
        120,
        2560
      ]
    },
    "block-24-text": {
      "dtype": "f32le",
      "elements": 148480,
      "path": "block-24-text.f32",
      "sha256": "328cabe56a727ba2efa7b77820a09deeca5c54528ebb0719e7869f0fca736023",
      "shape": [
        58,
        2560
      ]
    },
    "block-24-video": {
      "dtype": "f32le",
      "elements": 307200,
      "path": "block-24-video.f32",
      "sha256": "b3f2f14bfc75d98920ad2fefcb794526a694d3da207c4f65f5ceeb8aba796f95",
      "shape": [
        120,
        2560
      ]
    },
    "block-25-text": {
      "dtype": "f32le",
      "elements": 148480,
      "path": "block-25-text.f32",
      "sha256": "35abb240fdb88dd3a46b3b1e8aa757e40c090045f24e088e97b4f7a2cc3af5dc",
      "shape": [
        58,
        2560
      ]
    },
    "block-25-video": {
      "dtype": "f32le",
      "elements": 307200,
      "path": "block-25-video.f32",
      "sha256": "2cb100d87c6a43e667f36b6e11d6c6577c271de91258e8ce740f00e64a0aaa0e",
      "shape": [
        120,
        2560
      ]
    },
    "block-26-text": {
      "dtype": "f32le",
      "elements": 148480,
      "path": "block-26-text.f32",
      "sha256": "f3771214c35f14715c2a3653862e997619df3aef951bf7fa1613854be3454419",
      "shape": [
        58,
        2560
      ]
    },
    "block-26-video": {
      "dtype": "f32le",
      "elements": 307200,
      "path": "block-26-video.f32",
      "sha256": "a6d56a97a926d6016d789d6629b5af9c8c74579db3c9fa37fff82671a12608c5",
      "shape": [
        120,
        2560
      ]
    },
    "block-27-text": {
      "dtype": "f32le",
      "elements": 148480,
      "path": "block-27-text.f32",
      "sha256": "b4c759009c32d19a04d20537da8f8b3e5695d7775c2d6170e8e47282a23fcb0a",
      "shape": [
        58,
        2560
      ]
    },
    "block-27-video": {
      "dtype": "f32le",
      "elements": 307200,
      "path": "block-27-video.f32",
      "sha256": "0162ffd39f4006a6046bcdae610f06b6a195f30911a200c78e0456786485397e",
      "shape": [
        120,
        2560
      ]
    },
    "block-28-text": {
      "dtype": "f32le",
      "elements": 148480,
      "path": "block-28-text.f32",
      "sha256": "1fbe74b8745df49ce04cbc6e67fb02792a2a46fc5b0b29d049a1650e4985cefa",
      "shape": [
        58,
        2560
      ]
    },
    "block-28-video": {
      "dtype": "f32le",
      "elements": 307200,
      "path": "block-28-video.f32",
      "sha256": "ce1671d733f5441bbcd01fc12a0ad33cfedb4cf736f168b982e3a177f672a912",
      "shape": [
        120,
        2560
      ]
    },
    "block-29-text": {
      "dtype": "f32le",
      "elements": 148480,
      "path": "block-29-text.f32",
      "sha256": "3249df7c24f851aa29341cee9df5c38cf589200b354c1122a43747eced0b359a",
      "shape": [
        58,
        2560
      ]
    },
    "block-29-video": {
      "dtype": "f32le",
      "elements": 307200,
      "path": "block-29-video.f32",
      "sha256": "dbf406d76c272ab59d147859629765895651c23623a138a41212745108b4e290",
      "shape": [
        120,
        2560
      ]
    },
    "block-30-text": {
      "dtype": "f32le",
      "elements": 148480,
      "path": "block-30-text.f32",
      "sha256": "b9cbb7985003bdfeb9321fc3655e6f1ef73238942ae4339674e6273782ecfe21",
      "shape": [
        58,
        2560
      ]
    },
    "block-30-video": {
      "dtype": "f32le",
      "elements": 307200,
      "path": "block-30-video.f32",
      "sha256": "c3247a78baa01f112b43108cb1ed4a0f09c60ba627bf3f37e379a248d7d511f1",
      "shape": [
        120,
        2560
      ]
    },
    "block-31-text": {
      "dtype": "f32le",
      "elements": 148480,
      "path": "block-31-text.f32",
      "sha256": "b2132a9a834cace575b072606ba2d7aa4f977600d298cd53ae54c8c4f3434ef5",
      "shape": [
        58,
        2560
      ]
    },
    "block-31-video": {
      "dtype": "f32le",
      "elements": 307200,
      "path": "block-31-video.f32",
      "sha256": "ed23658ee537269c4413315f4979f1b23d339ca06f793b941c7848f518a497b9",
      "shape": [
        120,
        2560
      ]
    },
    "conditioned": {
      "dtype": "f32le",
      "elements": 7680,
      "path": "conditioned.f32",
      "sha256": "117cd5f8eb16b5bdda775d8450c77622d07266031e84de5efafbfbbbc841fb9f",
      "shape": [
        16,
        3,
        10,
        16
      ]
    },
    "decoded": {
      "dtype": "f32le",
      "elements": 276480,
      "path": "decoded.f32",
      "sha256": "e95b8edfd1bbab160e3c2fd059c3fbf4340d624e22fd0303959614c7dcc15155",
      "shape": [
        3,
        9,
        80,
        128
      ]
    },
    "latent": {
      "dtype": "f32le",
      "elements": 7680,
      "path": "latent.f32",
      "sha256": "5cd9f44717690f550e173ffdc4f038b276c6d6b068e64f6d4a663308912cdaf3",
      "shape": [
        16,
        3,
        10,
        16
      ]
    },
    "noise": {
      "dtype": "f32le",
      "elements": 7680,
      "path": "noise.f32",
      "sha256": "bc9145030c67a61470a40d2ada57591ae0d9ca8a1a68dee2883385b67a96081d",
      "shape": [
        16,
        3,
        10,
        16
      ]
    },
    "patch-in": {
      "dtype": "f32le",
      "elements": 307200,
      "path": "patch-in.f32",
      "sha256": "46a64923d63aa00215b541e8138a6d91b3bb09c19c6862a5705bfe0d2011f898",
      "shape": [
        120,
        2560
      ]
    },
    "patch-out": {
      "dtype": "f32le",
      "elements": 7680,
      "path": "patch-out.f32",
      "sha256": "46dee7309023eca854b0606374c29ebd5bb1707459e6e249ed668f90203d22ec",
      "shape": [
        120,
        64
      ]
    },
    "patches": {
      "dtype": "f32le",
      "elements": 15840,
      "path": "patches.f32",
      "sha256": "a3d4b9410b231c090fc5c94c1394cebcb391154d9b5529acbc069bff9b221ebf",
      "shape": [
        120,
        132
      ]
    },
    "posterior": {
      "dtype": "f32le",
      "elements": 15360,
      "path": "posterior.f32",
      "sha256": "fc33a9187678cc078686487af0c692a4c23bd759210ee44951681a3071ecf21a",
      "shape": [
        32,
        3,
        10,
        16
      ]
    },
    "posterior-noise": {
      "dtype": "f32le",
      "elements": 7680,
      "path": "posterior-noise.f32",
      "sha256": "2c2222651a333288955c1bedba6f3ab7415ab988e3b2c6eb5468d62fad7fe669",
      "shape": [
        16,
        3,
        10,
        16
      ]
    },
    "prepared": {
      "dtype": "f32le",
      "elements": 276480,
      "path": "prepared.f32",
      "sha256": "0ed308eaed4b1529200ff3605161c5a968da566e4fcf4c44e0d73a30a59fda95",
      "shape": [
        3,
        9,
        80,
        128
      ]
    },
    "text-in": {
      "dtype": "f32le",
      "elements": 148480,
      "path": "text-in.f32",
      "sha256": "c7cecae53e4f83d60cab1ebddeca3bdf028c630ef33feb0cfd58d8c1ab50e42d",
      "shape": [
        58,
        2560
      ]
    },
    "time-in": {
      "dtype": "f32le",
      "elements": 15360,
      "path": "time-in.f32",
      "sha256": "bd542b62115dab2f055c2ec0ff47df9ebdbe25a9bf1d287b7557c08d20c6e719",
      "shape": [
        2560,
        6
      ]
    },
    "velocity": {
      "dtype": "f32le",
      "elements": 7680,
      "path": "velocity.f32",
      "sha256": "35614ef77d3bd3ac44c5a07c36108e18813e2145fc1672b69be4105bf9cb1f7a",
      "shape": [
        16,
        3,
        10,
        16
      ]
    }
  },
  "dispatch": "EXPLICIT_PER_LAYER_NO_BACKEND_FALLBACK",
  "executable_sha256": "79f7036d73db52226f786dc1e3aa8e93af4eec4abe9de4d09ce5a1763c1a7d25",
  "host_operations": [
    "video codecs",
    "resizing",
    "layouts",
    "posterior sampling",
    "Euler endpoint"
  ],
  "implementation": {
    "executable_sha256": "79f7036d73db52226f786dc1e3aa8e93af4eec4abe9de4d09ce5a1763c1a7d25",
    "ncnn_runtime_patches": [
      {
        "compiled_allocator_sha256": "b8398e0d5ef5a367f80c5d2f13af1c8f170a83a39d0a1b458a40100924a55320",
        "id": "host-buffer-v1",
        "original_allocator_sha256": "601d69dab40823366fa6aa2be00c8e37bb0f1e960fe96323c36daed887c4fda2",
        "scope": "Imported-host buffer declaration and weight-buffer transfer-source usage"
      }
    ],
    "sdk_library_sha256": "8fe77a130fa80ed5bfee2c048613b301a855b84a29be0dda18a4470da391fd26"
  },
  "input": {
    "duration_seconds": 1.125,
    "has_audio": false,
    "height": 40,
    "sha256": "b956e0174be4778942267fa9fa3fd1f3612b5a9386e0c4bd32d2112d105a4c28",
    "width": 64
  },
  "media_version": "8.0.1",
  "model_certificate": null,
  "model_manifest_sha256": "fe38835c367a2a389c689d89ce85c952b0e347d1edfd879b008d796a65374028",
  "model_verified": false,
  "ncnn_commit": "3b7bdba7fc8aea8fd46779533eee027df77c639d",
  "noise_algorithm": "splitmix64-box-muller-v1",
  "numerical_validation": "NOT_PERFORMED_BY_RUNNER",
  "output": {
    "audio": false,
    "codec": "H.264 / yuv420p / CRF 18",
    "fps": 8.0,
    "frames": 9,
    "height": 80,
    "path": "output.mp4",
    "sha256": "57b7992b12724e7989479a14d2240607fdd5237aa104c6389f2710fc47f5c6c6",
    "timestamps_90khz": [
      0,
      11250,
      22500,
      33750,
      45000,
      56250,
      67500,
      78750,
      90000
    ],
    "width": 128
  },
  "package_authenticated": true,
  "poster": "output.png",
  "preprocessing": "FFmpeg RGB8 / bicubic antialias / center crop 16 / normalize [-1,1]",
  "profile": "seedvr2-3b-video-fp32-b-v1",
  "resources": {
    "activation_peak_bytes": null,
    "autoregressive_kv_cache": false,
    "file_cache_peak_bytes": null,
    "largest_graph_weight_bytes": 634534028,
    "package_bytes": 21096916141,
    "pipeline_cache": "per-run Vulkan shader pipelines; no model weights or autoregressive keys",
    "process_lifetime_peak_rss_bytes": 1207869440,
    "process_system_cpu_seconds": 8.90777,
    "process_user_cpu_seconds": 11.838979,
    "temporal_vae_cache": false,
    "unmeasured_scope": "Allocator categories are not inferred from process RSS or whole-card VRAM",
    "weight_placement": {
      "budget_unavailable": 0,
      "cache_enabled": false,
      "cpu_graphs": 0,
      "device_requests": 36,
      "host_requests": 0,
      "scope": "placement requests, not measured allocator residency"
    },
    "weight_residency": "one graph at a time",
    "workspace_peak_bytes": null
  },
  "sampling": {
    "cfg": 1,
    "color_fix": "none",
    "latent_scale": 0.9152,
    "steps": 1,
    "timestep": 1000
  },
  "schema_version": "seedvr2-video-run-v1",
  "seed": 666,
  "stages": [
    {
      "awa_cpu": 0,
      "awa_vulkan": 0,
      "awa_windows": 0,
      "backend": "ncnn-vulkan",
      "compute_ms": 271.71591,
      "cpu_layers": 0,
      "cpu_temporal_encoder_direct_convolution": false,
      "id": "encoder",
      "layers": 98,
      "load_ms": 511.38042,
      "memory": {
        "activation_offload": false,
        "actual_weight_memory": "not_instrumented",
        "after_load": {
          "budget_bytes": 6125846528,
          "heap_index": 0,
          "source": "VK_EXT_memory_budget_estimate",
          "usage_bytes": 430178304
        },
        "after_release": {
          "budget_bytes": 6127878144,
          "heap_index": 0,
          "source": "VK_EXT_memory_budget_estimate",
          "usage_bytes": 599654400
        },
        "available_bytes": 6108741632,
        "before_load": {
          "budget_bytes": 6125846528,
          "heap_index": 0,
          "source": "VK_EXT_memory_budget_estimate",
          "usage_bytes": 17104896
        },
        "estimated_weight_bytes": 800371968,
        "oom_recovery": false,
        "policy": "auto",
        "reason": "budget_available",
        "requested_memory": "device",
        "reserve_bytes": 1531461632,
        "reserve_policy": "quarter_heap_budget",
        "scope": "weight placement before graph loading"
      },
      "vulkan_layers": 98,
      "weight_io": "buffered"
    },
    {
      "awa_cpu": 0,
      "awa_vulkan": 0,
      "awa_windows": 0,
      "backend": "ncnn-vulkan",
      "compute_ms": 1.173234,
      "cpu_layers": 0,
      "cpu_temporal_encoder_direct_convolution": false,
      "id": "patch-in",
      "layers": 1,
      "load_ms": 14.296246,
      "memory": {
        "activation_offload": false,
        "actual_weight_memory": "not_instrumented",
        "after_load": {
          "budget_bytes": 6127878144,
          "heap_index": 0,
          "source": "VK_EXT_memory_budget_estimate",
          "usage_bytes": 608043008
        },
        "after_release": {
          "budget_bytes": 6127878144,
          "heap_index": 0,
          "source": "VK_EXT_memory_budget_estimate",
          "usage_bytes": 599654400
        },
        "available_bytes": 5528223744,
        "before_load": {
          "budget_bytes": 6127878144,
          "heap_index": 0,
          "source": "VK_EXT_memory_budget_estimate",
          "usage_bytes": 599654400
        },
        "estimated_weight_bytes": 2723856,
        "oom_recovery": false,
        "policy": "auto",
        "reason": "budget_available",
        "requested_memory": "device",
        "reserve_bytes": 1531969536,
        "reserve_policy": "quarter_heap_budget",
        "scope": "weight placement before graph loading"
      },
      "vulkan_layers": 1,
      "weight_io": "buffered"
    },
    {
      "awa_cpu": 0,
      "awa_vulkan": 1,
      "awa_windows": 3,
      "backend": "ncnn-vulkan",
      "compute_ms": 80.02801,
      "cpu_layers": 0,
      "cpu_temporal_encoder_direct_convolution": false,
      "id": "block-00",
      "layers": 83,
      "load_ms": 367.118412,
      "memory": {
        "activation_offload": false,
        "actual_weight_memory": "not_instrumented",
        "after_load": {
          "budget_bytes": 6129909760,
          "heap_index": 0,
          "source": "VK_EXT_memory_budget_estimate",
          "usage_bytes": 1248985088
        },
        "after_release": {
          "budget_bytes": 6130040832,
          "heap_index": 0,
          "source": "VK_EXT_memory_budget_estimate",
          "usage_bytes": 600178688
        },
        "available_bytes": 5528223744,
        "before_load": {
          "budget_bytes": 6127878144,
          "heap_index": 0,
          "source": "VK_EXT_memory_budget_estimate",
          "usage_bytes": 599654400
        },
        "estimated_weight_bytes": 1269068056,
        "oom_recovery": false,
        "policy": "auto",
        "reason": "budget_available",
        "requested_memory": "device",
        "reserve_bytes": 1531969536,
        "reserve_policy": "quarter_heap_budget",
        "scope": "weight placement before graph loading"
      },
      "vulkan_layers": 83,
      "weight_io": "buffered"
    },
    {
      "awa_cpu": 0,
      "awa_vulkan": 1,
      "awa_windows": 3,
      "backend": "ncnn-vulkan",
      "compute_ms": 80.833681,
      "cpu_layers": 0,
      "cpu_temporal_encoder_direct_convolution": false,
      "id": "block-01",
      "layers": 83,
      "load_ms": 260.347942,
      "memory": {
        "activation_offload": false,
        "actual_weight_memory": "not_instrumented",
        "after_load": {
          "budget_bytes": 6111887360,
          "heap_index": 0,
          "source": "VK_EXT_memory_budget_estimate",
          "usage_bytes": 1248985088
        },
        "after_release": {
          "budget_bytes": 6112018432,
          "heap_index": 0,
          "source": "VK_EXT_memory_budget_estimate",
          "usage_bytes": 600178688
        },
        "available_bytes": 5529862144,
        "before_load": {
          "budget_bytes": 6130040832,
          "heap_index": 0,
          "source": "VK_EXT_memory_budget_estimate",
          "usage_bytes": 600178688
        },
        "estimated_weight_bytes": 1269068056,
        "oom_recovery": false,
        "policy": "auto",
        "reason": "budget_available",
        "requested_memory": "device",
        "reserve_bytes": 1532510208,
        "reserve_policy": "quarter_heap_budget",
        "scope": "weight placement before graph loading"
      },
      "vulkan_layers": 83,
      "weight_io": "buffered"
    },
    {
      "awa_cpu": 0,
      "awa_vulkan": 1,
      "awa_windows": 3,
      "backend": "ncnn-vulkan",
      "compute_ms": 80.993473,
      "cpu_layers": 0,
      "cpu_temporal_encoder_direct_convolution": false,
      "id": "block-02",
      "layers": 83,
      "load_ms": 273.518623,
      "memory": {
        "activation_offload": false,
        "actual_weight_memory": "not_instrumented",
        "after_load": {
          "budget_bytes": 6107103232,
          "heap_index": 0,
          "source": "VK_EXT_memory_budget_estimate",
          "usage_bytes": 1248985088
        },
        "after_release": {
          "budget_bytes": 6107234304,
          "heap_index": 0,
          "source": "VK_EXT_memory_budget_estimate",
          "usage_bytes": 600178688
        },
        "available_bytes": 5511839744,
        "before_load": {
          "budget_bytes": 6112018432,
          "heap_index": 0,
          "source": "VK_EXT_memory_budget_estimate",
          "usage_bytes": 600178688
        },
        "estimated_weight_bytes": 1269068056,
        "oom_recovery": false,
        "policy": "auto",
        "reason": "budget_available",
        "requested_memory": "device",
        "reserve_bytes": 1528004608,
        "reserve_policy": "quarter_heap_budget",
        "scope": "weight placement before graph loading"
      },
      "vulkan_layers": 83,
      "weight_io": "buffered"
    },
    {
      "awa_cpu": 0,
      "awa_vulkan": 1,
      "awa_windows": 3,
      "backend": "ncnn-vulkan",
      "compute_ms": 79.802916,
      "cpu_layers": 0,
      "cpu_temporal_encoder_direct_convolution": false,
      "id": "block-03",
      "layers": 83,
      "load_ms": 310.535306,
      "memory": {
        "activation_offload": false,
        "actual_weight_memory": "not_instrumented",
        "after_load": {
          "budget_bytes": 6107103232,
          "heap_index": 0,
          "source": "VK_EXT_memory_budget_estimate",
          "usage_bytes": 1248985088
        },
        "after_release": {
          "budget_bytes": 6107234304,
          "heap_index": 0,
          "source": "VK_EXT_memory_budget_estimate",
          "usage_bytes": 600178688
        },
        "available_bytes": 5507055616,
        "before_load": {
          "budget_bytes": 6107234304,
          "heap_index": 0,
          "source": "VK_EXT_memory_budget_estimate",
          "usage_bytes": 600178688
        },
        "estimated_weight_bytes": 1269068056,
        "oom_recovery": false,
        "policy": "auto",
        "reason": "budget_available",
        "requested_memory": "device",
        "reserve_bytes": 1526808576,
        "reserve_policy": "quarter_heap_budget",
        "scope": "weight placement before graph loading"
      },
      "vulkan_layers": 83,
      "weight_io": "buffered"
    },
    {
      "awa_cpu": 0,
      "awa_vulkan": 1,
      "awa_windows": 3,
      "backend": "ncnn-vulkan",
      "compute_ms": 82.099561,
      "cpu_layers": 0,
      "cpu_temporal_encoder_direct_convolution": false,
      "id": "block-04",
      "layers": 83,
      "load_ms": 300.032551,
      "memory": {
        "activation_offload": false,
        "actual_weight_memory": "not_instrumented",
        "after_load": {
          "budget_bytes": 6123880448,
          "heap_index": 0,
          "source": "VK_EXT_memory_budget_estimate",
          "usage_bytes": 1248985088
        },
        "after_release": {
          "budget_bytes": 6124011520,
          "heap_index": 0,
          "source": "VK_EXT_memory_budget_estimate",
          "usage_bytes": 600178688
        },
        "available_bytes": 5507055616,
        "before_load": {
          "budget_bytes": 6107234304,
          "heap_index": 0,
          "source": "VK_EXT_memory_budget_estimate",
          "usage_bytes": 600178688
        },
        "estimated_weight_bytes": 1269068056,
        "oom_recovery": false,
        "policy": "auto",
        "reason": "budget_available",
        "requested_memory": "device",
        "reserve_bytes": 1526808576,
        "reserve_policy": "quarter_heap_budget",
        "scope": "weight placement before graph loading"
      },
      "vulkan_layers": 83,
      "weight_io": "buffered"
    },
    {
      "awa_cpu": 0,
      "awa_vulkan": 1,
      "awa_windows": 3,
      "backend": "ncnn-vulkan",
      "compute_ms": 78.856149,
      "cpu_layers": 0,
      "cpu_temporal_encoder_direct_convolution": false,
      "id": "block-05",
      "layers": 83,
      "load_ms": 263.671285,
      "memory": {
        "activation_offload": false,
        "actual_weight_memory": "not_instrumented",
        "after_load": {
          "budget_bytes": 6123880448,
          "heap_index": 0,
          "source": "VK_EXT_memory_budget_estimate",
          "usage_bytes": 1248985088
        },
        "after_release": {
          "budget_bytes": 6124011520,
          "heap_index": 0,
          "source": "VK_EXT_memory_budget_estimate",
          "usage_bytes": 600178688
        },
        "available_bytes": 5523832832,
        "before_load": {
          "budget_bytes": 6124011520,
          "heap_index": 0,
          "source": "VK_EXT_memory_budget_estimate",
          "usage_bytes": 600178688
        },
        "estimated_weight_bytes": 1269068056,
        "oom_recovery": false,
        "policy": "auto",
        "reason": "budget_available",
        "requested_memory": "device",
        "reserve_bytes": 1531002880,
        "reserve_policy": "quarter_heap_budget",
        "scope": "weight placement before graph loading"
      },
      "vulkan_layers": 83,
      "weight_io": "buffered"
    },
    {
      "awa_cpu": 0,
      "awa_vulkan": 1,
      "awa_windows": 3,
      "backend": "ncnn-vulkan",
      "compute_ms": 80.794668,
      "cpu_layers": 0,
      "cpu_temporal_encoder_direct_convolution": false,
      "id": "block-06",
      "layers": 83,
      "load_ms": 222.695319,
      "memory": {
        "activation_offload": false,
        "actual_weight_memory": "not_instrumented",
        "after_load": {
          "budget_bytes": 6107103232,
          "heap_index": 0,
          "source": "VK_EXT_memory_budget_estimate",
          "usage_bytes": 1248985088
        },
        "after_release": {
          "budget_bytes": 6107234304,
          "heap_index": 0,
          "source": "VK_EXT_memory_budget_estimate",
          "usage_bytes": 600178688
        },
        "available_bytes": 5523832832,
        "before_load": {
          "budget_bytes": 6124011520,
          "heap_index": 0,
          "source": "VK_EXT_memory_budget_estimate",
          "usage_bytes": 600178688
        },
        "estimated_weight_bytes": 1269068056,
        "oom_recovery": false,
        "policy": "auto",
        "reason": "budget_available",
        "requested_memory": "device",
        "reserve_bytes": 1531002880,
        "reserve_policy": "quarter_heap_budget",
        "scope": "weight placement before graph loading"
      },
      "vulkan_layers": 83,
      "weight_io": "buffered"
    },
    {
      "awa_cpu": 0,
      "awa_vulkan": 1,
      "awa_windows": 3,
      "backend": "ncnn-vulkan",
      "compute_ms": 79.096863,
      "cpu_layers": 0,
      "cpu_temporal_encoder_direct_convolution": false,
      "id": "block-07",
      "layers": 83,
      "load_ms": 263.079327,
      "memory": {
        "activation_offload": false,
        "actual_weight_memory": "not_instrumented",
        "after_load": {
          "budget_bytes": 6107234304,
          "heap_index": 0,
          "source": "VK_EXT_memory_budget_estimate",
          "usage_bytes": 1248985088
        },
        "after_release": {
          "budget_bytes": 6107365376,
          "heap_index": 0,
          "source": "VK_EXT_memory_budget_estimate",
          "usage_bytes": 600178688
        },
        "available_bytes": 5507055616,
        "before_load": {
          "budget_bytes": 6107234304,
          "heap_index": 0,
          "source": "VK_EXT_memory_budget_estimate",
          "usage_bytes": 600178688
        },
        "estimated_weight_bytes": 1269068056,
        "oom_recovery": false,
        "policy": "auto",
        "reason": "budget_available",
        "requested_memory": "device",
        "reserve_bytes": 1526808576,
        "reserve_policy": "quarter_heap_budget",
        "scope": "weight placement before graph loading"
      },
      "vulkan_layers": 83,
      "weight_io": "buffered"
    },
    {
      "awa_cpu": 0,
      "awa_vulkan": 1,
      "awa_windows": 3,
      "backend": "ncnn-vulkan",
      "compute_ms": 80.281148,
      "cpu_layers": 0,
      "cpu_temporal_encoder_direct_convolution": false,
      "id": "block-08",
      "layers": 83,
      "load_ms": 283.36535,
      "memory": {
        "activation_offload": false,
        "actual_weight_memory": "not_instrumented",
        "after_load": {
          "budget_bytes": 6107234304,
          "heap_index": 0,
          "source": "VK_EXT_memory_budget_estimate",
          "usage_bytes": 1248985088
        },
        "after_release": {
          "budget_bytes": 6107365376,
          "heap_index": 0,
          "source": "VK_EXT_memory_budget_estimate",
          "usage_bytes": 600178688
        },
        "available_bytes": 5507186688,
        "before_load": {
          "budget_bytes": 6107365376,
          "heap_index": 0,
          "source": "VK_EXT_memory_budget_estimate",
          "usage_bytes": 600178688
        },
        "estimated_weight_bytes": 1269068056,
        "oom_recovery": false,
        "policy": "auto",
        "reason": "budget_available",
        "requested_memory": "device",
        "reserve_bytes": 1526841344,
        "reserve_policy": "quarter_heap_budget",
        "scope": "weight placement before graph loading"
      },
      "vulkan_layers": 83,
      "weight_io": "buffered"
    },
    {
      "awa_cpu": 0,
      "awa_vulkan": 1,
      "awa_windows": 3,
      "backend": "ncnn-vulkan",
      "compute_ms": 79.856226,
      "cpu_layers": 0,
      "cpu_temporal_encoder_direct_convolution": false,
      "id": "block-09",
      "layers": 83,
      "load_ms": 263.273705,
      "memory": {
        "activation_offload": false,
        "actual_weight_memory": "not_instrumented",
        "after_load": {
          "budget_bytes": 6124011520,
          "heap_index": 0,
          "source": "VK_EXT_memory_budget_estimate",
          "usage_bytes": 1248985088
        },
        "after_release": {
          "budget_bytes": 6125191168,
          "heap_index": 0,
          "source": "VK_EXT_memory_budget_estimate",
          "usage_bytes": 600178688
        },
        "available_bytes": 5507186688,
        "before_load": {
          "budget_bytes": 6107365376,
          "heap_index": 0,
          "source": "VK_EXT_memory_budget_estimate",
          "usage_bytes": 600178688
        },
        "estimated_weight_bytes": 1269068056,
        "oom_recovery": false,
        "policy": "auto",
        "reason": "budget_available",
        "requested_memory": "device",
        "reserve_bytes": 1526841344,
        "reserve_policy": "quarter_heap_budget",
        "scope": "weight placement before graph loading"
      },
      "vulkan_layers": 83,
      "weight_io": "buffered"
    },
    {
      "awa_cpu": 0,
      "awa_vulkan": 1,
      "awa_windows": 3,
      "backend": "ncnn-vulkan",
      "compute_ms": 79.86869,
      "cpu_layers": 0,
      "cpu_temporal_encoder_direct_convolution": false,
      "id": "block-10",
      "layers": 83,
      "load_ms": 293.864949,
      "memory": {
        "activation_offload": false,
        "actual_weight_memory": "not_instrumented",
        "after_load": {
          "budget_bytes": 6125060096,
          "heap_index": 0,
          "source": "VK_EXT_memory_budget_estimate",
          "usage_bytes": 1248591872
        },
        "after_release": {
          "budget_bytes": 6127812608,
          "heap_index": 0,
          "source": "VK_EXT_memory_budget_estimate",
          "usage_bytes": 600178688
        },
        "available_bytes": 5525012480,
        "before_load": {
          "budget_bytes": 6125191168,
          "heap_index": 0,
          "source": "VK_EXT_memory_budget_estimate",
          "usage_bytes": 600178688
        },
        "estimated_weight_bytes": 1268945176,
        "oom_recovery": false,
        "policy": "auto",
        "reason": "budget_available",
        "requested_memory": "device",
        "reserve_bytes": 1531297792,
        "reserve_policy": "quarter_heap_budget",
        "scope": "weight placement before graph loading"
      },
      "vulkan_layers": 83,
      "weight_io": "buffered"
    },
    {
      "awa_cpu": 0,
      "awa_vulkan": 1,
      "awa_windows": 3,
      "backend": "ncnn-vulkan",
      "compute_ms": 80.3566,
      "cpu_layers": 0,
      "cpu_temporal_encoder_direct_convolution": false,
      "id": "block-11",
      "layers": 83,
      "load_ms": 335.015565,
      "memory": {
        "activation_offload": false,
        "actual_weight_memory": "not_instrumented",
        "after_load": {
          "budget_bytes": 6127681536,
          "heap_index": 0,
          "source": "VK_EXT_memory_budget_estimate",
          "usage_bytes": 1248591872
        },
        "after_release": {
          "budget_bytes": 6127812608,
          "heap_index": 0,
          "source": "VK_EXT_memory_budget_estimate",
          "usage_bytes": 600178688
        },
        "available_bytes": 5527633920,
        "before_load": {
          "budget_bytes": 6127812608,
          "heap_index": 0,
          "source": "VK_EXT_memory_budget_estimate",
          "usage_bytes": 600178688
        },
        "estimated_weight_bytes": 1268945176,
        "oom_recovery": false,
        "policy": "auto",
        "reason": "budget_available",
        "requested_memory": "device",
        "reserve_bytes": 1531953152,
        "reserve_policy": "quarter_heap_budget",
        "scope": "weight placement before graph loading"
      },
      "vulkan_layers": 83,
      "weight_io": "buffered"
    },
    {
      "awa_cpu": 0,
      "awa_vulkan": 1,
      "awa_windows": 3,
      "backend": "ncnn-vulkan",
      "compute_ms": 79.903747,
      "cpu_layers": 0,
      "cpu_temporal_encoder_direct_convolution": false,
      "id": "block-12",
      "layers": 83,
      "load_ms": 260.383298,
      "memory": {
        "activation_offload": false,
        "actual_weight_memory": "not_instrumented",
        "after_load": {
          "budget_bytes": 6127681536,
          "heap_index": 0,
          "source": "VK_EXT_memory_budget_estimate",
          "usage_bytes": 1248591872
        },
        "after_release": {
          "budget_bytes": 6127812608,
          "heap_index": 0,
          "source": "VK_EXT_memory_budget_estimate",
          "usage_bytes": 600178688
        },
        "available_bytes": 5527633920,
        "before_load": {
          "budget_bytes": 6127812608,
          "heap_index": 0,
          "source": "VK_EXT_memory_budget_estimate",
          "usage_bytes": 600178688
        },
        "estimated_weight_bytes": 1268945176,
        "oom_recovery": false,
        "policy": "auto",
        "reason": "budget_available",
        "requested_memory": "device",
        "reserve_bytes": 1531953152,
        "reserve_policy": "quarter_heap_budget",
        "scope": "weight placement before graph loading"
      },
      "vulkan_layers": 83,
      "weight_io": "buffered"
    },
    {
      "awa_cpu": 0,
      "awa_vulkan": 1,
      "awa_windows": 3,
      "backend": "ncnn-vulkan",
      "compute_ms": 80.765633,
      "cpu_layers": 0,
      "cpu_temporal_encoder_direct_convolution": false,
      "id": "block-13",
      "layers": 83,
      "load_ms": 246.157496,
      "memory": {
        "activation_offload": false,
        "actual_weight_memory": "not_instrumented",
        "after_load": {
          "budget_bytes": 6129844224,
          "heap_index": 0,
          "source": "VK_EXT_memory_budget_estimate",
          "usage_bytes": 1248591872
        },
        "after_release": {
          "budget_bytes": 6129975296,
          "heap_index": 0,
          "source": "VK_EXT_memory_budget_estimate",
          "usage_bytes": 600178688
        },
        "available_bytes": 5527633920,
        "before_load": {
          "budget_bytes": 6127812608,
          "heap_index": 0,
          "source": "VK_EXT_memory_budget_estimate",
          "usage_bytes": 600178688
        },
        "estimated_weight_bytes": 1268945176,
        "oom_recovery": false,
        "policy": "auto",
        "reason": "budget_available",
        "requested_memory": "device",
        "reserve_bytes": 1531953152,
        "reserve_policy": "quarter_heap_budget",
        "scope": "weight placement before graph loading"
      },
      "vulkan_layers": 83,
      "weight_io": "buffered"
    },
    {
      "awa_cpu": 0,
      "awa_vulkan": 1,
      "awa_windows": 3,
      "backend": "ncnn-vulkan",
      "compute_ms": 81.615707,
      "cpu_layers": 0,
      "cpu_temporal_encoder_direct_convolution": false,
      "id": "block-14",
      "layers": 83,
      "load_ms": 241.05793,
      "memory": {
        "activation_offload": false,
        "actual_weight_memory": "not_instrumented",
        "after_load": {
          "budget_bytes": 6129844224,
          "heap_index": 0,
          "source": "VK_EXT_memory_budget_estimate",
          "usage_bytes": 1248591872
        },
        "after_release": {
          "budget_bytes": 6129975296,
          "heap_index": 0,
          "source": "VK_EXT_memory_budget_estimate",
          "usage_bytes": 600178688
        },
        "available_bytes": 5529796608,
        "before_load": {
          "budget_bytes": 6129975296,
          "heap_index": 0,
          "source": "VK_EXT_memory_budget_estimate",
          "usage_bytes": 600178688
        },
        "estimated_weight_bytes": 1268945176,
        "oom_recovery": false,
        "policy": "auto",
        "reason": "budget_available",
        "requested_memory": "device",
        "reserve_bytes": 1532493824,
        "reserve_policy": "quarter_heap_budget",
        "scope": "weight placement before graph loading"
      },
      "vulkan_layers": 83,
      "weight_io": "buffered"
    },
    {
      "awa_cpu": 0,
      "awa_vulkan": 1,
      "awa_windows": 3,
      "backend": "ncnn-vulkan",
      "compute_ms": 80.567379,
      "cpu_layers": 0,
      "cpu_temporal_encoder_direct_convolution": false,
      "id": "block-15",
      "layers": 83,
      "load_ms": 296.967935,
      "memory": {
        "activation_offload": false,
        "actual_weight_memory": "not_instrumented",
        "after_load": {
          "budget_bytes": 6129844224,
          "heap_index": 0,
          "source": "VK_EXT_memory_budget_estimate",
          "usage_bytes": 1248591872
        },
        "after_release": {
          "budget_bytes": 6129975296,
          "heap_index": 0,
          "source": "VK_EXT_memory_budget_estimate",
          "usage_bytes": 600178688
        },
        "available_bytes": 5529796608,
        "before_load": {
          "budget_bytes": 6129975296,
          "heap_index": 0,
          "source": "VK_EXT_memory_budget_estimate",
          "usage_bytes": 600178688
        },
        "estimated_weight_bytes": 1268945176,
        "oom_recovery": false,
        "policy": "auto",
        "reason": "budget_available",
        "requested_memory": "device",
        "reserve_bytes": 1532493824,
        "reserve_policy": "quarter_heap_budget",
        "scope": "weight placement before graph loading"
      },
      "vulkan_layers": 83,
      "weight_io": "buffered"
    },
    {
      "awa_cpu": 0,
      "awa_vulkan": 1,
      "awa_windows": 3,
      "backend": "ncnn-vulkan",
      "compute_ms": 80.59972,
      "cpu_layers": 0,
      "cpu_temporal_encoder_direct_convolution": false,
      "id": "block-16",
      "layers": 83,
      "load_ms": 255.792292,
      "memory": {
        "activation_offload": false,
        "actual_weight_memory": "not_instrumented",
        "after_load": {
          "budget_bytes": 6111494144,
          "heap_index": 0,
          "source": "VK_EXT_memory_budget_estimate",
          "usage_bytes": 1248591872
        },
        "after_release": {
          "budget_bytes": 6111625216,
          "heap_index": 0,
          "source": "VK_EXT_memory_budget_estimate",
          "usage_bytes": 600178688
        },
        "available_bytes": 5529796608,
        "before_load": {
          "budget_bytes": 6129975296,
          "heap_index": 0,
          "source": "VK_EXT_memory_budget_estimate",
          "usage_bytes": 600178688
        },
        "estimated_weight_bytes": 1268945176,
        "oom_recovery": false,
        "policy": "auto",
        "reason": "budget_available",
        "requested_memory": "device",
        "reserve_bytes": 1532493824,
        "reserve_policy": "quarter_heap_budget",
        "scope": "weight placement before graph loading"
      },
      "vulkan_layers": 83,
      "weight_io": "buffered"
    },
    {
      "awa_cpu": 0,
      "awa_vulkan": 1,
      "awa_windows": 3,
      "backend": "ncnn-vulkan",
      "compute_ms": 79.447404,
      "cpu_layers": 0,
      "cpu_temporal_encoder_direct_convolution": false,
      "id": "block-17",
      "layers": 83,
      "load_ms": 255.194475,
      "memory": {
        "activation_offload": false,
        "actual_weight_memory": "not_instrumented",
        "after_load": {
          "budget_bytes": 6111494144,
          "heap_index": 0,
          "source": "VK_EXT_memory_budget_estimate",
          "usage_bytes": 1248591872
        },
        "after_release": {
          "budget_bytes": 6111625216,
          "heap_index": 0,
          "source": "VK_EXT_memory_budget_estimate",
          "usage_bytes": 600178688
        },
        "available_bytes": 5511446528,
        "before_load": {
          "budget_bytes": 6111625216,
          "heap_index": 0,
          "source": "VK_EXT_memory_budget_estimate",
          "usage_bytes": 600178688
        },
        "estimated_weight_bytes": 1268945176,
        "oom_recovery": false,
        "policy": "auto",
        "reason": "budget_available",
        "requested_memory": "device",
        "reserve_bytes": 1527906304,
        "reserve_policy": "quarter_heap_budget",
        "scope": "weight placement before graph loading"
      },
      "vulkan_layers": 83,
      "weight_io": "buffered"
    },
    {
      "awa_cpu": 0,
      "awa_vulkan": 1,
      "awa_windows": 3,
      "backend": "ncnn-vulkan",
      "compute_ms": 79.54045,
      "cpu_layers": 0,
      "cpu_temporal_encoder_direct_convolution": false,
      "id": "block-18",
      "layers": 83,
      "load_ms": 258.766086,
      "memory": {
        "activation_offload": false,
        "actual_weight_memory": "not_instrumented",
        "after_load": {
          "budget_bytes": 6111494144,
          "heap_index": 0,
          "source": "VK_EXT_memory_budget_estimate",
          "usage_bytes": 1248591872
        },
        "after_release": {
          "budget_bytes": 6111625216,
          "heap_index": 0,
          "source": "VK_EXT_memory_budget_estimate",
          "usage_bytes": 600178688
        },
        "available_bytes": 5511446528,
        "before_load": {
          "budget_bytes": 6111625216,
          "heap_index": 0,
          "source": "VK_EXT_memory_budget_estimate",
          "usage_bytes": 600178688
        },
        "estimated_weight_bytes": 1268945176,
        "oom_recovery": false,
        "policy": "auto",
        "reason": "budget_available",
        "requested_memory": "device",
        "reserve_bytes": 1527906304,
        "reserve_policy": "quarter_heap_budget",
        "scope": "weight placement before graph loading"
      },
      "vulkan_layers": 83,
      "weight_io": "buffered"
    },
    {
      "awa_cpu": 0,
      "awa_vulkan": 1,
      "awa_windows": 3,
      "backend": "ncnn-vulkan",
      "compute_ms": 80.655204,
      "cpu_layers": 0,
      "cpu_temporal_encoder_direct_convolution": false,
      "id": "block-19",
      "layers": 83,
      "load_ms": 261.648818,
      "memory": {
        "activation_offload": false,
        "actual_weight_memory": "not_instrumented",
        "after_load": {
          "budget_bytes": 6128271360,
          "heap_index": 0,
          "source": "VK_EXT_memory_budget_estimate",
          "usage_bytes": 1248591872
        },
        "after_release": {
          "budget_bytes": 6128402432,
          "heap_index": 0,
          "source": "VK_EXT_memory_budget_estimate",
          "usage_bytes": 600178688
        },
        "available_bytes": 5511446528,
        "before_load": {
          "budget_bytes": 6111625216,
          "heap_index": 0,
          "source": "VK_EXT_memory_budget_estimate",
          "usage_bytes": 600178688
        },
        "estimated_weight_bytes": 1268945176,
        "oom_recovery": false,
        "policy": "auto",
        "reason": "budget_available",
        "requested_memory": "device",
        "reserve_bytes": 1527906304,
        "reserve_policy": "quarter_heap_budget",
        "scope": "weight placement before graph loading"
      },
      "vulkan_layers": 83,
      "weight_io": "buffered"
    },
    {
      "awa_cpu": 0,
      "awa_vulkan": 1,
      "awa_windows": 3,
      "backend": "ncnn-vulkan",
      "compute_ms": 79.557903,
      "cpu_layers": 0,
      "cpu_temporal_encoder_direct_convolution": false,
      "id": "block-20",
      "layers": 83,
      "load_ms": 247.192089,
      "memory": {
        "activation_offload": false,
        "actual_weight_memory": "not_instrumented",
        "after_load": {
          "budget_bytes": 6128271360,
          "heap_index": 0,
          "source": "VK_EXT_memory_budget_estimate",
          "usage_bytes": 1248591872
        },
        "after_release": {
          "budget_bytes": 6128402432,
          "heap_index": 0,
          "source": "VK_EXT_memory_budget_estimate",
          "usage_bytes": 600178688
        },
        "available_bytes": 5528223744,
        "before_load": {
          "budget_bytes": 6128402432,
          "heap_index": 0,
          "source": "VK_EXT_memory_budget_estimate",
          "usage_bytes": 600178688
        },
        "estimated_weight_bytes": 1268945176,
        "oom_recovery": false,
        "policy": "auto",
        "reason": "budget_available",
        "requested_memory": "device",
        "reserve_bytes": 1532100608,
        "reserve_policy": "quarter_heap_budget",
        "scope": "weight placement before graph loading"
      },
      "vulkan_layers": 83,
      "weight_io": "buffered"
    },
    {
      "awa_cpu": 0,
      "awa_vulkan": 1,
      "awa_windows": 3,
      "backend": "ncnn-vulkan",
      "compute_ms": 79.636542,
      "cpu_layers": 0,
      "cpu_temporal_encoder_direct_convolution": false,
      "id": "block-21",
      "layers": 83,
      "load_ms": 259.120515,
      "memory": {
        "activation_offload": false,
        "actual_weight_memory": "not_instrumented",
        "after_load": {
          "budget_bytes": 6128271360,
          "heap_index": 0,
          "source": "VK_EXT_memory_budget_estimate",
          "usage_bytes": 1248591872
        },
        "after_release": {
          "budget_bytes": 6128402432,
          "heap_index": 0,
          "source": "VK_EXT_memory_budget_estimate",
          "usage_bytes": 600178688
        },
        "available_bytes": 5528223744,
        "before_load": {
          "budget_bytes": 6128402432,
          "heap_index": 0,
          "source": "VK_EXT_memory_budget_estimate",
          "usage_bytes": 600178688
        },
        "estimated_weight_bytes": 1268945176,
        "oom_recovery": false,
        "policy": "auto",
        "reason": "budget_available",
        "requested_memory": "device",
        "reserve_bytes": 1532100608,
        "reserve_policy": "quarter_heap_budget",
        "scope": "weight placement before graph loading"
      },
      "vulkan_layers": 83,
      "weight_io": "buffered"
    },
    {
      "awa_cpu": 0,
      "awa_vulkan": 1,
      "awa_windows": 3,
      "backend": "ncnn-vulkan",
      "compute_ms": 80.091991,
      "cpu_layers": 0,
      "cpu_temporal_encoder_direct_convolution": false,
      "id": "block-22",
      "layers": 83,
      "load_ms": 256.357389,
      "memory": {
        "activation_offload": false,
        "actual_weight_memory": "not_instrumented",
        "after_load": {
          "budget_bytes": 6129188864,
          "heap_index": 0,
          "source": "VK_EXT_memory_budget_estimate",
          "usage_bytes": 1248591872
        },
        "after_release": {
          "budget_bytes": 6129319936,
          "heap_index": 0,
          "source": "VK_EXT_memory_budget_estimate",
          "usage_bytes": 600178688
        },
        "available_bytes": 5528223744,
        "before_load": {
          "budget_bytes": 6128402432,
          "heap_index": 0,
          "source": "VK_EXT_memory_budget_estimate",
          "usage_bytes": 600178688
        },
        "estimated_weight_bytes": 1268945176,
        "oom_recovery": false,
        "policy": "auto",
        "reason": "budget_available",
        "requested_memory": "device",
        "reserve_bytes": 1532100608,
        "reserve_policy": "quarter_heap_budget",
        "scope": "weight placement before graph loading"
      },
      "vulkan_layers": 83,
      "weight_io": "buffered"
    },
    {
      "awa_cpu": 0,
      "awa_vulkan": 1,
      "awa_windows": 3,
      "backend": "ncnn-vulkan",
      "compute_ms": 79.854614,
      "cpu_layers": 0,
      "cpu_temporal_encoder_direct_convolution": false,
      "id": "block-23",
      "layers": 83,
      "load_ms": 250.865873,
      "memory": {
        "activation_offload": false,
        "actual_weight_memory": "not_instrumented",
        "after_load": {
          "budget_bytes": 6129188864,
          "heap_index": 0,
          "source": "VK_EXT_memory_budget_estimate",
          "usage_bytes": 1248591872
        },
        "after_release": {
          "budget_bytes": 6129319936,
          "heap_index": 0,
          "source": "VK_EXT_memory_budget_estimate",
          "usage_bytes": 600178688
        },
        "available_bytes": 5529141248,
        "before_load": {
          "budget_bytes": 6129319936,
          "heap_index": 0,
          "source": "VK_EXT_memory_budget_estimate",
          "usage_bytes": 600178688
        },
        "estimated_weight_bytes": 1268945176,
        "oom_recovery": false,
        "policy": "auto",
        "reason": "budget_available",
        "requested_memory": "device",
        "reserve_bytes": 1532329984,
        "reserve_policy": "quarter_heap_budget",
        "scope": "weight placement before graph loading"
      },
      "vulkan_layers": 83,
      "weight_io": "buffered"
    },
    {
      "awa_cpu": 0,
      "awa_vulkan": 1,
      "awa_windows": 3,
      "backend": "ncnn-vulkan",
      "compute_ms": 79.292562,
      "cpu_layers": 0,
      "cpu_temporal_encoder_direct_convolution": false,
      "id": "block-24",
      "layers": 83,
      "load_ms": 248.487575,
      "memory": {
        "activation_offload": false,
        "actual_weight_memory": "not_instrumented",
        "after_load": {
          "budget_bytes": 6129188864,
          "heap_index": 0,
          "source": "VK_EXT_memory_budget_estimate",
          "usage_bytes": 1248591872
        },
        "after_release": {
          "budget_bytes": 6129319936,
          "heap_index": 0,
          "source": "VK_EXT_memory_budget_estimate",
          "usage_bytes": 600178688
        },
        "available_bytes": 5529141248,
        "before_load": {
          "budget_bytes": 6129319936,
          "heap_index": 0,
          "source": "VK_EXT_memory_budget_estimate",
          "usage_bytes": 600178688
        },
        "estimated_weight_bytes": 1268945176,
        "oom_recovery": false,
        "policy": "auto",
        "reason": "budget_available",
        "requested_memory": "device",
        "reserve_bytes": 1532329984,
        "reserve_policy": "quarter_heap_budget",
        "scope": "weight placement before graph loading"
      },
      "vulkan_layers": 83,
      "weight_io": "buffered"
    },
    {
      "awa_cpu": 0,
      "awa_vulkan": 1,
      "awa_windows": 3,
      "backend": "ncnn-vulkan",
      "compute_ms": 79.962577,
      "cpu_layers": 0,
      "cpu_temporal_encoder_direct_convolution": false,
      "id": "block-25",
      "layers": 83,
      "load_ms": 266.014027,
      "memory": {
        "activation_offload": false,
        "actual_weight_memory": "not_instrumented",
        "after_load": {
          "budget_bytes": 6134169600,
          "heap_index": 0,
          "source": "VK_EXT_memory_budget_estimate",
          "usage_bytes": 1248591872
        },
        "after_release": {
          "budget_bytes": 6134300672,
          "heap_index": 0,
          "source": "VK_EXT_memory_budget_estimate",
          "usage_bytes": 600178688
        },
        "available_bytes": 5529141248,
        "before_load": {
          "budget_bytes": 6129319936,
          "heap_index": 0,
          "source": "VK_EXT_memory_budget_estimate",
          "usage_bytes": 600178688
        },
        "estimated_weight_bytes": 1268945176,
        "oom_recovery": false,
        "policy": "auto",
        "reason": "budget_available",
        "requested_memory": "device",
        "reserve_bytes": 1532329984,
        "reserve_policy": "quarter_heap_budget",
        "scope": "weight placement before graph loading"
      },
      "vulkan_layers": 83,
      "weight_io": "buffered"
    },
    {
      "awa_cpu": 0,
      "awa_vulkan": 1,
      "awa_windows": 3,
      "backend": "ncnn-vulkan",
      "compute_ms": 80.32952,
      "cpu_layers": 0,
      "cpu_temporal_encoder_direct_convolution": false,
      "id": "block-26",
      "layers": 83,
      "load_ms": 275.505954,
      "memory": {
        "activation_offload": false,
        "actual_weight_memory": "not_instrumented",
        "after_load": {
          "budget_bytes": 6134169600,
          "heap_index": 0,
          "source": "VK_EXT_memory_budget_estimate",
          "usage_bytes": 1248591872
        },
        "after_release": {
          "budget_bytes": 6134300672,
          "heap_index": 0,
          "source": "VK_EXT_memory_budget_estimate",
          "usage_bytes": 600178688
        },
        "available_bytes": 5534121984,
        "before_load": {
          "budget_bytes": 6134300672,
          "heap_index": 0,
          "source": "VK_EXT_memory_budget_estimate",
          "usage_bytes": 600178688
        },
        "estimated_weight_bytes": 1268945176,
        "oom_recovery": false,
        "policy": "auto",
        "reason": "budget_available",
        "requested_memory": "device",
        "reserve_bytes": 1533575168,
        "reserve_policy": "quarter_heap_budget",
        "scope": "weight placement before graph loading"
      },
      "vulkan_layers": 83,
      "weight_io": "buffered"
    },
    {
      "awa_cpu": 0,
      "awa_vulkan": 1,
      "awa_windows": 3,
      "backend": "ncnn-vulkan",
      "compute_ms": 80.469584,
      "cpu_layers": 0,
      "cpu_temporal_encoder_direct_convolution": false,
      "id": "block-27",
      "layers": 83,
      "load_ms": 250.635068,
      "memory": {
        "activation_offload": false,
        "actual_weight_memory": "not_instrumented",
        "after_load": {
          "budget_bytes": 6116671488,
          "heap_index": 0,
          "source": "VK_EXT_memory_budget_estimate",
          "usage_bytes": 1248591872
        },
        "after_release": {
          "budget_bytes": 6116802560,
          "heap_index": 0,
          "source": "VK_EXT_memory_budget_estimate",
          "usage_bytes": 600178688
        },
        "available_bytes": 5534121984,
        "before_load": {
          "budget_bytes": 6134300672,
          "heap_index": 0,
          "source": "VK_EXT_memory_budget_estimate",
          "usage_bytes": 600178688
        },
        "estimated_weight_bytes": 1268945176,
        "oom_recovery": false,
        "policy": "auto",
        "reason": "budget_available",
        "requested_memory": "device",
        "reserve_bytes": 1533575168,
        "reserve_policy": "quarter_heap_budget",
        "scope": "weight placement before graph loading"
      },
      "vulkan_layers": 83,
      "weight_io": "buffered"
    },
    {
      "awa_cpu": 0,
      "awa_vulkan": 1,
      "awa_windows": 3,
      "backend": "ncnn-vulkan",
      "compute_ms": 79.256715,
      "cpu_layers": 0,
      "cpu_temporal_encoder_direct_convolution": false,
      "id": "block-28",
      "layers": 83,
      "load_ms": 241.55069,
      "memory": {
        "activation_offload": false,
        "actual_weight_memory": "not_instrumented",
        "after_load": {
          "budget_bytes": 6116671488,
          "heap_index": 0,
          "source": "VK_EXT_memory_budget_estimate",
          "usage_bytes": 1248591872
        },
        "after_release": {
          "budget_bytes": 6116802560,
          "heap_index": 0,
          "source": "VK_EXT_memory_budget_estimate",
          "usage_bytes": 600178688
        },
        "available_bytes": 5516623872,
        "before_load": {
          "budget_bytes": 6116802560,
          "heap_index": 0,
          "source": "VK_EXT_memory_budget_estimate",
          "usage_bytes": 600178688
        },
        "estimated_weight_bytes": 1268945176,
        "oom_recovery": false,
        "policy": "auto",
        "reason": "budget_available",
        "requested_memory": "device",
        "reserve_bytes": 1529200640,
        "reserve_policy": "quarter_heap_budget",
        "scope": "weight placement before graph loading"
      },
      "vulkan_layers": 83,
      "weight_io": "buffered"
    },
    {
      "awa_cpu": 0,
      "awa_vulkan": 1,
      "awa_windows": 3,
      "backend": "ncnn-vulkan",
      "compute_ms": 80.838641,
      "cpu_layers": 0,
      "cpu_temporal_encoder_direct_convolution": false,
      "id": "block-29",
      "layers": 83,
      "load_ms": 278.71373,
      "memory": {
        "activation_offload": false,
        "actual_weight_memory": "not_instrumented",
        "after_load": {
          "budget_bytes": 6116671488,
          "heap_index": 0,
          "source": "VK_EXT_memory_budget_estimate",
          "usage_bytes": 1248591872
        },
        "after_release": {
          "budget_bytes": 6116802560,
          "heap_index": 0,
          "source": "VK_EXT_memory_budget_estimate",
          "usage_bytes": 600178688
        },
        "available_bytes": 5516623872,
        "before_load": {
          "budget_bytes": 6116802560,
          "heap_index": 0,
          "source": "VK_EXT_memory_budget_estimate",
          "usage_bytes": 600178688
        },
        "estimated_weight_bytes": 1268945176,
        "oom_recovery": false,
        "policy": "auto",
        "reason": "budget_available",
        "requested_memory": "device",
        "reserve_bytes": 1529200640,
        "reserve_policy": "quarter_heap_budget",
        "scope": "weight placement before graph loading"
      },
      "vulkan_layers": 83,
      "weight_io": "buffered"
    },
    {
      "awa_cpu": 0,
      "awa_vulkan": 1,
      "awa_windows": 3,
      "backend": "ncnn-vulkan",
      "compute_ms": 81.482156,
      "cpu_layers": 0,
      "cpu_temporal_encoder_direct_convolution": false,
      "id": "block-30",
      "layers": 83,
      "load_ms": 288.219833,
      "memory": {
        "activation_offload": false,
        "actual_weight_memory": "not_instrumented",
        "after_load": {
          "budget_bytes": 6128599040,
          "heap_index": 0,
          "source": "VK_EXT_memory_budget_estimate",
          "usage_bytes": 1248591872
        },
        "after_release": {
          "budget_bytes": 6128730112,
          "heap_index": 0,
          "source": "VK_EXT_memory_budget_estimate",
          "usage_bytes": 600178688
        },
        "available_bytes": 5516623872,
        "before_load": {
          "budget_bytes": 6116802560,
          "heap_index": 0,
          "source": "VK_EXT_memory_budget_estimate",
          "usage_bytes": 600178688
        },
        "estimated_weight_bytes": 1268945176,
        "oom_recovery": false,
        "policy": "auto",
        "reason": "budget_available",
        "requested_memory": "device",
        "reserve_bytes": 1529200640,
        "reserve_policy": "quarter_heap_budget",
        "scope": "weight placement before graph loading"
      },
      "vulkan_layers": 83,
      "weight_io": "buffered"
    },
    {
      "awa_cpu": 0,
      "awa_vulkan": 1,
      "awa_windows": 3,
      "backend": "ncnn-vulkan",
      "compute_ms": 61.409937,
      "cpu_layers": 0,
      "cpu_temporal_encoder_direct_convolution": false,
      "id": "block-31",
      "layers": 51,
      "load_ms": 177.72307,
      "memory": {
        "activation_offload": false,
        "actual_weight_memory": "not_instrumented",
        "after_load": {
          "budget_bytes": 6128599040,
          "heap_index": 0,
          "source": "VK_EXT_memory_budget_estimate",
          "usage_bytes": 1034682368
        },
        "after_release": {
          "budget_bytes": 6128730112,
          "heap_index": 0,
          "source": "VK_EXT_memory_budget_estimate",
          "usage_bytes": 600178688
        },
        "available_bytes": 5528551424,
        "before_load": {
          "budget_bytes": 6128730112,
          "heap_index": 0,
          "source": "VK_EXT_memory_budget_estimate",
          "usage_bytes": 600178688
        },
        "estimated_weight_bytes": 844271872,
        "oom_recovery": false,
        "policy": "auto",
        "reason": "budget_available",
        "requested_memory": "device",
        "reserve_bytes": 1532182528,
        "reserve_policy": "quarter_heap_budget",
        "scope": "weight placement before graph loading"
      },
      "vulkan_layers": 51,
      "weight_io": "buffered"
    },
    {
      "awa_cpu": 0,
      "awa_vulkan": 0,
      "awa_windows": 0,
      "backend": "ncnn-vulkan",
      "compute_ms": 1.368654,
      "cpu_layers": 0,
      "cpu_temporal_encoder_direct_convolution": false,
      "id": "patch-out",
      "layers": 6,
      "load_ms": 24.630612,
      "memory": {
        "activation_offload": false,
        "actual_weight_memory": "not_instrumented",
        "after_load": {
          "budget_bytes": 6128730112,
          "heap_index": 0,
          "source": "VK_EXT_memory_budget_estimate",
          "usage_bytes": 608698368
        },
        "after_release": {
          "budget_bytes": 6128730112,
          "heap_index": 0,
          "source": "VK_EXT_memory_budget_estimate",
          "usage_bytes": 600178688
        },
        "available_bytes": 5528551424,
        "before_load": {
          "budget_bytes": 6128730112,
          "heap_index": 0,
          "source": "VK_EXT_memory_budget_estimate",
          "usage_bytes": 600178688
        },
        "estimated_weight_bytes": 1372680,
        "oom_recovery": false,
        "policy": "auto",
        "reason": "budget_available",
        "requested_memory": "device",
        "reserve_bytes": 1532182528,
        "reserve_policy": "quarter_heap_budget",
        "scope": "weight placement before graph loading"
      },
      "vulkan_layers": 6,
      "weight_io": "buffered"
    },
    {
      "awa_cpu": 0,
      "awa_vulkan": 0,
      "awa_windows": 0,
      "backend": "ncnn-vulkan",
      "compute_ms": 647.178452,
      "cpu_layers": 0,
      "cpu_temporal_encoder_direct_convolution": false,
      "id": "decoder",
      "layers": 136,
      "load_ms": 405.218239,
      "memory": {
        "activation_offload": false,
        "actual_weight_memory": "not_instrumented",
        "after_load": {
          "budget_bytes": 6129319936,
          "heap_index": 0,
          "source": "VK_EXT_memory_budget_estimate",
          "usage_bytes": 1216217088
        },
        "after_release": {
          "budget_bytes": 6133710848,
          "heap_index": 0,
          "source": "VK_EXT_memory_budget_estimate",
          "usage_bytes": 1496317952
        },
        "available_bytes": 5528551424,
        "before_load": {
          "budget_bytes": 6128730112,
          "heap_index": 0,
          "source": "VK_EXT_memory_budget_estimate",
          "usage_bytes": 600178688
        },
        "estimated_weight_bytes": 1204813848,
        "oom_recovery": false,
        "policy": "auto",
        "reason": "budget_available",
        "requested_memory": "device",
        "reserve_bytes": 1532182528,
        "reserve_policy": "quarter_heap_budget",
        "scope": "weight placement before graph loading"
      },
      "vulkan_layers": 136,
      "weight_io": "buffered"
    }
  ],
  "status": "SUCCEEDED",
  "timing": {
    "graph_compute_ms": 3469.5822209999988,
    "graph_load_ms": 9508.397993999997,
    "other_host_wait_and_cleanup_ms": 826.3842300000051,
    "package_validation_ms": 10800.64852
  },
  "total_ms": 24605.012965,
  "weight_io": "buffered"
}
