{
  "backend": "ncnn-vulkan",
  "build": "0.7.0",
  "clip": {
    "decoded_frames": 8,
    "latent_frames": 3,
    "padded_frames": 9,
    "padding": "repeat last frame to 4n+1; crop output to decoded frame count",
    "requested_max_frames": 8,
    "streaming_cache": false,
    "temporal_mode": "joint clip VAE + 3D adaptive window attention",
    "truncated": false
  },
  "comparison_input": "comparison-input.mp4",
  "converter_ncnn_commit": "6a1bf000f363714839a36793addc8c879d3d899e",
  "device": {
    "api_version": 4211017,
    "device_id": 10464,
    "driver_version": 2497102272,
    "index": 0,
    "name": "NVIDIA GeForce RTX 4060 Laptop GPU",
    "subgroup_size": 32,
    "vendor_id": 4318
  },
  "diagnostics": {
    "block-00-text": {
      "dtype": "f32le",
      "elements": 148480,
      "path": "block-00-text.f32",
      "sha256": "3be5e6b6c97794073f5fc98357e5c5dbfb88971eeeb89dcabcdfab29a4e63efc",
      "shape": [
        58,
        2560
      ]
    },
    "block-00-video": {
      "dtype": "f32le",
      "elements": 307200,
      "path": "block-00-video.f32",
      "sha256": "ce18b6c09793edf7f35cb4ff11afd257e4c352ffecd49fc16000d84e399d29de",
      "shape": [
        120,
        2560
      ]
    },
    "block-01-text": {
      "dtype": "f32le",
      "elements": 148480,
      "path": "block-01-text.f32",
      "sha256": "9917758eca03d0af74aa3fa8b493e0d108e259edbaebf39e79731dd4d6df77e9",
      "shape": [
        58,
        2560
      ]
    },
    "block-01-video": {
      "dtype": "f32le",
      "elements": 307200,
      "path": "block-01-video.f32",
      "sha256": "f2d06a4a4af9f4e76a35c1d8a24a72f5968caec8392f12e762112abbb9d830a6",
      "shape": [
        120,
        2560
      ]
    },
    "block-02-text": {
      "dtype": "f32le",
      "elements": 148480,
      "path": "block-02-text.f32",
      "sha256": "8894f994e067f9bfddddf8688a2cd9a4c508e36535f93fc11e0f3716d85c093c",
      "shape": [
        58,
        2560
      ]
    },
    "block-02-video": {
      "dtype": "f32le",
      "elements": 307200,
      "path": "block-02-video.f32",
      "sha256": "de72cda55830029b79e46e3d75a7eec6ba34f29e901b15f7c37e3066411e4b04",
      "shape": [
        120,
        2560
      ]
    },
    "block-03-text": {
      "dtype": "f32le",
      "elements": 148480,
      "path": "block-03-text.f32",
      "sha256": "d17269d7194b4ac70c336e1e1c17eaaa5694027f7ead9ee9c3a7c086581091da",
      "shape": [
        58,
        2560
      ]
    },
    "block-03-video": {
      "dtype": "f32le",
      "elements": 307200,
      "path": "block-03-video.f32",
      "sha256": "34a066fbb5310da17b100a0900f586b4021da87ee8cfc77bbf4186013f1a2c98",
      "shape": [
        120,
        2560
      ]
    },
    "block-04-text": {
      "dtype": "f32le",
      "elements": 148480,
      "path": "block-04-text.f32",
      "sha256": "15c73d47b74d21d1709e6b7f7843a64ea019b8914c4bc500506ff726a1787357",
      "shape": [
        58,
        2560
      ]
    },
    "block-04-video": {
      "dtype": "f32le",
      "elements": 307200,
      "path": "block-04-video.f32",
      "sha256": "42220d8fcb02cb850f2222d6c7e19c67d35f764851f0fb49f30dde9f8208b9df",
      "shape": [
        120,
        2560
      ]
    },
    "block-05-text": {
      "dtype": "f32le",
      "elements": 148480,
      "path": "block-05-text.f32",
      "sha256": "83540e6a122a9ecd4e510d17453289b042d07573214d3015af889876bbb20ff7",
      "shape": [
        58,
        2560
      ]
    },
    "block-05-video": {
      "dtype": "f32le",
      "elements": 307200,
      "path": "block-05-video.f32",
      "sha256": "4ee233b6ac4f7a49bb2f48a5257a2f5d7f4fd042f1075b1fda397d721535592e",
      "shape": [
        120,
        2560
      ]
    },
    "block-06-text": {
      "dtype": "f32le",
      "elements": 148480,
      "path": "block-06-text.f32",
      "sha256": "34060d8b3d5259498953de41d62d4c3db7176f67e3871f674164a5fc4cb5a97b",
      "shape": [
        58,
        2560
      ]
    },
    "block-06-video": {
      "dtype": "f32le",
      "elements": 307200,
      "path": "block-06-video.f32",
      "sha256": "c9ce4c04645d3e530f1bbeacd3982ae2a9219c980d71da722c607554fdbbf00c",
      "shape": [
        120,
        2560
      ]
    },
    "block-07-text": {
      "dtype": "f32le",
      "elements": 148480,
      "path": "block-07-text.f32",
      "sha256": "d02a56490c4e052ab0c2b79b70e05b1f160e1d589c4d454d78f4024aae3092dd",
      "shape": [
        58,
        2560
      ]
    },
    "block-07-video": {
      "dtype": "f32le",
      "elements": 307200,
      "path": "block-07-video.f32",
      "sha256": "d7275118a4651a4724181537a5deabb51c801d42debfeaac857f9262856535bc",
      "shape": [
        120,
        2560
      ]
    },
    "block-08-text": {
      "dtype": "f32le",
      "elements": 148480,
      "path": "block-08-text.f32",
      "sha256": "d9420e86c0a1559d127ce27ac745c847ab94aa79a6ce4c72f8780cb2209198c5",
      "shape": [
        58,
        2560
      ]
    },
    "block-08-video": {
      "dtype": "f32le",
      "elements": 307200,
      "path": "block-08-video.f32",
      "sha256": "361b509d10a4f1924134c27d4681fb0c7d9d00f11d6beeb49acdde0d6a618f9e",
      "shape": [
        120,
        2560
      ]
    },
    "block-09-text": {
      "dtype": "f32le",
      "elements": 148480,
      "path": "block-09-text.f32",
      "sha256": "df926f2cd980a3821d4f90bdffe963d0294a8b63dc05e7237b751da191a30e4d",
      "shape": [
        58,
        2560
      ]
    },
    "block-09-video": {
      "dtype": "f32le",
      "elements": 307200,
      "path": "block-09-video.f32",
      "sha256": "65b1398af3a02459897109465e794f4abf0076842d14fdf09ca04dd4b71c9167",
      "shape": [
        120,
        2560
      ]
    },
    "block-10-text": {
      "dtype": "f32le",
      "elements": 148480,
      "path": "block-10-text.f32",
      "sha256": "0364e00734936c18e5ca0a85bb1bf84300db8c424ed36bda32206dd15d94793e",
      "shape": [
        58,
        2560
      ]
    },
    "block-10-video": {
      "dtype": "f32le",
      "elements": 307200,
      "path": "block-10-video.f32",
      "sha256": "b8bb847cc7b833d113bd3f7e30ac5b3f45236eb9ec078e505d125fe6d879505b",
      "shape": [
        120,
        2560
      ]
    },
    "block-11-text": {
      "dtype": "f32le",
      "elements": 148480,
      "path": "block-11-text.f32",
      "sha256": "d53db0d87c9374e3530e4568f8f436a7999433a694e2f86cdf496de064851dfa",
      "shape": [
        58,
        2560
      ]
    },
    "block-11-video": {
      "dtype": "f32le",
      "elements": 307200,
      "path": "block-11-video.f32",
      "sha256": "63043205dd9f3f0f47016b44fa178e6cf8fefadf5423ed16c6d5cae8d60b66f5",
      "shape": [
        120,
        2560
      ]
    },
    "block-12-text": {
      "dtype": "f32le",
      "elements": 148480,
      "path": "block-12-text.f32",
      "sha256": "c4df7b11b1696393f6ec4e68943d623f351d4998aea0952648626dc8db72fcd2",
      "shape": [
        58,
        2560
      ]
    },
    "block-12-video": {
      "dtype": "f32le",
      "elements": 307200,
      "path": "block-12-video.f32",
      "sha256": "16e2deac65d40e8fcc4fed738900134e001e49229bdb53f03d7e882e49cccb10",
      "shape": [
        120,
        2560
      ]
    },
    "block-13-text": {
      "dtype": "f32le",
      "elements": 148480,
      "path": "block-13-text.f32",
      "sha256": "5ba51050d6f25d8337abc7cf302193af23501d2f7dcf55de31cf5136f7536558",
      "shape": [
        58,
        2560
      ]
    },
    "block-13-video": {
      "dtype": "f32le",
      "elements": 307200,
      "path": "block-13-video.f32",
      "sha256": "a67aba46ba5113ad8b75a95791951354b5a0c1b0544a02554cc5fc126397edad",
      "shape": [
        120,
        2560
      ]
    },
    "block-14-text": {
      "dtype": "f32le",
      "elements": 148480,
      "path": "block-14-text.f32",
      "sha256": "81a28d19d2fd1e8aff87bcc1684835912318b6737145822224d2996e5c7b9450",
      "shape": [
        58,
        2560
      ]
    },
    "block-14-video": {
      "dtype": "f32le",
      "elements": 307200,
      "path": "block-14-video.f32",
      "sha256": "1577f17892b36cd9cd8170c3e8e72df88ccbdc7268eec329a8618a6ca1f901c0",
      "shape": [
        120,
        2560
      ]
    },
    "block-15-text": {
      "dtype": "f32le",
      "elements": 148480,
      "path": "block-15-text.f32",
      "sha256": "cf74006b6eae2d3a4f9050fbfc7e52e47c79456092afe72915f44a7d928935c5",
      "shape": [
        58,
        2560
      ]
    },
    "block-15-video": {
      "dtype": "f32le",
      "elements": 307200,
      "path": "block-15-video.f32",
      "sha256": "7aa756893fe45c9a51956ea55703f9770f7ee5ad7a96d3d3042129474ef993c6",
      "shape": [
        120,
        2560
      ]
    },
    "block-16-text": {
      "dtype": "f32le",
      "elements": 148480,
      "path": "block-16-text.f32",
      "sha256": "3fa96bba69a10e04ab6e1a8de33cfefd7b7d5ec9b60c0240fcdf5d786ebccea0",
      "shape": [
        58,
        2560
      ]
    },
    "block-16-video": {
      "dtype": "f32le",
      "elements": 307200,
      "path": "block-16-video.f32",
      "sha256": "f4915f22cb71af2bfc737ab14ac40af3fa4f3d03dc14ba18b446f113ff982af5",
      "shape": [
        120,
        2560
      ]
    },
    "block-17-text": {
      "dtype": "f32le",
      "elements": 148480,
      "path": "block-17-text.f32",
      "sha256": "e7e510d9dd516b876946a9cb7f0361513a81ba8e1e3446b1335cccf38865d493",
      "shape": [
        58,
        2560
      ]
    },
    "block-17-video": {
      "dtype": "f32le",
      "elements": 307200,
      "path": "block-17-video.f32",
      "sha256": "2be9dca01987dabe8458343bdc12244f6d80b0cd791b5c61f9034b9dad0256fa",
      "shape": [
        120,
        2560
      ]
    },
    "block-18-text": {
      "dtype": "f32le",
      "elements": 148480,
      "path": "block-18-text.f32",
      "sha256": "cc8f99b973b8e4d1877a4ddea44a1ed8a77e259fab309b79435842860f13f46d",
      "shape": [
        58,
        2560
      ]
    },
    "block-18-video": {
      "dtype": "f32le",
      "elements": 307200,
      "path": "block-18-video.f32",
      "sha256": "84ac67e17b8219a9bb6334ea454d276f3ad21a08823528c34ef01e6b36ecf1bb",
      "shape": [
        120,
        2560
      ]
    },
    "block-19-text": {
      "dtype": "f32le",
      "elements": 148480,
      "path": "block-19-text.f32",
      "sha256": "6e9e210d096079d649f5c47b9cc74b1e8773d80e1fa86e9856bfb55689ebd91e",
      "shape": [
        58,
        2560
      ]
    },
    "block-19-video": {
      "dtype": "f32le",
      "elements": 307200,
      "path": "block-19-video.f32",
      "sha256": "29224530bf47d3e2d211916a52eb83300687eb878863d71ce30cf5ee8e9c3186",
      "shape": [
        120,
        2560
      ]
    },
    "block-20-text": {
      "dtype": "f32le",
      "elements": 148480,
      "path": "block-20-text.f32",
      "sha256": "23fe1f7388fdea9a9e8ad5feeee8f48d5a651074c3fa2e412af2eec9ad61bf44",
      "shape": [
        58,
        2560
      ]
    },
    "block-20-video": {
      "dtype": "f32le",
      "elements": 307200,
      "path": "block-20-video.f32",
      "sha256": "4aa24b2e3bf4114b419143f6574bf563a0035b48ade9d130ab09ea877602293a",
      "shape": [
        120,
        2560
      ]
    },
    "block-21-text": {
      "dtype": "f32le",
      "elements": 148480,
      "path": "block-21-text.f32",
      "sha256": "6d0cdf6d0105f65bb8b45d546737f368819350ea4d1d704537658aec816cbdf1",
      "shape": [
        58,
        2560
      ]
    },
    "block-21-video": {
      "dtype": "f32le",
      "elements": 307200,
      "path": "block-21-video.f32",
      "sha256": "ecd592e7139ed985059aab11114b952c6c3e1bfe9786cf770ec80fe10a31f72f",
      "shape": [
        120,
        2560
      ]
    },
    "block-22-text": {
      "dtype": "f32le",
      "elements": 148480,
      "path": "block-22-text.f32",
      "sha256": "cf1892f54fedb894694fb7585503717a1e07c76f2b65797c195191934f9ac7a1",
      "shape": [
        58,
        2560
      ]
    },
    "block-22-video": {
      "dtype": "f32le",
      "elements": 307200,
      "path": "block-22-video.f32",
      "sha256": "7a2173a1fccc19048188f41ba01bdaf41eeb296421d8b25378aa531edc6cf00a",
      "shape": [
        120,
        2560
      ]
    },
    "block-23-text": {
      "dtype": "f32le",
      "elements": 148480,
      "path": "block-23-text.f32",
      "sha256": "7c39f4ba586eb0dd219dca1fd12a134e2baf0d7830e4559ec72a5d9e4c32ba4f",
      "shape": [
        58,
        2560
      ]
    },
    "block-23-video": {
      "dtype": "f32le",
      "elements": 307200,
      "path": "block-23-video.f32",
      "sha256": "c67eb4f9c4eb527b6e49ac3930f68a54ca4c4fb9335d07f8f1649259e2cf91c5",
      "shape": [
        120,
        2560
      ]
    },
    "block-24-text": {
      "dtype": "f32le",
      "elements": 148480,
      "path": "block-24-text.f32",
      "sha256": "e2bf365982cad229ae865c30a01992f61e25b83c8337a685df42e423f6f68c1f",
      "shape": [
        58,
        2560
      ]
    },
    "block-24-video": {
      "dtype": "f32le",
      "elements": 307200,
      "path": "block-24-video.f32",
      "sha256": "f2c2268064d5dbdc83fcf83ca6e125a304d153643070efc7b1ab545a35c12c70",
      "shape": [
        120,
        2560
      ]
    },
    "block-25-text": {
      "dtype": "f32le",
      "elements": 148480,
      "path": "block-25-text.f32",
      "sha256": "112324386179c953b365231640f9625c0e9f7e0250aba5643f9065761763544b",
      "shape": [
        58,
        2560
      ]
    },
    "block-25-video": {
      "dtype": "f32le",
      "elements": 307200,
      "path": "block-25-video.f32",
      "sha256": "e267db2cbd2f8a233ac9b5587ee754fc6dc2cd53806cea0cfb5ac77cece3633d",
      "shape": [
        120,
        2560
      ]
    },
    "block-26-text": {
      "dtype": "f32le",
      "elements": 148480,
      "path": "block-26-text.f32",
      "sha256": "205df3d8f797afb6377fa243953aa94caeef62e3ae9abafcf08a665cb20df79d",
      "shape": [
        58,
        2560
      ]
    },
    "block-26-video": {
      "dtype": "f32le",
      "elements": 307200,
      "path": "block-26-video.f32",
      "sha256": "900ff3d1c7770458b39adda40d5988e77c2854543caaa014f3a9a57802a3c08a",
      "shape": [
        120,
        2560
      ]
    },
    "block-27-text": {
      "dtype": "f32le",
      "elements": 148480,
      "path": "block-27-text.f32",
      "sha256": "e00f0b7322eb67cc514db23cb163d4b8bb66fe1537c14f4aa7102047ff7092b4",
      "shape": [
        58,
        2560
      ]
    },
    "block-27-video": {
      "dtype": "f32le",
      "elements": 307200,
      "path": "block-27-video.f32",
      "sha256": "0318360c454a44b7bdd555f8a9ee8484ed59f7303ecc362227f3c0369b827c14",
      "shape": [
        120,
        2560
      ]
    },
    "block-28-text": {
      "dtype": "f32le",
      "elements": 148480,
      "path": "block-28-text.f32",
      "sha256": "8dc3b301734292517a18ee5d239946f78cc48b3b8d603cc24577b6f527ca41a5",
      "shape": [
        58,
        2560
      ]
    },
    "block-28-video": {
      "dtype": "f32le",
      "elements": 307200,
      "path": "block-28-video.f32",
      "sha256": "7fa1f83d41c51b67d23799c8b60a201c34f36ac1782949ff60f31109a4da7683",
      "shape": [
        120,
        2560
      ]
    },
    "block-29-text": {
      "dtype": "f32le",
      "elements": 148480,
      "path": "block-29-text.f32",
      "sha256": "20285d1e3a53b3ba82b531a4e6126c61ee3706e069729393eb6303dd2105af9a",
      "shape": [
        58,
        2560
      ]
    },
    "block-29-video": {
      "dtype": "f32le",
      "elements": 307200,
      "path": "block-29-video.f32",
      "sha256": "69944085992759e2ecb29280381b9989ac4c33d6d385cc439a6c964fc4bd50db",
      "shape": [
        120,
        2560
      ]
    },
    "block-30-text": {
      "dtype": "f32le",
      "elements": 148480,
      "path": "block-30-text.f32",
      "sha256": "16e3c5d614e68629ff16176f97b769516a40d7d284363900b720f6a093323141",
      "shape": [
        58,
        2560
      ]
    },
    "block-30-video": {
      "dtype": "f32le",
      "elements": 307200,
      "path": "block-30-video.f32",
      "sha256": "231b1d541c46b37a07ebb0aaeb1826344e28ce54c9d357548ca3e30aec629a08",
      "shape": [
        120,
        2560
      ]
    },
    "block-31-text": {
      "dtype": "f32le",
      "elements": 148480,
      "path": "block-31-text.f32",
      "sha256": "6ae5c00007973bf1a4ea2c4e660c2dd42ec090f49fc63438642c5a7514493b34",
      "shape": [
        58,
        2560
      ]
    },
    "block-31-video": {
      "dtype": "f32le",
      "elements": 307200,
      "path": "block-31-video.f32",
      "sha256": "2b32e5d3823ecb4a852d730c1c4eebbb1271df28b1e8aa9c0710a857bcf48de1",
      "shape": [
        120,
        2560
      ]
    },
    "conditioned": {
      "dtype": "f32le",
      "elements": 7680,
      "path": "conditioned.f32",
      "sha256": "c8602ebd7a4a30d1f3e7565746d3bd96b7b1b9345478b1fa4d3e48959a319d0a",
      "shape": [
        16,
        3,
        10,
        16
      ]
    },
    "decoded": {
      "dtype": "f32le",
      "elements": 276480,
      "path": "decoded.f32",
      "sha256": "9e57f98981c2f2946d3e47d1d874428993766e557ef0e44acd72d80932026661",
      "shape": [
        3,
        9,
        80,
        128
      ]
    },
    "latent": {
      "dtype": "f32le",
      "elements": 7680,
      "path": "latent.f32",
      "sha256": "c9a5fba6722770450a5de089f6f1618220c2517fb7544cb6fc39071a4a51b339",
      "shape": [
        16,
        3,
        10,
        16
      ]
    },
    "noise": {
      "dtype": "f32le",
      "elements": 7680,
      "path": "noise.f32",
      "sha256": "bc9145030c67a61470a40d2ada57591ae0d9ca8a1a68dee2883385b67a96081d",
      "shape": [
        16,
        3,
        10,
        16
      ]
    },
    "patch-in": {
      "dtype": "f32le",
      "elements": 307200,
      "path": "patch-in.f32",
      "sha256": "e3d6dde6fd94438f2cd32b2b90d7831ca27ef763daab0ba44d5a537b273c2616",
      "shape": [
        120,
        2560
      ]
    },
    "patch-out": {
      "dtype": "f32le",
      "elements": 7680,
      "path": "patch-out.f32",
      "sha256": "7b9d7f8b89d0636f5b35ebe90ae83f2c8f98b50c4313bbbcec08877e170cfe26",
      "shape": [
        120,
        64
      ]
    },
    "patches": {
      "dtype": "f32le",
      "elements": 15840,
      "path": "patches.f32",
      "sha256": "57908c2fb1d9eaf5d60480521735fffa416a1d6252312a0f7461ee9df49efcd0",
      "shape": [
        120,
        132
      ]
    },
    "posterior": {
      "dtype": "f32le",
      "elements": 15360,
      "path": "posterior.f32",
      "sha256": "349cae2d5899da5e00b152dba72813a2d117032bc7c918e85fc0579900a9ea4b",
      "shape": [
        32,
        3,
        10,
        16
      ]
    },
    "posterior-noise": {
      "dtype": "f32le",
      "elements": 7680,
      "path": "posterior-noise.f32",
      "sha256": "2c2222651a333288955c1bedba6f3ab7415ab988e3b2c6eb5468d62fad7fe669",
      "shape": [
        16,
        3,
        10,
        16
      ]
    },
    "prepared": {
      "dtype": "f32le",
      "elements": 276480,
      "path": "prepared.f32",
      "sha256": "00ae3cc3181b4b7fb039e73005c79021adff7f34ab927dc402e27406a953599c",
      "shape": [
        3,
        9,
        80,
        128
      ]
    },
    "text-in": {
      "dtype": "f32le",
      "elements": 148480,
      "path": "text-in.f32",
      "sha256": "c7cecae53e4f83d60cab1ebddeca3bdf028c630ef33feb0cfd58d8c1ab50e42d",
      "shape": [
        58,
        2560
      ]
    },
    "time-in": {
      "dtype": "f32le",
      "elements": 15360,
      "path": "time-in.f32",
      "sha256": "bd542b62115dab2f055c2ec0ff47df9ebdbe25a9bf1d287b7557c08d20c6e719",
      "shape": [
        2560,
        6
      ]
    },
    "velocity": {
      "dtype": "f32le",
      "elements": 7680,
      "path": "velocity.f32",
      "sha256": "b8d3b4ce32c72f7ad6f2873441330856c2103ef67f0dcba57e073f91844c1696",
      "shape": [
        16,
        3,
        10,
        16
      ]
    }
  },
  "dispatch": "EXPLICIT_PER_LAYER_NO_BACKEND_FALLBACK",
  "executable_sha256": "79f7036d73db52226f786dc1e3aa8e93af4eec4abe9de4d09ce5a1763c1a7d25",
  "host_operations": [
    "video codecs",
    "resizing",
    "layouts",
    "posterior sampling",
    "Euler endpoint"
  ],
  "implementation": {
    "executable_sha256": "79f7036d73db52226f786dc1e3aa8e93af4eec4abe9de4d09ce5a1763c1a7d25",
    "ncnn_runtime_patches": [
      {
        "compiled_allocator_sha256": "b8398e0d5ef5a367f80c5d2f13af1c8f170a83a39d0a1b458a40100924a55320",
        "id": "host-buffer-v1",
        "original_allocator_sha256": "601d69dab40823366fa6aa2be00c8e37bb0f1e960fe96323c36daed887c4fda2",
        "scope": "Imported-host buffer declaration and weight-buffer transfer-source usage"
      }
    ],
    "sdk_library_sha256": "8fe77a130fa80ed5bfee2c048613b301a855b84a29be0dda18a4470da391fd26"
  },
  "input": {
    "duration_seconds": 1.0,
    "has_audio": false,
    "height": 40,
    "sha256": "4ee1606327095dcc2dff012c85afbbd4d735441a1163cd679b24bb7b2ee66be3",
    "width": 64
  },
  "media_version": "8.0.1",
  "model_certificate": null,
  "model_manifest_sha256": "fe38835c367a2a389c689d89ce85c952b0e347d1edfd879b008d796a65374028",
  "model_verified": false,
  "ncnn_commit": "3b7bdba7fc8aea8fd46779533eee027df77c639d",
  "noise_algorithm": "splitmix64-box-muller-v1",
  "numerical_validation": "NOT_PERFORMED_BY_RUNNER",
  "output": {
    "audio": false,
    "codec": "H.264 / yuv420p / CRF 18",
    "fps": 8.0,
    "frames": 8,
    "height": 80,
    "path": "output.mp4",
    "sha256": "a044a7662f21c4efe7b27b6ff2142107a504446a56ba2c43f6f3461440a4f394",
    "timestamps_90khz": [
      0,
      11250,
      22500,
      33750,
      45000,
      56250,
      67500,
      78750
    ],
    "width": 128
  },
  "package_authenticated": true,
  "poster": "output.png",
  "preprocessing": "FFmpeg RGB8 / bicubic antialias / center crop 16 / normalize [-1,1]",
  "profile": "seedvr2-3b-video-fp32-b-v1",
  "resources": {
    "activation_peak_bytes": null,
    "autoregressive_kv_cache": false,
    "file_cache_peak_bytes": null,
    "largest_graph_weight_bytes": 634534028,
    "package_bytes": 21096916141,
    "pipeline_cache": "per-run Vulkan shader pipelines; no model weights or autoregressive keys",
    "process_lifetime_peak_rss_bytes": 1008369664,
    "process_system_cpu_seconds": 7.483101,
    "process_user_cpu_seconds": 12.552703,
    "temporal_vae_cache": false,
    "unmeasured_scope": "Allocator categories are not inferred from process RSS or whole-card VRAM",
    "weight_placement": {
      "budget_unavailable": 0,
      "cache_enabled": false,
      "cpu_graphs": 0,
      "device_requests": 36,
      "host_requests": 0,
      "scope": "placement requests, not measured allocator residency"
    },
    "weight_residency": "one graph at a time",
    "workspace_peak_bytes": null
  },
  "sampling": {
    "cfg": 1,
    "color_fix": "none",
    "latent_scale": 0.9152,
    "steps": 1,
    "timestep": 1000
  },
  "schema_version": "seedvr2-video-run-v1",
  "seed": 666,
  "stages": [
    {
      "awa_cpu": 0,
      "awa_vulkan": 0,
      "awa_windows": 0,
      "backend": "ncnn-vulkan",
      "compute_ms": 273.546355,
      "cpu_layers": 0,
      "cpu_temporal_encoder_direct_convolution": false,
      "id": "encoder",
      "layers": 98,
      "load_ms": 514.600769,
      "memory": {
        "activation_offload": false,
        "actual_weight_memory": "not_instrumented",
        "after_load": {
          "budget_bytes": 6105661440,
          "heap_index": 0,
          "source": "VK_EXT_memory_budget_estimate",
          "usage_bytes": 430178304
        },
        "after_release": {
          "budget_bytes": 6107693056,
          "heap_index": 0,
          "source": "VK_EXT_memory_budget_estimate",
          "usage_bytes": 599654400
        },
        "available_bytes": 6086393856,
        "before_load": {
          "budget_bytes": 6103498752,
          "heap_index": 0,
          "source": "VK_EXT_memory_budget_estimate",
          "usage_bytes": 17104896
        },
        "estimated_weight_bytes": 800371968,
        "oom_recovery": false,
        "policy": "auto",
        "reason": "budget_available",
        "requested_memory": "device",
        "reserve_bytes": 1525874688,
        "reserve_policy": "quarter_heap_budget",
        "scope": "weight placement before graph loading"
      },
      "vulkan_layers": 98,
      "weight_io": "buffered"
    },
    {
      "awa_cpu": 0,
      "awa_vulkan": 0,
      "awa_windows": 0,
      "backend": "ncnn-vulkan",
      "compute_ms": 1.223099,
      "cpu_layers": 0,
      "cpu_temporal_encoder_direct_convolution": false,
      "id": "patch-in",
      "layers": 1,
      "load_ms": 16.646772,
      "memory": {
        "activation_offload": false,
        "actual_weight_memory": "not_instrumented",
        "after_load": {
          "budget_bytes": 6107693056,
          "heap_index": 0,
          "source": "VK_EXT_memory_budget_estimate",
          "usage_bytes": 608043008
        },
        "after_release": {
          "budget_bytes": 6107693056,
          "heap_index": 0,
          "source": "VK_EXT_memory_budget_estimate",
          "usage_bytes": 599654400
        },
        "available_bytes": 5508038656,
        "before_load": {
          "budget_bytes": 6107693056,
          "heap_index": 0,
          "source": "VK_EXT_memory_budget_estimate",
          "usage_bytes": 599654400
        },
        "estimated_weight_bytes": 2723856,
        "oom_recovery": false,
        "policy": "auto",
        "reason": "budget_available",
        "requested_memory": "device",
        "reserve_bytes": 1526923264,
        "reserve_policy": "quarter_heap_budget",
        "scope": "weight placement before graph loading"
      },
      "vulkan_layers": 1,
      "weight_io": "buffered"
    },
    {
      "awa_cpu": 0,
      "awa_vulkan": 1,
      "awa_windows": 3,
      "backend": "ncnn-vulkan",
      "compute_ms": 80.172202,
      "cpu_layers": 0,
      "cpu_temporal_encoder_direct_convolution": false,
      "id": "block-00",
      "layers": 83,
      "load_ms": 334.336353,
      "memory": {
        "activation_offload": false,
        "actual_weight_memory": "not_instrumented",
        "after_load": {
          "budget_bytes": 6119555072,
          "heap_index": 0,
          "source": "VK_EXT_memory_budget_estimate",
          "usage_bytes": 1248985088
        },
        "after_release": {
          "budget_bytes": 6119686144,
          "heap_index": 0,
          "source": "VK_EXT_memory_budget_estimate",
          "usage_bytes": 600178688
        },
        "available_bytes": 5508038656,
        "before_load": {
          "budget_bytes": 6107693056,
          "heap_index": 0,
          "source": "VK_EXT_memory_budget_estimate",
          "usage_bytes": 599654400
        },
        "estimated_weight_bytes": 1269068056,
        "oom_recovery": false,
        "policy": "auto",
        "reason": "budget_available",
        "requested_memory": "device",
        "reserve_bytes": 1526923264,
        "reserve_policy": "quarter_heap_budget",
        "scope": "weight placement before graph loading"
      },
      "vulkan_layers": 83,
      "weight_io": "buffered"
    },
    {
      "awa_cpu": 0,
      "awa_vulkan": 1,
      "awa_windows": 3,
      "backend": "ncnn-vulkan",
      "compute_ms": 81.119291,
      "cpu_layers": 0,
      "cpu_temporal_encoder_direct_convolution": false,
      "id": "block-01",
      "layers": 83,
      "load_ms": 239.709495,
      "memory": {
        "activation_offload": false,
        "actual_weight_memory": "not_instrumented",
        "after_load": {
          "budget_bytes": 6119555072,
          "heap_index": 0,
          "source": "VK_EXT_memory_budget_estimate",
          "usage_bytes": 1248985088
        },
        "after_release": {
          "budget_bytes": 6119686144,
          "heap_index": 0,
          "source": "VK_EXT_memory_budget_estimate",
          "usage_bytes": 600178688
        },
        "available_bytes": 5519507456,
        "before_load": {
          "budget_bytes": 6119686144,
          "heap_index": 0,
          "source": "VK_EXT_memory_budget_estimate",
          "usage_bytes": 600178688
        },
        "estimated_weight_bytes": 1269068056,
        "oom_recovery": false,
        "policy": "auto",
        "reason": "budget_available",
        "requested_memory": "device",
        "reserve_bytes": 1529921536,
        "reserve_policy": "quarter_heap_budget",
        "scope": "weight placement before graph loading"
      },
      "vulkan_layers": 83,
      "weight_io": "buffered"
    },
    {
      "awa_cpu": 0,
      "awa_vulkan": 1,
      "awa_windows": 3,
      "backend": "ncnn-vulkan",
      "compute_ms": 87.378896,
      "cpu_layers": 0,
      "cpu_temporal_encoder_direct_convolution": false,
      "id": "block-02",
      "layers": 83,
      "load_ms": 259.774309,
      "memory": {
        "activation_offload": false,
        "actual_weight_memory": "not_instrumented",
        "after_load": {
          "budget_bytes": 6119555072,
          "heap_index": 0,
          "source": "VK_EXT_memory_budget_estimate",
          "usage_bytes": 1248985088
        },
        "after_release": {
          "budget_bytes": 6102908928,
          "heap_index": 0,
          "source": "VK_EXT_memory_budget_estimate",
          "usage_bytes": 600178688
        },
        "available_bytes": 5519507456,
        "before_load": {
          "budget_bytes": 6119686144,
          "heap_index": 0,
          "source": "VK_EXT_memory_budget_estimate",
          "usage_bytes": 600178688
        },
        "estimated_weight_bytes": 1269068056,
        "oom_recovery": false,
        "policy": "auto",
        "reason": "budget_available",
        "requested_memory": "device",
        "reserve_bytes": 1529921536,
        "reserve_policy": "quarter_heap_budget",
        "scope": "weight placement before graph loading"
      },
      "vulkan_layers": 83,
      "weight_io": "buffered"
    },
    {
      "awa_cpu": 0,
      "awa_vulkan": 1,
      "awa_windows": 3,
      "backend": "ncnn-vulkan",
      "compute_ms": 81.239107,
      "cpu_layers": 0,
      "cpu_temporal_encoder_direct_convolution": false,
      "id": "block-03",
      "layers": 83,
      "load_ms": 268.923469,
      "memory": {
        "activation_offload": false,
        "actual_weight_memory": "not_instrumented",
        "after_load": {
          "budget_bytes": 6102777856,
          "heap_index": 0,
          "source": "VK_EXT_memory_budget_estimate",
          "usage_bytes": 1248985088
        },
        "after_release": {
          "budget_bytes": 6102908928,
          "heap_index": 0,
          "source": "VK_EXT_memory_budget_estimate",
          "usage_bytes": 600178688
        },
        "available_bytes": 5502730240,
        "before_load": {
          "budget_bytes": 6102908928,
          "heap_index": 0,
          "source": "VK_EXT_memory_budget_estimate",
          "usage_bytes": 600178688
        },
        "estimated_weight_bytes": 1269068056,
        "oom_recovery": false,
        "policy": "auto",
        "reason": "budget_available",
        "requested_memory": "device",
        "reserve_bytes": 1525727232,
        "reserve_policy": "quarter_heap_budget",
        "scope": "weight placement before graph loading"
      },
      "vulkan_layers": 83,
      "weight_io": "buffered"
    },
    {
      "awa_cpu": 0,
      "awa_vulkan": 1,
      "awa_windows": 3,
      "backend": "ncnn-vulkan",
      "compute_ms": 80.532904,
      "cpu_layers": 0,
      "cpu_temporal_encoder_direct_convolution": false,
      "id": "block-04",
      "layers": 83,
      "load_ms": 266.314875,
      "memory": {
        "activation_offload": false,
        "actual_weight_memory": "not_instrumented",
        "after_load": {
          "budget_bytes": 6102777856,
          "heap_index": 0,
          "source": "VK_EXT_memory_budget_estimate",
          "usage_bytes": 1248985088
        },
        "after_release": {
          "budget_bytes": 6102908928,
          "heap_index": 0,
          "source": "VK_EXT_memory_budget_estimate",
          "usage_bytes": 600178688
        },
        "available_bytes": 5502730240,
        "before_load": {
          "budget_bytes": 6102908928,
          "heap_index": 0,
          "source": "VK_EXT_memory_budget_estimate",
          "usage_bytes": 600178688
        },
        "estimated_weight_bytes": 1269068056,
        "oom_recovery": false,
        "policy": "auto",
        "reason": "budget_available",
        "requested_memory": "device",
        "reserve_bytes": 1525727232,
        "reserve_policy": "quarter_heap_budget",
        "scope": "weight placement before graph loading"
      },
      "vulkan_layers": 83,
      "weight_io": "buffered"
    },
    {
      "awa_cpu": 0,
      "awa_vulkan": 1,
      "awa_windows": 3,
      "backend": "ncnn-vulkan",
      "compute_ms": 79.161505,
      "cpu_layers": 0,
      "cpu_temporal_encoder_direct_convolution": false,
      "id": "block-05",
      "layers": 83,
      "load_ms": 244.31097,
      "memory": {
        "activation_offload": false,
        "actual_weight_memory": "not_instrumented",
        "after_load": {
          "budget_bytes": 6119555072,
          "heap_index": 0,
          "source": "VK_EXT_memory_budget_estimate",
          "usage_bytes": 1248985088
        },
        "after_release": {
          "budget_bytes": 6125060096,
          "heap_index": 0,
          "source": "VK_EXT_memory_budget_estimate",
          "usage_bytes": 600178688
        },
        "available_bytes": 5502730240,
        "before_load": {
          "budget_bytes": 6102908928,
          "heap_index": 0,
          "source": "VK_EXT_memory_budget_estimate",
          "usage_bytes": 600178688
        },
        "estimated_weight_bytes": 1269068056,
        "oom_recovery": false,
        "policy": "auto",
        "reason": "budget_available",
        "requested_memory": "device",
        "reserve_bytes": 1525727232,
        "reserve_policy": "quarter_heap_budget",
        "scope": "weight placement before graph loading"
      },
      "vulkan_layers": 83,
      "weight_io": "buffered"
    },
    {
      "awa_cpu": 0,
      "awa_vulkan": 1,
      "awa_windows": 3,
      "backend": "ncnn-vulkan",
      "compute_ms": 80.802302,
      "cpu_layers": 0,
      "cpu_temporal_encoder_direct_convolution": false,
      "id": "block-06",
      "layers": 83,
      "load_ms": 221.750546,
      "memory": {
        "activation_offload": false,
        "actual_weight_memory": "not_instrumented",
        "after_load": {
          "budget_bytes": 6124929024,
          "heap_index": 0,
          "source": "VK_EXT_memory_budget_estimate",
          "usage_bytes": 1248985088
        },
        "after_release": {
          "budget_bytes": 6125060096,
          "heap_index": 0,
          "source": "VK_EXT_memory_budget_estimate",
          "usage_bytes": 600178688
        },
        "available_bytes": 5524881408,
        "before_load": {
          "budget_bytes": 6125060096,
          "heap_index": 0,
          "source": "VK_EXT_memory_budget_estimate",
          "usage_bytes": 600178688
        },
        "estimated_weight_bytes": 1269068056,
        "oom_recovery": false,
        "policy": "auto",
        "reason": "budget_available",
        "requested_memory": "device",
        "reserve_bytes": 1531265024,
        "reserve_policy": "quarter_heap_budget",
        "scope": "weight placement before graph loading"
      },
      "vulkan_layers": 83,
      "weight_io": "buffered"
    },
    {
      "awa_cpu": 0,
      "awa_vulkan": 1,
      "awa_windows": 3,
      "backend": "ncnn-vulkan",
      "compute_ms": 81.088181,
      "cpu_layers": 0,
      "cpu_temporal_encoder_direct_convolution": false,
      "id": "block-07",
      "layers": 83,
      "load_ms": 249.890092,
      "memory": {
        "activation_offload": false,
        "actual_weight_memory": "not_instrumented",
        "after_load": {
          "budget_bytes": 6124929024,
          "heap_index": 0,
          "source": "VK_EXT_memory_budget_estimate",
          "usage_bytes": 1248985088
        },
        "after_release": {
          "budget_bytes": 6125060096,
          "heap_index": 0,
          "source": "VK_EXT_memory_budget_estimate",
          "usage_bytes": 600178688
        },
        "available_bytes": 5524881408,
        "before_load": {
          "budget_bytes": 6125060096,
          "heap_index": 0,
          "source": "VK_EXT_memory_budget_estimate",
          "usage_bytes": 600178688
        },
        "estimated_weight_bytes": 1269068056,
        "oom_recovery": false,
        "policy": "auto",
        "reason": "budget_available",
        "requested_memory": "device",
        "reserve_bytes": 1531265024,
        "reserve_policy": "quarter_heap_budget",
        "scope": "weight placement before graph loading"
      },
      "vulkan_layers": 83,
      "weight_io": "buffered"
    },
    {
      "awa_cpu": 0,
      "awa_vulkan": 1,
      "awa_windows": 3,
      "backend": "ncnn-vulkan",
      "compute_ms": 80.432534,
      "cpu_layers": 0,
      "cpu_temporal_encoder_direct_convolution": false,
      "id": "block-08",
      "layers": 83,
      "load_ms": 256.287558,
      "memory": {
        "activation_offload": false,
        "actual_weight_memory": "not_instrumented",
        "after_load": {
          "budget_bytes": 6124929024,
          "heap_index": 0,
          "source": "VK_EXT_memory_budget_estimate",
          "usage_bytes": 1248985088
        },
        "after_release": {
          "budget_bytes": 6125060096,
          "heap_index": 0,
          "source": "VK_EXT_memory_budget_estimate",
          "usage_bytes": 600178688
        },
        "available_bytes": 5524881408,
        "before_load": {
          "budget_bytes": 6125060096,
          "heap_index": 0,
          "source": "VK_EXT_memory_budget_estimate",
          "usage_bytes": 600178688
        },
        "estimated_weight_bytes": 1269068056,
        "oom_recovery": false,
        "policy": "auto",
        "reason": "budget_available",
        "requested_memory": "device",
        "reserve_bytes": 1531265024,
        "reserve_policy": "quarter_heap_budget",
        "scope": "weight placement before graph loading"
      },
      "vulkan_layers": 83,
      "weight_io": "buffered"
    },
    {
      "awa_cpu": 0,
      "awa_vulkan": 1,
      "awa_windows": 3,
      "backend": "ncnn-vulkan",
      "compute_ms": 96.837651,
      "cpu_layers": 0,
      "cpu_temporal_encoder_direct_convolution": false,
      "id": "block-09",
      "layers": 83,
      "load_ms": 253.118866,
      "memory": {
        "activation_offload": false,
        "actual_weight_memory": "not_instrumented",
        "after_load": {
          "budget_bytes": 6129909760,
          "heap_index": 0,
          "source": "VK_EXT_memory_budget_estimate",
          "usage_bytes": 1248985088
        },
        "after_release": {
          "budget_bytes": 6130040832,
          "heap_index": 0,
          "source": "VK_EXT_memory_budget_estimate",
          "usage_bytes": 600178688
        },
        "available_bytes": 5524881408,
        "before_load": {
          "budget_bytes": 6125060096,
          "heap_index": 0,
          "source": "VK_EXT_memory_budget_estimate",
          "usage_bytes": 600178688
        },
        "estimated_weight_bytes": 1269068056,
        "oom_recovery": false,
        "policy": "auto",
        "reason": "budget_available",
        "requested_memory": "device",
        "reserve_bytes": 1531265024,
        "reserve_policy": "quarter_heap_budget",
        "scope": "weight placement before graph loading"
      },
      "vulkan_layers": 83,
      "weight_io": "buffered"
    },
    {
      "awa_cpu": 0,
      "awa_vulkan": 1,
      "awa_windows": 3,
      "backend": "ncnn-vulkan",
      "compute_ms": 80.298802,
      "cpu_layers": 0,
      "cpu_temporal_encoder_direct_convolution": false,
      "id": "block-10",
      "layers": 83,
      "load_ms": 245.588612,
      "memory": {
        "activation_offload": false,
        "actual_weight_memory": "not_instrumented",
        "after_load": {
          "budget_bytes": 6129909760,
          "heap_index": 0,
          "source": "VK_EXT_memory_budget_estimate",
          "usage_bytes": 1248591872
        },
        "after_release": {
          "budget_bytes": 6130040832,
          "heap_index": 0,
          "source": "VK_EXT_memory_budget_estimate",
          "usage_bytes": 600178688
        },
        "available_bytes": 5529862144,
        "before_load": {
          "budget_bytes": 6130040832,
          "heap_index": 0,
          "source": "VK_EXT_memory_budget_estimate",
          "usage_bytes": 600178688
        },
        "estimated_weight_bytes": 1268945176,
        "oom_recovery": false,
        "policy": "auto",
        "reason": "budget_available",
        "requested_memory": "device",
        "reserve_bytes": 1532510208,
        "reserve_policy": "quarter_heap_budget",
        "scope": "weight placement before graph loading"
      },
      "vulkan_layers": 83,
      "weight_io": "buffered"
    },
    {
      "awa_cpu": 0,
      "awa_vulkan": 1,
      "awa_windows": 3,
      "backend": "ncnn-vulkan",
      "compute_ms": 80.09144,
      "cpu_layers": 0,
      "cpu_temporal_encoder_direct_convolution": false,
      "id": "block-11",
      "layers": 83,
      "load_ms": 257.572984,
      "memory": {
        "activation_offload": false,
        "actual_weight_memory": "not_instrumented",
        "after_load": {
          "budget_bytes": 6129647616,
          "heap_index": 0,
          "source": "VK_EXT_memory_budget_estimate",
          "usage_bytes": 1248591872
        },
        "after_release": {
          "budget_bytes": 6129778688,
          "heap_index": 0,
          "source": "VK_EXT_memory_budget_estimate",
          "usage_bytes": 600178688
        },
        "available_bytes": 5529862144,
        "before_load": {
          "budget_bytes": 6130040832,
          "heap_index": 0,
          "source": "VK_EXT_memory_budget_estimate",
          "usage_bytes": 600178688
        },
        "estimated_weight_bytes": 1268945176,
        "oom_recovery": false,
        "policy": "auto",
        "reason": "budget_available",
        "requested_memory": "device",
        "reserve_bytes": 1532510208,
        "reserve_policy": "quarter_heap_budget",
        "scope": "weight placement before graph loading"
      },
      "vulkan_layers": 83,
      "weight_io": "buffered"
    },
    {
      "awa_cpu": 0,
      "awa_vulkan": 1,
      "awa_windows": 3,
      "backend": "ncnn-vulkan",
      "compute_ms": 80.219011,
      "cpu_layers": 0,
      "cpu_temporal_encoder_direct_convolution": false,
      "id": "block-12",
      "layers": 83,
      "load_ms": 265.995543,
      "memory": {
        "activation_offload": false,
        "actual_weight_memory": "not_instrumented",
        "after_load": {
          "budget_bytes": 6129647616,
          "heap_index": 0,
          "source": "VK_EXT_memory_budget_estimate",
          "usage_bytes": 1248591872
        },
        "after_release": {
          "budget_bytes": 6129778688,
          "heap_index": 0,
          "source": "VK_EXT_memory_budget_estimate",
          "usage_bytes": 600178688
        },
        "available_bytes": 5529600000,
        "before_load": {
          "budget_bytes": 6129778688,
          "heap_index": 0,
          "source": "VK_EXT_memory_budget_estimate",
          "usage_bytes": 600178688
        },
        "estimated_weight_bytes": 1268945176,
        "oom_recovery": false,
        "policy": "auto",
        "reason": "budget_available",
        "requested_memory": "device",
        "reserve_bytes": 1532444672,
        "reserve_policy": "quarter_heap_budget",
        "scope": "weight placement before graph loading"
      },
      "vulkan_layers": 83,
      "weight_io": "buffered"
    },
    {
      "awa_cpu": 0,
      "awa_vulkan": 1,
      "awa_windows": 3,
      "backend": "ncnn-vulkan",
      "compute_ms": 79.72058,
      "cpu_layers": 0,
      "cpu_temporal_encoder_direct_convolution": false,
      "id": "block-13",
      "layers": 83,
      "load_ms": 246.000139,
      "memory": {
        "activation_offload": false,
        "actual_weight_memory": "not_instrumented",
        "after_load": {
          "budget_bytes": 6129647616,
          "heap_index": 0,
          "source": "VK_EXT_memory_budget_estimate",
          "usage_bytes": 1248591872
        },
        "after_release": {
          "budget_bytes": 6129778688,
          "heap_index": 0,
          "source": "VK_EXT_memory_budget_estimate",
          "usage_bytes": 600178688
        },
        "available_bytes": 5529600000,
        "before_load": {
          "budget_bytes": 6129778688,
          "heap_index": 0,
          "source": "VK_EXT_memory_budget_estimate",
          "usage_bytes": 600178688
        },
        "estimated_weight_bytes": 1268945176,
        "oom_recovery": false,
        "policy": "auto",
        "reason": "budget_available",
        "requested_memory": "device",
        "reserve_bytes": 1532444672,
        "reserve_policy": "quarter_heap_budget",
        "scope": "weight placement before graph loading"
      },
      "vulkan_layers": 83,
      "weight_io": "buffered"
    },
    {
      "awa_cpu": 0,
      "awa_vulkan": 1,
      "awa_windows": 3,
      "backend": "ncnn-vulkan",
      "compute_ms": 82.061449,
      "cpu_layers": 0,
      "cpu_temporal_encoder_direct_convolution": false,
      "id": "block-14",
      "layers": 83,
      "load_ms": 254.017784,
      "memory": {
        "activation_offload": false,
        "actual_weight_memory": "not_instrumented",
        "after_load": {
          "budget_bytes": 6129647616,
          "heap_index": 0,
          "source": "VK_EXT_memory_budget_estimate",
          "usage_bytes": 1248591872
        },
        "after_release": {
          "budget_bytes": 6124994560,
          "heap_index": 0,
          "source": "VK_EXT_memory_budget_estimate",
          "usage_bytes": 600178688
        },
        "available_bytes": 5529600000,
        "before_load": {
          "budget_bytes": 6129778688,
          "heap_index": 0,
          "source": "VK_EXT_memory_budget_estimate",
          "usage_bytes": 600178688
        },
        "estimated_weight_bytes": 1268945176,
        "oom_recovery": false,
        "policy": "auto",
        "reason": "budget_available",
        "requested_memory": "device",
        "reserve_bytes": 1532444672,
        "reserve_policy": "quarter_heap_budget",
        "scope": "weight placement before graph loading"
      },
      "vulkan_layers": 83,
      "weight_io": "buffered"
    },
    {
      "awa_cpu": 0,
      "awa_vulkan": 1,
      "awa_windows": 3,
      "backend": "ncnn-vulkan",
      "compute_ms": 80.736157,
      "cpu_layers": 0,
      "cpu_temporal_encoder_direct_convolution": false,
      "id": "block-15",
      "layers": 83,
      "load_ms": 248.131483,
      "memory": {
        "activation_offload": false,
        "actual_weight_memory": "not_instrumented",
        "after_load": {
          "budget_bytes": 6106906624,
          "heap_index": 0,
          "source": "VK_EXT_memory_budget_estimate",
          "usage_bytes": 1248591872
        },
        "after_release": {
          "budget_bytes": 6107037696,
          "heap_index": 0,
          "source": "VK_EXT_memory_budget_estimate",
          "usage_bytes": 600178688
        },
        "available_bytes": 5524815872,
        "before_load": {
          "budget_bytes": 6124994560,
          "heap_index": 0,
          "source": "VK_EXT_memory_budget_estimate",
          "usage_bytes": 600178688
        },
        "estimated_weight_bytes": 1268945176,
        "oom_recovery": false,
        "policy": "auto",
        "reason": "budget_available",
        "requested_memory": "device",
        "reserve_bytes": 1531248640,
        "reserve_policy": "quarter_heap_budget",
        "scope": "weight placement before graph loading"
      },
      "vulkan_layers": 83,
      "weight_io": "buffered"
    },
    {
      "awa_cpu": 0,
      "awa_vulkan": 1,
      "awa_windows": 3,
      "backend": "ncnn-vulkan",
      "compute_ms": 80.073606,
      "cpu_layers": 0,
      "cpu_temporal_encoder_direct_convolution": false,
      "id": "block-16",
      "layers": 83,
      "load_ms": 238.809226,
      "memory": {
        "activation_offload": false,
        "actual_weight_memory": "not_instrumented",
        "after_load": {
          "budget_bytes": 6106906624,
          "heap_index": 0,
          "source": "VK_EXT_memory_budget_estimate",
          "usage_bytes": 1248591872
        },
        "after_release": {
          "budget_bytes": 6107037696,
          "heap_index": 0,
          "source": "VK_EXT_memory_budget_estimate",
          "usage_bytes": 600178688
        },
        "available_bytes": 5506859008,
        "before_load": {
          "budget_bytes": 6107037696,
          "heap_index": 0,
          "source": "VK_EXT_memory_budget_estimate",
          "usage_bytes": 600178688
        },
        "estimated_weight_bytes": 1268945176,
        "oom_recovery": false,
        "policy": "auto",
        "reason": "budget_available",
        "requested_memory": "device",
        "reserve_bytes": 1526759424,
        "reserve_policy": "quarter_heap_budget",
        "scope": "weight placement before graph loading"
      },
      "vulkan_layers": 83,
      "weight_io": "buffered"
    },
    {
      "awa_cpu": 0,
      "awa_vulkan": 1,
      "awa_windows": 3,
      "backend": "ncnn-vulkan",
      "compute_ms": 81.667255,
      "cpu_layers": 0,
      "cpu_temporal_encoder_direct_convolution": false,
      "id": "block-17",
      "layers": 83,
      "load_ms": 248.260997,
      "memory": {
        "activation_offload": false,
        "actual_weight_memory": "not_instrumented",
        "after_load": {
          "budget_bytes": 6106906624,
          "heap_index": 0,
          "source": "VK_EXT_memory_budget_estimate",
          "usage_bytes": 1248591872
        },
        "after_release": {
          "budget_bytes": 6107037696,
          "heap_index": 0,
          "source": "VK_EXT_memory_budget_estimate",
          "usage_bytes": 600178688
        },
        "available_bytes": 5506859008,
        "before_load": {
          "budget_bytes": 6107037696,
          "heap_index": 0,
          "source": "VK_EXT_memory_budget_estimate",
          "usage_bytes": 600178688
        },
        "estimated_weight_bytes": 1268945176,
        "oom_recovery": false,
        "policy": "auto",
        "reason": "budget_available",
        "requested_memory": "device",
        "reserve_bytes": 1526759424,
        "reserve_policy": "quarter_heap_budget",
        "scope": "weight placement before graph loading"
      },
      "vulkan_layers": 83,
      "weight_io": "buffered"
    },
    {
      "awa_cpu": 0,
      "awa_vulkan": 1,
      "awa_windows": 3,
      "backend": "ncnn-vulkan",
      "compute_ms": 80.094306,
      "cpu_layers": 0,
      "cpu_temporal_encoder_direct_convolution": false,
      "id": "block-18",
      "layers": 83,
      "load_ms": 233.112172,
      "memory": {
        "activation_offload": false,
        "actual_weight_memory": "not_instrumented",
        "after_load": {
          "budget_bytes": 6123683840,
          "heap_index": 0,
          "source": "VK_EXT_memory_budget_estimate",
          "usage_bytes": 1248591872
        },
        "after_release": {
          "budget_bytes": 6123814912,
          "heap_index": 0,
          "source": "VK_EXT_memory_budget_estimate",
          "usage_bytes": 600178688
        },
        "available_bytes": 5506859008,
        "before_load": {
          "budget_bytes": 6107037696,
          "heap_index": 0,
          "source": "VK_EXT_memory_budget_estimate",
          "usage_bytes": 600178688
        },
        "estimated_weight_bytes": 1268945176,
        "oom_recovery": false,
        "policy": "auto",
        "reason": "budget_available",
        "requested_memory": "device",
        "reserve_bytes": 1526759424,
        "reserve_policy": "quarter_heap_budget",
        "scope": "weight placement before graph loading"
      },
      "vulkan_layers": 83,
      "weight_io": "buffered"
    },
    {
      "awa_cpu": 0,
      "awa_vulkan": 1,
      "awa_windows": 3,
      "backend": "ncnn-vulkan",
      "compute_ms": 81.837146,
      "cpu_layers": 0,
      "cpu_temporal_encoder_direct_convolution": false,
      "id": "block-19",
      "layers": 83,
      "load_ms": 255.988723,
      "memory": {
        "activation_offload": false,
        "actual_weight_memory": "not_instrumented",
        "after_load": {
          "budget_bytes": 6123683840,
          "heap_index": 0,
          "source": "VK_EXT_memory_budget_estimate",
          "usage_bytes": 1248591872
        },
        "after_release": {
          "budget_bytes": 6123814912,
          "heap_index": 0,
          "source": "VK_EXT_memory_budget_estimate",
          "usage_bytes": 600178688
        },
        "available_bytes": 5523636224,
        "before_load": {
          "budget_bytes": 6123814912,
          "heap_index": 0,
          "source": "VK_EXT_memory_budget_estimate",
          "usage_bytes": 600178688
        },
        "estimated_weight_bytes": 1268945176,
        "oom_recovery": false,
        "policy": "auto",
        "reason": "budget_available",
        "requested_memory": "device",
        "reserve_bytes": 1530953728,
        "reserve_policy": "quarter_heap_budget",
        "scope": "weight placement before graph loading"
      },
      "vulkan_layers": 83,
      "weight_io": "buffered"
    },
    {
      "awa_cpu": 0,
      "awa_vulkan": 1,
      "awa_windows": 3,
      "backend": "ncnn-vulkan",
      "compute_ms": 80.305234,
      "cpu_layers": 0,
      "cpu_temporal_encoder_direct_convolution": false,
      "id": "block-20",
      "layers": 83,
      "load_ms": 264.612682,
      "memory": {
        "activation_offload": false,
        "actual_weight_memory": "not_instrumented",
        "after_load": {
          "budget_bytes": 6123683840,
          "heap_index": 0,
          "source": "VK_EXT_memory_budget_estimate",
          "usage_bytes": 1248591872
        },
        "after_release": {
          "budget_bytes": 6123814912,
          "heap_index": 0,
          "source": "VK_EXT_memory_budget_estimate",
          "usage_bytes": 600178688
        },
        "available_bytes": 5523636224,
        "before_load": {
          "budget_bytes": 6123814912,
          "heap_index": 0,
          "source": "VK_EXT_memory_budget_estimate",
          "usage_bytes": 600178688
        },
        "estimated_weight_bytes": 1268945176,
        "oom_recovery": false,
        "policy": "auto",
        "reason": "budget_available",
        "requested_memory": "device",
        "reserve_bytes": 1530953728,
        "reserve_policy": "quarter_heap_budget",
        "scope": "weight placement before graph loading"
      },
      "vulkan_layers": 83,
      "weight_io": "buffered"
    },
    {
      "awa_cpu": 0,
      "awa_vulkan": 1,
      "awa_windows": 3,
      "backend": "ncnn-vulkan",
      "compute_ms": 79.909737,
      "cpu_layers": 0,
      "cpu_temporal_encoder_direct_convolution": false,
      "id": "block-21",
      "layers": 83,
      "load_ms": 232.881666,
      "memory": {
        "activation_offload": false,
        "actual_weight_memory": "not_instrumented",
        "after_load": {
          "budget_bytes": 6124863488,
          "heap_index": 0,
          "source": "VK_EXT_memory_budget_estimate",
          "usage_bytes": 1248591872
        },
        "after_release": {
          "budget_bytes": 6124994560,
          "heap_index": 0,
          "source": "VK_EXT_memory_budget_estimate",
          "usage_bytes": 600178688
        },
        "available_bytes": 5523636224,
        "before_load": {
          "budget_bytes": 6123814912,
          "heap_index": 0,
          "source": "VK_EXT_memory_budget_estimate",
          "usage_bytes": 600178688
        },
        "estimated_weight_bytes": 1268945176,
        "oom_recovery": false,
        "policy": "auto",
        "reason": "budget_available",
        "requested_memory": "device",
        "reserve_bytes": 1530953728,
        "reserve_policy": "quarter_heap_budget",
        "scope": "weight placement before graph loading"
      },
      "vulkan_layers": 83,
      "weight_io": "buffered"
    },
    {
      "awa_cpu": 0,
      "awa_vulkan": 1,
      "awa_windows": 3,
      "backend": "ncnn-vulkan",
      "compute_ms": 79.752651,
      "cpu_layers": 0,
      "cpu_temporal_encoder_direct_convolution": false,
      "id": "block-22",
      "layers": 83,
      "load_ms": 247.651236,
      "memory": {
        "activation_offload": false,
        "actual_weight_memory": "not_instrumented",
        "after_load": {
          "budget_bytes": 6124863488,
          "heap_index": 0,
          "source": "VK_EXT_memory_budget_estimate",
          "usage_bytes": 1248591872
        },
        "after_release": {
          "budget_bytes": 6124994560,
          "heap_index": 0,
          "source": "VK_EXT_memory_budget_estimate",
          "usage_bytes": 600178688
        },
        "available_bytes": 5524815872,
        "before_load": {
          "budget_bytes": 6124994560,
          "heap_index": 0,
          "source": "VK_EXT_memory_budget_estimate",
          "usage_bytes": 600178688
        },
        "estimated_weight_bytes": 1268945176,
        "oom_recovery": false,
        "policy": "auto",
        "reason": "budget_available",
        "requested_memory": "device",
        "reserve_bytes": 1531248640,
        "reserve_policy": "quarter_heap_budget",
        "scope": "weight placement before graph loading"
      },
      "vulkan_layers": 83,
      "weight_io": "buffered"
    },
    {
      "awa_cpu": 0,
      "awa_vulkan": 1,
      "awa_windows": 3,
      "backend": "ncnn-vulkan",
      "compute_ms": 79.888998,
      "cpu_layers": 0,
      "cpu_temporal_encoder_direct_convolution": false,
      "id": "block-23",
      "layers": 83,
      "load_ms": 245.600635,
      "memory": {
        "activation_offload": false,
        "actual_weight_memory": "not_instrumented",
        "after_load": {
          "budget_bytes": 6124863488,
          "heap_index": 0,
          "source": "VK_EXT_memory_budget_estimate",
          "usage_bytes": 1248591872
        },
        "after_release": {
          "budget_bytes": 6124994560,
          "heap_index": 0,
          "source": "VK_EXT_memory_budget_estimate",
          "usage_bytes": 600178688
        },
        "available_bytes": 5524815872,
        "before_load": {
          "budget_bytes": 6124994560,
          "heap_index": 0,
          "source": "VK_EXT_memory_budget_estimate",
          "usage_bytes": 600178688
        },
        "estimated_weight_bytes": 1268945176,
        "oom_recovery": false,
        "policy": "auto",
        "reason": "budget_available",
        "requested_memory": "device",
        "reserve_bytes": 1531248640,
        "reserve_policy": "quarter_heap_budget",
        "scope": "weight placement before graph loading"
      },
      "vulkan_layers": 83,
      "weight_io": "buffered"
    },
    {
      "awa_cpu": 0,
      "awa_vulkan": 1,
      "awa_windows": 3,
      "backend": "ncnn-vulkan",
      "compute_ms": 85.430358,
      "cpu_layers": 0,
      "cpu_temporal_encoder_direct_convolution": false,
      "id": "block-24",
      "layers": 83,
      "load_ms": 233.91118,
      "memory": {
        "activation_offload": false,
        "actual_weight_memory": "not_instrumented",
        "after_load": {
          "budget_bytes": 6124863488,
          "heap_index": 0,
          "source": "VK_EXT_memory_budget_estimate",
          "usage_bytes": 1248591872
        },
        "after_release": {
          "budget_bytes": 6124994560,
          "heap_index": 0,
          "source": "VK_EXT_memory_budget_estimate",
          "usage_bytes": 600178688
        },
        "available_bytes": 5524815872,
        "before_load": {
          "budget_bytes": 6124994560,
          "heap_index": 0,
          "source": "VK_EXT_memory_budget_estimate",
          "usage_bytes": 600178688
        },
        "estimated_weight_bytes": 1268945176,
        "oom_recovery": false,
        "policy": "auto",
        "reason": "budget_available",
        "requested_memory": "device",
        "reserve_bytes": 1531248640,
        "reserve_policy": "quarter_heap_budget",
        "scope": "weight placement before graph loading"
      },
      "vulkan_layers": 83,
      "weight_io": "buffered"
    },
    {
      "awa_cpu": 0,
      "awa_vulkan": 1,
      "awa_windows": 3,
      "backend": "ncnn-vulkan",
      "compute_ms": 81.126494,
      "cpu_layers": 0,
      "cpu_temporal_encoder_direct_convolution": false,
      "id": "block-25",
      "layers": 83,
      "load_ms": 252.288309,
      "memory": {
        "activation_offload": false,
        "actual_weight_memory": "not_instrumented",
        "after_load": {
          "budget_bytes": 6124863488,
          "heap_index": 0,
          "source": "VK_EXT_memory_budget_estimate",
          "usage_bytes": 1248591872
        },
        "after_release": {
          "budget_bytes": 6124994560,
          "heap_index": 0,
          "source": "VK_EXT_memory_budget_estimate",
          "usage_bytes": 600178688
        },
        "available_bytes": 5524815872,
        "before_load": {
          "budget_bytes": 6124994560,
          "heap_index": 0,
          "source": "VK_EXT_memory_budget_estimate",
          "usage_bytes": 600178688
        },
        "estimated_weight_bytes": 1268945176,
        "oom_recovery": false,
        "policy": "auto",
        "reason": "budget_available",
        "requested_memory": "device",
        "reserve_bytes": 1531248640,
        "reserve_policy": "quarter_heap_budget",
        "scope": "weight placement before graph loading"
      },
      "vulkan_layers": 83,
      "weight_io": "buffered"
    },
    {
      "awa_cpu": 0,
      "awa_vulkan": 1,
      "awa_windows": 3,
      "backend": "ncnn-vulkan",
      "compute_ms": 80.180839,
      "cpu_layers": 0,
      "cpu_temporal_encoder_direct_convolution": false,
      "id": "block-26",
      "layers": 83,
      "load_ms": 243.265687,
      "memory": {
        "activation_offload": false,
        "actual_weight_memory": "not_instrumented",
        "after_load": {
          "budget_bytes": 6110380032,
          "heap_index": 0,
          "source": "VK_EXT_memory_budget_estimate",
          "usage_bytes": 1248591872
        },
        "after_release": {
          "budget_bytes": 6110511104,
          "heap_index": 0,
          "source": "VK_EXT_memory_budget_estimate",
          "usage_bytes": 600178688
        },
        "available_bytes": 5524815872,
        "before_load": {
          "budget_bytes": 6124994560,
          "heap_index": 0,
          "source": "VK_EXT_memory_budget_estimate",
          "usage_bytes": 600178688
        },
        "estimated_weight_bytes": 1268945176,
        "oom_recovery": false,
        "policy": "auto",
        "reason": "budget_available",
        "requested_memory": "device",
        "reserve_bytes": 1531248640,
        "reserve_policy": "quarter_heap_budget",
        "scope": "weight placement before graph loading"
      },
      "vulkan_layers": 83,
      "weight_io": "buffered"
    },
    {
      "awa_cpu": 0,
      "awa_vulkan": 1,
      "awa_windows": 3,
      "backend": "ncnn-vulkan",
      "compute_ms": 80.734534,
      "cpu_layers": 0,
      "cpu_temporal_encoder_direct_convolution": false,
      "id": "block-27",
      "layers": 83,
      "load_ms": 241.061858,
      "memory": {
        "activation_offload": false,
        "actual_weight_memory": "not_instrumented",
        "after_load": {
          "budget_bytes": 6110380032,
          "heap_index": 0,
          "source": "VK_EXT_memory_budget_estimate",
          "usage_bytes": 1248591872
        },
        "after_release": {
          "budget_bytes": 6110511104,
          "heap_index": 0,
          "source": "VK_EXT_memory_budget_estimate",
          "usage_bytes": 600178688
        },
        "available_bytes": 5510332416,
        "before_load": {
          "budget_bytes": 6110511104,
          "heap_index": 0,
          "source": "VK_EXT_memory_budget_estimate",
          "usage_bytes": 600178688
        },
        "estimated_weight_bytes": 1268945176,
        "oom_recovery": false,
        "policy": "auto",
        "reason": "budget_available",
        "requested_memory": "device",
        "reserve_bytes": 1527627776,
        "reserve_policy": "quarter_heap_budget",
        "scope": "weight placement before graph loading"
      },
      "vulkan_layers": 83,
      "weight_io": "buffered"
    },
    {
      "awa_cpu": 0,
      "awa_vulkan": 1,
      "awa_windows": 3,
      "backend": "ncnn-vulkan",
      "compute_ms": 80.52571,
      "cpu_layers": 0,
      "cpu_temporal_encoder_direct_convolution": false,
      "id": "block-28",
      "layers": 83,
      "load_ms": 243.545446,
      "memory": {
        "activation_offload": false,
        "actual_weight_memory": "not_instrumented",
        "after_load": {
          "budget_bytes": 6110380032,
          "heap_index": 0,
          "source": "VK_EXT_memory_budget_estimate",
          "usage_bytes": 1248591872
        },
        "after_release": {
          "budget_bytes": 6110511104,
          "heap_index": 0,
          "source": "VK_EXT_memory_budget_estimate",
          "usage_bytes": 600178688
        },
        "available_bytes": 5510332416,
        "before_load": {
          "budget_bytes": 6110511104,
          "heap_index": 0,
          "source": "VK_EXT_memory_budget_estimate",
          "usage_bytes": 600178688
        },
        "estimated_weight_bytes": 1268945176,
        "oom_recovery": false,
        "policy": "auto",
        "reason": "budget_available",
        "requested_memory": "device",
        "reserve_bytes": 1527627776,
        "reserve_policy": "quarter_heap_budget",
        "scope": "weight placement before graph loading"
      },
      "vulkan_layers": 83,
      "weight_io": "buffered"
    },
    {
      "awa_cpu": 0,
      "awa_vulkan": 1,
      "awa_windows": 3,
      "backend": "ncnn-vulkan",
      "compute_ms": 79.579273,
      "cpu_layers": 0,
      "cpu_temporal_encoder_direct_convolution": false,
      "id": "block-29",
      "layers": 83,
      "load_ms": 245.346816,
      "memory": {
        "activation_offload": false,
        "actual_weight_memory": "not_instrumented",
        "after_load": {
          "budget_bytes": 6129516544,
          "heap_index": 0,
          "source": "VK_EXT_memory_budget_estimate",
          "usage_bytes": 1248591872
        },
        "after_release": {
          "budget_bytes": 6124601344,
          "heap_index": 0,
          "source": "VK_EXT_memory_budget_estimate",
          "usage_bytes": 600178688
        },
        "available_bytes": 5510332416,
        "before_load": {
          "budget_bytes": 6110511104,
          "heap_index": 0,
          "source": "VK_EXT_memory_budget_estimate",
          "usage_bytes": 600178688
        },
        "estimated_weight_bytes": 1268945176,
        "oom_recovery": false,
        "policy": "auto",
        "reason": "budget_available",
        "requested_memory": "device",
        "reserve_bytes": 1527627776,
        "reserve_policy": "quarter_heap_budget",
        "scope": "weight placement before graph loading"
      },
      "vulkan_layers": 83,
      "weight_io": "buffered"
    },
    {
      "awa_cpu": 0,
      "awa_vulkan": 1,
      "awa_windows": 3,
      "backend": "ncnn-vulkan",
      "compute_ms": 79.559877,
      "cpu_layers": 0,
      "cpu_temporal_encoder_direct_convolution": false,
      "id": "block-30",
      "layers": 83,
      "load_ms": 255.406685,
      "memory": {
        "activation_offload": false,
        "actual_weight_memory": "not_instrumented",
        "after_load": {
          "budget_bytes": 6124470272,
          "heap_index": 0,
          "source": "VK_EXT_memory_budget_estimate",
          "usage_bytes": 1248591872
        },
        "after_release": {
          "budget_bytes": 6124666880,
          "heap_index": 0,
          "source": "VK_EXT_memory_budget_estimate",
          "usage_bytes": 600178688
        },
        "available_bytes": 5524422656,
        "before_load": {
          "budget_bytes": 6124601344,
          "heap_index": 0,
          "source": "VK_EXT_memory_budget_estimate",
          "usage_bytes": 600178688
        },
        "estimated_weight_bytes": 1268945176,
        "oom_recovery": false,
        "policy": "auto",
        "reason": "budget_available",
        "requested_memory": "device",
        "reserve_bytes": 1531150336,
        "reserve_policy": "quarter_heap_budget",
        "scope": "weight placement before graph loading"
      },
      "vulkan_layers": 83,
      "weight_io": "buffered"
    },
    {
      "awa_cpu": 0,
      "awa_vulkan": 1,
      "awa_windows": 3,
      "backend": "ncnn-vulkan",
      "compute_ms": 66.447707,
      "cpu_layers": 0,
      "cpu_temporal_encoder_direct_convolution": false,
      "id": "block-31",
      "layers": 51,
      "load_ms": 170.917864,
      "memory": {
        "activation_offload": false,
        "actual_weight_memory": "not_instrumented",
        "after_load": {
          "budget_bytes": 6124535808,
          "heap_index": 0,
          "source": "VK_EXT_memory_budget_estimate",
          "usage_bytes": 1034682368
        },
        "after_release": {
          "budget_bytes": 6124666880,
          "heap_index": 0,
          "source": "VK_EXT_memory_budget_estimate",
          "usage_bytes": 600178688
        },
        "available_bytes": 5524488192,
        "before_load": {
          "budget_bytes": 6124666880,
          "heap_index": 0,
          "source": "VK_EXT_memory_budget_estimate",
          "usage_bytes": 600178688
        },
        "estimated_weight_bytes": 844271872,
        "oom_recovery": false,
        "policy": "auto",
        "reason": "budget_available",
        "requested_memory": "device",
        "reserve_bytes": 1531166720,
        "reserve_policy": "quarter_heap_budget",
        "scope": "weight placement before graph loading"
      },
      "vulkan_layers": 51,
      "weight_io": "buffered"
    },
    {
      "awa_cpu": 0,
      "awa_vulkan": 0,
      "awa_windows": 0,
      "backend": "ncnn-vulkan",
      "compute_ms": 1.286678,
      "cpu_layers": 0,
      "cpu_temporal_encoder_direct_convolution": false,
      "id": "patch-out",
      "layers": 6,
      "load_ms": 24.696137,
      "memory": {
        "activation_offload": false,
        "actual_weight_memory": "not_instrumented",
        "after_load": {
          "budget_bytes": 6124666880,
          "heap_index": 0,
          "source": "VK_EXT_memory_budget_estimate",
          "usage_bytes": 608698368
        },
        "after_release": {
          "budget_bytes": 6124666880,
          "heap_index": 0,
          "source": "VK_EXT_memory_budget_estimate",
          "usage_bytes": 600178688
        },
        "available_bytes": 5524488192,
        "before_load": {
          "budget_bytes": 6124666880,
          "heap_index": 0,
          "source": "VK_EXT_memory_budget_estimate",
          "usage_bytes": 600178688
        },
        "estimated_weight_bytes": 1372680,
        "oom_recovery": false,
        "policy": "auto",
        "reason": "budget_available",
        "requested_memory": "device",
        "reserve_bytes": 1531166720,
        "reserve_policy": "quarter_heap_budget",
        "scope": "weight placement before graph loading"
      },
      "vulkan_layers": 6,
      "weight_io": "buffered"
    },
    {
      "awa_cpu": 0,
      "awa_vulkan": 0,
      "awa_windows": 0,
      "backend": "ncnn-vulkan",
      "compute_ms": 648.3698,
      "cpu_layers": 0,
      "cpu_temporal_encoder_direct_convolution": false,
      "id": "decoder",
      "layers": 136,
      "load_ms": 421.348326,
      "memory": {
        "activation_offload": false,
        "actual_weight_memory": "not_instrumented",
        "after_load": {
          "budget_bytes": 6116147200,
          "heap_index": 0,
          "source": "VK_EXT_memory_budget_estimate",
          "usage_bytes": 1216217088
        },
        "after_release": {
          "budget_bytes": 6116212736,
          "heap_index": 0,
          "source": "VK_EXT_memory_budget_estimate",
          "usage_bytes": 1496317952
        },
        "available_bytes": 5524488192,
        "before_load": {
          "budget_bytes": 6124666880,
          "heap_index": 0,
          "source": "VK_EXT_memory_budget_estimate",
          "usage_bytes": 600178688
        },
        "estimated_weight_bytes": 1204813848,
        "oom_recovery": false,
        "policy": "auto",
        "reason": "budget_available",
        "requested_memory": "device",
        "reserve_bytes": 1531166720,
        "reserve_policy": "quarter_heap_budget",
        "scope": "weight placement before graph loading"
      },
      "vulkan_layers": 136,
      "weight_io": "buffered"
    }
  ],
  "status": "SUCCEEDED",
  "timing": {
    "graph_compute_ms": 3513.4316689999996,
    "graph_load_ms": 8941.676264,
    "other_host_wait_and_cleanup_ms": 831.5290210000003,
    "package_validation_ms": 10936.200358
  },
  "total_ms": 24222.837312,
  "weight_io": "buffered"
}
