[0 NVIDIA GeForce RTX 4060 Laptop GPU]  queueC=2[8]  queueT=1[2]  rebar=1  r-score=76
[0 NVIDIA GeForce RTX 4060 Laptop GPU]  fp16-p/s/u/a=1/1/1/1  int8-p/s/u/a=1/1/1/1  bf16-p/s=1/1
[0 NVIDIA GeForce RTX 4060 Laptop GPU]  subgroup=32(32~32)  ops=1/1/1/1/1/1/1/1/1/1
[0 NVIDIA GeForce RTX 4060 Laptop GPU]  fp16-cm=16x16x16/16x8x16/16x8x8  int8-cm=16x16x32/16x8x32  bf16-cm=16x16x16  fp8-cm=16x16x32  fp6-cm=0  fp4-cm=0
[1 llvmpipe (LLVM 22.1.8, 256 bits)]  queueC=0[1]  queueT=0[1]  rebar=1  r-score=14
[1 llvmpipe (LLVM 22.1.8, 256 bits)]  fp16-p/s/u/a=1/1/1/1  int8-p/s/u/a=1/1/1/1  bf16-p/s=1/0
[1 llvmpipe (LLVM 22.1.8, 256 bits)]  subgroup=8(8~8)  ops=1/1/1/1/1/1/1/1/1/1
[1 llvmpipe (LLVM 22.1.8, 256 bits)]  fp16-cm=8x8x8  int8-cm=8x8x8  bf16-cm=0  fp8-cm=0  fp6-cm=0  fp4-cm=0
[2 llvmpipe (LLVM 17.0.6, 256 bits)]  queueC=0[1]  queueT=0[1]  rebar=1  r-score=4
[2 llvmpipe (LLVM 17.0.6, 256 bits)]  fp16-p/s/u/a=1/1/1/1  int8-p/s/u/a=1/1/1/1  bf16-p/s=1/0
[2 llvmpipe (LLVM 17.0.6, 256 bits)]  subgroup=8(8~8)  ops=1/1/1/1/1/1/0/1/0/0
[2 llvmpipe (LLVM 17.0.6, 256 bits)]  fp16-cm=0  int8-cm=0  bf16-cm=0  fp8-cm=0  fp6-cm=0  fp4-cm=0
{"completed":0,"elapsed_ms":185.549713,"event":"progress","stage":"validating","total":38}
{"completed":0,"elapsed_ms":191.053101,"event":"progress","stage":"validating","total":38}
{"completed":0,"elapsed_ms":409.194384,"event":"progress","stage":"validating","total":38}
{"completed":0,"elapsed_ms":732.737904,"event":"progress","stage":"validating","total":38}
{"completed":0,"elapsed_ms":1058.196548,"event":"progress","stage":"validating","total":38}
{"completed":0,"elapsed_ms":1383.72264,"event":"progress","stage":"validating","total":38}
{"completed":0,"elapsed_ms":1723.317879,"event":"progress","stage":"validating","total":38}
{"completed":0,"elapsed_ms":2070.785588,"event":"progress","stage":"validating","total":38}
{"completed":0,"elapsed_ms":2420.965737,"event":"progress","stage":"validating","total":38}
{"completed":0,"elapsed_ms":2752.480343,"event":"progress","stage":"validating","total":38}
{"completed":0,"elapsed_ms":3060.839902,"event":"progress","stage":"validating","total":38}
{"completed":0,"elapsed_ms":3386.635583,"event":"progress","stage":"validating","total":38}
{"completed":0,"elapsed_ms":3729.640207,"event":"progress","stage":"validating","total":38}
{"completed":0,"elapsed_ms":4047.855489,"event":"progress","stage":"validating","total":38}
{"completed":0,"elapsed_ms":4373.973599,"event":"progress","stage":"validating","total":38}
{"completed":0,"elapsed_ms":4708.679298,"event":"progress","stage":"validating","total":38}
{"completed":0,"elapsed_ms":5035.357695,"event":"progress","stage":"validating","total":38}
{"completed":0,"elapsed_ms":5371.83543,"event":"progress","stage":"validating","total":38}
{"completed":0,"elapsed_ms":5690.097039,"event":"progress","stage":"validating","total":38}
{"completed":0,"elapsed_ms":6015.902809,"event":"progress","stage":"validating","total":38}
{"completed":0,"elapsed_ms":6332.319546,"event":"progress","stage":"validating","total":38}
{"completed":0,"elapsed_ms":6651.527813,"event":"progress","stage":"validating","total":38}
{"completed":0,"elapsed_ms":6970.135376,"event":"progress","stage":"validating","total":38}
{"completed":0,"elapsed_ms":7291.164639,"event":"progress","stage":"validating","total":38}
{"completed":0,"elapsed_ms":7617.218458,"event":"progress","stage":"validating","total":38}
{"completed":0,"elapsed_ms":7953.973706,"event":"progress","stage":"validating","total":38}
{"completed":0,"elapsed_ms":8275.747565,"event":"progress","stage":"validating","total":38}
{"completed":0,"elapsed_ms":8594.359436,"event":"progress","stage":"validating","total":38}
{"completed":0,"elapsed_ms":8909.395287,"event":"progress","stage":"validating","total":38}
{"completed":0,"elapsed_ms":9242.890271,"event":"progress","stage":"validating","total":38}
{"completed":0,"elapsed_ms":9561.261267,"event":"progress","stage":"validating","total":38}
{"completed":0,"elapsed_ms":9905.945973,"event":"progress","stage":"validating","total":38}
{"completed":0,"elapsed_ms":10225.951735,"event":"progress","stage":"validating","total":38}
{"completed":0,"elapsed_ms":10551.174474,"event":"progress","stage":"validating","total":38}
{"completed":0,"elapsed_ms":10881.702297,"event":"progress","stage":"validating","total":38}
{"completed":0,"elapsed_ms":11123.865985,"event":"progress","stage":"validating","total":38}
{"completed":0,"elapsed_ms":11125.227605,"event":"progress","stage":"validating","total":38}
[libx264 @ 0x11b0fa80] using cpu capabilities: MMX2 SSE2Fast SSSE3 SSE4.2 AVX FMA3 BMI2 AVX2 AVX512
[libx264 @ 0x11b0fa80] profile High, level 1.0, 4:2:0, 8-bit
[libx264 @ 0x11b0fa80] 264 - core 165 r3222 b35605a - H.264/MPEG-4 AVC codec - Copyleft 2003-2025 - http://www.videolan.org/x264.html - options: cabac=1 ref=2 deblock=1:0:0 analyse=0x3:0x113 me=hex subme=6 psy=1 psy_rd=1.00:0.00 mixed_ref=1 me_range=16 chroma_me=1 trellis=1 8x8dct=1 cqm=0 deadzone=21,11 fast_pskip=1 chroma_qp_offset=-2 threads=4 lookahead_threads=1 sliced_threads=0 nr=0 decimate=1 interlaced=0 bluray_compat=0 constrained_intra=0 bframes=0 weightp=1 keyint=250 keyint_min=8 scenecut=40 intra_refresh=0 rc_lookahead=30 rc=crf mbtree=1 crf=18.0 qcomp=0.60 qpmin=0 qpmax=69 qpstep=4 ip_ratio=1.40 aq=1:1.00
[mp4 @ 0x11cd1880] Starting second pass: moving the moov atom to the beginning of the file
[libx264 @ 0x11b0fa80] frame I:1     Avg QP:18.55  size:  1174
[libx264 @ 0x11b0fa80] frame P:7     Avg QP:18.87  size:   699
[libx264 @ 0x11b0fa80] mb I  I16..4:  0.0% 90.0% 10.0%
[libx264 @ 0x11b0fa80] mb P  I16..4:  0.0%  6.4%  2.5%  P16..4: 36.4% 35.4% 18.2%  0.0%  0.0%    skip: 1.1%
[libx264 @ 0x11b0fa80] 8x8 transform intra:83.1% inter:59.0%
[libx264 @ 0x11b0fa80] coded y,uvDC,uvAC intra: 95.8% 67.7% 18.5% inter: 65.4% 28.6% 2.7%
[libx264 @ 0x11b0fa80] i8 v,h,dc,ddl,ddr,vr,hd,vl,hu: 25% 15% 14%  4%  6% 25%  3%  3%  5%
[libx264 @ 0x11b0fa80] i4 v,h,dc,ddl,ddr,vr,hd,vl,hu: 52% 13%  7%  3%  2%  7%  6%  6%  4%
[libx264 @ 0x11b0fa80] i8c dc,h,v,p: 62% 26% 11%  2%
[libx264 @ 0x11b0fa80] Weighted P-Frames: Y:14.3% UV:0.0%
[libx264 @ 0x11b0fa80] ref P L0: 79.1% 20.9%
[libx264 @ 0x11b0fa80] kb/s:48.54
{"completed":1,"elapsed_ms":11426.09957,"event":"progress","stage":"encoding","total":38}
{"completed":2,"elapsed_ms":12223.103883,"event":"progress","stage":"sampling","total":38}
{"completed":3,"elapsed_ms":12223.609337,"event":"progress","stage":"projecting","total":38}
{"completed":4,"elapsed_ms":12242.875133,"event":"progress","stage":"block-00","total":38}
overwrite built-in layer type RMSNorm
{"completed":5,"elapsed_ms":12666.124247,"event":"progress","stage":"block-01","total":38}
overwrite built-in layer type RMSNorm
{"completed":6,"elapsed_ms":12995.532958,"event":"progress","stage":"block-02","total":38}
overwrite built-in layer type RMSNorm
{"completed":7,"elapsed_ms":13351.307928,"event":"progress","stage":"block-03","total":38}
overwrite built-in layer type RMSNorm
{"completed":8,"elapsed_ms":13710.097117,"event":"progress","stage":"block-04","total":38}
overwrite built-in layer type RMSNorm
{"completed":9,"elapsed_ms":14065.562212,"event":"progress","stage":"block-05","total":38}
overwrite built-in layer type RMSNorm
{"completed":10,"elapsed_ms":14397.634841,"event":"progress","stage":"block-06","total":38}
overwrite built-in layer type RMSNorm
{"completed":11,"elapsed_ms":14708.895005,"event":"progress","stage":"block-07","total":38}
overwrite built-in layer type RMSNorm
{"completed":12,"elapsed_ms":15048.537182,"event":"progress","stage":"block-08","total":38}
overwrite built-in layer type RMSNorm
{"completed":13,"elapsed_ms":15393.908664,"event":"progress","stage":"block-09","total":38}
overwrite built-in layer type RMSNorm
{"completed":14,"elapsed_ms":15752.468551,"event":"progress","stage":"block-10","total":38}
overwrite built-in layer type RMSNorm
{"completed":15,"elapsed_ms":16086.566864,"event":"progress","stage":"block-11","total":38}
overwrite built-in layer type RMSNorm
{"completed":16,"elapsed_ms":16439.207738,"event":"progress","stage":"block-12","total":38}
overwrite built-in layer type RMSNorm
{"completed":17,"elapsed_ms":16793.579679,"event":"progress","stage":"block-13","total":38}
overwrite built-in layer type RMSNorm
{"completed":18,"elapsed_ms":17143.963983,"event":"progress","stage":"block-14","total":38}
overwrite built-in layer type RMSNorm
{"completed":19,"elapsed_ms":17488.193199,"event":"progress","stage":"block-15","total":38}
overwrite built-in layer type RMSNorm
{"completed":20,"elapsed_ms":17825.244537,"event":"progress","stage":"block-16","total":38}
overwrite built-in layer type RMSNorm
{"completed":21,"elapsed_ms":18152.313842,"event":"progress","stage":"block-17","total":38}
overwrite built-in layer type RMSNorm
{"completed":22,"elapsed_ms":18490.423065,"event":"progress","stage":"block-18","total":38}
overwrite built-in layer type RMSNorm
{"completed":23,"elapsed_ms":18811.900896,"event":"progress","stage":"block-19","total":38}
overwrite built-in layer type RMSNorm
{"completed":24,"elapsed_ms":19170.222883,"event":"progress","stage":"block-20","total":38}
overwrite built-in layer type RMSNorm
{"completed":25,"elapsed_ms":19523.5806,"event":"progress","stage":"block-21","total":38}
overwrite built-in layer type RMSNorm
{"completed":26,"elapsed_ms":19844.577092,"event":"progress","stage":"block-22","total":38}
overwrite built-in layer type RMSNorm
{"completed":27,"elapsed_ms":20180.204442,"event":"progress","stage":"block-23","total":38}
overwrite built-in layer type RMSNorm
{"completed":28,"elapsed_ms":20513.913079,"event":"progress","stage":"block-24","total":38}
overwrite built-in layer type RMSNorm
{"completed":29,"elapsed_ms":20841.478981,"event":"progress","stage":"block-25","total":38}
overwrite built-in layer type RMSNorm
{"completed":30,"elapsed_ms":21183.180205,"event":"progress","stage":"block-26","total":38}
overwrite built-in layer type RMSNorm
{"completed":31,"elapsed_ms":21514.912602,"event":"progress","stage":"block-27","total":38}
overwrite built-in layer type RMSNorm
{"completed":32,"elapsed_ms":21847.280118,"event":"progress","stage":"block-28","total":38}
overwrite built-in layer type RMSNorm
{"completed":33,"elapsed_ms":22179.587831,"event":"progress","stage":"block-29","total":38}
overwrite built-in layer type RMSNorm
{"completed":34,"elapsed_ms":22512.755137,"event":"progress","stage":"block-30","total":38}
overwrite built-in layer type RMSNorm
{"completed":35,"elapsed_ms":22855.922118,"event":"progress","stage":"block-31","total":38}
overwrite built-in layer type RMSNorm
{"completed":36,"elapsed_ms":23099.637454,"event":"progress","stage":"denoising","total":38}
{"completed":37,"elapsed_ms":23126.28312,"event":"progress","stage":"decoding","total":38}
[libx264 @ 0x14a01d40] using cpu capabilities: MMX2 SSE2Fast SSSE3 SSE4.2 AVX FMA3 BMI2 AVX2 AVX512
[libx264 @ 0x14a01d40] profile High, level 1.0, 4:2:0, 8-bit
[libx264 @ 0x14a01d40] 264 - core 165 r3222 b35605a - H.264/MPEG-4 AVC codec - Copyleft 2003-2025 - http://www.videolan.org/x264.html - options: cabac=1 ref=2 deblock=1:0:0 analyse=0x3:0x113 me=hex subme=6 psy=1 psy_rd=1.00:0.00 mixed_ref=1 me_range=16 chroma_me=1 trellis=1 8x8dct=1 cqm=0 deadzone=21,11 fast_pskip=1 chroma_qp_offset=-2 threads=4 lookahead_threads=1 sliced_threads=0 nr=0 decimate=1 interlaced=0 bluray_compat=0 constrained_intra=0 bframes=0 weightp=1 keyint=250 keyint_min=8 scenecut=40 intra_refresh=0 rc_lookahead=30 rc=crf mbtree=1 crf=18.0 qcomp=0.60 qpmin=0 qpmax=69 qpstep=4 ip_ratio=1.40 aq=1:1.00
[mp4 @ 0x2acd0a40] Starting second pass: moving the moov atom to the beginning of the file
[libx264 @ 0x14a01d40] frame I:1     Avg QP:20.90  size:  1777
[libx264 @ 0x14a01d40] frame P:7     Avg QP:19.99  size:  1393
[libx264 @ 0x14a01d40] mb I  I16..4:  0.0% 62.5% 37.5%
[libx264 @ 0x14a01d40] mb P  I16..4:  0.4% 11.8% 16.4%  P16..4: 24.3% 31.4% 11.1%  0.0%  0.0%    skip: 4.6%
[libx264 @ 0x14a01d40] 8x8 transform intra:48.3% inter:47.1%
[libx264 @ 0x14a01d40] coded y,uvDC,uvAC intra: 98.3% 94.2% 57.5% inter: 71.8% 50.0% 0.5%
[libx264 @ 0x14a01d40] i16 v,h,dc,p: 100%  0%  0%  0%
[libx264 @ 0x14a01d40] i8 v,h,dc,ddl,ddr,vr,hd,vl,hu: 17% 16% 15%  4%  6% 23%  6%  4% 11%
[libx264 @ 0x14a01d40] i4 v,h,dc,ddl,ddr,vr,hd,vl,hu: 37%  7%  9%  3%  9% 19%  4%  8%  5%
[libx264 @ 0x14a01d40] i8c dc,h,v,p: 48% 25% 23%  4%
[libx264 @ 0x14a01d40] Weighted P-Frames: Y:42.9% UV:0.0%
[libx264 @ 0x14a01d40] ref P L0: 87.4% 12.6%
[libx264 @ 0x14a01d40] kb/s:92.23
{"completed":38,"elapsed_ms":24297.29589,"event":"progress","stage":"completed","total":38}
