[0 NVIDIA GeForce RTX 4060 Laptop GPU]  queueC=2[8]  queueT=1[2]  rebar=1  r-score=76
[0 NVIDIA GeForce RTX 4060 Laptop GPU]  fp16-p/s/u/a=1/1/1/1  int8-p/s/u/a=1/1/1/1  bf16-p/s=1/1
[0 NVIDIA GeForce RTX 4060 Laptop GPU]  subgroup=32(32~32)  ops=1/1/1/1/1/1/1/1/1/1
[0 NVIDIA GeForce RTX 4060 Laptop GPU]  fp16-cm=16x16x16/16x8x16/16x8x8  int8-cm=16x16x32/16x8x32  bf16-cm=16x16x16  fp8-cm=16x16x32  fp6-cm=0  fp4-cm=0
[1 llvmpipe (LLVM 22.1.8, 256 bits)]  queueC=0[1]  queueT=0[1]  rebar=1  r-score=14
[1 llvmpipe (LLVM 22.1.8, 256 bits)]  fp16-p/s/u/a=1/1/1/1  int8-p/s/u/a=1/1/1/1  bf16-p/s=1/0
[1 llvmpipe (LLVM 22.1.8, 256 bits)]  subgroup=8(8~8)  ops=1/1/1/1/1/1/1/1/1/1
[1 llvmpipe (LLVM 22.1.8, 256 bits)]  fp16-cm=8x8x8  int8-cm=8x8x8  bf16-cm=0  fp8-cm=0  fp6-cm=0  fp4-cm=0
[2 llvmpipe (LLVM 17.0.6, 256 bits)]  queueC=0[1]  queueT=0[1]  rebar=1  r-score=4
[2 llvmpipe (LLVM 17.0.6, 256 bits)]  fp16-p/s/u/a=1/1/1/1  int8-p/s/u/a=1/1/1/1  bf16-p/s=1/0
[2 llvmpipe (LLVM 17.0.6, 256 bits)]  subgroup=8(8~8)  ops=1/1/1/1/1/1/0/1/0/0
[2 llvmpipe (LLVM 17.0.6, 256 bits)]  fp16-cm=0  int8-cm=0  bf16-cm=0  fp8-cm=0  fp6-cm=0  fp4-cm=0
{"completed":0,"elapsed_ms":476.844698,"event":"progress","stage":"validating","total":38}
{"completed":0,"elapsed_ms":484.563471,"event":"progress","stage":"validating","total":38}
{"completed":0,"elapsed_ms":784.594715,"event":"progress","stage":"validating","total":38}
{"completed":0,"elapsed_ms":1099.062594,"event":"progress","stage":"validating","total":38}
{"completed":0,"elapsed_ms":1825.262493,"event":"progress","stage":"validating","total":38}
{"completed":0,"elapsed_ms":3208.206392,"event":"progress","stage":"validating","total":38}
{"completed":0,"elapsed_ms":4633.693187,"event":"progress","stage":"validating","total":38}
{"completed":0,"elapsed_ms":6068.202434,"event":"progress","stage":"validating","total":38}
{"completed":0,"elapsed_ms":6671.849443,"event":"progress","stage":"validating","total":38}
{"completed":0,"elapsed_ms":7149.001658,"event":"progress","stage":"validating","total":38}
{"completed":0,"elapsed_ms":7649.247264,"event":"progress","stage":"validating","total":38}
{"completed":0,"elapsed_ms":8136.004905,"event":"progress","stage":"validating","total":38}
{"completed":0,"elapsed_ms":8580.001184,"event":"progress","stage":"validating","total":38}
{"completed":0,"elapsed_ms":9068.720279,"event":"progress","stage":"validating","total":38}
{"completed":0,"elapsed_ms":9516.578912,"event":"progress","stage":"validating","total":38}
{"completed":0,"elapsed_ms":9982.120316,"event":"progress","stage":"validating","total":38}
{"completed":0,"elapsed_ms":10460.204578,"event":"progress","stage":"validating","total":38}
{"completed":0,"elapsed_ms":10827.262461,"event":"progress","stage":"validating","total":38}
{"completed":0,"elapsed_ms":11165.112251,"event":"progress","stage":"validating","total":38}
{"completed":0,"elapsed_ms":11629.53876,"event":"progress","stage":"validating","total":38}
{"completed":0,"elapsed_ms":12115.567386,"event":"progress","stage":"validating","total":38}
{"completed":0,"elapsed_ms":12610.065172,"event":"progress","stage":"validating","total":38}
{"completed":0,"elapsed_ms":13071.594618,"event":"progress","stage":"validating","total":38}
{"completed":0,"elapsed_ms":13387.791236,"event":"progress","stage":"validating","total":38}
{"completed":0,"elapsed_ms":13875.398999,"event":"progress","stage":"validating","total":38}
{"completed":0,"elapsed_ms":14417.390808,"event":"progress","stage":"validating","total":38}
{"completed":0,"elapsed_ms":14895.369398,"event":"progress","stage":"validating","total":38}
{"completed":0,"elapsed_ms":15387.968658,"event":"progress","stage":"validating","total":38}
{"completed":0,"elapsed_ms":15895.479481,"event":"progress","stage":"validating","total":38}
{"completed":0,"elapsed_ms":16395.789203,"event":"progress","stage":"validating","total":38}
{"completed":0,"elapsed_ms":16868.877218,"event":"progress","stage":"validating","total":38}
{"completed":0,"elapsed_ms":17367.300287,"event":"progress","stage":"validating","total":38}
{"completed":0,"elapsed_ms":17862.641071,"event":"progress","stage":"validating","total":38}
{"completed":0,"elapsed_ms":18333.029119,"event":"progress","stage":"validating","total":38}
{"completed":0,"elapsed_ms":18810.270382,"event":"progress","stage":"validating","total":38}
{"completed":0,"elapsed_ms":19119.795444,"event":"progress","stage":"validating","total":38}
{"completed":0,"elapsed_ms":19121.336587,"event":"progress","stage":"validating","total":38}
[libx264 @ 0x5be6c80] using cpu capabilities: MMX2 SSE2Fast SSSE3 SSE4.2 AVX FMA3 BMI2 AVX2 AVX512
[libx264 @ 0x5be6c80] profile High, level 1.0, 4:2:0, 8-bit
[libx264 @ 0x5be6c80] 264 - core 165 r3222 b35605a - H.264/MPEG-4 AVC codec - Copyleft 2003-2025 - http://www.videolan.org/x264.html - options: cabac=1 ref=2 deblock=1:0:0 analyse=0x3:0x113 me=hex subme=6 psy=1 psy_rd=1.00:0.00 mixed_ref=1 me_range=16 chroma_me=1 trellis=1 8x8dct=1 cqm=0 deadzone=21,11 fast_pskip=1 chroma_qp_offset=-2 threads=4 lookahead_threads=1 sliced_threads=0 nr=0 decimate=1 interlaced=0 bluray_compat=0 constrained_intra=0 bframes=0 weightp=1 keyint=250 keyint_min=8 scenecut=40 intra_refresh=0 rc_lookahead=30 rc=crf mbtree=1 crf=18.0 qcomp=0.60 qpmin=0 qpmax=69 qpstep=4 ip_ratio=1.40 aq=1:1.00
[mp4 @ 0x5db5000] Starting second pass: moving the moov atom to the beginning of the file
[libx264 @ 0x5be6c80] frame I:1     Avg QP:17.17  size:  3880
[libx264 @ 0x5be6c80] frame P:16    Avg QP:18.93  size:  1396
[libx264 @ 0x5be6c80] mb I  I16..4:  6.2% 17.2% 76.6%
[libx264 @ 0x5be6c80] mb P  I16..4:  1.7%  6.7%  6.1%  P16..4: 22.3% 19.5% 13.0%  0.0%  0.0%    skip:30.8%
[libx264 @ 0x5be6c80] 8x8 transform intra:37.7% inter:37.7%
[libx264 @ 0x5be6c80] coded y,uvDC,uvAC intra: 72.6% 97.6% 94.8% inter: 32.0% 53.1% 46.3%
[libx264 @ 0x5be6c80] i16 v,h,dc,p: 81% 14%  5%  0%
[libx264 @ 0x5be6c80] i8 v,h,dc,ddl,ddr,vr,hd,vl,hu: 36% 15% 18%  4%  4%  4%  4%  8%  7%
[libx264 @ 0x5be6c80] i4 v,h,dc,ddl,ddr,vr,hd,vl,hu: 55% 24% 10%  2%  2%  1%  2%  2%  2%
[libx264 @ 0x5be6c80] i8c dc,h,v,p: 19% 29% 48%  4%
[libx264 @ 0x5be6c80] Weighted P-Frames: Y:0.0% UV:0.0%
[libx264 @ 0x5be6c80] ref P L0: 75.9% 24.1%
[libx264 @ 0x5be6c80] kb/s:98.70
{"completed":1,"elapsed_ms":19545.395373,"event":"progress","stage":"encoding","total":38}
{"completed":2,"elapsed_ms":21609.704746,"event":"progress","stage":"sampling","total":38}
{"completed":3,"elapsed_ms":21610.992989,"event":"progress","stage":"projecting","total":38}
{"completed":4,"elapsed_ms":21664.291825,"event":"progress","stage":"block-00","total":38}
{"completed":5,"elapsed_ms":22931.016005,"event":"progress","stage":"block-01","total":38}
{"completed":6,"elapsed_ms":23706.631012,"event":"progress","stage":"block-02","total":38}
{"completed":7,"elapsed_ms":24451.66657,"event":"progress","stage":"block-03","total":38}
{"completed":8,"elapsed_ms":25115.145055,"event":"progress","stage":"block-04","total":38}
{"completed":9,"elapsed_ms":25812.92999,"event":"progress","stage":"block-05","total":38}
{"completed":10,"elapsed_ms":26541.195827,"event":"progress","stage":"block-06","total":38}
{"completed":11,"elapsed_ms":27280.558366,"event":"progress","stage":"block-07","total":38}
{"completed":12,"elapsed_ms":28030.501121,"event":"progress","stage":"block-08","total":38}
{"completed":13,"elapsed_ms":28774.111893,"event":"progress","stage":"block-09","total":38}
{"completed":14,"elapsed_ms":29510.30666,"event":"progress","stage":"block-10","total":38}
{"completed":15,"elapsed_ms":30234.495237,"event":"progress","stage":"block-11","total":38}
{"completed":16,"elapsed_ms":30961.257926,"event":"progress","stage":"block-12","total":38}
{"completed":17,"elapsed_ms":31677.156629,"event":"progress","stage":"block-13","total":38}
{"completed":18,"elapsed_ms":32289.211058,"event":"progress","stage":"block-14","total":38}
{"completed":19,"elapsed_ms":32861.437994,"event":"progress","stage":"block-15","total":38}
{"completed":20,"elapsed_ms":33572.858122,"event":"progress","stage":"block-16","total":38}
{"completed":21,"elapsed_ms":34270.504141,"event":"progress","stage":"block-17","total":38}
{"completed":22,"elapsed_ms":35029.944276,"event":"progress","stage":"block-18","total":38}
{"completed":23,"elapsed_ms":35746.497192,"event":"progress","stage":"block-19","total":38}
{"completed":24,"elapsed_ms":36469.840397,"event":"progress","stage":"block-20","total":38}
{"completed":25,"elapsed_ms":37183.803767,"event":"progress","stage":"block-21","total":38}
{"completed":26,"elapsed_ms":37916.17536,"event":"progress","stage":"block-22","total":38}
{"completed":27,"elapsed_ms":38638.666068,"event":"progress","stage":"block-23","total":38}
{"completed":28,"elapsed_ms":39370.535425,"event":"progress","stage":"block-24","total":38}
{"completed":29,"elapsed_ms":40112.042265,"event":"progress","stage":"block-25","total":38}
{"completed":30,"elapsed_ms":40859.717237,"event":"progress","stage":"block-26","total":38}
{"completed":31,"elapsed_ms":41611.674875,"event":"progress","stage":"block-27","total":38}
{"completed":32,"elapsed_ms":42335.872951,"event":"progress","stage":"block-28","total":38}
{"completed":33,"elapsed_ms":43072.080778,"event":"progress","stage":"block-29","total":38}
{"completed":34,"elapsed_ms":43795.352744,"event":"progress","stage":"block-30","total":38}
{"completed":35,"elapsed_ms":44577.737855,"event":"progress","stage":"block-31","total":38}
{"completed":36,"elapsed_ms":45280.571279,"event":"progress","stage":"denoising","total":38}
{"completed":37,"elapsed_ms":45335.947926,"event":"progress","stage":"decoding","total":38}
[libx264 @ 0x5be6c80] using cpu capabilities: MMX2 SSE2Fast SSSE3 SSE4.2 AVX FMA3 BMI2 AVX2 AVX512
[libx264 @ 0x5be6c80] profile High, level 1.0, 4:2:0, 8-bit
[libx264 @ 0x5be6c80] 264 - core 165 r3222 b35605a - H.264/MPEG-4 AVC codec - Copyleft 2003-2025 - http://www.videolan.org/x264.html - options: cabac=1 ref=2 deblock=1:0:0 analyse=0x3:0x113 me=hex subme=6 psy=1 psy_rd=1.00:0.00 mixed_ref=1 me_range=16 chroma_me=1 trellis=1 8x8dct=1 cqm=0 deadzone=21,11 fast_pskip=1 chroma_qp_offset=-2 threads=4 lookahead_threads=1 sliced_threads=0 nr=0 decimate=1 interlaced=0 bluray_compat=0 constrained_intra=0 bframes=0 weightp=1 keyint=250 keyint_min=8 scenecut=40 intra_refresh=0 rc_lookahead=30 rc=crf mbtree=1 crf=18.0 qcomp=0.60 qpmin=0 qpmax=69 qpstep=4 ip_ratio=1.40 aq=1:1.00
[mp4 @ 0x70c0fc0] Starting second pass: moving the moov atom to the beginning of the file
[libx264 @ 0x5be6c80] frame I:1     Avg QP:17.81  size:  4487
[libx264 @ 0x5be6c80] frame P:16    Avg QP:19.42  size:  1973
[libx264 @ 0x5be6c80] mb I  I16..4:  7.8%  7.8% 84.4%
[libx264 @ 0x5be6c80] mb P  I16..4:  0.5%  2.3%  5.9%  P16..4: 36.0% 25.7% 23.5%  0.0%  0.0%    skip: 6.1%
[libx264 @ 0x5be6c80] 8x8 transform intra:19.0% inter:29.1%
[libx264 @ 0x5be6c80] coded y,uvDC,uvAC intra: 85.9% 100.0% 98.7% inter: 58.9% 86.2% 73.9%
[libx264 @ 0x5be6c80] i16 v,h,dc,p: 70% 10% 20%  0%
[libx264 @ 0x5be6c80] i8 v,h,dc,ddl,ddr,vr,hd,vl,hu: 36%  9% 19%  3%  6%  5%  7%  8%  6%
[libx264 @ 0x5be6c80] i4 v,h,dc,ddl,ddr,vr,hd,vl,hu: 38% 22% 15%  4%  5%  3%  6%  3%  4%
[libx264 @ 0x5be6c80] i8c dc,h,v,p: 31% 28% 37%  3%
[libx264 @ 0x5be6c80] Weighted P-Frames: Y:0.0% UV:0.0%
[libx264 @ 0x5be6c80] ref P L0: 93.0%  7.0%
[libx264 @ 0x5be6c80] kb/s:135.75
{"completed":38,"elapsed_ms":48185.31507,"event":"progress","stage":"completed","total":38}
