[0 NVIDIA GeForce RTX 4060 Laptop GPU]  queueC=2[8]  queueT=1[2]  rebar=1  r-score=76
[0 NVIDIA GeForce RTX 4060 Laptop GPU]  fp16-p/s/u/a=1/1/1/1  int8-p/s/u/a=1/1/1/1  bf16-p/s=1/1
[0 NVIDIA GeForce RTX 4060 Laptop GPU]  subgroup=32(32~32)  ops=1/1/1/1/1/1/1/1/1/1
[0 NVIDIA GeForce RTX 4060 Laptop GPU]  fp16-cm=16x16x16/16x8x16/16x8x8  int8-cm=16x16x32/16x8x32  bf16-cm=16x16x16  fp8-cm=16x16x32  fp6-cm=0  fp4-cm=0
[1 llvmpipe (LLVM 22.1.8, 256 bits)]  queueC=0[1]  queueT=0[1]  rebar=1  r-score=14
[1 llvmpipe (LLVM 22.1.8, 256 bits)]  fp16-p/s/u/a=1/1/1/1  int8-p/s/u/a=1/1/1/1  bf16-p/s=1/0
[1 llvmpipe (LLVM 22.1.8, 256 bits)]  subgroup=8(8~8)  ops=1/1/1/1/1/1/1/1/1/1
[1 llvmpipe (LLVM 22.1.8, 256 bits)]  fp16-cm=8x8x8  int8-cm=8x8x8  bf16-cm=0  fp8-cm=0  fp6-cm=0  fp4-cm=0
[2 llvmpipe (LLVM 17.0.6, 256 bits)]  queueC=0[1]  queueT=0[1]  rebar=1  r-score=4
[2 llvmpipe (LLVM 17.0.6, 256 bits)]  fp16-p/s/u/a=1/1/1/1  int8-p/s/u/a=1/1/1/1  bf16-p/s=1/0
[2 llvmpipe (LLVM 17.0.6, 256 bits)]  subgroup=8(8~8)  ops=1/1/1/1/1/1/0/1/0/0
[2 llvmpipe (LLVM 17.0.6, 256 bits)]  fp16-cm=0  int8-cm=0  bf16-cm=0  fp8-cm=0  fp6-cm=0  fp4-cm=0
{"completed":0,"elapsed_ms":705.940643,"event":"progress","stage":"validating","total":38}
{"completed":0,"elapsed_ms":713.907566,"event":"progress","stage":"validating","total":38}
{"completed":0,"elapsed_ms":972.599858,"event":"progress","stage":"validating","total":38}
{"completed":0,"elapsed_ms":1283.49865,"event":"progress","stage":"validating","total":38}
{"completed":0,"elapsed_ms":1686.267585,"event":"progress","stage":"validating","total":38}
{"completed":0,"elapsed_ms":2104.195045,"event":"progress","stage":"validating","total":38}
{"completed":0,"elapsed_ms":2599.760233,"event":"progress","stage":"validating","total":38}
{"completed":0,"elapsed_ms":3078.822847,"event":"progress","stage":"validating","total":38}
{"completed":0,"elapsed_ms":3549.729754,"event":"progress","stage":"validating","total":38}
{"completed":0,"elapsed_ms":4005.088693,"event":"progress","stage":"validating","total":38}
{"completed":0,"elapsed_ms":4494.337333,"event":"progress","stage":"validating","total":38}
{"completed":0,"elapsed_ms":5000.872179,"event":"progress","stage":"validating","total":38}
{"completed":0,"elapsed_ms":5486.989854,"event":"progress","stage":"validating","total":38}
{"completed":0,"elapsed_ms":5999.651275,"event":"progress","stage":"validating","total":38}
{"completed":0,"elapsed_ms":6495.082295,"event":"progress","stage":"validating","total":38}
{"completed":0,"elapsed_ms":6992.683738,"event":"progress","stage":"validating","total":38}
{"completed":0,"elapsed_ms":7464.878888,"event":"progress","stage":"validating","total":38}
{"completed":0,"elapsed_ms":7951.850246,"event":"progress","stage":"validating","total":38}
{"completed":0,"elapsed_ms":8423.33894,"event":"progress","stage":"validating","total":38}
{"completed":0,"elapsed_ms":8903.001152,"event":"progress","stage":"validating","total":38}
{"completed":0,"elapsed_ms":9356.548239,"event":"progress","stage":"validating","total":38}
{"completed":0,"elapsed_ms":9802.587897,"event":"progress","stage":"validating","total":38}
{"completed":0,"elapsed_ms":10283.373314,"event":"progress","stage":"validating","total":38}
{"completed":0,"elapsed_ms":10759.98411,"event":"progress","stage":"validating","total":38}
{"completed":0,"elapsed_ms":11250.885501,"event":"progress","stage":"validating","total":38}
{"completed":0,"elapsed_ms":11723.039095,"event":"progress","stage":"validating","total":38}
{"completed":0,"elapsed_ms":12180.554209,"event":"progress","stage":"validating","total":38}
{"completed":0,"elapsed_ms":12590.906563,"event":"progress","stage":"validating","total":38}
{"completed":0,"elapsed_ms":12995.170334,"event":"progress","stage":"validating","total":38}
{"completed":0,"elapsed_ms":13447.91598,"event":"progress","stage":"validating","total":38}
{"completed":0,"elapsed_ms":13788.69964,"event":"progress","stage":"validating","total":38}
{"completed":0,"elapsed_ms":14112.199469,"event":"progress","stage":"validating","total":38}
{"completed":0,"elapsed_ms":14430.089206,"event":"progress","stage":"validating","total":38}
{"completed":0,"elapsed_ms":14772.442504,"event":"progress","stage":"validating","total":38}
{"completed":0,"elapsed_ms":15103.255042,"event":"progress","stage":"validating","total":38}
{"completed":0,"elapsed_ms":15318.559066,"event":"progress","stage":"validating","total":38}
{"completed":0,"elapsed_ms":15319.79388,"event":"progress","stage":"validating","total":38}
[libx264 @ 0x27211540] using cpu capabilities: MMX2 SSE2Fast SSSE3 SSE4.2 AVX FMA3 BMI2 AVX2 AVX512
[libx264 @ 0x27211540] profile High, level 1.0, 4:2:0, 8-bit
[libx264 @ 0x27211540] 264 - core 165 r3222 b35605a - H.264/MPEG-4 AVC codec - Copyleft 2003-2025 - http://www.videolan.org/x264.html - options: cabac=1 ref=2 deblock=1:0:0 analyse=0x3:0x113 me=hex subme=6 psy=1 psy_rd=1.00:0.00 mixed_ref=1 me_range=16 chroma_me=1 trellis=1 8x8dct=1 cqm=0 deadzone=21,11 fast_pskip=1 chroma_qp_offset=-2 threads=4 lookahead_threads=1 sliced_threads=0 nr=0 decimate=1 interlaced=0 bluray_compat=0 constrained_intra=0 bframes=0 weightp=1 keyint=250 keyint_min=8 scenecut=40 intra_refresh=0 rc_lookahead=30 rc=crf mbtree=1 crf=18.0 qcomp=0.60 qpmin=0 qpmax=69 qpstep=4 ip_ratio=1.40 aq=1:1.00
[mp4 @ 0x27324100] Starting second pass: moving the moov atom to the beginning of the file
[libx264 @ 0x27211540] frame I:1     Avg QP:17.17  size:  3880
[libx264 @ 0x27211540] frame P:16    Avg QP:18.93  size:  1396
[libx264 @ 0x27211540] mb I  I16..4:  6.2% 17.2% 76.6%
[libx264 @ 0x27211540] mb P  I16..4:  1.7%  6.7%  6.1%  P16..4: 22.3% 19.5% 13.0%  0.0%  0.0%    skip:30.8%
[libx264 @ 0x27211540] 8x8 transform intra:37.7% inter:37.7%
[libx264 @ 0x27211540] coded y,uvDC,uvAC intra: 72.6% 97.6% 94.8% inter: 32.0% 53.1% 46.3%
[libx264 @ 0x27211540] i16 v,h,dc,p: 81% 14%  5%  0%
[libx264 @ 0x27211540] i8 v,h,dc,ddl,ddr,vr,hd,vl,hu: 36% 15% 18%  4%  4%  4%  4%  8%  7%
[libx264 @ 0x27211540] i4 v,h,dc,ddl,ddr,vr,hd,vl,hu: 55% 24% 10%  2%  2%  1%  2%  2%  2%
[libx264 @ 0x27211540] i8c dc,h,v,p: 19% 29% 48%  4%
[libx264 @ 0x27211540] Weighted P-Frames: Y:0.0% UV:0.0%
[libx264 @ 0x27211540] ref P L0: 75.9% 24.1%
[libx264 @ 0x27211540] kb/s:98.70
{"completed":1,"elapsed_ms":15693.488888,"event":"progress","stage":"encoding","total":38}
{"completed":2,"elapsed_ms":17851.337777,"event":"progress","stage":"sampling","total":38}
{"completed":3,"elapsed_ms":17852.662827,"event":"progress","stage":"projecting","total":38}
{"completed":4,"elapsed_ms":17908.471659,"event":"progress","stage":"block-00","total":38}
{"completed":5,"elapsed_ms":19128.34653,"event":"progress","stage":"block-01","total":38}
{"completed":6,"elapsed_ms":19928.765859,"event":"progress","stage":"block-02","total":38}
{"completed":7,"elapsed_ms":20725.325208,"event":"progress","stage":"block-03","total":38}
{"completed":8,"elapsed_ms":21507.219956,"event":"progress","stage":"block-04","total":38}
{"completed":9,"elapsed_ms":22311.652429,"event":"progress","stage":"block-05","total":38}
{"completed":10,"elapsed_ms":23074.76851,"event":"progress","stage":"block-06","total":38}
{"completed":11,"elapsed_ms":23841.637712,"event":"progress","stage":"block-07","total":38}
{"completed":12,"elapsed_ms":24609.140943,"event":"progress","stage":"block-08","total":38}
{"completed":13,"elapsed_ms":25393.651359,"event":"progress","stage":"block-09","total":38}
{"completed":14,"elapsed_ms":26143.805457,"event":"progress","stage":"block-10","total":38}
{"completed":15,"elapsed_ms":26928.827608,"event":"progress","stage":"block-11","total":38}
{"completed":16,"elapsed_ms":27710.513388,"event":"progress","stage":"block-12","total":38}
{"completed":17,"elapsed_ms":28469.14377,"event":"progress","stage":"block-13","total":38}
{"completed":18,"elapsed_ms":29244.073694,"event":"progress","stage":"block-14","total":38}
{"completed":19,"elapsed_ms":29974.714173,"event":"progress","stage":"block-15","total":38}
{"completed":20,"elapsed_ms":30740.284446,"event":"progress","stage":"block-16","total":38}
{"completed":21,"elapsed_ms":31468.101476,"event":"progress","stage":"block-17","total":38}
{"completed":22,"elapsed_ms":32200.311593,"event":"progress","stage":"block-18","total":38}
{"completed":23,"elapsed_ms":32947.328789,"event":"progress","stage":"block-19","total":38}
{"completed":24,"elapsed_ms":33724.609608,"event":"progress","stage":"block-20","total":38}
{"completed":25,"elapsed_ms":34520.793764,"event":"progress","stage":"block-21","total":38}
{"completed":26,"elapsed_ms":35302.047358,"event":"progress","stage":"block-22","total":38}
{"completed":27,"elapsed_ms":36065.698921,"event":"progress","stage":"block-23","total":38}
{"completed":28,"elapsed_ms":36839.299045,"event":"progress","stage":"block-24","total":38}
{"completed":29,"elapsed_ms":37612.485981,"event":"progress","stage":"block-25","total":38}
{"completed":30,"elapsed_ms":38355.450851,"event":"progress","stage":"block-26","total":38}
{"completed":31,"elapsed_ms":39001.859223,"event":"progress","stage":"block-27","total":38}
{"completed":32,"elapsed_ms":39610.875298,"event":"progress","stage":"block-28","total":38}
{"completed":33,"elapsed_ms":40233.031453,"event":"progress","stage":"block-29","total":38}
{"completed":34,"elapsed_ms":40846.282702,"event":"progress","stage":"block-30","total":38}
{"completed":35,"elapsed_ms":41461.865848,"event":"progress","stage":"block-31","total":38}
{"completed":36,"elapsed_ms":41904.413595,"event":"progress","stage":"denoising","total":38}
{"completed":37,"elapsed_ms":41948.186555,"event":"progress","stage":"decoding","total":38}
[libx264 @ 0x27211540] using cpu capabilities: MMX2 SSE2Fast SSSE3 SSE4.2 AVX FMA3 BMI2 AVX2 AVX512
[libx264 @ 0x27211540] profile High, level 1.0, 4:2:0, 8-bit
[libx264 @ 0x27211540] 264 - core 165 r3222 b35605a - H.264/MPEG-4 AVC codec - Copyleft 2003-2025 - http://www.videolan.org/x264.html - options: cabac=1 ref=2 deblock=1:0:0 analyse=0x3:0x113 me=hex subme=6 psy=1 psy_rd=1.00:0.00 mixed_ref=1 me_range=16 chroma_me=1 trellis=1 8x8dct=1 cqm=0 deadzone=21,11 fast_pskip=1 chroma_qp_offset=-2 threads=4 lookahead_threads=1 sliced_threads=0 nr=0 decimate=1 interlaced=0 bluray_compat=0 constrained_intra=0 bframes=0 weightp=1 keyint=250 keyint_min=8 scenecut=40 intra_refresh=0 rc_lookahead=30 rc=crf mbtree=1 crf=18.0 qcomp=0.60 qpmin=0 qpmax=69 qpstep=4 ip_ratio=1.40 aq=1:1.00
[mp4 @ 0x289e8840] Starting second pass: moving the moov atom to the beginning of the file
[libx264 @ 0x27211540] frame I:1     Avg QP:17.81  size:  4487
[libx264 @ 0x27211540] frame P:16    Avg QP:19.42  size:  1973
[libx264 @ 0x27211540] mb I  I16..4:  7.8%  7.8% 84.4%
[libx264 @ 0x27211540] mb P  I16..4:  0.5%  2.3%  5.9%  P16..4: 36.0% 25.7% 23.5%  0.0%  0.0%    skip: 6.1%
[libx264 @ 0x27211540] 8x8 transform intra:19.0% inter:29.1%
[libx264 @ 0x27211540] coded y,uvDC,uvAC intra: 85.9% 100.0% 98.7% inter: 58.9% 86.2% 73.9%
[libx264 @ 0x27211540] i16 v,h,dc,p: 70% 10% 20%  0%
[libx264 @ 0x27211540] i8 v,h,dc,ddl,ddr,vr,hd,vl,hu: 36%  9% 19%  3%  6%  5%  7%  8%  6%
[libx264 @ 0x27211540] i4 v,h,dc,ddl,ddr,vr,hd,vl,hu: 38% 22% 15%  4%  5%  3%  6%  3%  4%
[libx264 @ 0x27211540] i8c dc,h,v,p: 31% 28% 37%  3%
[libx264 @ 0x27211540] Weighted P-Frames: Y:0.0% UV:0.0%
[libx264 @ 0x27211540] ref P L0: 93.0%  7.0%
[libx264 @ 0x27211540] kb/s:135.75
{"completed":38,"elapsed_ms":44706.747397,"event":"progress","stage":"completed","total":38}
