[0 NVIDIA GeForce RTX 4060 Laptop GPU]  queueC=2[8]  queueT=1[2]  rebar=1  r-score=76
[0 NVIDIA GeForce RTX 4060 Laptop GPU]  fp16-p/s/u/a=1/1/1/1  int8-p/s/u/a=1/1/1/1  bf16-p/s=1/1
[0 NVIDIA GeForce RTX 4060 Laptop GPU]  subgroup=32(32~32)  ops=1/1/1/1/1/1/1/1/1/1
[0 NVIDIA GeForce RTX 4060 Laptop GPU]  fp16-cm=16x16x16/16x8x16/16x8x8  int8-cm=16x16x32/16x8x32  bf16-cm=16x16x16  fp8-cm=16x16x32  fp6-cm=0  fp4-cm=0
[1 llvmpipe (LLVM 22.1.8, 256 bits)]  queueC=0[1]  queueT=0[1]  rebar=1  r-score=14
[1 llvmpipe (LLVM 22.1.8, 256 bits)]  fp16-p/s/u/a=1/1/1/1  int8-p/s/u/a=1/1/1/1  bf16-p/s=1/0
[1 llvmpipe (LLVM 22.1.8, 256 bits)]  subgroup=8(8~8)  ops=1/1/1/1/1/1/1/1/1/1
[1 llvmpipe (LLVM 22.1.8, 256 bits)]  fp16-cm=8x8x8  int8-cm=8x8x8  bf16-cm=0  fp8-cm=0  fp6-cm=0  fp4-cm=0
[2 llvmpipe (LLVM 17.0.6, 256 bits)]  queueC=0[1]  queueT=0[1]  rebar=1  r-score=4
[2 llvmpipe (LLVM 17.0.6, 256 bits)]  fp16-p/s/u/a=1/1/1/1  int8-p/s/u/a=1/1/1/1  bf16-p/s=1/0
[2 llvmpipe (LLVM 17.0.6, 256 bits)]  subgroup=8(8~8)  ops=1/1/1/1/1/1/0/1/0/0
[2 llvmpipe (LLVM 17.0.6, 256 bits)]  fp16-cm=0  int8-cm=0  bf16-cm=0  fp8-cm=0  fp6-cm=0  fp4-cm=0
{"completed":0,"elapsed_ms":591.561041,"event":"progress","stage":"validating","total":38}
{"completed":0,"elapsed_ms":596.16751,"event":"progress","stage":"validating","total":38}
{"completed":0,"elapsed_ms":809.464292,"event":"progress","stage":"validating","total":38}
{"completed":0,"elapsed_ms":1129.871373,"event":"progress","stage":"validating","total":38}
{"completed":0,"elapsed_ms":1460.02538,"event":"progress","stage":"validating","total":38}
{"completed":0,"elapsed_ms":1791.782343,"event":"progress","stage":"validating","total":38}
{"completed":0,"elapsed_ms":2143.39357,"event":"progress","stage":"validating","total":38}
{"completed":0,"elapsed_ms":2478.878815,"event":"progress","stage":"validating","total":38}
{"completed":0,"elapsed_ms":2865.29101,"event":"progress","stage":"validating","total":38}
{"completed":0,"elapsed_ms":3197.920511,"event":"progress","stage":"validating","total":38}
{"completed":0,"elapsed_ms":3502.381709,"event":"progress","stage":"validating","total":38}
{"completed":0,"elapsed_ms":3802.093599,"event":"progress","stage":"validating","total":38}
{"completed":0,"elapsed_ms":4136.996454,"event":"progress","stage":"validating","total":38}
{"completed":0,"elapsed_ms":4516.934233,"event":"progress","stage":"validating","total":38}
{"completed":0,"elapsed_ms":4871.845281,"event":"progress","stage":"validating","total":38}
{"completed":0,"elapsed_ms":5265.893096,"event":"progress","stage":"validating","total":38}
{"completed":0,"elapsed_ms":5650.612905,"event":"progress","stage":"validating","total":38}
{"completed":0,"elapsed_ms":6019.311871,"event":"progress","stage":"validating","total":38}
{"completed":0,"elapsed_ms":6397.370952,"event":"progress","stage":"validating","total":38}
{"completed":0,"elapsed_ms":6769.957589,"event":"progress","stage":"validating","total":38}
{"completed":0,"elapsed_ms":7146.460191,"event":"progress","stage":"validating","total":38}
{"completed":0,"elapsed_ms":7503.859438,"event":"progress","stage":"validating","total":38}
{"completed":0,"elapsed_ms":7864.43858,"event":"progress","stage":"validating","total":38}
{"completed":0,"elapsed_ms":8247.129719,"event":"progress","stage":"validating","total":38}
{"completed":0,"elapsed_ms":8622.389173,"event":"progress","stage":"validating","total":38}
{"completed":0,"elapsed_ms":8996.139398,"event":"progress","stage":"validating","total":38}
{"completed":0,"elapsed_ms":9336.229408,"event":"progress","stage":"validating","total":38}
{"completed":0,"elapsed_ms":9701.551807,"event":"progress","stage":"validating","total":38}
{"completed":0,"elapsed_ms":10057.438758,"event":"progress","stage":"validating","total":38}
{"completed":0,"elapsed_ms":10394.620987,"event":"progress","stage":"validating","total":38}
{"completed":0,"elapsed_ms":10721.273481,"event":"progress","stage":"validating","total":38}
{"completed":0,"elapsed_ms":11058.553114,"event":"progress","stage":"validating","total":38}
{"completed":0,"elapsed_ms":11385.043643,"event":"progress","stage":"validating","total":38}
{"completed":0,"elapsed_ms":11711.993349,"event":"progress","stage":"validating","total":38}
{"completed":0,"elapsed_ms":12033.871337,"event":"progress","stage":"validating","total":38}
{"completed":0,"elapsed_ms":12247.193677,"event":"progress","stage":"validating","total":38}
{"completed":0,"elapsed_ms":12248.565628,"event":"progress","stage":"validating","total":38}
[libx264 @ 0x29c5640] using cpu capabilities: MMX2 SSE2Fast SSSE3 SSE4.2 AVX FMA3 BMI2 AVX2 AVX512
[libx264 @ 0x29c5640] profile High, level 1.0, 4:2:0, 8-bit
[libx264 @ 0x29c5640] 264 - core 165 r3222 b35605a - H.264/MPEG-4 AVC codec - Copyleft 2003-2025 - http://www.videolan.org/x264.html - options: cabac=1 ref=2 deblock=1:0:0 analyse=0x3:0x113 me=hex subme=6 psy=1 psy_rd=1.00:0.00 mixed_ref=1 me_range=16 chroma_me=1 trellis=1 8x8dct=1 cqm=0 deadzone=21,11 fast_pskip=1 chroma_qp_offset=-2 threads=4 lookahead_threads=1 sliced_threads=0 nr=0 decimate=1 interlaced=0 bluray_compat=0 constrained_intra=0 bframes=0 weightp=1 keyint=250 keyint_min=8 scenecut=40 intra_refresh=0 rc_lookahead=30 rc=crf mbtree=1 crf=18.0 qcomp=0.60 qpmin=0 qpmax=69 qpstep=4 ip_ratio=1.40 aq=1:1.00
[mp4 @ 0x1a633c0] Starting second pass: moving the moov atom to the beginning of the file
[libx264 @ 0x29c5640] frame I:1     Avg QP:18.55  size:  1174
[libx264 @ 0x29c5640] frame P:8     Avg QP:18.89  size:   723
[libx264 @ 0x29c5640] mb I  I16..4:  0.0% 90.0% 10.0%
[libx264 @ 0x29c5640] mb P  I16..4:  0.0%  8.1%  1.9%  P16..4: 35.0% 35.3% 17.8%  0.0%  0.0%    skip: 1.9%
[libx264 @ 0x29c5640] 8x8 transform intra:86.1% inter:62.1%
[libx264 @ 0x29c5640] coded y,uvDC,uvAC intra: 96.5% 72.2% 22.2% inter: 67.7% 32.6% 1.4%
[libx264 @ 0x29c5640] i8 v,h,dc,ddl,ddr,vr,hd,vl,hu: 28% 15% 13%  3%  6% 23%  3%  3%  5%
[libx264 @ 0x29c5640] i4 v,h,dc,ddl,ddr,vr,hd,vl,hu: 46% 18% 10%  2%  4%  7%  5%  4%  4%
[libx264 @ 0x29c5640] i8c dc,h,v,p: 64% 22% 12%  1%
[libx264 @ 0x29c5640] Weighted P-Frames: Y:12.5% UV:0.0%
[libx264 @ 0x29c5640] ref P L0: 80.1% 19.9%
[libx264 @ 0x29c5640] kb/s:49.49
{"completed":1,"elapsed_ms":12257.678477,"event":"progress","stage":"encoding","total":38}
overwrite built-in layer type Swish
{"completed":2,"elapsed_ms":13436.279692,"event":"progress","stage":"sampling","total":38}
{"completed":3,"elapsed_ms":13436.922766,"event":"progress","stage":"projecting","total":38}
overwrite built-in layer type Swish
{"completed":4,"elapsed_ms":13454.670261,"event":"progress","stage":"block-00","total":38}
overwrite built-in layer type Swish
overwrite built-in layer type RMSNorm
overwrite built-in layer type InnerProduct
{"completed":5,"elapsed_ms":13945.327865,"event":"progress","stage":"block-01","total":38}
overwrite built-in layer type Swish
overwrite built-in layer type RMSNorm
overwrite built-in layer type InnerProduct
{"completed":6,"elapsed_ms":14339.136908,"event":"progress","stage":"block-02","total":38}
overwrite built-in layer type Swish
overwrite built-in layer type RMSNorm
overwrite built-in layer type InnerProduct
{"completed":7,"elapsed_ms":14753.34823,"event":"progress","stage":"block-03","total":38}
overwrite built-in layer type Swish
overwrite built-in layer type RMSNorm
overwrite built-in layer type InnerProduct
{"completed":8,"elapsed_ms":15157.218583,"event":"progress","stage":"block-04","total":38}
overwrite built-in layer type Swish
overwrite built-in layer type RMSNorm
overwrite built-in layer type InnerProduct
{"completed":9,"elapsed_ms":15601.536278,"event":"progress","stage":"block-05","total":38}
overwrite built-in layer type Swish
overwrite built-in layer type RMSNorm
overwrite built-in layer type InnerProduct
{"completed":10,"elapsed_ms":15995.177245,"event":"progress","stage":"block-06","total":38}
overwrite built-in layer type Swish
overwrite built-in layer type RMSNorm
overwrite built-in layer type InnerProduct
{"completed":11,"elapsed_ms":16336.590594,"event":"progress","stage":"block-07","total":38}
overwrite built-in layer type Swish
overwrite built-in layer type RMSNorm
overwrite built-in layer type InnerProduct
{"completed":12,"elapsed_ms":16676.606053,"event":"progress","stage":"block-08","total":38}
overwrite built-in layer type Swish
overwrite built-in layer type RMSNorm
overwrite built-in layer type InnerProduct
{"completed":13,"elapsed_ms":17099.587757,"event":"progress","stage":"block-09","total":38}
overwrite built-in layer type Swish
overwrite built-in layer type RMSNorm
overwrite built-in layer type InnerProduct
{"completed":14,"elapsed_ms":17552.805308,"event":"progress","stage":"block-10","total":38}
overwrite built-in layer type Swish
overwrite built-in layer type RMSNorm
overwrite built-in layer type InnerProduct
{"completed":15,"elapsed_ms":17993.476327,"event":"progress","stage":"block-11","total":38}
overwrite built-in layer type Swish
overwrite built-in layer type RMSNorm
overwrite built-in layer type InnerProduct
{"completed":16,"elapsed_ms":18445.064882,"event":"progress","stage":"block-12","total":38}
overwrite built-in layer type Swish
overwrite built-in layer type RMSNorm
overwrite built-in layer type InnerProduct
{"completed":17,"elapsed_ms":18905.248118,"event":"progress","stage":"block-13","total":38}
overwrite built-in layer type Swish
overwrite built-in layer type RMSNorm
overwrite built-in layer type InnerProduct
{"completed":18,"elapsed_ms":19355.375073,"event":"progress","stage":"block-14","total":38}
overwrite built-in layer type Swish
overwrite built-in layer type RMSNorm
overwrite built-in layer type InnerProduct
{"completed":19,"elapsed_ms":19823.958331,"event":"progress","stage":"block-15","total":38}
overwrite built-in layer type Swish
overwrite built-in layer type RMSNorm
overwrite built-in layer type InnerProduct
{"completed":20,"elapsed_ms":20303.358466,"event":"progress","stage":"block-16","total":38}
overwrite built-in layer type Swish
overwrite built-in layer type RMSNorm
overwrite built-in layer type InnerProduct
{"completed":21,"elapsed_ms":20760.366295,"event":"progress","stage":"block-17","total":38}
overwrite built-in layer type Swish
overwrite built-in layer type RMSNorm
overwrite built-in layer type InnerProduct
{"completed":22,"elapsed_ms":21178.770224,"event":"progress","stage":"block-18","total":38}
overwrite built-in layer type Swish
overwrite built-in layer type RMSNorm
overwrite built-in layer type InnerProduct
{"completed":23,"elapsed_ms":21605.755629,"event":"progress","stage":"block-19","total":38}
overwrite built-in layer type Swish
overwrite built-in layer type RMSNorm
overwrite built-in layer type InnerProduct
{"completed":24,"elapsed_ms":22088.044378,"event":"progress","stage":"block-20","total":38}
overwrite built-in layer type Swish
overwrite built-in layer type RMSNorm
overwrite built-in layer type InnerProduct
{"completed":25,"elapsed_ms":22537.461052,"event":"progress","stage":"block-21","total":38}
overwrite built-in layer type Swish
overwrite built-in layer type RMSNorm
overwrite built-in layer type InnerProduct
{"completed":26,"elapsed_ms":23014.322934,"event":"progress","stage":"block-22","total":38}
overwrite built-in layer type Swish
overwrite built-in layer type RMSNorm
overwrite built-in layer type InnerProduct
{"completed":27,"elapsed_ms":23433.442605,"event":"progress","stage":"block-23","total":38}
overwrite built-in layer type Swish
overwrite built-in layer type RMSNorm
overwrite built-in layer type InnerProduct
{"completed":28,"elapsed_ms":23877.503935,"event":"progress","stage":"block-24","total":38}
overwrite built-in layer type Swish
overwrite built-in layer type RMSNorm
overwrite built-in layer type InnerProduct
{"completed":29,"elapsed_ms":24309.330602000002,"event":"progress","stage":"block-25","total":38}
overwrite built-in layer type Swish
overwrite built-in layer type RMSNorm
overwrite built-in layer type InnerProduct
{"completed":30,"elapsed_ms":24747.218946,"event":"progress","stage":"block-26","total":38}
overwrite built-in layer type Swish
overwrite built-in layer type RMSNorm
overwrite built-in layer type InnerProduct
{"completed":31,"elapsed_ms":25158.308081,"event":"progress","stage":"block-27","total":38}
overwrite built-in layer type Swish
overwrite built-in layer type RMSNorm
overwrite built-in layer type InnerProduct
{"completed":32,"elapsed_ms":25604.392783,"event":"progress","stage":"block-28","total":38}
overwrite built-in layer type Swish
overwrite built-in layer type RMSNorm
overwrite built-in layer type InnerProduct
{"completed":33,"elapsed_ms":26025.888992,"event":"progress","stage":"block-29","total":38}
overwrite built-in layer type Swish
overwrite built-in layer type RMSNorm
overwrite built-in layer type InnerProduct
{"completed":34,"elapsed_ms":26443.045205,"event":"progress","stage":"block-30","total":38}
overwrite built-in layer type Swish
overwrite built-in layer type RMSNorm
overwrite built-in layer type InnerProduct
{"completed":35,"elapsed_ms":26857.168039,"event":"progress","stage":"block-31","total":38}
overwrite built-in layer type Swish
overwrite built-in layer type RMSNorm
overwrite built-in layer type InnerProduct
{"completed":36,"elapsed_ms":27163.943949,"event":"progress","stage":"denoising","total":38}
overwrite built-in layer type Swish
{"completed":37,"elapsed_ms":27207.357211,"event":"progress","stage":"decoding","total":38}
overwrite built-in layer type Swish
[libx264 @ 0x29c5640] using cpu capabilities: MMX2 SSE2Fast SSSE3 SSE4.2 AVX FMA3 BMI2 AVX2 AVX512
[libx264 @ 0x29c5640] profile High, level 1.0, 4:2:0, 8-bit
[libx264 @ 0x29c5640] 264 - core 165 r3222 b35605a - H.264/MPEG-4 AVC codec - Copyleft 2003-2025 - http://www.videolan.org/x264.html - options: cabac=1 ref=2 deblock=1:0:0 analyse=0x3:0x113 me=hex subme=6 psy=1 psy_rd=1.00:0.00 mixed_ref=1 me_range=16 chroma_me=1 trellis=1 8x8dct=1 cqm=0 deadzone=21,11 fast_pskip=1 chroma_qp_offset=-2 threads=4 lookahead_threads=1 sliced_threads=0 nr=0 decimate=1 interlaced=0 bluray_compat=0 constrained_intra=0 bframes=0 weightp=1 keyint=250 keyint_min=8 scenecut=40 intra_refresh=0 rc_lookahead=30 rc=crf mbtree=1 crf=18.0 qcomp=0.60 qpmin=0 qpmax=69 qpstep=4 ip_ratio=1.40 aq=1:1.00
[mp4 @ 0x167da500] Starting second pass: moving the moov atom to the beginning of the file
[libx264 @ 0x29c5640] frame I:1     Avg QP:20.92  size:  1801
[libx264 @ 0x29c5640] frame P:8     Avg QP:20.04  size:  1448
[libx264 @ 0x29c5640] mb I  I16..4:  2.5% 55.0% 42.5%
[libx264 @ 0x29c5640] mb P  I16..4:  0.0% 13.4% 18.8%  P16..4: 18.8% 33.1% 13.1%  0.0%  0.0%    skip: 2.8%
[libx264 @ 0x29c5640] 8x8 transform intra:45.5% inter:53.9%
[libx264 @ 0x29c5640] coded y,uvDC,uvAC intra: 97.4% 90.9% 51.0% inter: 74.8% 58.5% 0.0%
[libx264 @ 0x29c5640] i16 v,h,dc,p:  0%  0%  0% 100%
[libx264 @ 0x29c5640] i8 v,h,dc,ddl,ddr,vr,hd,vl,hu: 16% 14% 16%  3%  6% 22%  5%  5% 12%
[libx264 @ 0x29c5640] i4 v,h,dc,ddl,ddr,vr,hd,vl,hu: 34% 11%  8%  2%  7% 17%  5% 10%  6%
[libx264 @ 0x29c5640] i8c dc,h,v,p: 48% 21% 22% 10%
[libx264 @ 0x29c5640] Weighted P-Frames: Y:25.0% UV:0.0%
[libx264 @ 0x29c5640] ref P L0: 88.7% 11.3%
[libx264 @ 0x29c5640] kb/s:95.21
{"completed":38,"elapsed_ms":28788.126274,"event":"progress","stage":"completed","total":38}
