{
  "aggregate": {
    "bicubic": {
      "mean_frame_psnr_db": 26.795330479566942,
      "mean_frame_ssim_rgb": 0.840489729767274
    },
    "native": {
      "mean_frame_psnr_db": 23.241013051884835,
      "mean_frame_ssim_rgb": 0.7686467098756666
    },
    "official": {
      "mean_frame_psnr_db": 23.241015109333755,
      "mean_frame_ssim_rgb": 0.7686464732182398
    }
  },
  "native_official": {
    "max_abs": 1,
    "mae": 5.553002450980392e-05,
    "per_frame": [
      {
        "frame": 0,
        "max_abs": 1,
        "mae": 6.510416666666667e-05
      },
      {
        "frame": 1,
        "max_abs": 1,
        "mae": 6.510416666666667e-05
      },
      {
        "frame": 2,
        "max_abs": 1,
        "mae": 3.255208333333333e-05
      },
      {
        "frame": 3,
        "max_abs": 1,
        "mae": 9.765625e-05
      },
      {
        "frame": 4,
        "max_abs": 1,
        "mae": 6.510416666666667e-05
      },
      {
        "frame": 5,
        "max_abs": 1,
        "mae": 6.510416666666667e-05
      },
      {
        "frame": 6,
        "max_abs": 1,
        "mae": 3.255208333333333e-05
      },
      {
        "frame": 7,
        "max_abs": 1,
        "mae": 9.765625e-05
      },
      {
        "frame": 8,
        "max_abs": 1,
        "mae": 3.255208333333333e-05
      },
      {
        "frame": 9,
        "max_abs": 1,
        "mae": 6.510416666666667e-05
      },
      {
        "frame": 10,
        "max_abs": 1,
        "mae": 3.255208333333333e-05
      },
      {
        "frame": 11,
        "max_abs": 1,
        "mae": 3.255208333333333e-05
      },
      {
        "frame": 12,
        "max_abs": 1,
        "mae": 6.510416666666667e-05
      },
      {
        "frame": 13,
        "max_abs": 1,
        "mae": 6.510416666666667e-05
      },
      {
        "frame": 14,
        "max_abs": 1,
        "mae": 3.255208333333333e-05
      },
      {
        "frame": 15,
        "max_abs": 1,
        "mae": 6.510416666666667e-05
      },
      {
        "frame": 16,
        "max_abs": 1,
        "mae": 3.255208333333333e-05
      }
    ],
    "temporal": {
      "transitions": [
        {
          "before_frame": 1,
          "artificial_cut": false,
          "residual_change_mae": 0.00013020833333333333
        },
        {
          "before_frame": 2,
          "artificial_cut": false,
          "residual_change_mae": 9.765625e-05
        },
        {
          "before_frame": 3,
          "artificial_cut": false,
          "residual_change_mae": 0.00013020833333333333
        },
        {
          "before_frame": 4,
          "artificial_cut": false,
          "residual_change_mae": 0.00016276041666666666
        },
        {
          "before_frame": 5,
          "artificial_cut": false,
          "residual_change_mae": 0.00013020833333333333
        },
        {
          "before_frame": 6,
          "artificial_cut": false,
          "residual_change_mae": 9.765625e-05
        },
        {
          "before_frame": 7,
          "artificial_cut": false,
          "residual_change_mae": 0.00013020833333333333
        },
        {
          "before_frame": 8,
          "artificial_cut": true,
          "residual_change_mae": 0.00013020833333333333
        },
        {
          "before_frame": 9,
          "artificial_cut": false,
          "residual_change_mae": 9.765625e-05
        },
        {
          "before_frame": 10,
          "artificial_cut": false,
          "residual_change_mae": 9.765625e-05
        },
        {
          "before_frame": 11,
          "artificial_cut": false,
          "residual_change_mae": 6.510416666666667e-05
        },
        {
          "before_frame": 12,
          "artificial_cut": false,
          "residual_change_mae": 9.765625e-05
        },
        {
          "before_frame": 13,
          "artificial_cut": false,
          "residual_change_mae": 0.00013020833333333333
        },
        {
          "before_frame": 14,
          "artificial_cut": false,
          "residual_change_mae": 9.765625e-05
        },
        {
          "before_frame": 15,
          "artificial_cut": false,
          "residual_change_mae": 9.765625e-05
        },
        {
          "before_frame": 16,
          "artificial_cut": false,
          "residual_change_mae": 9.765625e-05
        }
      ],
      "continuous_transition_count": 15,
      "continuous_mean_mae": 0.00011067708333333335,
      "cut_mae": 0.00013020833333333333
    }
  },
  "media": {
    "passed": true,
    "frames": 17,
    "width": 128,
    "height": 80,
    "timestamps_90khz": [
      0,
      11250,
      22500,
      33750,
      45000,
      56250,
      67500,
      78750,
      90000,
      101250,
      112500,
      123750,
      135000,
      146250,
      157500,
      168750,
      180000
    ],
    "audio": false
  }
}
