[0 NVIDIA GeForce RTX 4060 Laptop GPU]  queueC=2[8]  queueT=1[2]  rebar=1  r-score=76
[0 NVIDIA GeForce RTX 4060 Laptop GPU]  fp16-p/s/u/a=1/1/1/1  int8-p/s/u/a=1/1/1/1  bf16-p/s=1/1
[0 NVIDIA GeForce RTX 4060 Laptop GPU]  subgroup=32(32~32)  ops=1/1/1/1/1/1/1/1/1/1
[0 NVIDIA GeForce RTX 4060 Laptop GPU]  fp16-cm=16x16x16/16x8x16/16x8x8  int8-cm=16x16x32/16x8x32  bf16-cm=16x16x16  fp8-cm=16x16x32  fp6-cm=0  fp4-cm=0
[1 llvmpipe (LLVM 22.1.8, 256 bits)]  queueC=0[1]  queueT=0[1]  rebar=1  r-score=14
[1 llvmpipe (LLVM 22.1.8, 256 bits)]  fp16-p/s/u/a=1/1/1/1  int8-p/s/u/a=1/1/1/1  bf16-p/s=1/0
[1 llvmpipe (LLVM 22.1.8, 256 bits)]  subgroup=8(8~8)  ops=1/1/1/1/1/1/1/1/1/1
[1 llvmpipe (LLVM 22.1.8, 256 bits)]  fp16-cm=8x8x8  int8-cm=8x8x8  bf16-cm=0  fp8-cm=0  fp6-cm=0  fp4-cm=0
[2 llvmpipe (LLVM 17.0.6, 256 bits)]  queueC=0[1]  queueT=0[1]  rebar=1  r-score=4
[2 llvmpipe (LLVM 17.0.6, 256 bits)]  fp16-p/s/u/a=1/1/1/1  int8-p/s/u/a=1/1/1/1  bf16-p/s=1/0
[2 llvmpipe (LLVM 17.0.6, 256 bits)]  subgroup=8(8~8)  ops=1/1/1/1/1/1/0/1/0/0
[2 llvmpipe (LLVM 17.0.6, 256 bits)]  fp16-cm=0  int8-cm=0  bf16-cm=0  fp8-cm=0  fp6-cm=0  fp4-cm=0
{"completed":0,"elapsed_ms":601.364191,"event":"progress","stage":"validating","total":38}
{"completed":0,"elapsed_ms":608.11882,"event":"progress","stage":"validating","total":38}
{"completed":0,"elapsed_ms":820.614896,"event":"progress","stage":"validating","total":38}
{"completed":0,"elapsed_ms":1094.767801,"event":"progress","stage":"validating","total":38}
{"completed":0,"elapsed_ms":1421.597827,"event":"progress","stage":"validating","total":38}
{"completed":0,"elapsed_ms":1760.826125,"event":"progress","stage":"validating","total":38}
{"completed":0,"elapsed_ms":2100.814066,"event":"progress","stage":"validating","total":38}
{"completed":0,"elapsed_ms":2441.289729,"event":"progress","stage":"validating","total":38}
{"completed":0,"elapsed_ms":2750.788832,"event":"progress","stage":"validating","total":38}
{"completed":0,"elapsed_ms":3033.053699,"event":"progress","stage":"validating","total":38}
{"completed":0,"elapsed_ms":3315.45359,"event":"progress","stage":"validating","total":38}
{"completed":0,"elapsed_ms":3626.28084,"event":"progress","stage":"validating","total":38}
{"completed":0,"elapsed_ms":3970.468479,"event":"progress","stage":"validating","total":38}
{"completed":0,"elapsed_ms":4319.083785,"event":"progress","stage":"validating","total":38}
{"completed":0,"elapsed_ms":4663.925268,"event":"progress","stage":"validating","total":38}
{"completed":0,"elapsed_ms":5013.565088,"event":"progress","stage":"validating","total":38}
{"completed":0,"elapsed_ms":5357.239578,"event":"progress","stage":"validating","total":38}
{"completed":0,"elapsed_ms":5717.799841,"event":"progress","stage":"validating","total":38}
{"completed":0,"elapsed_ms":6071.517378,"event":"progress","stage":"validating","total":38}
{"completed":0,"elapsed_ms":6415.924321,"event":"progress","stage":"validating","total":38}
{"completed":0,"elapsed_ms":6764.375177,"event":"progress","stage":"validating","total":38}
{"completed":0,"elapsed_ms":7105.764644,"event":"progress","stage":"validating","total":38}
{"completed":0,"elapsed_ms":7466.360123,"event":"progress","stage":"validating","total":38}
{"completed":0,"elapsed_ms":7815.182671,"event":"progress","stage":"validating","total":38}
{"completed":0,"elapsed_ms":8162.92533,"event":"progress","stage":"validating","total":38}
{"completed":0,"elapsed_ms":8514.807142,"event":"progress","stage":"validating","total":38}
{"completed":0,"elapsed_ms":8867.954332,"event":"progress","stage":"validating","total":38}
{"completed":0,"elapsed_ms":9202.873406,"event":"progress","stage":"validating","total":38}
{"completed":0,"elapsed_ms":9555.822843,"event":"progress","stage":"validating","total":38}
{"completed":0,"elapsed_ms":9909.555509,"event":"progress","stage":"validating","total":38}
{"completed":0,"elapsed_ms":10263.544979,"event":"progress","stage":"validating","total":38}
{"completed":0,"elapsed_ms":10619.382317,"event":"progress","stage":"validating","total":38}
{"completed":0,"elapsed_ms":10969.748508,"event":"progress","stage":"validating","total":38}
{"completed":0,"elapsed_ms":11312.982968,"event":"progress","stage":"validating","total":38}
{"completed":0,"elapsed_ms":11658.294799,"event":"progress","stage":"validating","total":38}
{"completed":0,"elapsed_ms":11894.382464,"event":"progress","stage":"validating","total":38}
{"completed":0,"elapsed_ms":11895.611795,"event":"progress","stage":"validating","total":38}
[libx264 @ 0x1b7f0c40] using cpu capabilities: MMX2 SSE2Fast SSSE3 SSE4.2 AVX FMA3 BMI2 AVX2 AVX512
[libx264 @ 0x1b7f0c40] profile High, level 1.0, 4:2:0, 8-bit
[libx264 @ 0x1b7f0c40] 264 - core 165 r3222 b35605a - H.264/MPEG-4 AVC codec - Copyleft 2003-2025 - http://www.videolan.org/x264.html - options: cabac=1 ref=2 deblock=1:0:0 analyse=0x3:0x113 me=hex subme=6 psy=1 psy_rd=1.00:0.00 mixed_ref=1 me_range=16 chroma_me=1 trellis=1 8x8dct=1 cqm=0 deadzone=21,11 fast_pskip=1 chroma_qp_offset=-2 threads=4 lookahead_threads=1 sliced_threads=0 nr=0 decimate=1 interlaced=0 bluray_compat=0 constrained_intra=0 bframes=0 weightp=1 keyint=250 keyint_min=8 scenecut=40 intra_refresh=0 rc_lookahead=30 rc=crf mbtree=1 crf=18.0 qcomp=0.60 qpmin=0 qpmax=69 qpstep=4 ip_ratio=1.40 aq=1:1.00
[mp4 @ 0x1a808b00] Starting second pass: moving the moov atom to the beginning of the file
[libx264 @ 0x1b7f0c40] frame I:1     Avg QP:18.55  size:  1174
[libx264 @ 0x1b7f0c40] frame P:16    Avg QP:18.65  size:   682
[libx264 @ 0x1b7f0c40] mb I  I16..4:  0.0% 90.0% 10.0%
[libx264 @ 0x1b7f0c40] mb P  I16..4:  0.2%  8.4%  2.0%  P16..4: 34.5% 32.8% 19.5%  0.0%  0.0%    skip: 2.5%
[libx264 @ 0x1b7f0c40] 8x8 transform intra:83.3% inter:56.4%
[libx264 @ 0x1b7f0c40] coded y,uvDC,uvAC intra: 97.0% 82.4% 46.3% inter: 61.1% 39.0% 2.4%
[libx264 @ 0x1b7f0c40] i16 v,h,dc,p:  0%  0%  0% 100%
[libx264 @ 0x1b7f0c40] i8 v,h,dc,ddl,ddr,vr,hd,vl,hu: 24% 17% 11%  5%  8% 16%  4%  4% 12%
[libx264 @ 0x1b7f0c40] i4 v,h,dc,ddl,ddr,vr,hd,vl,hu: 27% 14% 12%  4%  9% 15%  7%  5%  7%
[libx264 @ 0x1b7f0c40] i8c dc,h,v,p: 57% 25% 11%  6%
[libx264 @ 0x1b7f0c40] Weighted P-Frames: Y:12.5% UV:6.2%
[libx264 @ 0x1b7f0c40] ref P L0: 75.4% 24.6%
[libx264 @ 0x1b7f0c40] kb/s:45.53
{"completed":1,"elapsed_ms":11907.895601,"event":"progress","stage":"encoding","total":38}
overwrite built-in layer type Swish
{"completed":2,"elapsed_ms":13427.591692,"event":"progress","stage":"sampling","total":38}
{"completed":3,"elapsed_ms":13428.66605,"event":"progress","stage":"projecting","total":38}
overwrite built-in layer type Swish
{"completed":4,"elapsed_ms":13450.352815,"event":"progress","stage":"block-00","total":38}
overwrite built-in layer type Swish
overwrite built-in layer type RMSNorm
overwrite built-in layer type InnerProduct
{"completed":5,"elapsed_ms":14011.887285,"event":"progress","stage":"block-01","total":38}
overwrite built-in layer type Swish
overwrite built-in layer type RMSNorm
overwrite built-in layer type InnerProduct
{"completed":6,"elapsed_ms":14520.484323,"event":"progress","stage":"block-02","total":38}
overwrite built-in layer type Swish
overwrite built-in layer type RMSNorm
overwrite built-in layer type InnerProduct
{"completed":7,"elapsed_ms":15024.115128,"event":"progress","stage":"block-03","total":38}
overwrite built-in layer type Swish
overwrite built-in layer type RMSNorm
overwrite built-in layer type InnerProduct
{"completed":8,"elapsed_ms":15521.159952,"event":"progress","stage":"block-04","total":38}
overwrite built-in layer type Swish
overwrite built-in layer type RMSNorm
overwrite built-in layer type InnerProduct
{"completed":9,"elapsed_ms":15957.195788,"event":"progress","stage":"block-05","total":38}
overwrite built-in layer type Swish
overwrite built-in layer type RMSNorm
overwrite built-in layer type InnerProduct
{"completed":10,"elapsed_ms":16374.740341,"event":"progress","stage":"block-06","total":38}
overwrite built-in layer type Swish
overwrite built-in layer type RMSNorm
overwrite built-in layer type InnerProduct
{"completed":11,"elapsed_ms":16786.323602,"event":"progress","stage":"block-07","total":38}
overwrite built-in layer type Swish
overwrite built-in layer type RMSNorm
overwrite built-in layer type InnerProduct
{"completed":12,"elapsed_ms":17224.746163,"event":"progress","stage":"block-08","total":38}
overwrite built-in layer type Swish
overwrite built-in layer type RMSNorm
overwrite built-in layer type InnerProduct
{"completed":13,"elapsed_ms":17711.617133,"event":"progress","stage":"block-09","total":38}
overwrite built-in layer type Swish
overwrite built-in layer type RMSNorm
overwrite built-in layer type InnerProduct
{"completed":14,"elapsed_ms":18205.259013,"event":"progress","stage":"block-10","total":38}
overwrite built-in layer type Swish
overwrite built-in layer type RMSNorm
overwrite built-in layer type InnerProduct
{"completed":15,"elapsed_ms":18690.5394,"event":"progress","stage":"block-11","total":38}
overwrite built-in layer type Swish
overwrite built-in layer type RMSNorm
overwrite built-in layer type InnerProduct
{"completed":16,"elapsed_ms":19180.784238,"event":"progress","stage":"block-12","total":38}
overwrite built-in layer type Swish
overwrite built-in layer type RMSNorm
overwrite built-in layer type InnerProduct
{"completed":17,"elapsed_ms":19664.782405,"event":"progress","stage":"block-13","total":38}
overwrite built-in layer type Swish
overwrite built-in layer type RMSNorm
overwrite built-in layer type InnerProduct
{"completed":18,"elapsed_ms":20153.424649,"event":"progress","stage":"block-14","total":38}
overwrite built-in layer type Swish
overwrite built-in layer type RMSNorm
overwrite built-in layer type InnerProduct
{"completed":19,"elapsed_ms":20652.264059,"event":"progress","stage":"block-15","total":38}
overwrite built-in layer type Swish
overwrite built-in layer type RMSNorm
overwrite built-in layer type InnerProduct
{"completed":20,"elapsed_ms":21154.666355,"event":"progress","stage":"block-16","total":38}
overwrite built-in layer type Swish
overwrite built-in layer type RMSNorm
overwrite built-in layer type InnerProduct
{"completed":21,"elapsed_ms":21643.400572,"event":"progress","stage":"block-17","total":38}
overwrite built-in layer type Swish
overwrite built-in layer type RMSNorm
overwrite built-in layer type InnerProduct
{"completed":22,"elapsed_ms":22125.928013,"event":"progress","stage":"block-18","total":38}
overwrite built-in layer type Swish
overwrite built-in layer type RMSNorm
overwrite built-in layer type InnerProduct
{"completed":23,"elapsed_ms":22615.265879,"event":"progress","stage":"block-19","total":38}
overwrite built-in layer type Swish
overwrite built-in layer type RMSNorm
overwrite built-in layer type InnerProduct
{"completed":24,"elapsed_ms":23141.720935,"event":"progress","stage":"block-20","total":38}
overwrite built-in layer type Swish
overwrite built-in layer type RMSNorm
overwrite built-in layer type InnerProduct
{"completed":25,"elapsed_ms":23658.42717,"event":"progress","stage":"block-21","total":38}
overwrite built-in layer type Swish
overwrite built-in layer type RMSNorm
overwrite built-in layer type InnerProduct
{"completed":26,"elapsed_ms":24135.776127,"event":"progress","stage":"block-22","total":38}
overwrite built-in layer type Swish
overwrite built-in layer type RMSNorm
overwrite built-in layer type InnerProduct
{"completed":27,"elapsed_ms":24622.005335,"event":"progress","stage":"block-23","total":38}
overwrite built-in layer type Swish
overwrite built-in layer type RMSNorm
overwrite built-in layer type InnerProduct
{"completed":28,"elapsed_ms":25099.9731,"event":"progress","stage":"block-24","total":38}
overwrite built-in layer type Swish
overwrite built-in layer type RMSNorm
overwrite built-in layer type InnerProduct
{"completed":29,"elapsed_ms":25570.253754,"event":"progress","stage":"block-25","total":38}
overwrite built-in layer type Swish
overwrite built-in layer type RMSNorm
overwrite built-in layer type InnerProduct
{"completed":30,"elapsed_ms":26060.574826,"event":"progress","stage":"block-26","total":38}
overwrite built-in layer type Swish
overwrite built-in layer type RMSNorm
overwrite built-in layer type InnerProduct
{"completed":31,"elapsed_ms":26571.245248,"event":"progress","stage":"block-27","total":38}
overwrite built-in layer type Swish
overwrite built-in layer type RMSNorm
overwrite built-in layer type InnerProduct
{"completed":32,"elapsed_ms":27073.679324,"event":"progress","stage":"block-28","total":38}
overwrite built-in layer type Swish
overwrite built-in layer type RMSNorm
overwrite built-in layer type InnerProduct
{"completed":33,"elapsed_ms":27573.112626,"event":"progress","stage":"block-29","total":38}
overwrite built-in layer type Swish
overwrite built-in layer type RMSNorm
overwrite built-in layer type InnerProduct
{"completed":34,"elapsed_ms":28064.622572,"event":"progress","stage":"block-30","total":38}
overwrite built-in layer type Swish
overwrite built-in layer type RMSNorm
overwrite built-in layer type InnerProduct
{"completed":35,"elapsed_ms":28576.697495,"event":"progress","stage":"block-31","total":38}
overwrite built-in layer type Swish
overwrite built-in layer type RMSNorm
overwrite built-in layer type InnerProduct
{"completed":36,"elapsed_ms":28962.008456,"event":"progress","stage":"denoising","total":38}
overwrite built-in layer type Swish
{"completed":37,"elapsed_ms":29005.679196,"event":"progress","stage":"decoding","total":38}
overwrite built-in layer type Swish
[libx264 @ 0x2fe1ca40] using cpu capabilities: MMX2 SSE2Fast SSSE3 SSE4.2 AVX FMA3 BMI2 AVX2 AVX512
[libx264 @ 0x2fe1ca40] profile High, level 1.0, 4:2:0, 8-bit
[libx264 @ 0x2fe1ca40] 264 - core 165 r3222 b35605a - H.264/MPEG-4 AVC codec - Copyleft 2003-2025 - http://www.videolan.org/x264.html - options: cabac=1 ref=2 deblock=1:0:0 analyse=0x3:0x113 me=hex subme=6 psy=1 psy_rd=1.00:0.00 mixed_ref=1 me_range=16 chroma_me=1 trellis=1 8x8dct=1 cqm=0 deadzone=21,11 fast_pskip=1 chroma_qp_offset=-2 threads=4 lookahead_threads=1 sliced_threads=0 nr=0 decimate=1 interlaced=0 bluray_compat=0 constrained_intra=0 bframes=0 weightp=1 keyint=250 keyint_min=8 scenecut=40 intra_refresh=0 rc_lookahead=30 rc=crf mbtree=1 crf=18.0 qcomp=0.60 qpmin=0 qpmax=69 qpstep=4 ip_ratio=1.40 aq=1:1.00
[mp4 @ 0x1ba27d80] Starting second pass: moving the moov atom to the beginning of the file
[libx264 @ 0x2fe1ca40] frame I:1     Avg QP:20.08  size:  1672
[libx264 @ 0x2fe1ca40] frame P:16    Avg QP:19.43  size:   975
[libx264 @ 0x2fe1ca40] mb I  I16..4:  2.5% 65.0% 32.5%
[libx264 @ 0x2fe1ca40] mb P  I16..4:  0.2%  9.7%  4.7%  P16..4: 25.6% 40.2% 19.4%  0.0%  0.0%    skip: 0.3%
[libx264 @ 0x2fe1ca40] 8x8 transform intra:66.2% inter:42.5%
[libx264 @ 0x2fe1ca40] coded y,uvDC,uvAC intra: 98.7% 98.5% 77.4% inter: 77.8% 59.4% 9.1%
[libx264 @ 0x2fe1ca40] i16 v,h,dc,p:  0%  0%  0% 100%
[libx264 @ 0x2fe1ca40] i8 v,h,dc,ddl,ddr,vr,hd,vl,hu: 20% 19%  7%  5%  9% 18%  5%  6% 12%
[libx264 @ 0x2fe1ca40] i4 v,h,dc,ddl,ddr,vr,hd,vl,hu: 26% 17%  6%  6%  8% 13%  7%  7%  9%
[libx264 @ 0x2fe1ca40] i8c dc,h,v,p: 56% 17% 17% 10%
[libx264 @ 0x2fe1ca40] Weighted P-Frames: Y:25.0% UV:6.2%
[libx264 @ 0x2fe1ca40] ref P L0: 92.9%  7.1%
[libx264 @ 0x2fe1ca40] kb/s:65.04
{"completed":38,"elapsed_ms":31678.564872,"event":"progress","stage":"completed","total":38}
