{
  "aggregate": {
    "bicubic": {
      "mean_frame_psnr_db": 26.93073063996791,
      "mean_frame_ssim_rgb": 0.8559884599427526
    },
    "native": {
      "mean_frame_psnr_db": 20.00776698703961,
      "mean_frame_ssim_rgb": 0.6187355679162332
    },
    "official": {
      "mean_frame_psnr_db": 20.007773788115433,
      "mean_frame_ssim_rgb": 0.6187355999549239
    }
  },
  "native_official": {
    "max_abs": 1,
    "mae": 0.00010850694444444444,
    "per_frame": [
      {
        "frame": 0,
        "max_abs": 1,
        "mae": 0.00026041666666666666
      },
      {
        "frame": 1,
        "max_abs": 1,
        "mae": 6.510416666666667e-05
      },
      {
        "frame": 2,
        "max_abs": 1,
        "mae": 0.00016276041666666666
      },
      {
        "frame": 3,
        "max_abs": 1,
        "mae": 0.00013020833333333333
      },
      {
        "frame": 4,
        "max_abs": 0,
        "mae": 0.0
      },
      {
        "frame": 5,
        "max_abs": 1,
        "mae": 0.00013020833333333333
      },
      {
        "frame": 6,
        "max_abs": 1,
        "mae": 9.765625e-05
      },
      {
        "frame": 7,
        "max_abs": 1,
        "mae": 6.510416666666667e-05
      },
      {
        "frame": 8,
        "max_abs": 1,
        "mae": 6.510416666666667e-05
      }
    ],
    "temporal": {
      "transitions": [
        {
          "before_frame": 1,
          "artificial_cut": false,
          "residual_change_mae": 0.0003255208333333333
        },
        {
          "before_frame": 2,
          "artificial_cut": false,
          "residual_change_mae": 0.00022786458333333334
        },
        {
          "before_frame": 3,
          "artificial_cut": false,
          "residual_change_mae": 0.00029296875
        },
        {
          "before_frame": 4,
          "artificial_cut": false,
          "residual_change_mae": 0.00013020833333333333
        },
        {
          "before_frame": 5,
          "artificial_cut": false,
          "residual_change_mae": 0.00013020833333333333
        },
        {
          "before_frame": 6,
          "artificial_cut": false,
          "residual_change_mae": 0.00022786458333333334
        },
        {
          "before_frame": 7,
          "artificial_cut": false,
          "residual_change_mae": 0.00016276041666666666
        },
        {
          "before_frame": 8,
          "artificial_cut": false,
          "residual_change_mae": 0.00013020833333333333
        }
      ],
      "continuous_transition_count": 8,
      "continuous_mean_mae": 0.00020345052083333334,
      "cut_mae": null
    }
  },
  "media": {
    "passed": true,
    "frames": 9,
    "width": 128,
    "height": 80,
    "timestamps_90khz": [
      0,
      11250,
      22500,
      33750,
      45000,
      56250,
      67500,
      78750,
      90000
    ],
    "audio": false
  }
}
