[0 NVIDIA GeForce RTX 4060 Laptop GPU]  queueC=2[8]  queueT=1[2]  rebar=1  r-score=76
[0 NVIDIA GeForce RTX 4060 Laptop GPU]  fp16-p/s/u/a=1/1/1/1  int8-p/s/u/a=1/1/1/1  bf16-p/s=1/1
[0 NVIDIA GeForce RTX 4060 Laptop GPU]  subgroup=32(32~32)  ops=1/1/1/1/1/1/1/1/1/1
[0 NVIDIA GeForce RTX 4060 Laptop GPU]  fp16-cm=16x16x16/16x8x16/16x8x8  int8-cm=16x16x32/16x8x32  bf16-cm=16x16x16  fp8-cm=16x16x32  fp6-cm=0  fp4-cm=0
[1 llvmpipe (LLVM 22.1.8, 256 bits)]  queueC=0[1]  queueT=0[1]  rebar=1  r-score=14
[1 llvmpipe (LLVM 22.1.8, 256 bits)]  fp16-p/s/u/a=1/1/1/1  int8-p/s/u/a=1/1/1/1  bf16-p/s=1/0
[1 llvmpipe (LLVM 22.1.8, 256 bits)]  subgroup=8(8~8)  ops=1/1/1/1/1/1/1/1/1/1
[1 llvmpipe (LLVM 22.1.8, 256 bits)]  fp16-cm=8x8x8  int8-cm=8x8x8  bf16-cm=0  fp8-cm=0  fp6-cm=0  fp4-cm=0
[2 llvmpipe (LLVM 17.0.6, 256 bits)]  queueC=0[1]  queueT=0[1]  rebar=1  r-score=4
[2 llvmpipe (LLVM 17.0.6, 256 bits)]  fp16-p/s/u/a=1/1/1/1  int8-p/s/u/a=1/1/1/1  bf16-p/s=1/0
[2 llvmpipe (LLVM 17.0.6, 256 bits)]  subgroup=8(8~8)  ops=1/1/1/1/1/1/0/1/0/0
[2 llvmpipe (LLVM 17.0.6, 256 bits)]  fp16-cm=0  int8-cm=0  bf16-cm=0  fp8-cm=0  fp6-cm=0  fp4-cm=0
{"completed":0,"elapsed_ms":609.620775,"event":"progress","stage":"validating","total":38}
{"completed":0,"elapsed_ms":614.363838,"event":"progress","stage":"validating","total":38}
{"completed":0,"elapsed_ms":829.865887,"event":"progress","stage":"validating","total":38}
{"completed":0,"elapsed_ms":1108.454124,"event":"progress","stage":"validating","total":38}
{"completed":0,"elapsed_ms":1435.283078,"event":"progress","stage":"validating","total":38}
{"completed":0,"elapsed_ms":1774.896372,"event":"progress","stage":"validating","total":38}
{"completed":0,"elapsed_ms":2114.131263,"event":"progress","stage":"validating","total":38}
{"completed":0,"elapsed_ms":2461.628458,"event":"progress","stage":"validating","total":38}
{"completed":0,"elapsed_ms":2763.462092,"event":"progress","stage":"validating","total":38}
{"completed":0,"elapsed_ms":3048.08499,"event":"progress","stage":"validating","total":38}
{"completed":0,"elapsed_ms":3334.566276,"event":"progress","stage":"validating","total":38}
{"completed":0,"elapsed_ms":3644.091618,"event":"progress","stage":"validating","total":38}
{"completed":0,"elapsed_ms":3996.923734,"event":"progress","stage":"validating","total":38}
{"completed":0,"elapsed_ms":4343.531511,"event":"progress","stage":"validating","total":38}
{"completed":0,"elapsed_ms":4687.142371,"event":"progress","stage":"validating","total":38}
{"completed":0,"elapsed_ms":5032.534693,"event":"progress","stage":"validating","total":38}
{"completed":0,"elapsed_ms":5381.023761,"event":"progress","stage":"validating","total":38}
{"completed":0,"elapsed_ms":5734.271812,"event":"progress","stage":"validating","total":38}
{"completed":0,"elapsed_ms":6084.13277,"event":"progress","stage":"validating","total":38}
{"completed":0,"elapsed_ms":6427.084405,"event":"progress","stage":"validating","total":38}
{"completed":0,"elapsed_ms":6767.656229,"event":"progress","stage":"validating","total":38}
{"completed":0,"elapsed_ms":7114.406876,"event":"progress","stage":"validating","total":38}
{"completed":0,"elapsed_ms":7473.150911,"event":"progress","stage":"validating","total":38}
{"completed":0,"elapsed_ms":7829.263889,"event":"progress","stage":"validating","total":38}
{"completed":0,"elapsed_ms":8199.183268,"event":"progress","stage":"validating","total":38}
{"completed":0,"elapsed_ms":8555.375536,"event":"progress","stage":"validating","total":38}
{"completed":0,"elapsed_ms":8907.943653,"event":"progress","stage":"validating","total":38}
{"completed":0,"elapsed_ms":9248.383287,"event":"progress","stage":"validating","total":38}
{"completed":0,"elapsed_ms":9586.007007,"event":"progress","stage":"validating","total":38}
{"completed":0,"elapsed_ms":9925.362515,"event":"progress","stage":"validating","total":38}
{"completed":0,"elapsed_ms":10270.992456,"event":"progress","stage":"validating","total":38}
{"completed":0,"elapsed_ms":10630.381438,"event":"progress","stage":"validating","total":38}
{"completed":0,"elapsed_ms":10973.825012,"event":"progress","stage":"validating","total":38}
{"completed":0,"elapsed_ms":11312.647053,"event":"progress","stage":"validating","total":38}
{"completed":0,"elapsed_ms":11646.363577,"event":"progress","stage":"validating","total":38}
{"completed":0,"elapsed_ms":11877.564469,"event":"progress","stage":"validating","total":38}
{"completed":0,"elapsed_ms":11878.860445,"event":"progress","stage":"validating","total":38}
[libx264 @ 0x286e70c0] using cpu capabilities: MMX2 SSE2Fast SSSE3 SSE4.2 AVX FMA3 BMI2 AVX2 AVX512
[libx264 @ 0x286e70c0] profile High, level 1.0, 4:2:0, 8-bit
[libx264 @ 0x286e70c0] 264 - core 165 r3222 b35605a - H.264/MPEG-4 AVC codec - Copyleft 2003-2025 - http://www.videolan.org/x264.html - options: cabac=1 ref=2 deblock=1:0:0 analyse=0x3:0x113 me=hex subme=6 psy=1 psy_rd=1.00:0.00 mixed_ref=1 me_range=16 chroma_me=1 trellis=1 8x8dct=1 cqm=0 deadzone=21,11 fast_pskip=1 chroma_qp_offset=-2 threads=4 lookahead_threads=1 sliced_threads=0 nr=0 decimate=1 interlaced=0 bluray_compat=0 constrained_intra=0 bframes=0 weightp=1 keyint=250 keyint_min=8 scenecut=40 intra_refresh=0 rc_lookahead=30 rc=crf mbtree=1 crf=18.0 qcomp=0.60 qpmin=0 qpmax=69 qpstep=4 ip_ratio=1.40 aq=1:1.00
[mp4 @ 0x276b0bc0] Starting second pass: moving the moov atom to the beginning of the file
[libx264 @ 0x286e70c0] frame I:1     Avg QP:18.55  size:  1174
[libx264 @ 0x286e70c0] frame P:7     Avg QP:18.87  size:   699
[libx264 @ 0x286e70c0] mb I  I16..4:  0.0% 90.0% 10.0%
[libx264 @ 0x286e70c0] mb P  I16..4:  0.0%  6.4%  2.5%  P16..4: 36.4% 35.4% 18.2%  0.0%  0.0%    skip: 1.1%
[libx264 @ 0x286e70c0] 8x8 transform intra:83.1% inter:59.0%
[libx264 @ 0x286e70c0] coded y,uvDC,uvAC intra: 95.8% 67.7% 18.5% inter: 65.4% 28.6% 2.7%
[libx264 @ 0x286e70c0] i8 v,h,dc,ddl,ddr,vr,hd,vl,hu: 25% 15% 14%  4%  6% 25%  3%  3%  5%
[libx264 @ 0x286e70c0] i4 v,h,dc,ddl,ddr,vr,hd,vl,hu: 52% 13%  7%  3%  2%  7%  6%  6%  4%
[libx264 @ 0x286e70c0] i8c dc,h,v,p: 62% 26% 11%  2%
[libx264 @ 0x286e70c0] Weighted P-Frames: Y:14.3% UV:0.0%
[libx264 @ 0x286e70c0] ref P L0: 79.1% 20.9%
[libx264 @ 0x286e70c0] kb/s:48.54
{"completed":1,"elapsed_ms":11886.570598,"event":"progress","stage":"encoding","total":38}
overwrite built-in layer type Swish
{"completed":2,"elapsed_ms":12864.243979,"event":"progress","stage":"sampling","total":38}
{"completed":3,"elapsed_ms":12864.77977,"event":"progress","stage":"projecting","total":38}
overwrite built-in layer type Swish
{"completed":4,"elapsed_ms":12884.032019,"event":"progress","stage":"block-00","total":38}
overwrite built-in layer type Swish
overwrite built-in layer type RMSNorm
overwrite built-in layer type InnerProduct
{"completed":5,"elapsed_ms":13503.979306,"event":"progress","stage":"block-01","total":38}
overwrite built-in layer type Swish
overwrite built-in layer type RMSNorm
overwrite built-in layer type InnerProduct
{"completed":6,"elapsed_ms":14050.280222,"event":"progress","stage":"block-02","total":38}
overwrite built-in layer type Swish
overwrite built-in layer type RMSNorm
overwrite built-in layer type InnerProduct
{"completed":7,"elapsed_ms":14597.950123,"event":"progress","stage":"block-03","total":38}
overwrite built-in layer type Swish
overwrite built-in layer type RMSNorm
overwrite built-in layer type InnerProduct
{"completed":8,"elapsed_ms":15177.189101,"event":"progress","stage":"block-04","total":38}
overwrite built-in layer type Swish
overwrite built-in layer type RMSNorm
overwrite built-in layer type InnerProduct
{"completed":9,"elapsed_ms":15677.809714,"event":"progress","stage":"block-05","total":38}
overwrite built-in layer type Swish
overwrite built-in layer type RMSNorm
overwrite built-in layer type InnerProduct
{"completed":10,"elapsed_ms":16146.370843,"event":"progress","stage":"block-06","total":38}
overwrite built-in layer type Swish
overwrite built-in layer type RMSNorm
overwrite built-in layer type InnerProduct
{"completed":11,"elapsed_ms":16639.887677,"event":"progress","stage":"block-07","total":38}
overwrite built-in layer type Swish
overwrite built-in layer type RMSNorm
overwrite built-in layer type InnerProduct
{"completed":12,"elapsed_ms":17141.549485,"event":"progress","stage":"block-08","total":38}
overwrite built-in layer type Swish
overwrite built-in layer type RMSNorm
overwrite built-in layer type InnerProduct
{"completed":13,"elapsed_ms":17678.520641,"event":"progress","stage":"block-09","total":38}
overwrite built-in layer type Swish
overwrite built-in layer type RMSNorm
overwrite built-in layer type InnerProduct
{"completed":14,"elapsed_ms":18221.568637,"event":"progress","stage":"block-10","total":38}
overwrite built-in layer type Swish
overwrite built-in layer type RMSNorm
overwrite built-in layer type InnerProduct
{"completed":15,"elapsed_ms":18759.765106,"event":"progress","stage":"block-11","total":38}
overwrite built-in layer type Swish
overwrite built-in layer type RMSNorm
overwrite built-in layer type InnerProduct
{"completed":16,"elapsed_ms":19306.256342,"event":"progress","stage":"block-12","total":38}
overwrite built-in layer type Swish
overwrite built-in layer type RMSNorm
overwrite built-in layer type InnerProduct
{"completed":17,"elapsed_ms":19844.714544,"event":"progress","stage":"block-13","total":38}
overwrite built-in layer type Swish
overwrite built-in layer type RMSNorm
overwrite built-in layer type InnerProduct
{"completed":18,"elapsed_ms":20421.641178,"event":"progress","stage":"block-14","total":38}
overwrite built-in layer type Swish
overwrite built-in layer type RMSNorm
overwrite built-in layer type InnerProduct
{"completed":19,"elapsed_ms":20974.513668,"event":"progress","stage":"block-15","total":38}
overwrite built-in layer type Swish
overwrite built-in layer type RMSNorm
overwrite built-in layer type InnerProduct
{"completed":20,"elapsed_ms":21537.923478,"event":"progress","stage":"block-16","total":38}
overwrite built-in layer type Swish
overwrite built-in layer type RMSNorm
overwrite built-in layer type InnerProduct
{"completed":21,"elapsed_ms":22083.293427,"event":"progress","stage":"block-17","total":38}
overwrite built-in layer type Swish
overwrite built-in layer type RMSNorm
overwrite built-in layer type InnerProduct
{"completed":22,"elapsed_ms":22615.029201,"event":"progress","stage":"block-18","total":38}
overwrite built-in layer type Swish
overwrite built-in layer type RMSNorm
overwrite built-in layer type InnerProduct
{"completed":23,"elapsed_ms":23157.348532,"event":"progress","stage":"block-19","total":38}
overwrite built-in layer type Swish
overwrite built-in layer type RMSNorm
overwrite built-in layer type InnerProduct
{"completed":24,"elapsed_ms":23701.717141,"event":"progress","stage":"block-20","total":38}
overwrite built-in layer type Swish
overwrite built-in layer type RMSNorm
overwrite built-in layer type InnerProduct
{"completed":25,"elapsed_ms":24282.015259,"event":"progress","stage":"block-21","total":38}
overwrite built-in layer type Swish
overwrite built-in layer type RMSNorm
overwrite built-in layer type InnerProduct
{"completed":26,"elapsed_ms":24827.301099,"event":"progress","stage":"block-22","total":38}
overwrite built-in layer type Swish
overwrite built-in layer type RMSNorm
overwrite built-in layer type InnerProduct
{"completed":27,"elapsed_ms":25373.741669,"event":"progress","stage":"block-23","total":38}
overwrite built-in layer type Swish
overwrite built-in layer type RMSNorm
overwrite built-in layer type InnerProduct
{"completed":28,"elapsed_ms":25940.042185,"event":"progress","stage":"block-24","total":38}
overwrite built-in layer type Swish
overwrite built-in layer type RMSNorm
overwrite built-in layer type InnerProduct
{"completed":29,"elapsed_ms":26484.499131,"event":"progress","stage":"block-25","total":38}
overwrite built-in layer type Swish
overwrite built-in layer type RMSNorm
overwrite built-in layer type InnerProduct
{"completed":30,"elapsed_ms":27024.651872,"event":"progress","stage":"block-26","total":38}
overwrite built-in layer type Swish
overwrite built-in layer type RMSNorm
overwrite built-in layer type InnerProduct
{"completed":31,"elapsed_ms":27560.08787,"event":"progress","stage":"block-27","total":38}
overwrite built-in layer type Swish
overwrite built-in layer type RMSNorm
overwrite built-in layer type InnerProduct
{"completed":32,"elapsed_ms":28103.42353,"event":"progress","stage":"block-28","total":38}
overwrite built-in layer type Swish
overwrite built-in layer type RMSNorm
overwrite built-in layer type InnerProduct
{"completed":33,"elapsed_ms":28670.472068,"event":"progress","stage":"block-29","total":38}
overwrite built-in layer type Swish
overwrite built-in layer type RMSNorm
overwrite built-in layer type InnerProduct
{"completed":34,"elapsed_ms":29227.283443,"event":"progress","stage":"block-30","total":38}
overwrite built-in layer type Swish
overwrite built-in layer type RMSNorm
overwrite built-in layer type InnerProduct
{"completed":35,"elapsed_ms":29781.851955,"event":"progress","stage":"block-31","total":38}
overwrite built-in layer type Swish
overwrite built-in layer type RMSNorm
overwrite built-in layer type InnerProduct
{"completed":36,"elapsed_ms":30175.909666,"event":"progress","stage":"denoising","total":38}
overwrite built-in layer type Swish
{"completed":37,"elapsed_ms":30218.413844,"event":"progress","stage":"decoding","total":38}
overwrite built-in layer type Swish
[libx264 @ 0x28fb1680] using cpu capabilities: MMX2 SSE2Fast SSSE3 SSE4.2 AVX FMA3 BMI2 AVX2 AVX512
[libx264 @ 0x28fb1680] profile High, level 1.0, 4:2:0, 8-bit
[libx264 @ 0x28fb1680] 264 - core 165 r3222 b35605a - H.264/MPEG-4 AVC codec - Copyleft 2003-2025 - http://www.videolan.org/x264.html - options: cabac=1 ref=2 deblock=1:0:0 analyse=0x3:0x113 me=hex subme=6 psy=1 psy_rd=1.00:0.00 mixed_ref=1 me_range=16 chroma_me=1 trellis=1 8x8dct=1 cqm=0 deadzone=21,11 fast_pskip=1 chroma_qp_offset=-2 threads=4 lookahead_threads=1 sliced_threads=0 nr=0 decimate=1 interlaced=0 bluray_compat=0 constrained_intra=0 bframes=0 weightp=1 keyint=250 keyint_min=8 scenecut=40 intra_refresh=0 rc_lookahead=30 rc=crf mbtree=1 crf=18.0 qcomp=0.60 qpmin=0 qpmax=69 qpstep=4 ip_ratio=1.40 aq=1:1.00
[mp4 @ 0x2a063b80] Starting second pass: moving the moov atom to the beginning of the file
[libx264 @ 0x28fb1680] frame I:1     Avg QP:20.90  size:  1780
[libx264 @ 0x28fb1680] frame P:7     Avg QP:19.90  size:  1396
[libx264 @ 0x28fb1680] mb I  I16..4:  0.0% 67.5% 32.5%
[libx264 @ 0x28fb1680] mb P  I16..4:  0.0% 11.1% 15.7%  P16..4: 22.9% 32.9% 11.8%  0.0%  0.0%    skip: 5.7%
[libx264 @ 0x28fb1680] 8x8 transform intra:50.4% inter:55.0%
[libx264 @ 0x28fb1680] coded y,uvDC,uvAC intra: 99.1% 95.7% 56.5% inter: 73.5% 51.2% 1.5%
[libx264 @ 0x28fb1680] i8 v,h,dc,ddl,ddr,vr,hd,vl,hu: 17% 12% 16%  4%  5% 25%  4%  5% 11%
[libx264 @ 0x28fb1680] i4 v,h,dc,ddl,ddr,vr,hd,vl,hu: 35%  8%  8%  4%  8% 20%  4%  7%  5%
[libx264 @ 0x28fb1680] i8c dc,h,v,p: 51% 23% 23%  3%
[libx264 @ 0x28fb1680] Weighted P-Frames: Y:42.9% UV:0.0%
[libx264 @ 0x28fb1680] ref P L0: 87.6% 12.4%
[libx264 @ 0x28fb1680] kb/s:92.41
{"completed":38,"elapsed_ms":31785.89952,"event":"progress","stage":"completed","total":38}
