{
  "backend": "ncnn-cpu",
  "build": "0.7.0",
  "clip": {
    "decoded_frames": 17,
    "latent_frames": 5,
    "padded_frames": 17,
    "padding": "repeat last frame to 4n+1; crop output to decoded frame count",
    "requested_max_frames": 17,
    "streaming_cache": false,
    "temporal_mode": "joint clip VAE + 3D adaptive window attention",
    "truncated": false
  },
  "comparison_input": "comparison-input.mp4",
  "converter_ncnn_commit": "6a1bf000f363714839a36793addc8c879d3d899e",
  "device": null,
  "diagnostics": {
    "block-00-text": {
      "dtype": "f32le",
      "elements": 148480,
      "path": "block-00-text.f32",
      "sha256": "b8d80c1c67d1924df71947d6fbfe31e7f61325ad34edd9da569ad9e18c711f11",
      "shape": [
        58,
        2560
      ]
    },
    "block-00-video": {
      "dtype": "f32le",
      "elements": 819200,
      "path": "block-00-video.f32",
      "sha256": "61bbfdea819fe6586b452f6835f769d4c3035ea4a86f45849dc6926f7547e2e3",
      "shape": [
        320,
        2560
      ]
    },
    "block-01-text": {
      "dtype": "f32le",
      "elements": 148480,
      "path": "block-01-text.f32",
      "sha256": "1eb55bf5caf14ce5754616031f14a32e367c648fb1fc26ffd69505279f5f4b6f",
      "shape": [
        58,
        2560
      ]
    },
    "block-01-video": {
      "dtype": "f32le",
      "elements": 819200,
      "path": "block-01-video.f32",
      "sha256": "89864d82583b61ac1d752d67c2631bd5fbbe4bbcb5fb34bb938ca1abfc107672",
      "shape": [
        320,
        2560
      ]
    },
    "block-02-text": {
      "dtype": "f32le",
      "elements": 148480,
      "path": "block-02-text.f32",
      "sha256": "40fa0abe65e81e1fa427cab6cf5fd8b8080f1238837d3a2a618ee68c87120847",
      "shape": [
        58,
        2560
      ]
    },
    "block-02-video": {
      "dtype": "f32le",
      "elements": 819200,
      "path": "block-02-video.f32",
      "sha256": "fae2bb6b68ac238a429ee9ea8027323f715486966af8deeff36dfd837c68a1e0",
      "shape": [
        320,
        2560
      ]
    },
    "block-03-text": {
      "dtype": "f32le",
      "elements": 148480,
      "path": "block-03-text.f32",
      "sha256": "16e81c6ed343486243137c0365c2ff05b1b0bdc69229988166043e33ebff449c",
      "shape": [
        58,
        2560
      ]
    },
    "block-03-video": {
      "dtype": "f32le",
      "elements": 819200,
      "path": "block-03-video.f32",
      "sha256": "b1e715abea3fc3de0550a1cb9ed84a90dd20d4cfdc127a2924cd05939d5839bb",
      "shape": [
        320,
        2560
      ]
    },
    "block-04-text": {
      "dtype": "f32le",
      "elements": 148480,
      "path": "block-04-text.f32",
      "sha256": "391e8f514dcbf420eeab0b16a5cf65c5e316cbd8107afb79900da1119fded097",
      "shape": [
        58,
        2560
      ]
    },
    "block-04-video": {
      "dtype": "f32le",
      "elements": 819200,
      "path": "block-04-video.f32",
      "sha256": "b23382fd4e7057dfc69ecb774d6d272807eb404191e1d392120b76c359cb2b1b",
      "shape": [
        320,
        2560
      ]
    },
    "block-05-text": {
      "dtype": "f32le",
      "elements": 148480,
      "path": "block-05-text.f32",
      "sha256": "58a792a5f050d6afab6ed79a8ec0de23aa2cdf2fd6451a6433c831dd2a8450d8",
      "shape": [
        58,
        2560
      ]
    },
    "block-05-video": {
      "dtype": "f32le",
      "elements": 819200,
      "path": "block-05-video.f32",
      "sha256": "fc07791b902d4c70d6ab5683bfc42cf1a521b9e037ff266f0910d4030ac347e0",
      "shape": [
        320,
        2560
      ]
    },
    "block-06-text": {
      "dtype": "f32le",
      "elements": 148480,
      "path": "block-06-text.f32",
      "sha256": "bb9d6dc583a136f9425251432a30f3348b1db8b0130b1b8d35d4e68193ec795a",
      "shape": [
        58,
        2560
      ]
    },
    "block-06-video": {
      "dtype": "f32le",
      "elements": 819200,
      "path": "block-06-video.f32",
      "sha256": "312cba34134c0003b61cb6a7d6d9c245e865750b4290a573fc8af0d2083d7519",
      "shape": [
        320,
        2560
      ]
    },
    "block-07-text": {
      "dtype": "f32le",
      "elements": 148480,
      "path": "block-07-text.f32",
      "sha256": "0b0433b1d1f75c11573f372badf8cf0df1b0c95adc39ca3b2032add2297dff36",
      "shape": [
        58,
        2560
      ]
    },
    "block-07-video": {
      "dtype": "f32le",
      "elements": 819200,
      "path": "block-07-video.f32",
      "sha256": "2ffeba81ba947f99ea50288168bd3ceb108b7d553dc6a75073f4ad570407dc92",
      "shape": [
        320,
        2560
      ]
    },
    "block-08-text": {
      "dtype": "f32le",
      "elements": 148480,
      "path": "block-08-text.f32",
      "sha256": "73e9f609af1b9277f1d4d91129221ca3639232cb4408563deadadcf6f22923a0",
      "shape": [
        58,
        2560
      ]
    },
    "block-08-video": {
      "dtype": "f32le",
      "elements": 819200,
      "path": "block-08-video.f32",
      "sha256": "ae2c551ffd7f76f12e8db949a071d9b71c4a82a61996623c02e27498cfe94b8b",
      "shape": [
        320,
        2560
      ]
    },
    "block-09-text": {
      "dtype": "f32le",
      "elements": 148480,
      "path": "block-09-text.f32",
      "sha256": "64dda6eb7be51a4a266f980e28d9edd4120a50289a7cf39c7150378aa8160f29",
      "shape": [
        58,
        2560
      ]
    },
    "block-09-video": {
      "dtype": "f32le",
      "elements": 819200,
      "path": "block-09-video.f32",
      "sha256": "f9169a324cad2ae601f311ac35b2a806d7fef289d3851a7289692eaf0198f7c0",
      "shape": [
        320,
        2560
      ]
    },
    "block-10-text": {
      "dtype": "f32le",
      "elements": 148480,
      "path": "block-10-text.f32",
      "sha256": "c0a048ec0b718737f72c77d78432bb964937562602e941f89dd7ca9841b332e5",
      "shape": [
        58,
        2560
      ]
    },
    "block-10-video": {
      "dtype": "f32le",
      "elements": 819200,
      "path": "block-10-video.f32",
      "sha256": "8320f9bf28fb96a310aa0a12b0e5e92a0b2f9fb7dc3f038ced01ee6753b8a424",
      "shape": [
        320,
        2560
      ]
    },
    "block-11-text": {
      "dtype": "f32le",
      "elements": 148480,
      "path": "block-11-text.f32",
      "sha256": "e5fff6b02643255e04ad7eff961fdd0a61f09561efcd97f74f07d0c462dc9bb4",
      "shape": [
        58,
        2560
      ]
    },
    "block-11-video": {
      "dtype": "f32le",
      "elements": 819200,
      "path": "block-11-video.f32",
      "sha256": "b9cde4fe7d43698b495bdcfb7bba088851b8a1dec97b4454a7de93d60d9d64fd",
      "shape": [
        320,
        2560
      ]
    },
    "block-12-text": {
      "dtype": "f32le",
      "elements": 148480,
      "path": "block-12-text.f32",
      "sha256": "b488ef5b7eef65d0630625dbe1ff9b40e76f75a56aa6fc828f0ce11c95c4fbe3",
      "shape": [
        58,
        2560
      ]
    },
    "block-12-video": {
      "dtype": "f32le",
      "elements": 819200,
      "path": "block-12-video.f32",
      "sha256": "b43054e1787aaaf5e6e021a923ea346cd37b4ef5c6a56e594e1b41b6a596c41d",
      "shape": [
        320,
        2560
      ]
    },
    "block-13-text": {
      "dtype": "f32le",
      "elements": 148480,
      "path": "block-13-text.f32",
      "sha256": "a221744e41584657889f30de5d14fffeb0961a0599710527f190322e71cdfaf3",
      "shape": [
        58,
        2560
      ]
    },
    "block-13-video": {
      "dtype": "f32le",
      "elements": 819200,
      "path": "block-13-video.f32",
      "sha256": "11b2589c140fad2724e3202706b18b26424879e2442f26a554c968b064c6747f",
      "shape": [
        320,
        2560
      ]
    },
    "block-14-text": {
      "dtype": "f32le",
      "elements": 148480,
      "path": "block-14-text.f32",
      "sha256": "6a7fd03f7fbebcf5a37b43e7e80c792fd2a47d0b968357b295ad947b21401e86",
      "shape": [
        58,
        2560
      ]
    },
    "block-14-video": {
      "dtype": "f32le",
      "elements": 819200,
      "path": "block-14-video.f32",
      "sha256": "8ce41205300a4583359d73b328196ff066cf4bbe2aa6102ad85430094074ce84",
      "shape": [
        320,
        2560
      ]
    },
    "block-15-text": {
      "dtype": "f32le",
      "elements": 148480,
      "path": "block-15-text.f32",
      "sha256": "f618560caa7ea6c7c86a49963f50b89cb18cc1526aa99b3714939d45e012c645",
      "shape": [
        58,
        2560
      ]
    },
    "block-15-video": {
      "dtype": "f32le",
      "elements": 819200,
      "path": "block-15-video.f32",
      "sha256": "03e90e512dd463ba32eb209511c95aa396d6f8f69b73605817905d83c3d7a1ad",
      "shape": [
        320,
        2560
      ]
    },
    "block-16-text": {
      "dtype": "f32le",
      "elements": 148480,
      "path": "block-16-text.f32",
      "sha256": "f6aa4a92cdcd13c3f13ce424baa29a4407307a347f67153945a857ab902fcd97",
      "shape": [
        58,
        2560
      ]
    },
    "block-16-video": {
      "dtype": "f32le",
      "elements": 819200,
      "path": "block-16-video.f32",
      "sha256": "eb500a8097236661bed3e314e6a410813d5c28e8d85499cc9122b7a321ad6178",
      "shape": [
        320,
        2560
      ]
    },
    "block-17-text": {
      "dtype": "f32le",
      "elements": 148480,
      "path": "block-17-text.f32",
      "sha256": "a2040f4744cecd0e7ff42536232c20f0a1d5d0dfc8c0878024645b4c888c75de",
      "shape": [
        58,
        2560
      ]
    },
    "block-17-video": {
      "dtype": "f32le",
      "elements": 819200,
      "path": "block-17-video.f32",
      "sha256": "184757f99d852f144462c8de49e822be0317e58769ac7633ac32eb6b6b42069a",
      "shape": [
        320,
        2560
      ]
    },
    "block-18-text": {
      "dtype": "f32le",
      "elements": 148480,
      "path": "block-18-text.f32",
      "sha256": "81bcd14397218735f3e9f26535c158cc082a27571742711db0ddce3d0f49e25d",
      "shape": [
        58,
        2560
      ]
    },
    "block-18-video": {
      "dtype": "f32le",
      "elements": 819200,
      "path": "block-18-video.f32",
      "sha256": "71fe432d4ddfc13df0674cd576c5ba3549fa8f6664f5c29b618209c5b6c886e7",
      "shape": [
        320,
        2560
      ]
    },
    "block-19-text": {
      "dtype": "f32le",
      "elements": 148480,
      "path": "block-19-text.f32",
      "sha256": "505887049a1e818db414e085906e6ffeb0f2ff8e36d6f91a4f1c086a5a940f08",
      "shape": [
        58,
        2560
      ]
    },
    "block-19-video": {
      "dtype": "f32le",
      "elements": 819200,
      "path": "block-19-video.f32",
      "sha256": "8d005da61cdf5d6469dd59d294cf57f50ccd41840e24eb6bf3445626152a7dce",
      "shape": [
        320,
        2560
      ]
    },
    "block-20-text": {
      "dtype": "f32le",
      "elements": 148480,
      "path": "block-20-text.f32",
      "sha256": "9d7be9179dc4ea677e4edce49a3b4d6c27ad378bd5e06a10f64f1a96fed3a126",
      "shape": [
        58,
        2560
      ]
    },
    "block-20-video": {
      "dtype": "f32le",
      "elements": 819200,
      "path": "block-20-video.f32",
      "sha256": "0b2bbcf5c5992630c7d36daf538aa048205c759b0ba728da4130d36b8ccc4965",
      "shape": [
        320,
        2560
      ]
    },
    "block-21-text": {
      "dtype": "f32le",
      "elements": 148480,
      "path": "block-21-text.f32",
      "sha256": "e37532de55223b47694e425e136f01e9f4ca92d479ec00003d35a3b29dd676d0",
      "shape": [
        58,
        2560
      ]
    },
    "block-21-video": {
      "dtype": "f32le",
      "elements": 819200,
      "path": "block-21-video.f32",
      "sha256": "a0042dc9790a7eec5709d3d9daead060420f730206860b5402ffb79f594d3425",
      "shape": [
        320,
        2560
      ]
    },
    "block-22-text": {
      "dtype": "f32le",
      "elements": 148480,
      "path": "block-22-text.f32",
      "sha256": "f5151a790c9595bd0f6b87e932cac7786c839a4c51136ef79f4690a45305cdca",
      "shape": [
        58,
        2560
      ]
    },
    "block-22-video": {
      "dtype": "f32le",
      "elements": 819200,
      "path": "block-22-video.f32",
      "sha256": "1723a7bced8ea5e76eed4fc5003d44a9030cf58b1a3b1f45c792dede319764f1",
      "shape": [
        320,
        2560
      ]
    },
    "block-23-text": {
      "dtype": "f32le",
      "elements": 148480,
      "path": "block-23-text.f32",
      "sha256": "f5b3d0635ecd8bb0391ece464c8f16900b5e58978a0e20eb4428bd8a74896da7",
      "shape": [
        58,
        2560
      ]
    },
    "block-23-video": {
      "dtype": "f32le",
      "elements": 819200,
      "path": "block-23-video.f32",
      "sha256": "750f298020e47f4540418c99c6b6a41d6105756d210375bd7b1c08523de72185",
      "shape": [
        320,
        2560
      ]
    },
    "block-24-text": {
      "dtype": "f32le",
      "elements": 148480,
      "path": "block-24-text.f32",
      "sha256": "5fcf8118d1be6f33817a51829c7aeb11afba766ccd193e5d3ccebeb40b43e092",
      "shape": [
        58,
        2560
      ]
    },
    "block-24-video": {
      "dtype": "f32le",
      "elements": 819200,
      "path": "block-24-video.f32",
      "sha256": "ee545c663bf582d1353d0c88d8ab8064a15e81de98615bedde29b4ff07ae5013",
      "shape": [
        320,
        2560
      ]
    },
    "block-25-text": {
      "dtype": "f32le",
      "elements": 148480,
      "path": "block-25-text.f32",
      "sha256": "5cd1a1bf4c8136bdf5361e05792003762b3fcab8cbf4e7c77aa7983fa87352fa",
      "shape": [
        58,
        2560
      ]
    },
    "block-25-video": {
      "dtype": "f32le",
      "elements": 819200,
      "path": "block-25-video.f32",
      "sha256": "8519d65a0afbe00f118285f2f87d7b1a483f35e4a56936baf08ab0f9d5a0e1dc",
      "shape": [
        320,
        2560
      ]
    },
    "block-26-text": {
      "dtype": "f32le",
      "elements": 148480,
      "path": "block-26-text.f32",
      "sha256": "ce3cf728b26b74ff0c2b51047d0c7dafd6f8819691c60f4aa21a06c2588a34a5",
      "shape": [
        58,
        2560
      ]
    },
    "block-26-video": {
      "dtype": "f32le",
      "elements": 819200,
      "path": "block-26-video.f32",
      "sha256": "885a5572d54063b89c740f1e6aaa93fc03949f16c0d14c38f718d3f6d7a9f028",
      "shape": [
        320,
        2560
      ]
    },
    "block-27-text": {
      "dtype": "f32le",
      "elements": 148480,
      "path": "block-27-text.f32",
      "sha256": "caba7e2fb0371393069ff6e3edb87cc80e921abd261ff82179ab4ad99ffe502a",
      "shape": [
        58,
        2560
      ]
    },
    "block-27-video": {
      "dtype": "f32le",
      "elements": 819200,
      "path": "block-27-video.f32",
      "sha256": "8f9bf50fd32d562a017f66e59e05e75b48bc820350a04b20896c66823de3d83b",
      "shape": [
        320,
        2560
      ]
    },
    "block-28-text": {
      "dtype": "f32le",
      "elements": 148480,
      "path": "block-28-text.f32",
      "sha256": "3e6c7c2d136dd3048392a766c1138707f3416fe84c7170f76dd11b6ee6dfa924",
      "shape": [
        58,
        2560
      ]
    },
    "block-28-video": {
      "dtype": "f32le",
      "elements": 819200,
      "path": "block-28-video.f32",
      "sha256": "6b9188eb7c69a6b60121d5daf247dc6cd68c53c4172de8f947058f3916720b07",
      "shape": [
        320,
        2560
      ]
    },
    "block-29-text": {
      "dtype": "f32le",
      "elements": 148480,
      "path": "block-29-text.f32",
      "sha256": "4694026e0a90d204a4bf923af8d5db250836f71580919fa73f554f54f5654056",
      "shape": [
        58,
        2560
      ]
    },
    "block-29-video": {
      "dtype": "f32le",
      "elements": 819200,
      "path": "block-29-video.f32",
      "sha256": "9fd6e5b7bcfc2ab90e2dc797b3faca90a739e8b951a7028db4a2ec0227349e2e",
      "shape": [
        320,
        2560
      ]
    },
    "block-30-text": {
      "dtype": "f32le",
      "elements": 148480,
      "path": "block-30-text.f32",
      "sha256": "a3c81d39f4491680f8962b1af9d52b669d87021b4d63cd03365a050c1930c1cc",
      "shape": [
        58,
        2560
      ]
    },
    "block-30-video": {
      "dtype": "f32le",
      "elements": 819200,
      "path": "block-30-video.f32",
      "sha256": "810eed5f0820f5bfa7defef452699867e34a083149f5b1971a51a7913e7dbfed",
      "shape": [
        320,
        2560
      ]
    },
    "block-31-text": {
      "dtype": "f32le",
      "elements": 148480,
      "path": "block-31-text.f32",
      "sha256": "e760cbfcf853f7e9ad2d2faea1ef801135c7fa9ccced5c1a4fda3dca1e059af9",
      "shape": [
        58,
        2560
      ]
    },
    "block-31-video": {
      "dtype": "f32le",
      "elements": 819200,
      "path": "block-31-video.f32",
      "sha256": "62b550362605091fa49a29e5cc5a0974b96824d85a23e267600af3e6adc51f7a",
      "shape": [
        320,
        2560
      ]
    },
    "conditioned": {
      "dtype": "f32le",
      "elements": 20480,
      "path": "conditioned.f32",
      "sha256": "c1c8da2990c90b4057ef2e4aa8dc014368f9c485a2e35120f3dc3af4d2c27332",
      "shape": [
        16,
        5,
        16,
        16
      ]
    },
    "decoded": {
      "dtype": "f32le",
      "elements": 835584,
      "path": "decoded.f32",
      "sha256": "68f5e774b8cd4dfb85fd9a7f54e20a1615de7787b0cc65483a9955adda6b789e",
      "shape": [
        3,
        17,
        128,
        128
      ]
    },
    "latent": {
      "dtype": "f32le",
      "elements": 20480,
      "path": "latent.f32",
      "sha256": "7011dcf8cb34ae43ab9b1682c7dc57ce6fec99c795d338481a323a5292fbc783",
      "shape": [
        16,
        5,
        16,
        16
      ]
    },
    "noise": {
      "dtype": "f32le",
      "elements": 20480,
      "path": "noise.f32",
      "sha256": "b8c9000f8857070adc98e3e3079e275b35ba084c7910324c342ca652c2002cf0",
      "shape": [
        16,
        5,
        16,
        16
      ]
    },
    "patch-in": {
      "dtype": "f32le",
      "elements": 819200,
      "path": "patch-in.f32",
      "sha256": "515da1ad3650de56e76a7db0e73c0495ebdab1d234ceeab7a6a01a69ed9d6246",
      "shape": [
        320,
        2560
      ]
    },
    "patch-out": {
      "dtype": "f32le",
      "elements": 20480,
      "path": "patch-out.f32",
      "sha256": "0dfdc351856ba8f200b2b433b054fb696c5709e6cde626dbc250c4f9be79d15b",
      "shape": [
        320,
        64
      ]
    },
    "patches": {
      "dtype": "f32le",
      "elements": 42240,
      "path": "patches.f32",
      "sha256": "498d84536913b863624cb6e96592d39a9468cd9e9294376d45d34cab74a3054d",
      "shape": [
        320,
        132
      ]
    },
    "posterior": {
      "dtype": "f32le",
      "elements": 40960,
      "path": "posterior.f32",
      "sha256": "8cd62ebf479d3708516b71c42669ecfb23b1b10a2da7ddfb58282054f4ed7d81",
      "shape": [
        32,
        5,
        16,
        16
      ]
    },
    "posterior-noise": {
      "dtype": "f32le",
      "elements": 20480,
      "path": "posterior-noise.f32",
      "sha256": "bf9550dbf087516eccd34f1e3e70eae52760c1413b5ea0a40450e27233a3c007",
      "shape": [
        16,
        5,
        16,
        16
      ]
    },
    "prepared": {
      "dtype": "f32le",
      "elements": 835584,
      "path": "prepared.f32",
      "sha256": "db22728af9ac7d3b23ad56711f16cca3381a1b00cfe8c35cdb52de3d7c2150f1",
      "shape": [
        3,
        17,
        128,
        128
      ]
    },
    "text-in": {
      "dtype": "f32le",
      "elements": 148480,
      "path": "text-in.f32",
      "sha256": "c7cecae53e4f83d60cab1ebddeca3bdf028c630ef33feb0cfd58d8c1ab50e42d",
      "shape": [
        58,
        2560
      ]
    },
    "time-in": {
      "dtype": "f32le",
      "elements": 15360,
      "path": "time-in.f32",
      "sha256": "bd542b62115dab2f055c2ec0ff47df9ebdbe25a9bf1d287b7557c08d20c6e719",
      "shape": [
        2560,
        6
      ]
    },
    "velocity": {
      "dtype": "f32le",
      "elements": 20480,
      "path": "velocity.f32",
      "sha256": "9eda73d65df7089949fec124b65f110be316b24c7978fa3f1b0ee07d8c2d9632",
      "shape": [
        16,
        5,
        16,
        16
      ]
    }
  },
  "dispatch": "EXPLICIT_PER_LAYER_NO_BACKEND_FALLBACK",
  "executable_sha256": "21ab0f3f0b38d449c58e32973e044aa15964934aad51ff0f70993776600a4df2",
  "host_operations": [
    "video codecs",
    "resizing",
    "layouts",
    "posterior sampling",
    "Euler endpoint"
  ],
  "implementation": {
    "executable_sha256": "21ab0f3f0b38d449c58e32973e044aa15964934aad51ff0f70993776600a4df2",
    "ncnn_runtime_patches": [
      {
        "compiled_allocator_sha256": "b8398e0d5ef5a367f80c5d2f13af1c8f170a83a39d0a1b458a40100924a55320",
        "id": "host-buffer-v1",
        "original_allocator_sha256": "601d69dab40823366fa6aa2be00c8e37bb0f1e960fe96323c36daed887c4fda2",
        "scope": "Imported-host buffer declaration and weight-buffer transfer-source usage"
      }
    ],
    "sdk_library_sha256": "ae4dcc2b8a746dd1c0486f10cb2ae3c37a2071c1a3e1d1b63914607a2602c480"
  },
  "input": {
    "duration_seconds": 2.125,
    "has_audio": false,
    "height": 64,
    "sha256": "71b061fb9277cfeccad53c9d739003929ac7004a24c5925707c144d0ffeabc67",
    "width": 64
  },
  "media_version": "8.0.1",
  "model_certificate": null,
  "model_manifest_sha256": "fe38835c367a2a389c689d89ce85c952b0e347d1edfd879b008d796a65374028",
  "model_verified": false,
  "ncnn_commit": "3b7bdba7fc8aea8fd46779533eee027df77c639d",
  "noise_algorithm": "splitmix64-box-muller-v1",
  "numerical_validation": "NOT_PERFORMED_BY_RUNNER",
  "output": {
    "audio": false,
    "codec": "H.264 / yuv420p / CRF 18",
    "fps": 8.0,
    "frames": 17,
    "height": 128,
    "path": "output.mp4",
    "sha256": "752ddd318444e1bd7f3093f736410f708ac1d73f63ace2f9e11bc256f1da9bbc",
    "timestamps_90khz": [
      0,
      11250,
      22500,
      33750,
      45000,
      56250,
      67500,
      78750,
      90000,
      101250,
      112500,
      123750,
      135000,
      146250,
      157500,
      168750,
      180000
    ],
    "width": 128
  },
  "package_authenticated": true,
  "poster": "output.png",
  "preprocessing": "FFmpeg RGB8 / bicubic antialias / center crop 16 / normalize [-1,1]",
  "profile": "seedvr2-3b-video-fp32-b-v1",
  "resources": {
    "activation_peak_bytes": null,
    "autoregressive_kv_cache": false,
    "file_cache_peak_bytes": null,
    "largest_graph_weight_bytes": 634534028,
    "package_bytes": 21096916141,
    "pipeline_cache": "per-run Vulkan shader pipelines; no model weights or autoregressive keys",
    "process_lifetime_peak_rss_bytes": 10687295488,
    "process_system_cpu_seconds": 26.640593,
    "process_user_cpu_seconds": 296.785352,
    "temporal_vae_cache": false,
    "unmeasured_scope": "Allocator categories are not inferred from process RSS or whole-card VRAM",
    "weight_placement": {
      "budget_unavailable": 0,
      "cache_enabled": false,
      "cpu_graphs": 36,
      "device_requests": 0,
      "host_requests": 0,
      "scope": "placement requests, not measured allocator residency"
    },
    "weight_residency": "one graph at a time",
    "workspace_peak_bytes": null
  },
  "sampling": {
    "cfg": 1,
    "color_fix": "none",
    "latent_scale": 0.9152,
    "steps": 1,
    "timestep": 1000
  },
  "schema_version": "seedvr2-video-run-v1",
  "seed": 666,
  "stages": [
    {
      "awa_cpu": 0,
      "awa_vulkan": 0,
      "awa_windows": 0,
      "backend": "ncnn-cpu",
      "compute_ms": 20476.181075,
      "cpu_layers": 98,
      "cpu_temporal_encoder_direct_convolution": true,
      "id": "encoder",
      "layers": 98,
      "load_ms": 212.353837,
      "memory": {
        "activation_offload": false,
        "actual_weight_memory": "not_instrumented",
        "after_load": null,
        "after_release": null,
        "oom_recovery": false,
        "policy": "auto",
        "reason": "cpu_backend",
        "requested_memory": "cpu",
        "scope": "weight placement before graph loading"
      },
      "vulkan_layers": 0,
      "weight_io": "buffered"
    },
    {
      "awa_cpu": 0,
      "awa_vulkan": 0,
      "awa_windows": 0,
      "backend": "ncnn-cpu",
      "compute_ms": 0.506275,
      "cpu_layers": 1,
      "cpu_temporal_encoder_direct_convolution": false,
      "id": "patch-in",
      "layers": 1,
      "load_ms": 0.850856,
      "memory": {
        "activation_offload": false,
        "actual_weight_memory": "not_instrumented",
        "after_load": null,
        "after_release": null,
        "oom_recovery": false,
        "policy": "auto",
        "reason": "cpu_backend",
        "requested_memory": "cpu",
        "scope": "weight placement before graph loading"
      },
      "vulkan_layers": 0,
      "weight_io": "buffered"
    },
    {
      "awa_cpu": 1,
      "awa_vulkan": 0,
      "awa_windows": 3,
      "backend": "ncnn-cpu",
      "compute_ms": 1071.958909,
      "cpu_layers": 83,
      "cpu_temporal_encoder_direct_convolution": false,
      "id": "block-00",
      "layers": 83,
      "load_ms": 132.569029,
      "memory": {
        "activation_offload": false,
        "actual_weight_memory": "not_instrumented",
        "after_load": null,
        "after_release": null,
        "oom_recovery": false,
        "policy": "auto",
        "reason": "cpu_backend",
        "requested_memory": "cpu",
        "scope": "weight placement before graph loading"
      },
      "vulkan_layers": 0,
      "weight_io": "buffered"
    },
    {
      "awa_cpu": 1,
      "awa_vulkan": 0,
      "awa_windows": 3,
      "backend": "ncnn-cpu",
      "compute_ms": 1091.475266,
      "cpu_layers": 83,
      "cpu_temporal_encoder_direct_convolution": false,
      "id": "block-01",
      "layers": 83,
      "load_ms": 141.977789,
      "memory": {
        "activation_offload": false,
        "actual_weight_memory": "not_instrumented",
        "after_load": null,
        "after_release": null,
        "oom_recovery": false,
        "policy": "auto",
        "reason": "cpu_backend",
        "requested_memory": "cpu",
        "scope": "weight placement before graph loading"
      },
      "vulkan_layers": 0,
      "weight_io": "buffered"
    },
    {
      "awa_cpu": 1,
      "awa_vulkan": 0,
      "awa_windows": 3,
      "backend": "ncnn-cpu",
      "compute_ms": 1074.675536,
      "cpu_layers": 83,
      "cpu_temporal_encoder_direct_convolution": false,
      "id": "block-02",
      "layers": 83,
      "load_ms": 133.082689,
      "memory": {
        "activation_offload": false,
        "actual_weight_memory": "not_instrumented",
        "after_load": null,
        "after_release": null,
        "oom_recovery": false,
        "policy": "auto",
        "reason": "cpu_backend",
        "requested_memory": "cpu",
        "scope": "weight placement before graph loading"
      },
      "vulkan_layers": 0,
      "weight_io": "buffered"
    },
    {
      "awa_cpu": 1,
      "awa_vulkan": 0,
      "awa_windows": 3,
      "backend": "ncnn-cpu",
      "compute_ms": 1104.861493,
      "cpu_layers": 83,
      "cpu_temporal_encoder_direct_convolution": false,
      "id": "block-03",
      "layers": 83,
      "load_ms": 142.703769,
      "memory": {
        "activation_offload": false,
        "actual_weight_memory": "not_instrumented",
        "after_load": null,
        "after_release": null,
        "oom_recovery": false,
        "policy": "auto",
        "reason": "cpu_backend",
        "requested_memory": "cpu",
        "scope": "weight placement before graph loading"
      },
      "vulkan_layers": 0,
      "weight_io": "buffered"
    },
    {
      "awa_cpu": 1,
      "awa_vulkan": 0,
      "awa_windows": 3,
      "backend": "ncnn-cpu",
      "compute_ms": 1174.675179,
      "cpu_layers": 83,
      "cpu_temporal_encoder_direct_convolution": false,
      "id": "block-04",
      "layers": 83,
      "load_ms": 190.479769,
      "memory": {
        "activation_offload": false,
        "actual_weight_memory": "not_instrumented",
        "after_load": null,
        "after_release": null,
        "oom_recovery": false,
        "policy": "auto",
        "reason": "cpu_backend",
        "requested_memory": "cpu",
        "scope": "weight placement before graph loading"
      },
      "vulkan_layers": 0,
      "weight_io": "buffered"
    },
    {
      "awa_cpu": 1,
      "awa_vulkan": 0,
      "awa_windows": 3,
      "backend": "ncnn-cpu",
      "compute_ms": 1086.933003,
      "cpu_layers": 83,
      "cpu_temporal_encoder_direct_convolution": false,
      "id": "block-05",
      "layers": 83,
      "load_ms": 108.440416,
      "memory": {
        "activation_offload": false,
        "actual_weight_memory": "not_instrumented",
        "after_load": null,
        "after_release": null,
        "oom_recovery": false,
        "policy": "auto",
        "reason": "cpu_backend",
        "requested_memory": "cpu",
        "scope": "weight placement before graph loading"
      },
      "vulkan_layers": 0,
      "weight_io": "buffered"
    },
    {
      "awa_cpu": 1,
      "awa_vulkan": 0,
      "awa_windows": 3,
      "backend": "ncnn-cpu",
      "compute_ms": 1092.641888,
      "cpu_layers": 83,
      "cpu_temporal_encoder_direct_convolution": false,
      "id": "block-06",
      "layers": 83,
      "load_ms": 58.486866,
      "memory": {
        "activation_offload": false,
        "actual_weight_memory": "not_instrumented",
        "after_load": null,
        "after_release": null,
        "oom_recovery": false,
        "policy": "auto",
        "reason": "cpu_backend",
        "requested_memory": "cpu",
        "scope": "weight placement before graph loading"
      },
      "vulkan_layers": 0,
      "weight_io": "buffered"
    },
    {
      "awa_cpu": 1,
      "awa_vulkan": 0,
      "awa_windows": 3,
      "backend": "ncnn-cpu",
      "compute_ms": 1086.701886,
      "cpu_layers": 83,
      "cpu_temporal_encoder_direct_convolution": false,
      "id": "block-07",
      "layers": 83,
      "load_ms": 97.358638,
      "memory": {
        "activation_offload": false,
        "actual_weight_memory": "not_instrumented",
        "after_load": null,
        "after_release": null,
        "oom_recovery": false,
        "policy": "auto",
        "reason": "cpu_backend",
        "requested_memory": "cpu",
        "scope": "weight placement before graph loading"
      },
      "vulkan_layers": 0,
      "weight_io": "buffered"
    },
    {
      "awa_cpu": 1,
      "awa_vulkan": 0,
      "awa_windows": 3,
      "backend": "ncnn-cpu",
      "compute_ms": 1089.420458,
      "cpu_layers": 83,
      "cpu_temporal_encoder_direct_convolution": false,
      "id": "block-08",
      "layers": 83,
      "load_ms": 159.657159,
      "memory": {
        "activation_offload": false,
        "actual_weight_memory": "not_instrumented",
        "after_load": null,
        "after_release": null,
        "oom_recovery": false,
        "policy": "auto",
        "reason": "cpu_backend",
        "requested_memory": "cpu",
        "scope": "weight placement before graph loading"
      },
      "vulkan_layers": 0,
      "weight_io": "buffered"
    },
    {
      "awa_cpu": 1,
      "awa_vulkan": 0,
      "awa_windows": 3,
      "backend": "ncnn-cpu",
      "compute_ms": 1090.920409,
      "cpu_layers": 83,
      "cpu_temporal_encoder_direct_convolution": false,
      "id": "block-09",
      "layers": 83,
      "load_ms": 155.234271,
      "memory": {
        "activation_offload": false,
        "actual_weight_memory": "not_instrumented",
        "after_load": null,
        "after_release": null,
        "oom_recovery": false,
        "policy": "auto",
        "reason": "cpu_backend",
        "requested_memory": "cpu",
        "scope": "weight placement before graph loading"
      },
      "vulkan_layers": 0,
      "weight_io": "buffered"
    },
    {
      "awa_cpu": 1,
      "awa_vulkan": 0,
      "awa_windows": 3,
      "backend": "ncnn-cpu",
      "compute_ms": 1089.312193,
      "cpu_layers": 83,
      "cpu_temporal_encoder_direct_convolution": false,
      "id": "block-10",
      "layers": 83,
      "load_ms": 154.804601,
      "memory": {
        "activation_offload": false,
        "actual_weight_memory": "not_instrumented",
        "after_load": null,
        "after_release": null,
        "oom_recovery": false,
        "policy": "auto",
        "reason": "cpu_backend",
        "requested_memory": "cpu",
        "scope": "weight placement before graph loading"
      },
      "vulkan_layers": 0,
      "weight_io": "buffered"
    },
    {
      "awa_cpu": 1,
      "awa_vulkan": 0,
      "awa_windows": 3,
      "backend": "ncnn-cpu",
      "compute_ms": 1054.542213,
      "cpu_layers": 83,
      "cpu_temporal_encoder_direct_convolution": false,
      "id": "block-11",
      "layers": 83,
      "load_ms": 142.410827,
      "memory": {
        "activation_offload": false,
        "actual_weight_memory": "not_instrumented",
        "after_load": null,
        "after_release": null,
        "oom_recovery": false,
        "policy": "auto",
        "reason": "cpu_backend",
        "requested_memory": "cpu",
        "scope": "weight placement before graph loading"
      },
      "vulkan_layers": 0,
      "weight_io": "buffered"
    },
    {
      "awa_cpu": 1,
      "awa_vulkan": 0,
      "awa_windows": 3,
      "backend": "ncnn-cpu",
      "compute_ms": 1074.003037,
      "cpu_layers": 83,
      "cpu_temporal_encoder_direct_convolution": false,
      "id": "block-12",
      "layers": 83,
      "load_ms": 131.715268,
      "memory": {
        "activation_offload": false,
        "actual_weight_memory": "not_instrumented",
        "after_load": null,
        "after_release": null,
        "oom_recovery": false,
        "policy": "auto",
        "reason": "cpu_backend",
        "requested_memory": "cpu",
        "scope": "weight placement before graph loading"
      },
      "vulkan_layers": 0,
      "weight_io": "buffered"
    },
    {
      "awa_cpu": 1,
      "awa_vulkan": 0,
      "awa_windows": 3,
      "backend": "ncnn-cpu",
      "compute_ms": 1233.574695,
      "cpu_layers": 83,
      "cpu_temporal_encoder_direct_convolution": false,
      "id": "block-13",
      "layers": 83,
      "load_ms": 161.196565,
      "memory": {
        "activation_offload": false,
        "actual_weight_memory": "not_instrumented",
        "after_load": null,
        "after_release": null,
        "oom_recovery": false,
        "policy": "auto",
        "reason": "cpu_backend",
        "requested_memory": "cpu",
        "scope": "weight placement before graph loading"
      },
      "vulkan_layers": 0,
      "weight_io": "buffered"
    },
    {
      "awa_cpu": 1,
      "awa_vulkan": 0,
      "awa_windows": 3,
      "backend": "ncnn-cpu",
      "compute_ms": 1200.043624,
      "cpu_layers": 83,
      "cpu_temporal_encoder_direct_convolution": false,
      "id": "block-14",
      "layers": 83,
      "load_ms": 157.402083,
      "memory": {
        "activation_offload": false,
        "actual_weight_memory": "not_instrumented",
        "after_load": null,
        "after_release": null,
        "oom_recovery": false,
        "policy": "auto",
        "reason": "cpu_backend",
        "requested_memory": "cpu",
        "scope": "weight placement before graph loading"
      },
      "vulkan_layers": 0,
      "weight_io": "buffered"
    },
    {
      "awa_cpu": 1,
      "awa_vulkan": 0,
      "awa_windows": 3,
      "backend": "ncnn-cpu",
      "compute_ms": 1077.354873,
      "cpu_layers": 83,
      "cpu_temporal_encoder_direct_convolution": false,
      "id": "block-15",
      "layers": 83,
      "load_ms": 133.610947,
      "memory": {
        "activation_offload": false,
        "actual_weight_memory": "not_instrumented",
        "after_load": null,
        "after_release": null,
        "oom_recovery": false,
        "policy": "auto",
        "reason": "cpu_backend",
        "requested_memory": "cpu",
        "scope": "weight placement before graph loading"
      },
      "vulkan_layers": 0,
      "weight_io": "buffered"
    },
    {
      "awa_cpu": 1,
      "awa_vulkan": 0,
      "awa_windows": 3,
      "backend": "ncnn-cpu",
      "compute_ms": 1072.348193,
      "cpu_layers": 83,
      "cpu_temporal_encoder_direct_convolution": false,
      "id": "block-16",
      "layers": 83,
      "load_ms": 142.500656,
      "memory": {
        "activation_offload": false,
        "actual_weight_memory": "not_instrumented",
        "after_load": null,
        "after_release": null,
        "oom_recovery": false,
        "policy": "auto",
        "reason": "cpu_backend",
        "requested_memory": "cpu",
        "scope": "weight placement before graph loading"
      },
      "vulkan_layers": 0,
      "weight_io": "buffered"
    },
    {
      "awa_cpu": 1,
      "awa_vulkan": 0,
      "awa_windows": 3,
      "backend": "ncnn-cpu",
      "compute_ms": 1065.916553,
      "cpu_layers": 83,
      "cpu_temporal_encoder_direct_convolution": false,
      "id": "block-17",
      "layers": 83,
      "load_ms": 126.907633,
      "memory": {
        "activation_offload": false,
        "actual_weight_memory": "not_instrumented",
        "after_load": null,
        "after_release": null,
        "oom_recovery": false,
        "policy": "auto",
        "reason": "cpu_backend",
        "requested_memory": "cpu",
        "scope": "weight placement before graph loading"
      },
      "vulkan_layers": 0,
      "weight_io": "buffered"
    },
    {
      "awa_cpu": 1,
      "awa_vulkan": 0,
      "awa_windows": 3,
      "backend": "ncnn-cpu",
      "compute_ms": 1093.484669,
      "cpu_layers": 83,
      "cpu_temporal_encoder_direct_convolution": false,
      "id": "block-18",
      "layers": 83,
      "load_ms": 178.388426,
      "memory": {
        "activation_offload": false,
        "actual_weight_memory": "not_instrumented",
        "after_load": null,
        "after_release": null,
        "oom_recovery": false,
        "policy": "auto",
        "reason": "cpu_backend",
        "requested_memory": "cpu",
        "scope": "weight placement before graph loading"
      },
      "vulkan_layers": 0,
      "weight_io": "buffered"
    },
    {
      "awa_cpu": 1,
      "awa_vulkan": 0,
      "awa_windows": 3,
      "backend": "ncnn-cpu",
      "compute_ms": 1062.881444,
      "cpu_layers": 83,
      "cpu_temporal_encoder_direct_convolution": false,
      "id": "block-19",
      "layers": 83,
      "load_ms": 165.905383,
      "memory": {
        "activation_offload": false,
        "actual_weight_memory": "not_instrumented",
        "after_load": null,
        "after_release": null,
        "oom_recovery": false,
        "policy": "auto",
        "reason": "cpu_backend",
        "requested_memory": "cpu",
        "scope": "weight placement before graph loading"
      },
      "vulkan_layers": 0,
      "weight_io": "buffered"
    },
    {
      "awa_cpu": 1,
      "awa_vulkan": 0,
      "awa_windows": 3,
      "backend": "ncnn-cpu",
      "compute_ms": 1137.935833,
      "cpu_layers": 83,
      "cpu_temporal_encoder_direct_convolution": false,
      "id": "block-20",
      "layers": 83,
      "load_ms": 134.869121,
      "memory": {
        "activation_offload": false,
        "actual_weight_memory": "not_instrumented",
        "after_load": null,
        "after_release": null,
        "oom_recovery": false,
        "policy": "auto",
        "reason": "cpu_backend",
        "requested_memory": "cpu",
        "scope": "weight placement before graph loading"
      },
      "vulkan_layers": 0,
      "weight_io": "buffered"
    },
    {
      "awa_cpu": 1,
      "awa_vulkan": 0,
      "awa_windows": 3,
      "backend": "ncnn-cpu",
      "compute_ms": 1075.644645,
      "cpu_layers": 83,
      "cpu_temporal_encoder_direct_convolution": false,
      "id": "block-21",
      "layers": 83,
      "load_ms": 142.168419,
      "memory": {
        "activation_offload": false,
        "actual_weight_memory": "not_instrumented",
        "after_load": null,
        "after_release": null,
        "oom_recovery": false,
        "policy": "auto",
        "reason": "cpu_backend",
        "requested_memory": "cpu",
        "scope": "weight placement before graph loading"
      },
      "vulkan_layers": 0,
      "weight_io": "buffered"
    },
    {
      "awa_cpu": 1,
      "awa_vulkan": 0,
      "awa_windows": 3,
      "backend": "ncnn-cpu",
      "compute_ms": 1054.261854,
      "cpu_layers": 83,
      "cpu_temporal_encoder_direct_convolution": false,
      "id": "block-22",
      "layers": 83,
      "load_ms": 127.949791,
      "memory": {
        "activation_offload": false,
        "actual_weight_memory": "not_instrumented",
        "after_load": null,
        "after_release": null,
        "oom_recovery": false,
        "policy": "auto",
        "reason": "cpu_backend",
        "requested_memory": "cpu",
        "scope": "weight placement before graph loading"
      },
      "vulkan_layers": 0,
      "weight_io": "buffered"
    },
    {
      "awa_cpu": 1,
      "awa_vulkan": 0,
      "awa_windows": 3,
      "backend": "ncnn-cpu",
      "compute_ms": 1062.919656,
      "cpu_layers": 83,
      "cpu_temporal_encoder_direct_convolution": false,
      "id": "block-23",
      "layers": 83,
      "load_ms": 164.031637,
      "memory": {
        "activation_offload": false,
        "actual_weight_memory": "not_instrumented",
        "after_load": null,
        "after_release": null,
        "oom_recovery": false,
        "policy": "auto",
        "reason": "cpu_backend",
        "requested_memory": "cpu",
        "scope": "weight placement before graph loading"
      },
      "vulkan_layers": 0,
      "weight_io": "buffered"
    },
    {
      "awa_cpu": 1,
      "awa_vulkan": 0,
      "awa_windows": 3,
      "backend": "ncnn-cpu",
      "compute_ms": 1072.768526,
      "cpu_layers": 83,
      "cpu_temporal_encoder_direct_convolution": false,
      "id": "block-24",
      "layers": 83,
      "load_ms": 137.679045,
      "memory": {
        "activation_offload": false,
        "actual_weight_memory": "not_instrumented",
        "after_load": null,
        "after_release": null,
        "oom_recovery": false,
        "policy": "auto",
        "reason": "cpu_backend",
        "requested_memory": "cpu",
        "scope": "weight placement before graph loading"
      },
      "vulkan_layers": 0,
      "weight_io": "buffered"
    },
    {
      "awa_cpu": 1,
      "awa_vulkan": 0,
      "awa_windows": 3,
      "backend": "ncnn-cpu",
      "compute_ms": 1069.885515,
      "cpu_layers": 83,
      "cpu_temporal_encoder_direct_convolution": false,
      "id": "block-25",
      "layers": 83,
      "load_ms": 127.771674,
      "memory": {
        "activation_offload": false,
        "actual_weight_memory": "not_instrumented",
        "after_load": null,
        "after_release": null,
        "oom_recovery": false,
        "policy": "auto",
        "reason": "cpu_backend",
        "requested_memory": "cpu",
        "scope": "weight placement before graph loading"
      },
      "vulkan_layers": 0,
      "weight_io": "buffered"
    },
    {
      "awa_cpu": 1,
      "awa_vulkan": 0,
      "awa_windows": 3,
      "backend": "ncnn-cpu",
      "compute_ms": 1094.625943,
      "cpu_layers": 83,
      "cpu_temporal_encoder_direct_convolution": false,
      "id": "block-26",
      "layers": 83,
      "load_ms": 147.978736,
      "memory": {
        "activation_offload": false,
        "actual_weight_memory": "not_instrumented",
        "after_load": null,
        "after_release": null,
        "oom_recovery": false,
        "policy": "auto",
        "reason": "cpu_backend",
        "requested_memory": "cpu",
        "scope": "weight placement before graph loading"
      },
      "vulkan_layers": 0,
      "weight_io": "buffered"
    },
    {
      "awa_cpu": 1,
      "awa_vulkan": 0,
      "awa_windows": 3,
      "backend": "ncnn-cpu",
      "compute_ms": 1075.092132,
      "cpu_layers": 83,
      "cpu_temporal_encoder_direct_convolution": false,
      "id": "block-27",
      "layers": 83,
      "load_ms": 145.985063,
      "memory": {
        "activation_offload": false,
        "actual_weight_memory": "not_instrumented",
        "after_load": null,
        "after_release": null,
        "oom_recovery": false,
        "policy": "auto",
        "reason": "cpu_backend",
        "requested_memory": "cpu",
        "scope": "weight placement before graph loading"
      },
      "vulkan_layers": 0,
      "weight_io": "buffered"
    },
    {
      "awa_cpu": 1,
      "awa_vulkan": 0,
      "awa_windows": 3,
      "backend": "ncnn-cpu",
      "compute_ms": 1064.459653,
      "cpu_layers": 83,
      "cpu_temporal_encoder_direct_convolution": false,
      "id": "block-28",
      "layers": 83,
      "load_ms": 153.268661,
      "memory": {
        "activation_offload": false,
        "actual_weight_memory": "not_instrumented",
        "after_load": null,
        "after_release": null,
        "oom_recovery": false,
        "policy": "auto",
        "reason": "cpu_backend",
        "requested_memory": "cpu",
        "scope": "weight placement before graph loading"
      },
      "vulkan_layers": 0,
      "weight_io": "buffered"
    },
    {
      "awa_cpu": 1,
      "awa_vulkan": 0,
      "awa_windows": 3,
      "backend": "ncnn-cpu",
      "compute_ms": 1063.603708,
      "cpu_layers": 83,
      "cpu_temporal_encoder_direct_convolution": false,
      "id": "block-29",
      "layers": 83,
      "load_ms": 150.781556,
      "memory": {
        "activation_offload": false,
        "actual_weight_memory": "not_instrumented",
        "after_load": null,
        "after_release": null,
        "oom_recovery": false,
        "policy": "auto",
        "reason": "cpu_backend",
        "requested_memory": "cpu",
        "scope": "weight placement before graph loading"
      },
      "vulkan_layers": 0,
      "weight_io": "buffered"
    },
    {
      "awa_cpu": 1,
      "awa_vulkan": 0,
      "awa_windows": 3,
      "backend": "ncnn-cpu",
      "compute_ms": 1098.137501,
      "cpu_layers": 83,
      "cpu_temporal_encoder_direct_convolution": false,
      "id": "block-30",
      "layers": 83,
      "load_ms": 141.691449,
      "memory": {
        "activation_offload": false,
        "actual_weight_memory": "not_instrumented",
        "after_load": null,
        "after_release": null,
        "oom_recovery": false,
        "policy": "auto",
        "reason": "cpu_backend",
        "requested_memory": "cpu",
        "scope": "weight placement before graph loading"
      },
      "vulkan_layers": 0,
      "weight_io": "buffered"
    },
    {
      "awa_cpu": 1,
      "awa_vulkan": 0,
      "awa_windows": 3,
      "backend": "ncnn-cpu",
      "compute_ms": 1094.536704,
      "cpu_layers": 51,
      "cpu_temporal_encoder_direct_convolution": false,
      "id": "block-31",
      "layers": 51,
      "load_ms": 94.496386,
      "memory": {
        "activation_offload": false,
        "actual_weight_memory": "not_instrumented",
        "after_load": null,
        "after_release": null,
        "oom_recovery": false,
        "policy": "auto",
        "reason": "cpu_backend",
        "requested_memory": "cpu",
        "scope": "weight placement before graph loading"
      },
      "vulkan_layers": 0,
      "weight_io": "buffered"
    },
    {
      "awa_cpu": 0,
      "awa_vulkan": 0,
      "awa_windows": 0,
      "backend": "ncnn-cpu",
      "compute_ms": 2.616589,
      "cpu_layers": 6,
      "cpu_temporal_encoder_direct_convolution": false,
      "id": "patch-out",
      "layers": 6,
      "load_ms": 0.438397,
      "memory": {
        "activation_offload": false,
        "actual_weight_memory": "not_instrumented",
        "after_load": null,
        "after_release": null,
        "oom_recovery": false,
        "policy": "auto",
        "reason": "cpu_backend",
        "requested_memory": "cpu",
        "scope": "weight placement before graph loading"
      },
      "vulkan_layers": 0,
      "weight_io": "buffered"
    },
    {
      "awa_cpu": 0,
      "awa_vulkan": 0,
      "awa_windows": 0,
      "backend": "ncnn-cpu",
      "compute_ms": 27156.752989,
      "cpu_layers": 136,
      "cpu_temporal_encoder_direct_convolution": false,
      "id": "decoder",
      "layers": 136,
      "load_ms": 399.189137,
      "memory": {
        "activation_offload": false,
        "actual_weight_memory": "not_instrumented",
        "after_load": null,
        "after_release": null,
        "oom_recovery": false,
        "policy": "auto",
        "reason": "cpu_backend",
        "requested_memory": "cpu",
        "scope": "weight placement before graph loading"
      },
      "vulkan_layers": 0,
      "weight_io": "buffered"
    }
  ],
  "status": "SUCCEEDED",
  "timing": {
    "graph_compute_ms": 82587.65411899998,
    "graph_load_ms": 5096.336549,
    "other_host_wait_and_cleanup_ms": 280.49597100002575,
    "package_validation_ms": 11483.180583
  },
  "total_ms": 99447.667222,
  "weight_io": "buffered"
}
