{"completed":0,"elapsed_ms":6.287959,"event":"progress","stage":"validating","total":38}
{"completed":0,"elapsed_ms":16.837331,"event":"progress","stage":"validating","total":38}
{"completed":0,"elapsed_ms":232.557613,"event":"progress","stage":"validating","total":38}
{"completed":0,"elapsed_ms":507.908199,"event":"progress","stage":"validating","total":38}
{"completed":0,"elapsed_ms":846.896253,"event":"progress","stage":"validating","total":38}
{"completed":0,"elapsed_ms":1191.3054,"event":"progress","stage":"validating","total":38}
{"completed":0,"elapsed_ms":1541.85631,"event":"progress","stage":"validating","total":38}
{"completed":0,"elapsed_ms":1899.886527,"event":"progress","stage":"validating","total":38}
{"completed":0,"elapsed_ms":2203.240721,"event":"progress","stage":"validating","total":38}
{"completed":0,"elapsed_ms":2489.769857,"event":"progress","stage":"validating","total":38}
{"completed":0,"elapsed_ms":2776.102722,"event":"progress","stage":"validating","total":38}
{"completed":0,"elapsed_ms":3095.587774,"event":"progress","stage":"validating","total":38}
{"completed":0,"elapsed_ms":3453.325229,"event":"progress","stage":"validating","total":38}
{"completed":0,"elapsed_ms":3806.56787,"event":"progress","stage":"validating","total":38}
{"completed":0,"elapsed_ms":4153.499908,"event":"progress","stage":"validating","total":38}
{"completed":0,"elapsed_ms":4510.019725,"event":"progress","stage":"validating","total":38}
{"completed":0,"elapsed_ms":4860.054701,"event":"progress","stage":"validating","total":38}
{"completed":0,"elapsed_ms":5220.462907,"event":"progress","stage":"validating","total":38}
{"completed":0,"elapsed_ms":5575.27001,"event":"progress","stage":"validating","total":38}
{"completed":0,"elapsed_ms":5924.916483,"event":"progress","stage":"validating","total":38}
{"completed":0,"elapsed_ms":6277.546898,"event":"progress","stage":"validating","total":38}
{"completed":0,"elapsed_ms":6623.177881,"event":"progress","stage":"validating","total":38}
{"completed":0,"elapsed_ms":6988.125225,"event":"progress","stage":"validating","total":38}
{"completed":0,"elapsed_ms":7342.453194,"event":"progress","stage":"validating","total":38}
{"completed":0,"elapsed_ms":7696.448956,"event":"progress","stage":"validating","total":38}
{"completed":0,"elapsed_ms":8048.13618,"event":"progress","stage":"validating","total":38}
{"completed":0,"elapsed_ms":8402.743697,"event":"progress","stage":"validating","total":38}
{"completed":0,"elapsed_ms":8748.720754,"event":"progress","stage":"validating","total":38}
{"completed":0,"elapsed_ms":9093.7655,"event":"progress","stage":"validating","total":38}
{"completed":0,"elapsed_ms":9448.664547,"event":"progress","stage":"validating","total":38}
{"completed":0,"elapsed_ms":9822.390411,"event":"progress","stage":"validating","total":38}
{"completed":0,"elapsed_ms":10184.768555,"event":"progress","stage":"validating","total":38}
{"completed":0,"elapsed_ms":10546.688084,"event":"progress","stage":"validating","total":38}
{"completed":0,"elapsed_ms":10905.068702,"event":"progress","stage":"validating","total":38}
{"completed":0,"elapsed_ms":11252.52978,"event":"progress","stage":"validating","total":38}
{"completed":0,"elapsed_ms":11496.526284,"event":"progress","stage":"validating","total":38}
{"completed":0,"elapsed_ms":11497.797022,"event":"progress","stage":"validating","total":38}
[libx264 @ 0x12fd1ec0] using cpu capabilities: MMX2 SSE2Fast SSSE3 SSE4.2 AVX FMA3 BMI2 AVX2 AVX512
[libx264 @ 0x12fd1ec0] profile High, level 1.0, 4:2:0, 8-bit
[libx264 @ 0x12fd1ec0] 264 - core 165 r3222 b35605a - H.264/MPEG-4 AVC codec - Copyleft 2003-2025 - http://www.videolan.org/x264.html - options: cabac=1 ref=2 deblock=1:0:0 analyse=0x3:0x113 me=hex subme=6 psy=1 psy_rd=1.00:0.00 mixed_ref=1 me_range=16 chroma_me=1 trellis=1 8x8dct=1 cqm=0 deadzone=21,11 fast_pskip=1 chroma_qp_offset=-2 threads=4 lookahead_threads=1 sliced_threads=0 nr=0 decimate=1 interlaced=0 bluray_compat=0 constrained_intra=0 bframes=0 weightp=1 keyint=250 keyint_min=8 scenecut=40 intra_refresh=0 rc_lookahead=30 rc=crf mbtree=1 crf=18.0 qcomp=0.60 qpmin=0 qpmax=69 qpstep=4 ip_ratio=1.40 aq=1:1.00
[mp4 @ 0x12fd0b00] Starting second pass: moving the moov atom to the beginning of the file
[libx264 @ 0x12fd1ec0] frame I:1     Avg QP:17.17  size:  3880
[libx264 @ 0x12fd1ec0] frame P:16    Avg QP:18.93  size:  1391
[libx264 @ 0x12fd1ec0] mb I  I16..4:  6.2% 17.2% 76.6%
[libx264 @ 0x12fd1ec0] mb P  I16..4:  1.7%  6.7%  6.2%  P16..4: 23.9% 17.2% 13.5%  0.0%  0.0%    skip:30.8%
[libx264 @ 0x12fd1ec0] 8x8 transform intra:37.4% inter:38.8%
[libx264 @ 0x12fd1ec0] coded y,uvDC,uvAC intra: 73.2% 98.1% 94.9% inter: 32.0% 53.1% 45.9%
[libx264 @ 0x12fd1ec0] i16 v,h,dc,p: 81% 10% 10%  0%
[libx264 @ 0x12fd1ec0] i8 v,h,dc,ddl,ddr,vr,hd,vl,hu: 36% 14% 19%  5%  4%  4%  4%  8%  6%
[libx264 @ 0x12fd1ec0] i4 v,h,dc,ddl,ddr,vr,hd,vl,hu: 53% 26% 11%  2%  2%  1%  2%  2%  1%
[libx264 @ 0x12fd1ec0] i8c dc,h,v,p: 19% 29% 48%  5%
[libx264 @ 0x12fd1ec0] Weighted P-Frames: Y:0.0% UV:0.0%
[libx264 @ 0x12fd1ec0] ref P L0: 73.6% 26.4%
[libx264 @ 0x12fd1ec0] kb/s:98.42
{"completed":1,"elapsed_ms":11515.637397,"event":"progress","stage":"encoding","total":38}
{"completed":2,"elapsed_ms":32223.988813,"event":"progress","stage":"sampling","total":38}
{"completed":3,"elapsed_ms":32225.486861,"event":"progress","stage":"projecting","total":38}
{"completed":4,"elapsed_ms":32229.320687,"event":"progress","stage":"block-00","total":38}
overwrite built-in layer type RMSNorm
{"completed":5,"elapsed_ms":33438.887486,"event":"progress","stage":"block-01","total":38}
overwrite built-in layer type RMSNorm
{"completed":6,"elapsed_ms":34677.081259,"event":"progress","stage":"block-02","total":38}
overwrite built-in layer type RMSNorm
{"completed":7,"elapsed_ms":35889.143208,"event":"progress","stage":"block-03","total":38}
overwrite built-in layer type RMSNorm
{"completed":8,"elapsed_ms":37141.536414,"event":"progress","stage":"block-04","total":38}
overwrite built-in layer type RMSNorm
{"completed":9,"elapsed_ms":38511.910293,"event":"progress","stage":"block-05","total":38}
overwrite built-in layer type RMSNorm
{"completed":10,"elapsed_ms":39712.587001,"event":"progress","stage":"block-06","total":38}
overwrite built-in layer type RMSNorm
{"completed":11,"elapsed_ms":40867.976899,"event":"progress","stage":"block-07","total":38}
overwrite built-in layer type RMSNorm
{"completed":12,"elapsed_ms":42056.461615,"event":"progress","stage":"block-08","total":38}
overwrite built-in layer type RMSNorm
{"completed":13,"elapsed_ms":43315.918653,"event":"progress","stage":"block-09","total":38}
overwrite built-in layer type RMSNorm
{"completed":14,"elapsed_ms":44570.138457,"event":"progress","stage":"block-10","total":38}
overwrite built-in layer type RMSNorm
{"completed":15,"elapsed_ms":45821.288065,"event":"progress","stage":"block-11","total":38}
overwrite built-in layer type RMSNorm
{"completed":16,"elapsed_ms":47024.195905,"event":"progress","stage":"block-12","total":38}
overwrite built-in layer type RMSNorm
{"completed":17,"elapsed_ms":48236.007862,"event":"progress","stage":"block-13","total":38}
overwrite built-in layer type RMSNorm
{"completed":18,"elapsed_ms":49639.207551,"event":"progress","stage":"block-14","total":38}
overwrite built-in layer type RMSNorm
{"completed":19,"elapsed_ms":51001.070465,"event":"progress","stage":"block-15","total":38}
overwrite built-in layer type RMSNorm
{"completed":20,"elapsed_ms":52216.614065,"event":"progress","stage":"block-16","total":38}
overwrite built-in layer type RMSNorm
{"completed":21,"elapsed_ms":53436.082925,"event":"progress","stage":"block-17","total":38}
overwrite built-in layer type RMSNorm
{"completed":22,"elapsed_ms":54633.429167,"event":"progress","stage":"block-18","total":38}
overwrite built-in layer type RMSNorm
{"completed":23,"elapsed_ms":55916.26783,"event":"progress","stage":"block-19","total":38}
overwrite built-in layer type RMSNorm
{"completed":24,"elapsed_ms":57153.548289,"event":"progress","stage":"block-20","total":38}
overwrite built-in layer type RMSNorm
{"completed":25,"elapsed_ms":58430.78616,"event":"progress","stage":"block-21","total":38}
overwrite built-in layer type RMSNorm
{"completed":26,"elapsed_ms":59653.274649,"event":"progress","stage":"block-22","total":38}
overwrite built-in layer type RMSNorm
{"completed":27,"elapsed_ms":60840.133817,"event":"progress","stage":"block-23","total":38}
overwrite built-in layer type RMSNorm
{"completed":28,"elapsed_ms":62082.123806,"event":"progress","stage":"block-24","total":38}
overwrite built-in layer type RMSNorm
{"completed":29,"elapsed_ms":63300.920236,"event":"progress","stage":"block-25","total":38}
overwrite built-in layer type RMSNorm
{"completed":30,"elapsed_ms":64503.100252,"event":"progress","stage":"block-26","total":38}
overwrite built-in layer type RMSNorm
{"completed":31,"elapsed_ms":65750.040996,"event":"progress","stage":"block-27","total":38}
overwrite built-in layer type RMSNorm
{"completed":32,"elapsed_ms":66975.849782,"event":"progress","stage":"block-28","total":38}
overwrite built-in layer type RMSNorm
{"completed":33,"elapsed_ms":68198.747323,"event":"progress","stage":"block-29","total":38}
overwrite built-in layer type RMSNorm
{"completed":34,"elapsed_ms":69420.589763,"event":"progress","stage":"block-30","total":38}
overwrite built-in layer type RMSNorm
{"completed":35,"elapsed_ms":70666.560326,"event":"progress","stage":"block-31","total":38}
overwrite built-in layer type RMSNorm
{"completed":36,"elapsed_ms":71860.282026,"event":"progress","stage":"denoising","total":38}
{"completed":37,"elapsed_ms":71863.898292,"event":"progress","stage":"decoding","total":38}
[libx264 @ 0x12fd1ec0] using cpu capabilities: MMX2 SSE2Fast SSSE3 SSE4.2 AVX FMA3 BMI2 AVX2 AVX512
[libx264 @ 0x12fd1ec0] profile High, level 1.0, 4:2:0, 8-bit
[libx264 @ 0x12fd1ec0] 264 - core 165 r3222 b35605a - H.264/MPEG-4 AVC codec - Copyleft 2003-2025 - http://www.videolan.org/x264.html - options: cabac=1 ref=2 deblock=1:0:0 analyse=0x3:0x113 me=hex subme=6 psy=1 psy_rd=1.00:0.00 mixed_ref=1 me_range=16 chroma_me=1 trellis=1 8x8dct=1 cqm=0 deadzone=21,11 fast_pskip=1 chroma_qp_offset=-2 threads=4 lookahead_threads=1 sliced_threads=0 nr=0 decimate=1 interlaced=0 bluray_compat=0 constrained_intra=0 bframes=0 weightp=1 keyint=250 keyint_min=8 scenecut=40 intra_refresh=0 rc_lookahead=30 rc=crf mbtree=1 crf=18.0 qcomp=0.60 qpmin=0 qpmax=69 qpstep=4 ip_ratio=1.40 aq=1:1.00
[mp4 @ 0x1324b2c0] Starting second pass: moving the moov atom to the beginning of the file
[libx264 @ 0x12fd1ec0] frame I:1     Avg QP:17.81  size:  4495
[libx264 @ 0x12fd1ec0] frame P:16    Avg QP:19.42  size:  1975
[libx264 @ 0x12fd1ec0] mb I  I16..4:  7.8% 10.9% 81.2%
[libx264 @ 0x12fd1ec0] mb P  I16..4:  0.5%  2.7%  5.2%  P16..4: 34.8% 23.7% 27.2%  0.0%  0.0%    skip: 5.9%
[libx264 @ 0x12fd1ec0] 8x8 transform intra:23.3% inter:29.9%
[libx264 @ 0x12fd1ec0] coded y,uvDC,uvAC intra: 83.3% 100.0% 98.7% inter: 59.2% 85.6% 73.0%
[libx264 @ 0x12fd1ec0] i16 v,h,dc,p: 80%  0% 20%  0%
[libx264 @ 0x12fd1ec0] i8 v,h,dc,ddl,ddr,vr,hd,vl,hu: 34%  6% 22%  5%  6%  3%  9% 11%  4%
[libx264 @ 0x12fd1ec0] i4 v,h,dc,ddl,ddr,vr,hd,vl,hu: 39% 23% 14%  4%  5%  3%  5%  3%  4%
[libx264 @ 0x12fd1ec0] i8c dc,h,v,p: 33% 27% 37%  3%
[libx264 @ 0x12fd1ec0] Weighted P-Frames: Y:0.0% UV:0.0%
[libx264 @ 0x12fd1ec0] ref P L0: 91.9%  8.1%
[libx264 @ 0x12fd1ec0] kb/s:135.89
{"completed":38,"elapsed_ms":99564.1881,"event":"progress","stage":"completed","total":38}
