[0 NVIDIA GeForce RTX 4060 Laptop GPU]  queueC=2[8]  queueT=1[2]  rebar=1  r-score=76
[0 NVIDIA GeForce RTX 4060 Laptop GPU]  fp16-p/s/u/a=1/1/1/1  int8-p/s/u/a=1/1/1/1  bf16-p/s=1/1
[0 NVIDIA GeForce RTX 4060 Laptop GPU]  subgroup=32(32~32)  ops=1/1/1/1/1/1/1/1/1/1
[0 NVIDIA GeForce RTX 4060 Laptop GPU]  fp16-cm=16x16x16/16x8x16/16x8x8  int8-cm=16x16x32/16x8x32  bf16-cm=16x16x16  fp8-cm=16x16x32  fp6-cm=0  fp4-cm=0
[1 llvmpipe (LLVM 22.1.8, 256 bits)]  queueC=0[1]  queueT=0[1]  rebar=1  r-score=14
[1 llvmpipe (LLVM 22.1.8, 256 bits)]  fp16-p/s/u/a=1/1/1/1  int8-p/s/u/a=1/1/1/1  bf16-p/s=1/0
[1 llvmpipe (LLVM 22.1.8, 256 bits)]  subgroup=8(8~8)  ops=1/1/1/1/1/1/1/1/1/1
[1 llvmpipe (LLVM 22.1.8, 256 bits)]  fp16-cm=8x8x8  int8-cm=8x8x8  bf16-cm=0  fp8-cm=0  fp6-cm=0  fp4-cm=0
[2 llvmpipe (LLVM 17.0.6, 256 bits)]  queueC=0[1]  queueT=0[1]  rebar=1  r-score=4
[2 llvmpipe (LLVM 17.0.6, 256 bits)]  fp16-p/s/u/a=1/1/1/1  int8-p/s/u/a=1/1/1/1  bf16-p/s=1/0
[2 llvmpipe (LLVM 17.0.6, 256 bits)]  subgroup=8(8~8)  ops=1/1/1/1/1/1/0/1/0/0
[2 llvmpipe (LLVM 17.0.6, 256 bits)]  fp16-cm=0  int8-cm=0  bf16-cm=0  fp8-cm=0  fp6-cm=0  fp4-cm=0
{"completed":0,"elapsed_ms":1238.88081,"event":"progress","stage":"validating","total":38}
{"completed":0,"elapsed_ms":1248.48048,"event":"progress","stage":"validating","total":38}
{"completed":0,"elapsed_ms":1456.090482,"event":"progress","stage":"validating","total":38}
{"completed":0,"elapsed_ms":1762.398622,"event":"progress","stage":"validating","total":38}
{"completed":0,"elapsed_ms":2086.147532,"event":"progress","stage":"validating","total":38}
{"completed":0,"elapsed_ms":2414.846064,"event":"progress","stage":"validating","total":38}
{"completed":0,"elapsed_ms":2739.362263,"event":"progress","stage":"validating","total":38}
{"completed":0,"elapsed_ms":3108.756019,"event":"progress","stage":"validating","total":38}
{"completed":0,"elapsed_ms":3546.376777,"event":"progress","stage":"validating","total":38}
{"completed":0,"elapsed_ms":3922.457846,"event":"progress","stage":"validating","total":38}
{"completed":0,"elapsed_ms":4261.252014,"event":"progress","stage":"validating","total":38}
{"completed":0,"elapsed_ms":4597.775938,"event":"progress","stage":"validating","total":38}
{"completed":0,"elapsed_ms":5056.804313,"event":"progress","stage":"validating","total":38}
{"completed":0,"elapsed_ms":5750.399674,"event":"progress","stage":"validating","total":38}
{"completed":0,"elapsed_ms":6169.324753,"event":"progress","stage":"validating","total":38}
{"completed":0,"elapsed_ms":6823.008008,"event":"progress","stage":"validating","total":38}
{"completed":0,"elapsed_ms":7342.72734,"event":"progress","stage":"validating","total":38}
{"completed":0,"elapsed_ms":7814.374655,"event":"progress","stage":"validating","total":38}
{"completed":0,"elapsed_ms":8376.887351,"event":"progress","stage":"validating","total":38}
{"completed":0,"elapsed_ms":8929.253035,"event":"progress","stage":"validating","total":38}
{"completed":0,"elapsed_ms":9480.917075,"event":"progress","stage":"validating","total":38}
{"completed":0,"elapsed_ms":9947.27786,"event":"progress","stage":"validating","total":38}
{"completed":0,"elapsed_ms":10430.910959,"event":"progress","stage":"validating","total":38}
{"completed":0,"elapsed_ms":11008.609509,"event":"progress","stage":"validating","total":38}
{"completed":0,"elapsed_ms":11504.537084,"event":"progress","stage":"validating","total":38}
{"completed":0,"elapsed_ms":11978.428243,"event":"progress","stage":"validating","total":38}
{"completed":0,"elapsed_ms":12348.281708,"event":"progress","stage":"validating","total":38}
{"completed":0,"elapsed_ms":12737.44507,"event":"progress","stage":"validating","total":38}
{"completed":0,"elapsed_ms":13102.025742,"event":"progress","stage":"validating","total":38}
{"completed":0,"elapsed_ms":13454.358024,"event":"progress","stage":"validating","total":38}
{"completed":0,"elapsed_ms":13784.646538,"event":"progress","stage":"validating","total":38}
{"completed":0,"elapsed_ms":14171.640024,"event":"progress","stage":"validating","total":38}
{"completed":0,"elapsed_ms":14521.356369,"event":"progress","stage":"validating","total":38}
{"completed":0,"elapsed_ms":14842.914323,"event":"progress","stage":"validating","total":38}
{"completed":0,"elapsed_ms":15166.333621,"event":"progress","stage":"validating","total":38}
{"completed":0,"elapsed_ms":15383.729785,"event":"progress","stage":"validating","total":38}
{"completed":0,"elapsed_ms":15385.195051,"event":"progress","stage":"validating","total":38}
[libx264 @ 0x750c500] using cpu capabilities: MMX2 SSE2Fast SSSE3 SSE4.2 AVX FMA3 BMI2 AVX2 AVX512
[libx264 @ 0x750c500] profile High, level 1.0, 4:2:0, 8-bit
[libx264 @ 0x750c500] 264 - core 165 r3222 b35605a - H.264/MPEG-4 AVC codec - Copyleft 2003-2025 - http://www.videolan.org/x264.html - options: cabac=1 ref=2 deblock=1:0:0 analyse=0x3:0x113 me=hex subme=6 psy=1 psy_rd=1.00:0.00 mixed_ref=1 me_range=16 chroma_me=1 trellis=1 8x8dct=1 cqm=0 deadzone=21,11 fast_pskip=1 chroma_qp_offset=-2 threads=4 lookahead_threads=1 sliced_threads=0 nr=0 decimate=1 interlaced=0 bluray_compat=0 constrained_intra=0 bframes=0 weightp=1 keyint=250 keyint_min=8 scenecut=40 intra_refresh=0 rc_lookahead=30 rc=crf mbtree=1 crf=18.0 qcomp=0.60 qpmin=0 qpmax=69 qpstep=4 ip_ratio=1.40 aq=1:1.00
[mp4 @ 0x6555a80] Starting second pass: moving the moov atom to the beginning of the file
[libx264 @ 0x750c500] frame I:1     Avg QP:17.17  size:  3880
[libx264 @ 0x750c500] frame P:16    Avg QP:18.93  size:  1391
[libx264 @ 0x750c500] mb I  I16..4:  6.2% 17.2% 76.6%
[libx264 @ 0x750c500] mb P  I16..4:  1.7%  6.7%  6.2%  P16..4: 23.9% 17.2% 13.5%  0.0%  0.0%    skip:30.8%
[libx264 @ 0x750c500] 8x8 transform intra:37.4% inter:38.8%
[libx264 @ 0x750c500] coded y,uvDC,uvAC intra: 73.2% 98.1% 94.9% inter: 32.0% 53.1% 45.9%
[libx264 @ 0x750c500] i16 v,h,dc,p: 81% 10% 10%  0%
[libx264 @ 0x750c500] i8 v,h,dc,ddl,ddr,vr,hd,vl,hu: 36% 14% 19%  5%  4%  4%  4%  8%  6%
[libx264 @ 0x750c500] i4 v,h,dc,ddl,ddr,vr,hd,vl,hu: 53% 26% 11%  2%  2%  1%  2%  2%  1%
[libx264 @ 0x750c500] i8c dc,h,v,p: 19% 29% 48%  5%
[libx264 @ 0x750c500] Weighted P-Frames: Y:0.0% UV:0.0%
[libx264 @ 0x750c500] ref P L0: 73.6% 26.4%
[libx264 @ 0x750c500] kb/s:98.42
{"completed":1,"elapsed_ms":15407.982674,"event":"progress","stage":"encoding","total":38}
overwrite built-in layer type Swish
{"completed":2,"elapsed_ms":17196.824008,"event":"progress","stage":"sampling","total":38}
{"completed":3,"elapsed_ms":17198.181901,"event":"progress","stage":"projecting","total":38}
overwrite built-in layer type Swish
{"completed":4,"elapsed_ms":17219.158666,"event":"progress","stage":"block-00","total":38}
overwrite built-in layer type Swish
overwrite built-in layer type RMSNorm
overwrite built-in layer type InnerProduct
{"completed":5,"elapsed_ms":18163.520038,"event":"progress","stage":"block-01","total":38}
overwrite built-in layer type Swish
overwrite built-in layer type RMSNorm
overwrite built-in layer type InnerProduct
{"completed":6,"elapsed_ms":18797.445429,"event":"progress","stage":"block-02","total":38}
overwrite built-in layer type Swish
overwrite built-in layer type RMSNorm
overwrite built-in layer type InnerProduct
{"completed":7,"elapsed_ms":19386.511937,"event":"progress","stage":"block-03","total":38}
overwrite built-in layer type Swish
overwrite built-in layer type RMSNorm
overwrite built-in layer type InnerProduct
{"completed":8,"elapsed_ms":19946.159035,"event":"progress","stage":"block-04","total":38}
overwrite built-in layer type Swish
overwrite built-in layer type RMSNorm
overwrite built-in layer type InnerProduct
{"completed":9,"elapsed_ms":20561.073953,"event":"progress","stage":"block-05","total":38}
overwrite built-in layer type Swish
overwrite built-in layer type RMSNorm
overwrite built-in layer type InnerProduct
{"completed":10,"elapsed_ms":21168.605254,"event":"progress","stage":"block-06","total":38}
overwrite built-in layer type Swish
overwrite built-in layer type RMSNorm
overwrite built-in layer type InnerProduct
{"completed":11,"elapsed_ms":21762.112535,"event":"progress","stage":"block-07","total":38}
overwrite built-in layer type Swish
overwrite built-in layer type RMSNorm
overwrite built-in layer type InnerProduct
{"completed":12,"elapsed_ms":22345.318731,"event":"progress","stage":"block-08","total":38}
overwrite built-in layer type Swish
overwrite built-in layer type RMSNorm
overwrite built-in layer type InnerProduct
{"completed":13,"elapsed_ms":22966.14628,"event":"progress","stage":"block-09","total":38}
overwrite built-in layer type Swish
overwrite built-in layer type RMSNorm
overwrite built-in layer type InnerProduct
{"completed":14,"elapsed_ms":23590.959331,"event":"progress","stage":"block-10","total":38}
overwrite built-in layer type Swish
overwrite built-in layer type RMSNorm
overwrite built-in layer type InnerProduct
{"completed":15,"elapsed_ms":24187.566783,"event":"progress","stage":"block-11","total":38}
overwrite built-in layer type Swish
overwrite built-in layer type RMSNorm
overwrite built-in layer type InnerProduct
{"completed":16,"elapsed_ms":24844.114735,"event":"progress","stage":"block-12","total":38}
overwrite built-in layer type Swish
overwrite built-in layer type RMSNorm
overwrite built-in layer type InnerProduct
{"completed":17,"elapsed_ms":25509.566313,"event":"progress","stage":"block-13","total":38}
overwrite built-in layer type Swish
overwrite built-in layer type RMSNorm
overwrite built-in layer type InnerProduct
{"completed":18,"elapsed_ms":26159.094065,"event":"progress","stage":"block-14","total":38}
overwrite built-in layer type Swish
overwrite built-in layer type RMSNorm
overwrite built-in layer type InnerProduct
{"completed":19,"elapsed_ms":26835.24031,"event":"progress","stage":"block-15","total":38}
overwrite built-in layer type Swish
overwrite built-in layer type RMSNorm
overwrite built-in layer type InnerProduct
{"completed":20,"elapsed_ms":27437.1181,"event":"progress","stage":"block-16","total":38}
overwrite built-in layer type Swish
overwrite built-in layer type RMSNorm
overwrite built-in layer type InnerProduct
{"completed":21,"elapsed_ms":28027.526861,"event":"progress","stage":"block-17","total":38}
overwrite built-in layer type Swish
overwrite built-in layer type RMSNorm
overwrite built-in layer type InnerProduct
{"completed":22,"elapsed_ms":28665.320594,"event":"progress","stage":"block-18","total":38}
overwrite built-in layer type Swish
overwrite built-in layer type RMSNorm
overwrite built-in layer type InnerProduct
{"completed":23,"elapsed_ms":29281.259245,"event":"progress","stage":"block-19","total":38}
overwrite built-in layer type Swish
overwrite built-in layer type RMSNorm
overwrite built-in layer type InnerProduct
{"completed":24,"elapsed_ms":29945.071879,"event":"progress","stage":"block-20","total":38}
overwrite built-in layer type Swish
overwrite built-in layer type RMSNorm
overwrite built-in layer type InnerProduct
{"completed":25,"elapsed_ms":30568.047623,"event":"progress","stage":"block-21","total":38}
overwrite built-in layer type Swish
overwrite built-in layer type RMSNorm
overwrite built-in layer type InnerProduct
{"completed":26,"elapsed_ms":31199.132041,"event":"progress","stage":"block-22","total":38}
overwrite built-in layer type Swish
overwrite built-in layer type RMSNorm
overwrite built-in layer type InnerProduct
{"completed":27,"elapsed_ms":31807.651337,"event":"progress","stage":"block-23","total":38}
overwrite built-in layer type Swish
overwrite built-in layer type RMSNorm
overwrite built-in layer type InnerProduct
{"completed":28,"elapsed_ms":32489.910992,"event":"progress","stage":"block-24","total":38}
overwrite built-in layer type Swish
overwrite built-in layer type RMSNorm
overwrite built-in layer type InnerProduct
{"completed":29,"elapsed_ms":33126.382689,"event":"progress","stage":"block-25","total":38}
overwrite built-in layer type Swish
overwrite built-in layer type RMSNorm
overwrite built-in layer type InnerProduct
{"completed":30,"elapsed_ms":33697.699043,"event":"progress","stage":"block-26","total":38}
overwrite built-in layer type Swish
overwrite built-in layer type RMSNorm
overwrite built-in layer type InnerProduct
{"completed":31,"elapsed_ms":34256.64134,"event":"progress","stage":"block-27","total":38}
overwrite built-in layer type Swish
overwrite built-in layer type RMSNorm
overwrite built-in layer type InnerProduct
{"completed":32,"elapsed_ms":34822.173296,"event":"progress","stage":"block-28","total":38}
overwrite built-in layer type Swish
overwrite built-in layer type RMSNorm
overwrite built-in layer type InnerProduct
{"completed":33,"elapsed_ms":35390.031082,"event":"progress","stage":"block-29","total":38}
overwrite built-in layer type Swish
overwrite built-in layer type RMSNorm
overwrite built-in layer type InnerProduct
{"completed":34,"elapsed_ms":35961.95357,"event":"progress","stage":"block-30","total":38}
overwrite built-in layer type Swish
overwrite built-in layer type RMSNorm
overwrite built-in layer type InnerProduct
{"completed":35,"elapsed_ms":36522.09433,"event":"progress","stage":"block-31","total":38}
overwrite built-in layer type Swish
overwrite built-in layer type RMSNorm
overwrite built-in layer type InnerProduct
{"completed":36,"elapsed_ms":36994.187035,"event":"progress","stage":"denoising","total":38}
overwrite built-in layer type Swish
{"completed":37,"elapsed_ms":37039.049034,"event":"progress","stage":"decoding","total":38}
overwrite built-in layer type Swish
[libx264 @ 0x750c500] using cpu capabilities: MMX2 SSE2Fast SSSE3 SSE4.2 AVX FMA3 BMI2 AVX2 AVX512
[libx264 @ 0x750c500] profile High, level 1.0, 4:2:0, 8-bit
[libx264 @ 0x750c500] 264 - core 165 r3222 b35605a - H.264/MPEG-4 AVC codec - Copyleft 2003-2025 - http://www.videolan.org/x264.html - options: cabac=1 ref=2 deblock=1:0:0 analyse=0x3:0x113 me=hex subme=6 psy=1 psy_rd=1.00:0.00 mixed_ref=1 me_range=16 chroma_me=1 trellis=1 8x8dct=1 cqm=0 deadzone=21,11 fast_pskip=1 chroma_qp_offset=-2 threads=4 lookahead_threads=1 sliced_threads=0 nr=0 decimate=1 interlaced=0 bluray_compat=0 constrained_intra=0 bframes=0 weightp=1 keyint=250 keyint_min=8 scenecut=40 intra_refresh=0 rc_lookahead=30 rc=crf mbtree=1 crf=18.0 qcomp=0.60 qpmin=0 qpmax=69 qpstep=4 ip_ratio=1.40 aq=1:1.00
[mp4 @ 0x8bf6100] Starting second pass: moving the moov atom to the beginning of the file
[libx264 @ 0x750c500] frame I:1     Avg QP:17.81  size:  4495
[libx264 @ 0x750c500] frame P:16    Avg QP:19.42  size:  1972
[libx264 @ 0x750c500] mb I  I16..4:  7.8% 10.9% 81.2%
[libx264 @ 0x750c500] mb P  I16..4:  0.3%  2.2%  5.0%  P16..4: 36.4% 25.2% 25.5%  0.0%  0.0%    skip: 5.4%
[libx264 @ 0x750c500] 8x8 transform intra:21.3% inter:28.6%
[libx264 @ 0x750c500] coded y,uvDC,uvAC intra: 83.7% 100.0% 99.3% inter: 59.6% 87.5% 74.2%
[libx264 @ 0x750c500] i16 v,h,dc,p: 88%  0% 12%  0%
[libx264 @ 0x750c500] i8 v,h,dc,ddl,ddr,vr,hd,vl,hu: 42%  7% 18%  5%  8%  3%  8%  6%  4%
[libx264 @ 0x750c500] i4 v,h,dc,ddl,ddr,vr,hd,vl,hu: 40% 23% 13%  3%  5%  3%  6%  3%  4%
[libx264 @ 0x750c500] i8c dc,h,v,p: 30% 28% 40%  2%
[libx264 @ 0x750c500] Weighted P-Frames: Y:0.0% UV:0.0%
[libx264 @ 0x750c500] ref P L0: 92.5%  7.5%
[libx264 @ 0x750c500] kb/s:135.68
{"completed":38,"elapsed_ms":41187.326264,"event":"progress","stage":"completed","total":38}
