prepared PASS 4.76837158203125e-07 0
posterior PASS 3.4809112548828125e-05 0
conditioned PASS 9.059906005859375e-06 0
text-in PASS 0.0 0
patch-in PASS 3.814697265625e-06 0
time-in PASS 0.0 0
block-00-video PASS 4.9591064453125e-05 0
block-00-text PASS 0.000213623046875 0
block-01-video PASS 3.814697265625e-05 0
block-01-text PASS 0.000213623046875 0
block-02-video PASS 3.0517578125e-05 0
block-02-text PASS 0.0001678466796875 0
block-03-video PASS 3.0517578125e-05 0
block-03-text PASS 0.000213623046875 0
block-04-video PASS 8.0108642578125e-05 0
block-04-text PASS 0.000274658203125 0
block-05-video PASS 3.814697265625e-05 0
block-05-text PASS 0.000274658203125 0
block-06-video PASS 3.719329833984375e-05 0
block-06-text PASS 0.000274658203125 0
block-07-video PASS 4.57763671875e-05 0
block-07-text PASS 0.0001983642578125 0
block-08-video PASS 4.38690185546875e-05 0
block-08-text PASS 0.0002288818359375 0
block-09-video PASS 4.1961669921875e-05 0
block-09-text PASS 0.0341796875 0
block-10-video PASS 5.626678466796875e-05 0
block-10-text PASS 0.0341796875 0
block-11-video PASS 0.000141143798828125 0
block-11-text PASS 0.0341796875 0
block-12-video PASS 0.0002269744873046875 0
block-12-text PASS 0.0341796875 0
block-13-video PASS 0.00026237964630126953 0
block-13-text PASS 0.0341796875 0
block-14-video PASS 0.000270843505859375 0
block-14-text PASS 0.0341796875 0
block-15-video PASS 0.000392913818359375 0
block-15-text PASS 0.0341796875 0
block-16-video PASS 0.000652313232421875 0
block-16-text PASS 0.0341796875 0
block-17-video PASS 0.0004730224609375 0
block-17-text PASS 0.0341796875 0
block-18-video PASS 0.0003781318664550781 0
block-18-text PASS 0.0341796875 0
block-19-video PASS 0.0003910064697265625 0
block-19-text PASS 0.0341796875 0
block-20-video PASS 0.0004100799560546875 0
block-20-text PASS 0.0341796875 0
block-21-video PASS 0.0005340576171875 0
block-21-text PASS 0.0341796875 0
block-22-video PASS 0.0002918243408203125 0
block-22-text PASS 0.0341796875 0
block-23-video PASS 0.000621795654296875 0
block-23-text PASS 0.0341796875 0
block-24-video PASS 0.00022709369659423828 0
block-24-text PASS 0.0341796875 0
block-25-video PASS 0.00020074844360351562 0
block-25-text PASS 0.0341796875 0
block-26-video PASS 0.00021731853485107422 0
block-26-text PASS 0.0341796875 0
block-27-video PASS 0.0003509521484375 0
block-27-text PASS 0.0341796875 0
block-28-video PASS 0.000400543212890625 0
block-28-text PASS 0.0341796875 0
block-29-video PASS 0.000530242919921875 0
block-29-text PASS 0.0341796875 0
block-30-video PASS 0.00043201446533203125 0
block-30-text PASS 0.0341796875 0
block-31-video PASS 0.0004138946533203125 0
block-31-text PASS 0.068359375 0
velocity PASS 0.0001010894775390625 0
latent PASS 0.00011038780212402344 0
slicing_up_num: 0
decoded PASS 2.0965933799743652e-05 0
Complete temporal clip parity True
