[0 NVIDIA GeForce RTX 4060 Laptop GPU]  queueC=2[8]  queueT=1[2]  rebar=1  r-score=76
[0 NVIDIA GeForce RTX 4060 Laptop GPU]  fp16-p/s/u/a=1/1/1/1  int8-p/s/u/a=1/1/1/1  bf16-p/s=1/1
[0 NVIDIA GeForce RTX 4060 Laptop GPU]  subgroup=32(32~32)  ops=1/1/1/1/1/1/1/1/1/1
[0 NVIDIA GeForce RTX 4060 Laptop GPU]  fp16-cm=16x16x16/16x8x16/16x8x8  int8-cm=16x16x32/16x8x32  bf16-cm=16x16x16  fp8-cm=16x16x32  fp6-cm=0  fp4-cm=0
[1 llvmpipe (LLVM 22.1.8, 256 bits)]  queueC=0[1]  queueT=0[1]  rebar=1  r-score=14
[1 llvmpipe (LLVM 22.1.8, 256 bits)]  fp16-p/s/u/a=1/1/1/1  int8-p/s/u/a=1/1/1/1  bf16-p/s=1/0
[1 llvmpipe (LLVM 22.1.8, 256 bits)]  subgroup=8(8~8)  ops=1/1/1/1/1/1/1/1/1/1
[1 llvmpipe (LLVM 22.1.8, 256 bits)]  fp16-cm=8x8x8  int8-cm=8x8x8  bf16-cm=0  fp8-cm=0  fp6-cm=0  fp4-cm=0
[2 llvmpipe (LLVM 17.0.6, 256 bits)]  queueC=0[1]  queueT=0[1]  rebar=1  r-score=4
[2 llvmpipe (LLVM 17.0.6, 256 bits)]  fp16-p/s/u/a=1/1/1/1  int8-p/s/u/a=1/1/1/1  bf16-p/s=1/0
[2 llvmpipe (LLVM 17.0.6, 256 bits)]  subgroup=8(8~8)  ops=1/1/1/1/1/1/0/1/0/0
[2 llvmpipe (LLVM 17.0.6, 256 bits)]  fp16-cm=0  int8-cm=0  bf16-cm=0  fp8-cm=0  fp6-cm=0  fp4-cm=0
{"completed":0,"elapsed_ms":246.34919,"event":"progress","stage":"validating","total":38}
{"completed":0,"elapsed_ms":250.917885,"event":"progress","stage":"validating","total":38}
{"completed":0,"elapsed_ms":457.673709,"event":"progress","stage":"validating","total":38}
{"completed":0,"elapsed_ms":777.422894,"event":"progress","stage":"validating","total":38}
{"completed":0,"elapsed_ms":1115.670724,"event":"progress","stage":"validating","total":38}
{"completed":0,"elapsed_ms":1686.398339,"event":"progress","stage":"validating","total":38}
{"completed":0,"elapsed_ms":2273.673762,"event":"progress","stage":"validating","total":38}
{"completed":0,"elapsed_ms":2792.434644,"event":"progress","stage":"validating","total":38}
{"completed":0,"elapsed_ms":3324.263335,"event":"progress","stage":"validating","total":38}
{"completed":0,"elapsed_ms":3719.333065,"event":"progress","stage":"validating","total":38}
{"completed":0,"elapsed_ms":4106.335748,"event":"progress","stage":"validating","total":38}
{"completed":0,"elapsed_ms":4454.439817,"event":"progress","stage":"validating","total":38}
{"completed":0,"elapsed_ms":4796.12826,"event":"progress","stage":"validating","total":38}
{"completed":0,"elapsed_ms":5124.904507,"event":"progress","stage":"validating","total":38}
{"completed":0,"elapsed_ms":5451.946898,"event":"progress","stage":"validating","total":38}
{"completed":0,"elapsed_ms":5783.390387,"event":"progress","stage":"validating","total":38}
{"completed":0,"elapsed_ms":6110.81008,"event":"progress","stage":"validating","total":38}
{"completed":0,"elapsed_ms":6437.591276,"event":"progress","stage":"validating","total":38}
{"completed":0,"elapsed_ms":6769.607908,"event":"progress","stage":"validating","total":38}
{"completed":0,"elapsed_ms":7094.884381,"event":"progress","stage":"validating","total":38}
{"completed":0,"elapsed_ms":7420.094388,"event":"progress","stage":"validating","total":38}
{"completed":0,"elapsed_ms":7745.051226,"event":"progress","stage":"validating","total":38}
{"completed":0,"elapsed_ms":8068.395737,"event":"progress","stage":"validating","total":38}
{"completed":0,"elapsed_ms":8394.58265,"event":"progress","stage":"validating","total":38}
{"completed":0,"elapsed_ms":8721.613909,"event":"progress","stage":"validating","total":38}
{"completed":0,"elapsed_ms":9045.937691,"event":"progress","stage":"validating","total":38}
{"completed":0,"elapsed_ms":9369.451702,"event":"progress","stage":"validating","total":38}
{"completed":0,"elapsed_ms":9691.147526,"event":"progress","stage":"validating","total":38}
{"completed":0,"elapsed_ms":10017.028902,"event":"progress","stage":"validating","total":38}
{"completed":0,"elapsed_ms":10342.878027,"event":"progress","stage":"validating","total":38}
{"completed":0,"elapsed_ms":10664.503228,"event":"progress","stage":"validating","total":38}
{"completed":0,"elapsed_ms":10995.737291,"event":"progress","stage":"validating","total":38}
{"completed":0,"elapsed_ms":11320.648623,"event":"progress","stage":"validating","total":38}
{"completed":0,"elapsed_ms":11645.657931,"event":"progress","stage":"validating","total":38}
{"completed":0,"elapsed_ms":11972.095127,"event":"progress","stage":"validating","total":38}
{"completed":0,"elapsed_ms":12189.726908,"event":"progress","stage":"validating","total":38}
{"completed":0,"elapsed_ms":12191.110112,"event":"progress","stage":"validating","total":38}
[libx264 @ 0x3ecd9b40] using cpu capabilities: MMX2 SSE2Fast SSSE3 SSE4.2 AVX FMA3 BMI2 AVX2 AVX512
[libx264 @ 0x3ecd9b40] profile High, level 1.0, 4:2:0, 8-bit
[libx264 @ 0x3ecd9b40] 264 - core 165 r3222 b35605a - H.264/MPEG-4 AVC codec - Copyleft 2003-2025 - http://www.videolan.org/x264.html - options: cabac=1 ref=2 deblock=1:0:0 analyse=0x3:0x113 me=hex subme=6 psy=1 psy_rd=1.00:0.00 mixed_ref=1 me_range=16 chroma_me=1 trellis=1 8x8dct=1 cqm=0 deadzone=21,11 fast_pskip=1 chroma_qp_offset=-2 threads=4 lookahead_threads=1 sliced_threads=0 nr=0 decimate=1 interlaced=0 bluray_compat=0 constrained_intra=0 bframes=0 weightp=1 keyint=250 keyint_min=8 scenecut=40 intra_refresh=0 rc_lookahead=30 rc=crf mbtree=1 crf=18.0 qcomp=0.60 qpmin=0 qpmax=69 qpstep=4 ip_ratio=1.40 aq=1:1.00
[mp4 @ 0x3ec78e40] Starting second pass: moving the moov atom to the beginning of the file
[libx264 @ 0x3ecd9b40] frame I:1     Avg QP:18.55  size:  1174
[libx264 @ 0x3ecd9b40] frame P:8     Avg QP:18.94  size:   720
[libx264 @ 0x3ecd9b40] mb I  I16..4:  0.0% 90.0% 10.0%
[libx264 @ 0x3ecd9b40] mb P  I16..4:  0.0%  8.4%  2.5%  P16..4: 33.8% 34.4% 18.8%  0.0%  0.0%    skip: 2.2%
[libx264 @ 0x3ecd9b40] 8x8 transform intra:84.0% inter:66.1%
[libx264 @ 0x3ecd9b40] coded y,uvDC,uvAC intra: 96.0% 73.3% 25.3% inter: 67.5% 33.7% 1.8%
[libx264 @ 0x3ecd9b40] i8 v,h,dc,ddl,ddr,vr,hd,vl,hu: 27% 16% 13%  2%  6% 21%  4%  5%  6%
[libx264 @ 0x3ecd9b40] i4 v,h,dc,ddl,ddr,vr,hd,vl,hu: 43% 15% 10%  3%  6%  7%  6%  7%  4%
[libx264 @ 0x3ecd9b40] i8c dc,h,v,p: 68% 19% 11%  3%
[libx264 @ 0x3ecd9b40] Weighted P-Frames: Y:12.5% UV:0.0%
[libx264 @ 0x3ecd9b40] ref P L0: 79.0% 21.0%
[libx264 @ 0x3ecd9b40] kb/s:49.29
{"completed":1,"elapsed_ms":12587.027354,"event":"progress","stage":"encoding","total":38}
{"completed":2,"elapsed_ms":14028.978188,"event":"progress","stage":"sampling","total":38}
{"completed":3,"elapsed_ms":14029.83634,"event":"progress","stage":"projecting","total":38}
{"completed":4,"elapsed_ms":14087.860844,"event":"progress","stage":"block-00","total":38}
{"completed":5,"elapsed_ms":14886.769439,"event":"progress","stage":"block-01","total":38}
{"completed":6,"elapsed_ms":15257.425375,"event":"progress","stage":"block-02","total":38}
{"completed":7,"elapsed_ms":15618.024752,"event":"progress","stage":"block-03","total":38}
{"completed":8,"elapsed_ms":16018.762155,"event":"progress","stage":"block-04","total":38}
{"completed":9,"elapsed_ms":16433.044118,"event":"progress","stage":"block-05","total":38}
{"completed":10,"elapsed_ms":16795.203925,"event":"progress","stage":"block-06","total":38}
{"completed":11,"elapsed_ms":17159.134298,"event":"progress","stage":"block-07","total":38}
{"completed":12,"elapsed_ms":17524.389665,"event":"progress","stage":"block-08","total":38}
{"completed":13,"elapsed_ms":17883.582454,"event":"progress","stage":"block-09","total":38}
{"completed":14,"elapsed_ms":18251.328268,"event":"progress","stage":"block-10","total":38}
{"completed":15,"elapsed_ms":18590.038462,"event":"progress","stage":"block-11","total":38}
{"completed":16,"elapsed_ms":18956.264905,"event":"progress","stage":"block-12","total":38}
{"completed":17,"elapsed_ms":19337.300268,"event":"progress","stage":"block-13","total":38}
{"completed":18,"elapsed_ms":19682.55411,"event":"progress","stage":"block-14","total":38}
{"completed":19,"elapsed_ms":20059.597509,"event":"progress","stage":"block-15","total":38}
{"completed":20,"elapsed_ms":20438.199783,"event":"progress","stage":"block-16","total":38}
{"completed":21,"elapsed_ms":20787.195889,"event":"progress","stage":"block-17","total":38}
{"completed":22,"elapsed_ms":21154.928499,"event":"progress","stage":"block-18","total":38}
{"completed":23,"elapsed_ms":21500.80629,"event":"progress","stage":"block-19","total":38}
{"completed":24,"elapsed_ms":21844.827352,"event":"progress","stage":"block-20","total":38}
{"completed":25,"elapsed_ms":22199.33247,"event":"progress","stage":"block-21","total":38}
{"completed":26,"elapsed_ms":22554.201075,"event":"progress","stage":"block-22","total":38}
{"completed":27,"elapsed_ms":22910.729047,"event":"progress","stage":"block-23","total":38}
{"completed":28,"elapsed_ms":23253.530203,"event":"progress","stage":"block-24","total":38}
{"completed":29,"elapsed_ms":23603.528052,"event":"progress","stage":"block-25","total":38}
{"completed":30,"elapsed_ms":23963.278104,"event":"progress","stage":"block-26","total":38}
{"completed":31,"elapsed_ms":24305.799832,"event":"progress","stage":"block-27","total":38}
{"completed":32,"elapsed_ms":24662.683856,"event":"progress","stage":"block-28","total":38}
{"completed":33,"elapsed_ms":25008.084436,"event":"progress","stage":"block-29","total":38}
{"completed":34,"elapsed_ms":25358.764855,"event":"progress","stage":"block-30","total":38}
{"completed":35,"elapsed_ms":25721.048946,"event":"progress","stage":"block-31","total":38}
{"completed":36,"elapsed_ms":25982.533153,"event":"progress","stage":"denoising","total":38}
{"completed":37,"elapsed_ms":26025.852202,"event":"progress","stage":"decoding","total":38}
[libx264 @ 0x3ecd9b40] using cpu capabilities: MMX2 SSE2Fast SSSE3 SSE4.2 AVX FMA3 BMI2 AVX2 AVX512
[libx264 @ 0x3ecd9b40] profile High, level 1.0, 4:2:0, 8-bit
[libx264 @ 0x3ecd9b40] 264 - core 165 r3222 b35605a - H.264/MPEG-4 AVC codec - Copyleft 2003-2025 - http://www.videolan.org/x264.html - options: cabac=1 ref=2 deblock=1:0:0 analyse=0x3:0x113 me=hex subme=6 psy=1 psy_rd=1.00:0.00 mixed_ref=1 me_range=16 chroma_me=1 trellis=1 8x8dct=1 cqm=0 deadzone=21,11 fast_pskip=1 chroma_qp_offset=-2 threads=4 lookahead_threads=1 sliced_threads=0 nr=0 decimate=1 interlaced=0 bluray_compat=0 constrained_intra=0 bframes=0 weightp=1 keyint=250 keyint_min=8 scenecut=40 intra_refresh=0 rc_lookahead=30 rc=crf mbtree=1 crf=18.0 qcomp=0.60 qpmin=0 qpmax=69 qpstep=4 ip_ratio=1.40 aq=1:1.00
[mp4 @ 0x7f25a4361040] Starting second pass: moving the moov atom to the beginning of the file
[libx264 @ 0x3ecd9b40] frame I:1     Avg QP:20.92  size:  1799
[libx264 @ 0x3ecd9b40] frame P:8     Avg QP:20.15  size:  1452
[libx264 @ 0x3ecd9b40] mb I  I16..4:  2.5% 50.0% 47.5%
[libx264 @ 0x3ecd9b40] mb P  I16..4:  0.0% 14.7% 17.5%  P16..4: 19.7% 29.4% 14.4%  0.0%  0.0%    skip: 4.4%
[libx264 @ 0x3ecd9b40] 8x8 transform intra:46.9% inter:55.8%
[libx264 @ 0x3ecd9b40] coded y,uvDC,uvAC intra: 97.9% 90.9% 51.7% inter: 75.0% 55.3% 0.5%
[libx264 @ 0x3ecd9b40] i16 v,h,dc,p:  0%  0%  0% 100%
[libx264 @ 0x3ecd9b40] i8 v,h,dc,ddl,ddr,vr,hd,vl,hu: 21% 16% 15%  2%  3% 20%  5%  5% 13%
[libx264 @ 0x3ecd9b40] i4 v,h,dc,ddl,ddr,vr,hd,vl,hu: 32% 11%  9%  4%  8% 16%  4% 10%  5%
[libx264 @ 0x3ecd9b40] i8c dc,h,v,p: 55% 22% 17%  7%
[libx264 @ 0x3ecd9b40] Weighted P-Frames: Y:25.0% UV:0.0%
[libx264 @ 0x3ecd9b40] ref P L0: 87.8% 12.2%
[libx264 @ 0x3ecd9b40] kb/s:95.40
{"completed":38,"elapsed_ms":27441.232494,"event":"progress","stage":"completed","total":38}
