[0 NVIDIA GeForce RTX 4060 Laptop GPU]  queueC=2[8]  queueT=1[2]  rebar=1  r-score=76
[0 NVIDIA GeForce RTX 4060 Laptop GPU]  fp16-p/s/u/a=1/1/1/1  int8-p/s/u/a=1/1/1/1  bf16-p/s=1/1
[0 NVIDIA GeForce RTX 4060 Laptop GPU]  subgroup=32(32~32)  ops=1/1/1/1/1/1/1/1/1/1
[0 NVIDIA GeForce RTX 4060 Laptop GPU]  fp16-cm=16x16x16/16x8x16/16x8x8  int8-cm=16x16x32/16x8x32  bf16-cm=16x16x16  fp8-cm=16x16x32  fp6-cm=0  fp4-cm=0
[1 llvmpipe (LLVM 22.1.8, 256 bits)]  queueC=0[1]  queueT=0[1]  rebar=1  r-score=14
[1 llvmpipe (LLVM 22.1.8, 256 bits)]  fp16-p/s/u/a=1/1/1/1  int8-p/s/u/a=1/1/1/1  bf16-p/s=1/0
[1 llvmpipe (LLVM 22.1.8, 256 bits)]  subgroup=8(8~8)  ops=1/1/1/1/1/1/1/1/1/1
[1 llvmpipe (LLVM 22.1.8, 256 bits)]  fp16-cm=8x8x8  int8-cm=8x8x8  bf16-cm=0  fp8-cm=0  fp6-cm=0  fp4-cm=0
[2 llvmpipe (LLVM 17.0.6, 256 bits)]  queueC=0[1]  queueT=0[1]  rebar=1  r-score=4
[2 llvmpipe (LLVM 17.0.6, 256 bits)]  fp16-p/s/u/a=1/1/1/1  int8-p/s/u/a=1/1/1/1  bf16-p/s=1/0
[2 llvmpipe (LLVM 17.0.6, 256 bits)]  subgroup=8(8~8)  ops=1/1/1/1/1/1/0/1/0/0
[2 llvmpipe (LLVM 17.0.6, 256 bits)]  fp16-cm=0  int8-cm=0  bf16-cm=0  fp8-cm=0  fp6-cm=0  fp4-cm=0
{"completed":0,"elapsed_ms":836.516759,"event":"progress","stage":"validating","total":38}
{"completed":0,"elapsed_ms":841.507493,"event":"progress","stage":"validating","total":38}
{"completed":0,"elapsed_ms":1048.270139,"event":"progress","stage":"validating","total":38}
{"completed":0,"elapsed_ms":1555.080563,"event":"progress","stage":"validating","total":38}
{"completed":0,"elapsed_ms":2216.943175,"event":"progress","stage":"validating","total":38}
{"completed":0,"elapsed_ms":2964.311823,"event":"progress","stage":"validating","total":38}
{"completed":0,"elapsed_ms":3446.426118,"event":"progress","stage":"validating","total":38}
{"completed":0,"elapsed_ms":3815.813696,"event":"progress","stage":"validating","total":38}
{"completed":0,"elapsed_ms":4204.991199,"event":"progress","stage":"validating","total":38}
{"completed":0,"elapsed_ms":4583.995924,"event":"progress","stage":"validating","total":38}
{"completed":0,"elapsed_ms":4923.352079,"event":"progress","stage":"validating","total":38}
{"completed":0,"elapsed_ms":5269.609428,"event":"progress","stage":"validating","total":38}
{"completed":0,"elapsed_ms":5617.650799,"event":"progress","stage":"validating","total":38}
{"completed":0,"elapsed_ms":5959.556923,"event":"progress","stage":"validating","total":38}
{"completed":0,"elapsed_ms":6305.263181,"event":"progress","stage":"validating","total":38}
{"completed":0,"elapsed_ms":6641.353943,"event":"progress","stage":"validating","total":38}
{"completed":0,"elapsed_ms":6983.549825,"event":"progress","stage":"validating","total":38}
{"completed":0,"elapsed_ms":7317.50412,"event":"progress","stage":"validating","total":38}
{"completed":0,"elapsed_ms":7642.884759,"event":"progress","stage":"validating","total":38}
{"completed":0,"elapsed_ms":7968.223469,"event":"progress","stage":"validating","total":38}
{"completed":0,"elapsed_ms":8312.330524,"event":"progress","stage":"validating","total":38}
{"completed":0,"elapsed_ms":8643.103475,"event":"progress","stage":"validating","total":38}
{"completed":0,"elapsed_ms":8971.292573,"event":"progress","stage":"validating","total":38}
{"completed":0,"elapsed_ms":9302.610845,"event":"progress","stage":"validating","total":38}
{"completed":0,"elapsed_ms":9634.385951,"event":"progress","stage":"validating","total":38}
{"completed":0,"elapsed_ms":9966.243462,"event":"progress","stage":"validating","total":38}
{"completed":0,"elapsed_ms":10297.537108,"event":"progress","stage":"validating","total":38}
{"completed":0,"elapsed_ms":10623.136069,"event":"progress","stage":"validating","total":38}
{"completed":0,"elapsed_ms":10949.962181,"event":"progress","stage":"validating","total":38}
{"completed":0,"elapsed_ms":11278.208998,"event":"progress","stage":"validating","total":38}
{"completed":0,"elapsed_ms":11609.033817,"event":"progress","stage":"validating","total":38}
{"completed":0,"elapsed_ms":11944.796009,"event":"progress","stage":"validating","total":38}
{"completed":0,"elapsed_ms":12270.353362,"event":"progress","stage":"validating","total":38}
{"completed":0,"elapsed_ms":12601.468911,"event":"progress","stage":"validating","total":38}
{"completed":0,"elapsed_ms":12935.627632,"event":"progress","stage":"validating","total":38}
{"completed":0,"elapsed_ms":13152.223976,"event":"progress","stage":"validating","total":38}
{"completed":0,"elapsed_ms":13153.662705,"event":"progress","stage":"validating","total":38}
[libx264 @ 0x3d1c0ec0] using cpu capabilities: MMX2 SSE2Fast SSSE3 SSE4.2 AVX FMA3 BMI2 AVX2 AVX512
[libx264 @ 0x3d1c0ec0] profile High, level 1.0, 4:2:0, 8-bit
[libx264 @ 0x3d1c0ec0] 264 - core 165 r3222 b35605a - H.264/MPEG-4 AVC codec - Copyleft 2003-2025 - http://www.videolan.org/x264.html - options: cabac=1 ref=2 deblock=1:0:0 analyse=0x3:0x113 me=hex subme=6 psy=1 psy_rd=1.00:0.00 mixed_ref=1 me_range=16 chroma_me=1 trellis=1 8x8dct=1 cqm=0 deadzone=21,11 fast_pskip=1 chroma_qp_offset=-2 threads=4 lookahead_threads=1 sliced_threads=0 nr=0 decimate=1 interlaced=0 bluray_compat=0 constrained_intra=0 bframes=0 weightp=1 keyint=250 keyint_min=8 scenecut=40 intra_refresh=0 rc_lookahead=30 rc=crf mbtree=1 crf=18.0 qcomp=0.60 qpmin=0 qpmax=69 qpstep=4 ip_ratio=1.40 aq=1:1.00
[mp4 @ 0x3d1b9dc0] Starting second pass: moving the moov atom to the beginning of the file
[libx264 @ 0x3d1c0ec0] frame I:1     Avg QP:18.55  size:  1174
[libx264 @ 0x3d1c0ec0] frame P:7     Avg QP:18.86  size:   710
[libx264 @ 0x3d1c0ec0] mb I  I16..4:  0.0% 90.0% 10.0%
[libx264 @ 0x3d1c0ec0] mb P  I16..4:  0.0%  5.4%  2.1%  P16..4: 38.6% 34.3% 19.3%  0.0%  0.0%    skip: 0.4%
[libx264 @ 0x3d1c0ec0] 8x8 transform intra:83.6% inter:57.3%
[libx264 @ 0x3d1c0ec0] coded y,uvDC,uvAC intra: 96.3% 68.9% 19.7% inter: 67.0% 29.3% 2.3%
[libx264 @ 0x3d1c0ec0] i8 v,h,dc,ddl,ddr,vr,hd,vl,hu: 25% 16% 14%  4%  6% 23%  3%  3%  5%
[libx264 @ 0x3d1c0ec0] i4 v,h,dc,ddl,ddr,vr,hd,vl,hu: 58% 12%  2%  2%  2%  7%  6%  6%  4%
[libx264 @ 0x3d1c0ec0] i8c dc,h,v,p: 62% 25% 11%  2%
[libx264 @ 0x3d1c0ec0] Weighted P-Frames: Y:14.3% UV:0.0%
[libx264 @ 0x3d1c0ec0] ref P L0: 77.4% 22.6%
[libx264 @ 0x3d1c0ec0] kb/s:49.14
{"completed":1,"elapsed_ms":13549.463848,"event":"progress","stage":"encoding","total":38}
{"completed":2,"elapsed_ms":14360.709011,"event":"progress","stage":"sampling","total":38}
{"completed":3,"elapsed_ms":14361.249703,"event":"progress","stage":"projecting","total":38}
{"completed":4,"elapsed_ms":14381.169794,"event":"progress","stage":"block-00","total":38}
{"completed":5,"elapsed_ms":14927.363437,"event":"progress","stage":"block-01","total":38}
{"completed":6,"elapsed_ms":15394.355259,"event":"progress","stage":"block-02","total":38}
{"completed":7,"elapsed_ms":15753.050226,"event":"progress","stage":"block-03","total":38}
{"completed":8,"elapsed_ms":16126.556058,"event":"progress","stage":"block-04","total":38}
{"completed":9,"elapsed_ms":16473.727084,"event":"progress","stage":"block-05","total":38}
{"completed":10,"elapsed_ms":16812.813058,"event":"progress","stage":"block-06","total":38}
{"completed":11,"elapsed_ms":17170.437812,"event":"progress","stage":"block-07","total":38}
{"completed":12,"elapsed_ms":17547.402973,"event":"progress","stage":"block-08","total":38}
{"completed":13,"elapsed_ms":17892.330708,"event":"progress","stage":"block-09","total":38}
{"completed":14,"elapsed_ms":18244.915848,"event":"progress","stage":"block-10","total":38}
{"completed":15,"elapsed_ms":18585.150072,"event":"progress","stage":"block-11","total":38}
{"completed":16,"elapsed_ms":18921.692819,"event":"progress","stage":"block-12","total":38}
{"completed":17,"elapsed_ms":19272.656744,"event":"progress","stage":"block-13","total":38}
{"completed":18,"elapsed_ms":19603.789185,"event":"progress","stage":"block-14","total":38}
{"completed":19,"elapsed_ms":19946.798144,"event":"progress","stage":"block-15","total":38}
{"completed":20,"elapsed_ms":20293.855455,"event":"progress","stage":"block-16","total":38}
{"completed":21,"elapsed_ms":20629.534749,"event":"progress","stage":"block-17","total":38}
{"completed":22,"elapsed_ms":20984.238964,"event":"progress","stage":"block-18","total":38}
{"completed":23,"elapsed_ms":21331.93395,"event":"progress","stage":"block-19","total":38}
{"completed":24,"elapsed_ms":21671.639886,"event":"progress","stage":"block-20","total":38}
{"completed":25,"elapsed_ms":22006.974179,"event":"progress","stage":"block-21","total":38}
{"completed":26,"elapsed_ms":22364.502381,"event":"progress","stage":"block-22","total":38}
{"completed":27,"elapsed_ms":22693.899802,"event":"progress","stage":"block-23","total":38}
{"completed":28,"elapsed_ms":23022.310549,"event":"progress","stage":"block-24","total":38}
{"completed":29,"elapsed_ms":23374.10829,"event":"progress","stage":"block-25","total":38}
{"completed":30,"elapsed_ms":23707.987392,"event":"progress","stage":"block-26","total":38}
{"completed":31,"elapsed_ms":24054.278064,"event":"progress","stage":"block-27","total":38}
{"completed":32,"elapsed_ms":24389.554868,"event":"progress","stage":"block-28","total":38}
{"completed":33,"elapsed_ms":24738.810715,"event":"progress","stage":"block-29","total":38}
{"completed":34,"elapsed_ms":25079.835002,"event":"progress","stage":"block-30","total":38}
{"completed":35,"elapsed_ms":25446.236276,"event":"progress","stage":"block-31","total":38}
{"completed":36,"elapsed_ms":25694.8362,"event":"progress","stage":"denoising","total":38}
{"completed":37,"elapsed_ms":25706.754728,"event":"progress","stage":"decoding","total":38}
[libx264 @ 0x3d1c0ec0] using cpu capabilities: MMX2 SSE2Fast SSSE3 SSE4.2 AVX FMA3 BMI2 AVX2 AVX512
[libx264 @ 0x3d1c0ec0] profile High, level 1.0, 4:2:0, 8-bit
[libx264 @ 0x3d1c0ec0] 264 - core 165 r3222 b35605a - H.264/MPEG-4 AVC codec - Copyleft 2003-2025 - http://www.videolan.org/x264.html - options: cabac=1 ref=2 deblock=1:0:0 analyse=0x3:0x113 me=hex subme=6 psy=1 psy_rd=1.00:0.00 mixed_ref=1 me_range=16 chroma_me=1 trellis=1 8x8dct=1 cqm=0 deadzone=21,11 fast_pskip=1 chroma_qp_offset=-2 threads=4 lookahead_threads=1 sliced_threads=0 nr=0 decimate=1 interlaced=0 bluray_compat=0 constrained_intra=0 bframes=0 weightp=1 keyint=250 keyint_min=8 scenecut=40 intra_refresh=0 rc_lookahead=30 rc=crf mbtree=1 crf=18.0 qcomp=0.60 qpmin=0 qpmax=69 qpstep=4 ip_ratio=1.40 aq=1:1.00
[mp4 @ 0x3e391d40] Starting second pass: moving the moov atom to the beginning of the file
[libx264 @ 0x3d1c0ec0] frame I:1     Avg QP:20.90  size:  1780
[libx264 @ 0x3d1c0ec0] frame P:7     Avg QP:19.92  size:  1392
[libx264 @ 0x3d1c0ec0] mb I  I16..4:  0.0% 67.5% 32.5%
[libx264 @ 0x3d1c0ec0] mb P  I16..4:  0.0% 10.0% 16.8%  P16..4: 23.6% 28.2% 15.4%  0.0%  0.0%    skip: 6.1%
[libx264 @ 0x3d1c0ec0] 8x8 transform intra:47.8% inter:54.3%
[libx264 @ 0x3d1c0ec0] coded y,uvDC,uvAC intra: 99.3% 94.8% 53.9% inter: 72.6% 51.2% 1.0%
[libx264 @ 0x3d1c0ec0] i8 v,h,dc,ddl,ddr,vr,hd,vl,hu: 15% 14% 16%  5%  5% 23%  6%  5% 10%
[libx264 @ 0x3d1c0ec0] i4 v,h,dc,ddl,ddr,vr,hd,vl,hu: 36%  8%  9%  3%  8% 20%  5%  6%  6%
[libx264 @ 0x3d1c0ec0] i8c dc,h,v,p: 49% 23% 24%  3%
[libx264 @ 0x3d1c0ec0] Weighted P-Frames: Y:42.9% UV:0.0%
[libx264 @ 0x3d1c0ec0] ref P L0: 88.4% 11.6%
[libx264 @ 0x3d1c0ec0] kb/s:92.18
{"completed":38,"elapsed_ms":26942.475752,"event":"progress","stage":"completed","total":38}
