[0 NVIDIA GeForce RTX 4060 Laptop GPU]  queueC=2[8]  queueT=1[2]  rebar=1  r-score=76
[0 NVIDIA GeForce RTX 4060 Laptop GPU]  fp16-p/s/u/a=1/1/1/1  int8-p/s/u/a=1/1/1/1  bf16-p/s=1/1
[0 NVIDIA GeForce RTX 4060 Laptop GPU]  subgroup=32(32~32)  ops=1/1/1/1/1/1/1/1/1/1
[0 NVIDIA GeForce RTX 4060 Laptop GPU]  fp16-cm=16x16x16/16x8x16/16x8x8  int8-cm=16x16x32/16x8x32  bf16-cm=16x16x16  fp8-cm=16x16x32  fp6-cm=0  fp4-cm=0
[1 llvmpipe (LLVM 22.1.8, 256 bits)]  queueC=0[1]  queueT=0[1]  rebar=1  r-score=14
[1 llvmpipe (LLVM 22.1.8, 256 bits)]  fp16-p/s/u/a=1/1/1/1  int8-p/s/u/a=1/1/1/1  bf16-p/s=1/0
[1 llvmpipe (LLVM 22.1.8, 256 bits)]  subgroup=8(8~8)  ops=1/1/1/1/1/1/1/1/1/1
[1 llvmpipe (LLVM 22.1.8, 256 bits)]  fp16-cm=8x8x8  int8-cm=8x8x8  bf16-cm=0  fp8-cm=0  fp6-cm=0  fp4-cm=0
[2 llvmpipe (LLVM 17.0.6, 256 bits)]  queueC=0[1]  queueT=0[1]  rebar=1  r-score=4
[2 llvmpipe (LLVM 17.0.6, 256 bits)]  fp16-p/s/u/a=1/1/1/1  int8-p/s/u/a=1/1/1/1  bf16-p/s=1/0
[2 llvmpipe (LLVM 17.0.6, 256 bits)]  subgroup=8(8~8)  ops=1/1/1/1/1/1/0/1/0/0
[2 llvmpipe (LLVM 17.0.6, 256 bits)]  fp16-cm=0  int8-cm=0  bf16-cm=0  fp8-cm=0  fp6-cm=0  fp4-cm=0
{"completed":0,"elapsed_ms":239.366247,"event":"progress","stage":"validating","total":38}
{"completed":0,"elapsed_ms":244.664769,"event":"progress","stage":"validating","total":38}
{"completed":0,"elapsed_ms":465.734369,"event":"progress","stage":"validating","total":38}
{"completed":0,"elapsed_ms":811.138483,"event":"progress","stage":"validating","total":38}
{"completed":0,"elapsed_ms":1145.955212,"event":"progress","stage":"validating","total":38}
{"completed":0,"elapsed_ms":1480.071178,"event":"progress","stage":"validating","total":38}
{"completed":0,"elapsed_ms":1832.258736,"event":"progress","stage":"validating","total":38}
{"completed":0,"elapsed_ms":2188.056369,"event":"progress","stage":"validating","total":38}
{"completed":0,"elapsed_ms":2548.821328,"event":"progress","stage":"validating","total":38}
{"completed":0,"elapsed_ms":2888.023915,"event":"progress","stage":"validating","total":38}
{"completed":0,"elapsed_ms":3193.151543,"event":"progress","stage":"validating","total":38}
{"completed":0,"elapsed_ms":3512.204547,"event":"progress","stage":"validating","total":38}
{"completed":0,"elapsed_ms":3849.663082,"event":"progress","stage":"validating","total":38}
{"completed":0,"elapsed_ms":4168.3843,"event":"progress","stage":"validating","total":38}
{"completed":0,"elapsed_ms":4497.858705,"event":"progress","stage":"validating","total":38}
{"completed":0,"elapsed_ms":4873.644907,"event":"progress","stage":"validating","total":38}
{"completed":0,"elapsed_ms":5243.329182,"event":"progress","stage":"validating","total":38}
{"completed":0,"elapsed_ms":5606.917521,"event":"progress","stage":"validating","total":38}
{"completed":0,"elapsed_ms":5967.352687,"event":"progress","stage":"validating","total":38}
{"completed":0,"elapsed_ms":6321.02639,"event":"progress","stage":"validating","total":38}
{"completed":0,"elapsed_ms":6672.099705,"event":"progress","stage":"validating","total":38}
{"completed":0,"elapsed_ms":7009.605841,"event":"progress","stage":"validating","total":38}
{"completed":0,"elapsed_ms":7343.893251,"event":"progress","stage":"validating","total":38}
{"completed":0,"elapsed_ms":7681.036361,"event":"progress","stage":"validating","total":38}
{"completed":0,"elapsed_ms":8007.003576,"event":"progress","stage":"validating","total":38}
{"completed":0,"elapsed_ms":8334.915441,"event":"progress","stage":"validating","total":38}
{"completed":0,"elapsed_ms":8658.142764,"event":"progress","stage":"validating","total":38}
{"completed":0,"elapsed_ms":8982.497324,"event":"progress","stage":"validating","total":38}
{"completed":0,"elapsed_ms":9301.780693,"event":"progress","stage":"validating","total":38}
{"completed":0,"elapsed_ms":9627.186117,"event":"progress","stage":"validating","total":38}
{"completed":0,"elapsed_ms":9952.801207,"event":"progress","stage":"validating","total":38}
{"completed":0,"elapsed_ms":10300.446381,"event":"progress","stage":"validating","total":38}
{"completed":0,"elapsed_ms":10646.524547,"event":"progress","stage":"validating","total":38}
{"completed":0,"elapsed_ms":10993.000404,"event":"progress","stage":"validating","total":38}
{"completed":0,"elapsed_ms":11337.503116,"event":"progress","stage":"validating","total":38}
{"completed":0,"elapsed_ms":11567.68116,"event":"progress","stage":"validating","total":38}
{"completed":0,"elapsed_ms":11568.919216,"event":"progress","stage":"validating","total":38}
[libx264 @ 0x3bc774c0] using cpu capabilities: MMX2 SSE2Fast SSSE3 SSE4.2 AVX FMA3 BMI2 AVX2 AVX512
[libx264 @ 0x3bc774c0] profile High, level 1.0, 4:2:0, 8-bit
[libx264 @ 0x3bc774c0] 264 - core 165 r3222 b35605a - H.264/MPEG-4 AVC codec - Copyleft 2003-2025 - http://www.videolan.org/x264.html - options: cabac=1 ref=2 deblock=1:0:0 analyse=0x3:0x113 me=hex subme=6 psy=1 psy_rd=1.00:0.00 mixed_ref=1 me_range=16 chroma_me=1 trellis=1 8x8dct=1 cqm=0 deadzone=21,11 fast_pskip=1 chroma_qp_offset=-2 threads=4 lookahead_threads=1 sliced_threads=0 nr=0 decimate=1 interlaced=0 bluray_compat=0 constrained_intra=0 bframes=0 weightp=1 keyint=250 keyint_min=8 scenecut=40 intra_refresh=0 rc_lookahead=30 rc=crf mbtree=1 crf=18.0 qcomp=0.60 qpmin=0 qpmax=69 qpstep=4 ip_ratio=1.40 aq=1:1.00
[mp4 @ 0x3bb92140] Starting second pass: moving the moov atom to the beginning of the file
[libx264 @ 0x3bc774c0] frame I:1     Avg QP:18.55  size:  1174
[libx264 @ 0x3bc774c0] frame P:8     Avg QP:18.89  size:   723
[libx264 @ 0x3bc774c0] mb I  I16..4:  0.0% 90.0% 10.0%
[libx264 @ 0x3bc774c0] mb P  I16..4:  0.0%  8.1%  1.9%  P16..4: 35.0% 35.3% 17.8%  0.0%  0.0%    skip: 1.9%
[libx264 @ 0x3bc774c0] 8x8 transform intra:86.1% inter:62.1%
[libx264 @ 0x3bc774c0] coded y,uvDC,uvAC intra: 96.5% 72.2% 22.2% inter: 67.7% 32.6% 1.4%
[libx264 @ 0x3bc774c0] i8 v,h,dc,ddl,ddr,vr,hd,vl,hu: 28% 15% 13%  3%  6% 23%  3%  3%  5%
[libx264 @ 0x3bc774c0] i4 v,h,dc,ddl,ddr,vr,hd,vl,hu: 46% 18% 10%  2%  4%  7%  5%  4%  4%
[libx264 @ 0x3bc774c0] i8c dc,h,v,p: 64% 22% 12%  1%
[libx264 @ 0x3bc774c0] Weighted P-Frames: Y:12.5% UV:0.0%
[libx264 @ 0x3bc774c0] ref P L0: 80.1% 19.9%
[libx264 @ 0x3bc774c0] kb/s:49.49
{"completed":1,"elapsed_ms":11871.99437,"event":"progress","stage":"encoding","total":38}
{"completed":2,"elapsed_ms":12667.508681,"event":"progress","stage":"sampling","total":38}
{"completed":3,"elapsed_ms":12668.040454,"event":"progress","stage":"projecting","total":38}
{"completed":4,"elapsed_ms":12684.892053,"event":"progress","stage":"block-00","total":38}
overwrite built-in layer type RMSNorm
overwrite built-in layer type InnerProduct
push_constant_count not match, expect 0 but got 2
push_constant_count not match, expect 0 but got 2
{"completed":5,"elapsed_ms":13151.170088,"event":"progress","stage":"block-01","total":38}
overwrite built-in layer type RMSNorm
overwrite built-in layer type InnerProduct
push_constant_count not match, expect 0 but got 2
push_constant_count not match, expect 0 but got 2
{"completed":6,"elapsed_ms":13495.052019,"event":"progress","stage":"block-02","total":38}
overwrite built-in layer type RMSNorm
overwrite built-in layer type InnerProduct
push_constant_count not match, expect 0 but got 2
push_constant_count not match, expect 0 but got 2
{"completed":7,"elapsed_ms":13858.549385,"event":"progress","stage":"block-03","total":38}
overwrite built-in layer type RMSNorm
overwrite built-in layer type InnerProduct
push_constant_count not match, expect 0 but got 2
push_constant_count not match, expect 0 but got 2
{"completed":8,"elapsed_ms":14239.847232,"event":"progress","stage":"block-04","total":38}
overwrite built-in layer type RMSNorm
overwrite built-in layer type InnerProduct
push_constant_count not match, expect 0 but got 2
push_constant_count not match, expect 0 but got 2
{"completed":9,"elapsed_ms":14622.407902,"event":"progress","stage":"block-05","total":38}
overwrite built-in layer type RMSNorm
overwrite built-in layer type InnerProduct
push_constant_count not match, expect 0 but got 2
push_constant_count not match, expect 0 but got 2
{"completed":10,"elapsed_ms":14983.684918,"event":"progress","stage":"block-06","total":38}
overwrite built-in layer type RMSNorm
overwrite built-in layer type InnerProduct
push_constant_count not match, expect 0 but got 2
push_constant_count not match, expect 0 but got 2
{"completed":11,"elapsed_ms":15320.993651,"event":"progress","stage":"block-07","total":38}
overwrite built-in layer type RMSNorm
overwrite built-in layer type InnerProduct
push_constant_count not match, expect 0 but got 2
push_constant_count not match, expect 0 but got 2
{"completed":12,"elapsed_ms":15696.942861,"event":"progress","stage":"block-08","total":38}
overwrite built-in layer type RMSNorm
overwrite built-in layer type InnerProduct
push_constant_count not match, expect 0 but got 2
push_constant_count not match, expect 0 but got 2
{"completed":13,"elapsed_ms":16088.547142,"event":"progress","stage":"block-09","total":38}
overwrite built-in layer type RMSNorm
overwrite built-in layer type InnerProduct
push_constant_count not match, expect 0 but got 2
push_constant_count not match, expect 0 but got 2
{"completed":14,"elapsed_ms":16448.106876,"event":"progress","stage":"block-10","total":38}
overwrite built-in layer type RMSNorm
overwrite built-in layer type InnerProduct
push_constant_count not match, expect 0 but got 2
push_constant_count not match, expect 0 but got 2
{"completed":15,"elapsed_ms":16809.77506,"event":"progress","stage":"block-11","total":38}
overwrite built-in layer type RMSNorm
overwrite built-in layer type InnerProduct
push_constant_count not match, expect 0 but got 2
push_constant_count not match, expect 0 but got 2
{"completed":16,"elapsed_ms":17178.811973,"event":"progress","stage":"block-12","total":38}
overwrite built-in layer type RMSNorm
overwrite built-in layer type InnerProduct
push_constant_count not match, expect 0 but got 2
push_constant_count not match, expect 0 but got 2
{"completed":17,"elapsed_ms":17545.156393,"event":"progress","stage":"block-13","total":38}
overwrite built-in layer type RMSNorm
overwrite built-in layer type InnerProduct
push_constant_count not match, expect 0 but got 2
push_constant_count not match, expect 0 but got 2
{"completed":18,"elapsed_ms":17903.336553,"event":"progress","stage":"block-14","total":38}
overwrite built-in layer type RMSNorm
overwrite built-in layer type InnerProduct
push_constant_count not match, expect 0 but got 2
push_constant_count not match, expect 0 but got 2
{"completed":19,"elapsed_ms":18274.272351,"event":"progress","stage":"block-15","total":38}
overwrite built-in layer type RMSNorm
overwrite built-in layer type InnerProduct
push_constant_count not match, expect 0 but got 2
push_constant_count not match, expect 0 but got 2
{"completed":20,"elapsed_ms":18661.148837,"event":"progress","stage":"block-16","total":38}
overwrite built-in layer type RMSNorm
overwrite built-in layer type InnerProduct
push_constant_count not match, expect 0 but got 2
push_constant_count not match, expect 0 but got 2
{"completed":21,"elapsed_ms":19056.014655,"event":"progress","stage":"block-17","total":38}
overwrite built-in layer type RMSNorm
overwrite built-in layer type InnerProduct
push_constant_count not match, expect 0 but got 2
push_constant_count not match, expect 0 but got 2
{"completed":22,"elapsed_ms":19450.978457,"event":"progress","stage":"block-18","total":38}
overwrite built-in layer type RMSNorm
overwrite built-in layer type InnerProduct
push_constant_count not match, expect 0 but got 2
push_constant_count not match, expect 0 but got 2
{"completed":23,"elapsed_ms":19818.578067,"event":"progress","stage":"block-19","total":38}
overwrite built-in layer type RMSNorm
overwrite built-in layer type InnerProduct
push_constant_count not match, expect 0 but got 2
push_constant_count not match, expect 0 but got 2
{"completed":24,"elapsed_ms":20211.050637,"event":"progress","stage":"block-20","total":38}
overwrite built-in layer type RMSNorm
overwrite built-in layer type InnerProduct
push_constant_count not match, expect 0 but got 2
push_constant_count not match, expect 0 but got 2
{"completed":25,"elapsed_ms":20604.253916999998,"event":"progress","stage":"block-21","total":38}
overwrite built-in layer type RMSNorm
overwrite built-in layer type InnerProduct
push_constant_count not match, expect 0 but got 2
push_constant_count not match, expect 0 but got 2
{"completed":26,"elapsed_ms":20945.607074,"event":"progress","stage":"block-22","total":38}
overwrite built-in layer type RMSNorm
overwrite built-in layer type InnerProduct
push_constant_count not match, expect 0 but got 2
push_constant_count not match, expect 0 but got 2
{"completed":27,"elapsed_ms":21316.897971,"event":"progress","stage":"block-23","total":38}
overwrite built-in layer type RMSNorm
overwrite built-in layer type InnerProduct
push_constant_count not match, expect 0 but got 2
push_constant_count not match, expect 0 but got 2
{"completed":28,"elapsed_ms":21714.062358,"event":"progress","stage":"block-24","total":38}
overwrite built-in layer type RMSNorm
overwrite built-in layer type InnerProduct
push_constant_count not match, expect 0 but got 2
push_constant_count not match, expect 0 but got 2
{"completed":29,"elapsed_ms":22046.044095,"event":"progress","stage":"block-25","total":38}
overwrite built-in layer type RMSNorm
overwrite built-in layer type InnerProduct
push_constant_count not match, expect 0 but got 2
push_constant_count not match, expect 0 but got 2
{"completed":30,"elapsed_ms":22410.921396,"event":"progress","stage":"block-26","total":38}
overwrite built-in layer type RMSNorm
overwrite built-in layer type InnerProduct
push_constant_count not match, expect 0 but got 2
push_constant_count not match, expect 0 but got 2
{"completed":31,"elapsed_ms":22768.840093,"event":"progress","stage":"block-27","total":38}
overwrite built-in layer type RMSNorm
overwrite built-in layer type InnerProduct
push_constant_count not match, expect 0 but got 2
push_constant_count not match, expect 0 but got 2
{"completed":32,"elapsed_ms":23121.302509,"event":"progress","stage":"block-28","total":38}
overwrite built-in layer type RMSNorm
overwrite built-in layer type InnerProduct
push_constant_count not match, expect 0 but got 2
push_constant_count not match, expect 0 but got 2
{"completed":33,"elapsed_ms":23469.979822,"event":"progress","stage":"block-29","total":38}
overwrite built-in layer type RMSNorm
overwrite built-in layer type InnerProduct
push_constant_count not match, expect 0 but got 2
push_constant_count not match, expect 0 but got 2
{"completed":34,"elapsed_ms":23843.511299,"event":"progress","stage":"block-30","total":38}
overwrite built-in layer type RMSNorm
overwrite built-in layer type InnerProduct
push_constant_count not match, expect 0 but got 2
push_constant_count not match, expect 0 but got 2
{"completed":35,"elapsed_ms":24207.534467,"event":"progress","stage":"block-31","total":38}
overwrite built-in layer type RMSNorm
overwrite built-in layer type InnerProduct
push_constant_count not match, expect 0 but got 2
push_constant_count not match, expect 0 but got 2
{"completed":36,"elapsed_ms":24480.159764,"event":"progress","stage":"denoising","total":38}
{"completed":37,"elapsed_ms":24511.688588,"event":"progress","stage":"decoding","total":38}
[libx264 @ 0x3d231a40] using cpu capabilities: MMX2 SSE2Fast SSSE3 SSE4.2 AVX FMA3 BMI2 AVX2 AVX512
[libx264 @ 0x3d231a40] profile High, level 1.0, 4:2:0, 8-bit
[libx264 @ 0x3d231a40] 264 - core 165 r3222 b35605a - H.264/MPEG-4 AVC codec - Copyleft 2003-2025 - http://www.videolan.org/x264.html - options: cabac=1 ref=2 deblock=1:0:0 analyse=0x3:0x113 me=hex subme=6 psy=1 psy_rd=1.00:0.00 mixed_ref=1 me_range=16 chroma_me=1 trellis=1 8x8dct=1 cqm=0 deadzone=21,11 fast_pskip=1 chroma_qp_offset=-2 threads=4 lookahead_threads=1 sliced_threads=0 nr=0 decimate=1 interlaced=0 bluray_compat=0 constrained_intra=0 bframes=0 weightp=1 keyint=250 keyint_min=8 scenecut=40 intra_refresh=0 rc_lookahead=30 rc=crf mbtree=1 crf=18.0 qcomp=0.60 qpmin=0 qpmax=69 qpstep=4 ip_ratio=1.40 aq=1:1.00
[mp4 @ 0x3e770380] Starting second pass: moving the moov atom to the beginning of the file
[libx264 @ 0x3d231a40] frame I:1     Avg QP:20.92  size:  1799
[libx264 @ 0x3d231a40] frame P:8     Avg QP:20.10  size:  1442
[libx264 @ 0x3d231a40] mb I  I16..4:  2.5% 50.0% 47.5%
[libx264 @ 0x3d231a40] mb P  I16..4:  0.0% 14.1% 17.8%  P16..4: 18.8% 28.8% 15.6%  0.0%  0.0%    skip: 5.0%
[libx264 @ 0x3d231a40] 8x8 transform intra:45.8% inter:51.0%
[libx264 @ 0x3d231a40] coded y,uvDC,uvAC intra: 97.5% 91.5% 53.5% inter: 74.9% 55.0% 0.5%
[libx264 @ 0x3d231a40] i16 v,h,dc,p:  0%  0%  0% 100%
[libx264 @ 0x3d231a40] i8 v,h,dc,ddl,ddr,vr,hd,vl,hu: 25% 15% 14%  2%  3% 20%  5%  5% 12%
[libx264 @ 0x3d231a40] i4 v,h,dc,ddl,ddr,vr,hd,vl,hu: 31% 11% 10%  4%  8% 17%  5%  9%  5%
[libx264 @ 0x3d231a40] i8c dc,h,v,p: 58% 19% 18%  6%
[libx264 @ 0x3d231a40] Weighted P-Frames: Y:25.0% UV:0.0%
[libx264 @ 0x3d231a40] ref P L0: 88.5% 11.5%
[libx264 @ 0x3d231a40] kb/s:94.86
{"completed":38,"elapsed_ms":25661.652697,"event":"progress","stage":"completed","total":38}
