Validation Error: [ VUID-VkComputePipelineCreateInfo-layout-07987 ] | MessageID = 0x92cd2576
vkCreateComputePipelines(): pCreateInfos[0].stage SPIR-V (VK_SHADER_STAGE_COMPUTE_BIT) is using push constants, but no VkPushConstantRange were found in VkPipelineLayout 0x2270000000227.
The Vulkan spec states: If a push constant block is declared in a shader and layout is not VK_NULL_HANDLE, a push constant range in layout must match the shader stage (https://docs.vulkan.org/spec/latest/chapters/pipelines.html#VUID-VkComputePipelineCreateInfo-layout-07987)
Objects: 2
    [0] VkShaderModule 0x2250000000225
    [1] VkPipelineLayout 0x2270000000227

Validation Error: [ VUID-vkCmdPushConstants-offset-01795 ] | MessageID = 0x27bc88c6
vkCmdPushConstants(): is called with
  stageFlags (VK_SHADER_STAGE_COMPUTE_BIT), offset (0), size (8)
but VkPipelineLayout 0x2270000000227 doesn't have any valid VkPushConstantRange:
The Vulkan spec states: For each byte in the range specified by offset and size and for each shader stage in stageFlags, there must be a push constant range in layout that includes that byte and that stage (https://docs.vulkan.org/spec/latest/chapters/descriptorsets.html#VUID-vkCmdPushConstants-offset-01795)
Objects: 1
    [0] VkCommandBuffer 0x7f728fb33c40

Validation Error: [ VUID-vkCmdPushConstants-offset-01795 ] | MessageID = 0x27bc88c6
vkCmdPushConstants(): is called with
  stageFlags (VK_SHADER_STAGE_COMPUTE_BIT), offset (0), size (8)
but VkPipelineLayout 0x2270000000227 doesn't have any valid VkPushConstantRange:
The Vulkan spec states: For each byte in the range specified by offset and size and for each shader stage in stageFlags, there must be a push constant range in layout that includes that byte and that stage (https://docs.vulkan.org/spec/latest/chapters/descriptorsets.html#VUID-vkCmdPushConstants-offset-01795)
Objects: 1
    [0] VkCommandBuffer 0x7f728fb33c40

Validation Error: [ VUID-vkCmdPushConstants-offset-01795 ] | MessageID = 0x27bc88c6
vkCmdPushConstants(): is called with
  stageFlags (VK_SHADER_STAGE_COMPUTE_BIT), offset (0), size (8)
but VkPipelineLayout 0x2270000000227 doesn't have any valid VkPushConstantRange:
The Vulkan spec states: For each byte in the range specified by offset and size and for each shader stage in stageFlags, there must be a push constant range in layout that includes that byte and that stage (https://docs.vulkan.org/spec/latest/chapters/descriptorsets.html#VUID-vkCmdPushConstants-offset-01795)
Objects: 1
    [0] VkCommandBuffer 0x7f728fb33c40

Validation Error: [ VUID-vkCmdPushConstants-offset-01795 ] | MessageID = 0x27bc88c6
vkCmdPushConstants(): is called with
  stageFlags (VK_SHADER_STAGE_COMPUTE_BIT), offset (0), size (8)
but VkPipelineLayout 0x2270000000227 doesn't have any valid VkPushConstantRange:
The Vulkan spec states: For each byte in the range specified by offset and size and for each shader stage in stageFlags, there must be a push constant range in layout that includes that byte and that stage (https://docs.vulkan.org/spec/latest/chapters/descriptorsets.html#VUID-vkCmdPushConstants-offset-01795)
Objects: 1
    [0] VkCommandBuffer 0x7f728fb33c40

Validation Error: [ VUID-vkCmdPushConstants-offset-01795 ] | MessageID = 0x27bc88c6
vkCmdPushConstants(): is called with
  stageFlags (VK_SHADER_STAGE_COMPUTE_BIT), offset (0), size (8)
but VkPipelineLayout 0x2270000000227 doesn't have any valid VkPushConstantRange:
The Vulkan spec states: For each byte in the range specified by offset and size and for each shader stage in stageFlags, there must be a push constant range in layout that includes that byte and that stage (https://docs.vulkan.org/spec/latest/chapters/descriptorsets.html#VUID-vkCmdPushConstants-offset-01795)
Objects: 1
    [0] VkCommandBuffer 0x7f728fb33c40

Validation Error: [ VUID-vkCmdPushConstants-offset-01795 ] | MessageID = 0x27bc88c6
vkCmdPushConstants(): is called with
  stageFlags (VK_SHADER_STAGE_COMPUTE_BIT), offset (0), size (8)
but VkPipelineLayout 0x2270000000227 doesn't have any valid VkPushConstantRange:
The Vulkan spec states: For each byte in the range specified by offset and size and for each shader stage in stageFlags, there must be a push constant range in layout that includes that byte and that stage (https://docs.vulkan.org/spec/latest/chapters/descriptorsets.html#VUID-vkCmdPushConstants-offset-01795)
Objects: 1
    [0] VkCommandBuffer 0x7f728fb33c40

Validation Error: [ VUID-vkCmdPushConstants-offset-01795 ] | MessageID = 0x27bc88c6
vkCmdPushConstants(): is called with
  stageFlags (VK_SHADER_STAGE_COMPUTE_BIT), offset (0), size (8)
but VkPipelineLayout 0x2270000000227 doesn't have any valid VkPushConstantRange:
The Vulkan spec states: For each byte in the range specified by offset and size and for each shader stage in stageFlags, there must be a push constant range in layout that includes that byte and that stage (https://docs.vulkan.org/spec/latest/chapters/descriptorsets.html#VUID-vkCmdPushConstants-offset-01795)
Objects: 1
    [0] VkCommandBuffer 0x7f728fb33c40

Validation Error: [ VUID-vkCmdPushConstants-offset-01795 ] | MessageID = 0x27bc88c6
vkCmdPushConstants(): is called with
  stageFlags (VK_SHADER_STAGE_COMPUTE_BIT), offset (0), size (8)
but VkPipelineLayout 0x2270000000227 doesn't have any valid VkPushConstantRange:
The Vulkan spec states: For each byte in the range specified by offset and size and for each shader stage in stageFlags, there must be a push constant range in layout that includes that byte and that stage (https://docs.vulkan.org/spec/latest/chapters/descriptorsets.html#VUID-vkCmdPushConstants-offset-01795)
Objects: 1
    [0] VkCommandBuffer 0x7f728fb33c40

Validation Error: [ VUID-vkCmdPushConstants-offset-01795 ] | MessageID = 0x27bc88c6
vkCmdPushConstants(): is called with
  stageFlags (VK_SHADER_STAGE_COMPUTE_BIT), offset (0), size (8)
but VkPipelineLayout 0x2270000000227 doesn't have any valid VkPushConstantRange:
The Vulkan spec states: For each byte in the range specified by offset and size and for each shader stage in stageFlags, there must be a push constant range in layout that includes that byte and that stage (https://docs.vulkan.org/spec/latest/chapters/descriptorsets.html#VUID-vkCmdPushConstants-offset-01795)
Objects: 1
    [0] VkCommandBuffer 0x7f728fb33c40

Validation Error: [ VUID-vkCmdPushConstants-offset-01795 ] | MessageID = 0x27bc88c6
(Warning - This VUID has now been reported 10 times, which is the duplicate_message_limit value, this will be the last time reporting it).
vkCmdPushConstants(): is called with
  stageFlags (VK_SHADER_STAGE_COMPUTE_BIT), offset (0), size (8)
but VkPipelineLayout 0x2270000000227 doesn't have any valid VkPushConstantRange:
The Vulkan spec states: For each byte in the range specified by offset and size and for each shader stage in stageFlags, there must be a push constant range in layout that includes that byte and that stage (https://docs.vulkan.org/spec/latest/chapters/descriptorsets.html#VUID-vkCmdPushConstants-offset-01795)
Objects: 1
    [0] VkCommandBuffer 0x7f728fb33c40

{
  "backend": "ncnn-vulkan",
  "build": "0.7.0",
  "clip": {
    "decoded_frames": 8,
    "latent_frames": 3,
    "padded_frames": 9,
    "padding": "repeat last frame to 4n+1; crop output to decoded frame count",
    "requested_max_frames": 8,
    "streaming_cache": false,
    "temporal_mode": "joint clip VAE + 3D adaptive window attention",
    "truncated": false
  },
  "comparison_input": "comparison-input.mp4",
  "converter_ncnn_commit": "6a1bf000f363714839a36793addc8c879d3d899e",
  "device": {
    "api_version": 4211017,
    "device_id": 10464,
    "driver_version": 2497102272,
    "index": 0,
    "name": "NVIDIA GeForce RTX 4060 Laptop GPU",
    "subgroup_size": 32,
    "vendor_id": 4318
  },
  "diagnostics": {
    "block-00-text": {
      "dtype": "f32le",
      "elements": 148480,
      "path": "block-00-text.f32",
      "sha256": "c8f780320f93cf503e005df53ab3decce434ef7820eafbef5e1212cdec588445",
      "shape": [
        58,
        2560
      ]
    },
    "block-00-video": {
      "dtype": "f32le",
      "elements": 307200,
      "path": "block-00-video.f32",
      "sha256": "23ce80de3d37cc875636069f68fb73a4fad5626c2fa682560efe71b920fd5402",
      "shape": [
        120,
        2560
      ]
    },
    "block-01-text": {
      "dtype": "f32le",
      "elements": 148480,
      "path": "block-01-text.f32",
      "sha256": "b2f7045c4e058ccb348233787882b192efe41e7bf399a299de8db9b3c9bcaa12",
      "shape": [
        58,
        2560
      ]
    },
    "block-01-video": {
      "dtype": "f32le",
      "elements": 307200,
      "path": "block-01-video.f32",
      "sha256": "1daab7b658ce3afd018a8f227e6ff1926131c23167e7521564a25d7f83695f99",
      "shape": [
        120,
        2560
      ]
    },
    "block-02-text": {
      "dtype": "f32le",
      "elements": 148480,
      "path": "block-02-text.f32",
      "sha256": "92732550ee81306823743d1f8a225e211c66c4b5ee31b9142d228e6001a98220",
      "shape": [
        58,
        2560
      ]
    },
    "block-02-video": {
      "dtype": "f32le",
      "elements": 307200,
      "path": "block-02-video.f32",
      "sha256": "2d9c1db2f419d771f55dcc7633f5ce9fda8be01de7b62003a3d9cee414f138d6",
      "shape": [
        120,
        2560
      ]
    },
    "block-03-text": {
      "dtype": "f32le",
      "elements": 148480,
      "path": "block-03-text.f32",
      "sha256": "0b79352f0300b2d6d4f773c993123e5768dfd81d14791a7fe2032fc216da48ca",
      "shape": [
        58,
        2560
      ]
    },
    "block-03-video": {
      "dtype": "f32le",
      "elements": 307200,
      "path": "block-03-video.f32",
      "sha256": "0224459c243496dcf9d6537b4cca1b83a5bb82c1d250c4760d140eb2420f9ce2",
      "shape": [
        120,
        2560
      ]
    },
    "block-04-text": {
      "dtype": "f32le",
      "elements": 148480,
      "path": "block-04-text.f32",
      "sha256": "dc5ed65fb20c93e7ed72b72cf577a55fa0f5da0309999e7b784aac34a807262d",
      "shape": [
        58,
        2560
      ]
    },
    "block-04-video": {
      "dtype": "f32le",
      "elements": 307200,
      "path": "block-04-video.f32",
      "sha256": "51178eb62e2da777f37442f9ad4032dfde1c591863bcde80d8c4dc311f193690",
      "shape": [
        120,
        2560
      ]
    },
    "block-05-text": {
      "dtype": "f32le",
      "elements": 148480,
      "path": "block-05-text.f32",
      "sha256": "6803d490612f7cd247c8354f92ca7fbac6cbcdae1c45a40e3dedacdc16f0bed8",
      "shape": [
        58,
        2560
      ]
    },
    "block-05-video": {
      "dtype": "f32le",
      "elements": 307200,
      "path": "block-05-video.f32",
      "sha256": "3f9d727854f6cf0b01a0a9dedbd6ee46331ce9aa03a6beab6a10111293bad2c7",
      "shape": [
        120,
        2560
      ]
    },
    "block-06-text": {
      "dtype": "f32le",
      "elements": 148480,
      "path": "block-06-text.f32",
      "sha256": "9a8822c5125b21334ce677b50c9b3f50ad295ee20e8b920e8543cc8d7fb982c4",
      "shape": [
        58,
        2560
      ]
    },
    "block-06-video": {
      "dtype": "f32le",
      "elements": 307200,
      "path": "block-06-video.f32",
      "sha256": "b4ea406592d7f4c773ce2d0a719dc85b4a1b66985846f4fff3018b93d66b8d28",
      "shape": [
        120,
        2560
      ]
    },
    "block-07-text": {
      "dtype": "f32le",
      "elements": 148480,
      "path": "block-07-text.f32",
      "sha256": "4d5431943de3d04e9ed31352ba44e890f74d9abb7fb91ee93cda4dfa95efdeca",
      "shape": [
        58,
        2560
      ]
    },
    "block-07-video": {
      "dtype": "f32le",
      "elements": 307200,
      "path": "block-07-video.f32",
      "sha256": "9c78ff696ef66c81f103ed45c705f38191e4d1b27fbe39cc5b1e81c1847924ae",
      "shape": [
        120,
        2560
      ]
    },
    "block-08-text": {
      "dtype": "f32le",
      "elements": 148480,
      "path": "block-08-text.f32",
      "sha256": "8f5f50657ddfefe7223f4e9f9cd6a3799528e337a801c4ffcc98f6f00058f264",
      "shape": [
        58,
        2560
      ]
    },
    "block-08-video": {
      "dtype": "f32le",
      "elements": 307200,
      "path": "block-08-video.f32",
      "sha256": "2e0a8dca5d97b7b6a42b26decce4ddec61bdca9ee84befb8cf40fe67ad8d460d",
      "shape": [
        120,
        2560
      ]
    },
    "block-09-text": {
      "dtype": "f32le",
      "elements": 148480,
      "path": "block-09-text.f32",
      "sha256": "cb630fba94c2f2d4176a2f5c46d64f36aef8c24093ce84ef7dd3626c8015db6c",
      "shape": [
        58,
        2560
      ]
    },
    "block-09-video": {
      "dtype": "f32le",
      "elements": 307200,
      "path": "block-09-video.f32",
      "sha256": "32b44fd8338b28da08b73f570b6e02a2bc455378a1cd9a25d454f3a56fc9d240",
      "shape": [
        120,
        2560
      ]
    },
    "block-10-text": {
      "dtype": "f32le",
      "elements": 148480,
      "path": "block-10-text.f32",
      "sha256": "9d735ea2cd8e7914b341995328e11ad88abf50d43bb4306ad2ab91f5f7441609",
      "shape": [
        58,
        2560
      ]
    },
    "block-10-video": {
      "dtype": "f32le",
      "elements": 307200,
      "path": "block-10-video.f32",
      "sha256": "f158ba651d838bde0dca4d24053b395f2fdde8621359f86debea3eacb089185e",
      "shape": [
        120,
        2560
      ]
    },
    "block-11-text": {
      "dtype": "f32le",
      "elements": 148480,
      "path": "block-11-text.f32",
      "sha256": "688ccb1b6fe9960faefefe18d54f322799ed6d712587fe05689339e6170685e3",
      "shape": [
        58,
        2560
      ]
    },
    "block-11-video": {
      "dtype": "f32le",
      "elements": 307200,
      "path": "block-11-video.f32",
      "sha256": "4022613147416a067eed1fd162c3dd044222e46fc56719ba1372b7f81bd9c2d6",
      "shape": [
        120,
        2560
      ]
    },
    "block-12-text": {
      "dtype": "f32le",
      "elements": 148480,
      "path": "block-12-text.f32",
      "sha256": "f365e7e87691169d823e8523d85226a5651442394114016089a8a52db7ce1df5",
      "shape": [
        58,
        2560
      ]
    },
    "block-12-video": {
      "dtype": "f32le",
      "elements": 307200,
      "path": "block-12-video.f32",
      "sha256": "0e30d2b81a45ad6542219f8e1e4938bf343648ded923f42620dd02133c02d3ef",
      "shape": [
        120,
        2560
      ]
    },
    "block-13-text": {
      "dtype": "f32le",
      "elements": 148480,
      "path": "block-13-text.f32",
      "sha256": "322b79d00f627eb4ccfda5ef8c2c55c0b7a0867705b46bd993f6eb0430401801",
      "shape": [
        58,
        2560
      ]
    },
    "block-13-video": {
      "dtype": "f32le",
      "elements": 307200,
      "path": "block-13-video.f32",
      "sha256": "9b920b68dc985fc45cbfd22f15ec4c6b841c701f32fd4d1169ce9535f3ceb8c5",
      "shape": [
        120,
        2560
      ]
    },
    "block-14-text": {
      "dtype": "f32le",
      "elements": 148480,
      "path": "block-14-text.f32",
      "sha256": "ffc7b1b1d60df6ab10b2dd28b0a3a8a822cf843ddf5d8ef5134a0e7d3026d281",
      "shape": [
        58,
        2560
      ]
    },
    "block-14-video": {
      "dtype": "f32le",
      "elements": 307200,
      "path": "block-14-video.f32",
      "sha256": "a67316fe4046102ab402732ef728d63e3ec5268d54528ddc75feeb8fec22f1cb",
      "shape": [
        120,
        2560
      ]
    },
    "block-15-text": {
      "dtype": "f32le",
      "elements": 148480,
      "path": "block-15-text.f32",
      "sha256": "b06d07ad508a372b72b8ba11b03f58fb581c7894422db46f74b404fe0d322c56",
      "shape": [
        58,
        2560
      ]
    },
    "block-15-video": {
      "dtype": "f32le",
      "elements": 307200,
      "path": "block-15-video.f32",
      "sha256": "c6220219dbae06e59f9e688aa28cedf69aa3f4213ac0f8d9445d0a9be295a23b",
      "shape": [
        120,
        2560
      ]
    },
    "block-16-text": {
      "dtype": "f32le",
      "elements": 148480,
      "path": "block-16-text.f32",
      "sha256": "f3aa8b15db1442e6ac98a7f1b1e676c995920f897ce71bda8e1f2e6aa2c5bf0f",
      "shape": [
        58,
        2560
      ]
    },
    "block-16-video": {
      "dtype": "f32le",
      "elements": 307200,
      "path": "block-16-video.f32",
      "sha256": "eaf636fa77f3de3944ecd69af76cf4117512d713ac4ee1ada7cd94d9a27c6c24",
      "shape": [
        120,
        2560
      ]
    },
    "block-17-text": {
      "dtype": "f32le",
      "elements": 148480,
      "path": "block-17-text.f32",
      "sha256": "482fc2c9e636848a73a6670c10fa3bb06d9587b7740495e160b7a267a15656e6",
      "shape": [
        58,
        2560
      ]
    },
    "block-17-video": {
      "dtype": "f32le",
      "elements": 307200,
      "path": "block-17-video.f32",
      "sha256": "d79aa7dce109eba7dfa5228fa54622c3bd20c6e5075d0b88e64248d1bbe165d6",
      "shape": [
        120,
        2560
      ]
    },
    "block-18-text": {
      "dtype": "f32le",
      "elements": 148480,
      "path": "block-18-text.f32",
      "sha256": "51216b522364f1dafe087fde4eb518660c87ce7ecaaa7a6939522cf2d72e39e4",
      "shape": [
        58,
        2560
      ]
    },
    "block-18-video": {
      "dtype": "f32le",
      "elements": 307200,
      "path": "block-18-video.f32",
      "sha256": "8260883e6a1d168c3cc4ae3f398d5fee1cdb74e1f3affa390160f540c624ed9a",
      "shape": [
        120,
        2560
      ]
    },
    "block-19-text": {
      "dtype": "f32le",
      "elements": 148480,
      "path": "block-19-text.f32",
      "sha256": "9f3127438933b8790f4887de5c5812e9f05abb02a62e1c33883255f65370711c",
      "shape": [
        58,
        2560
      ]
    },
    "block-19-video": {
      "dtype": "f32le",
      "elements": 307200,
      "path": "block-19-video.f32",
      "sha256": "e38823436a88ce785f039cb8b339401beca23d1285065f5d00c55986148ea382",
      "shape": [
        120,
        2560
      ]
    },
    "block-20-text": {
      "dtype": "f32le",
      "elements": 148480,
      "path": "block-20-text.f32",
      "sha256": "d960c22f9cfbf87188d7a64e23f637a53ffd07bc002df130ab8ee72823e3cfe9",
      "shape": [
        58,
        2560
      ]
    },
    "block-20-video": {
      "dtype": "f32le",
      "elements": 307200,
      "path": "block-20-video.f32",
      "sha256": "9757addd073194eb1b58e8cd2a7f4a520a0ed5f08897f269b005f5d8690fe799",
      "shape": [
        120,
        2560
      ]
    },
    "block-21-text": {
      "dtype": "f32le",
      "elements": 148480,
      "path": "block-21-text.f32",
      "sha256": "b3e7de1bae0d15aee19707ed67b041d436f6f2c82476ac47cb9694295f6fccf9",
      "shape": [
        58,
        2560
      ]
    },
    "block-21-video": {
      "dtype": "f32le",
      "elements": 307200,
      "path": "block-21-video.f32",
      "sha256": "a7d8bdcdc4198761d53cad367e815b2533e301cdbde5d4ca84764609f520b8de",
      "shape": [
        120,
        2560
      ]
    },
    "block-22-text": {
      "dtype": "f32le",
      "elements": 148480,
      "path": "block-22-text.f32",
      "sha256": "8672c1e18b5700feaee6af9293703af71d52b14b0aa9f067309b73dc1d9ac386",
      "shape": [
        58,
        2560
      ]
    },
    "block-22-video": {
      "dtype": "f32le",
      "elements": 307200,
      "path": "block-22-video.f32",
      "sha256": "8b9cc1795c7d84fd863ada2e196adc94362d221bcf2186a8176c0a5817b621b3",
      "shape": [
        120,
        2560
      ]
    },
    "block-23-text": {
      "dtype": "f32le",
      "elements": 148480,
      "path": "block-23-text.f32",
      "sha256": "da8ade4cc5b2fe8e9fdf2e26954c374120514af8968fde8e25eaf52ffd007172",
      "shape": [
        58,
        2560
      ]
    },
    "block-23-video": {
      "dtype": "f32le",
      "elements": 307200,
      "path": "block-23-video.f32",
      "sha256": "57ae4e03b1ed0dc9bc4fc27ad33b7a4ed18d4c855c5e9697839f751b5a565c38",
      "shape": [
        120,
        2560
      ]
    },
    "block-24-text": {
      "dtype": "f32le",
      "elements": 148480,
      "path": "block-24-text.f32",
      "sha256": "3381240443f2a982df99d817aadd27046ebe9b8407f5ff62d9ab29292bad9f61",
      "shape": [
        58,
        2560
      ]
    },
    "block-24-video": {
      "dtype": "f32le",
      "elements": 307200,
      "path": "block-24-video.f32",
      "sha256": "98970bc0b4f0fc59ff56a26debe3dc0964906e309a217890b75429a3426acccf",
      "shape": [
        120,
        2560
      ]
    },
    "block-25-text": {
      "dtype": "f32le",
      "elements": 148480,
      "path": "block-25-text.f32",
      "sha256": "46c5849f18c0903bdfc7734d402e40f375fe212dfce2ca171b97bb31f49cda10",
      "shape": [
        58,
        2560
      ]
    },
    "block-25-video": {
      "dtype": "f32le",
      "elements": 307200,
      "path": "block-25-video.f32",
      "sha256": "c8d5e48f546afc26fa828e11e63f1aa8cf382fd4cde33eaacd17239f5b7cfd72",
      "shape": [
        120,
        2560
      ]
    },
    "block-26-text": {
      "dtype": "f32le",
      "elements": 148480,
      "path": "block-26-text.f32",
      "sha256": "96d52c4a70bfc4b01a70f1ac74ed4fa2e20e19e24ace27adca9d0ba5d4619724",
      "shape": [
        58,
        2560
      ]
    },
    "block-26-video": {
      "dtype": "f32le",
      "elements": 307200,
      "path": "block-26-video.f32",
      "sha256": "e9a880087dea28b35c71f3f3def19bfc7afcf820a83637834b32af8fecc059a9",
      "shape": [
        120,
        2560
      ]
    },
    "block-27-text": {
      "dtype": "f32le",
      "elements": 148480,
      "path": "block-27-text.f32",
      "sha256": "b35eefed39b9c75f3780dae9124bbab8048c1c069cc21e37f1f4f8d744d2f7b9",
      "shape": [
        58,
        2560
      ]
    },
    "block-27-video": {
      "dtype": "f32le",
      "elements": 307200,
      "path": "block-27-video.f32",
      "sha256": "a328176037631b1f762637f345a6e3ffc548d4dd4be38734aebda76b6630642a",
      "shape": [
        120,
        2560
      ]
    },
    "block-28-text": {
      "dtype": "f32le",
      "elements": 148480,
      "path": "block-28-text.f32",
      "sha256": "d8e9f90a681a4a1e391be34483cc2ed086d9bd4a337e761dcd3adfd91e811ff5",
      "shape": [
        58,
        2560
      ]
    },
    "block-28-video": {
      "dtype": "f32le",
      "elements": 307200,
      "path": "block-28-video.f32",
      "sha256": "717661a548424345332eec3e2162ca551ea62745b248d1121b2b9b600aa8e62c",
      "shape": [
        120,
        2560
      ]
    },
    "block-29-text": {
      "dtype": "f32le",
      "elements": 148480,
      "path": "block-29-text.f32",
      "sha256": "bcac393cc66bb58db4b58acd5999a7d755f4e6aab2240896e5c9e3d92aa993d4",
      "shape": [
        58,
        2560
      ]
    },
    "block-29-video": {
      "dtype": "f32le",
      "elements": 307200,
      "path": "block-29-video.f32",
      "sha256": "565a18a81eb00e90b649072c190c0c7d671e8937434b3ee0e31b481023179d46",
      "shape": [
        120,
        2560
      ]
    },
    "block-30-text": {
      "dtype": "f32le",
      "elements": 148480,
      "path": "block-30-text.f32",
      "sha256": "839386a42acb6845e1ce70d7334aae204ff4ff10013ddb9cac07f97620e5cd61",
      "shape": [
        58,
        2560
      ]
    },
    "block-30-video": {
      "dtype": "f32le",
      "elements": 307200,
      "path": "block-30-video.f32",
      "sha256": "451173c1d4f2c7d9aef9db47bae8e6992f78fd7efe8aafbc668f57be920ee11e",
      "shape": [
        120,
        2560
      ]
    },
    "block-31-text": {
      "dtype": "f32le",
      "elements": 148480,
      "path": "block-31-text.f32",
      "sha256": "03610bf579895d49bf9ad11bdf0cdd903dedf6a97430c4c5bc318b0ac57fe177",
      "shape": [
        58,
        2560
      ]
    },
    "block-31-video": {
      "dtype": "f32le",
      "elements": 307200,
      "path": "block-31-video.f32",
      "sha256": "24d33a8f5d44840ba4a6877f42c1d1c54bae6d49a214142b20051d486e286278",
      "shape": [
        120,
        2560
      ]
    },
    "conditioned": {
      "dtype": "f32le",
      "elements": 7680,
      "path": "conditioned.f32",
      "sha256": "c8602ebd7a4a30d1f3e7565746d3bd96b7b1b9345478b1fa4d3e48959a319d0a",
      "shape": [
        16,
        3,
        10,
        16
      ]
    },
    "decoded": {
      "dtype": "f32le",
      "elements": 276480,
      "path": "decoded.f32",
      "sha256": "cbb6da19325ccaa1b36be5c37340cbf29c3731e67cd9767a1624497fcb399ee1",
      "shape": [
        3,
        9,
        80,
        128
      ]
    },
    "latent": {
      "dtype": "f32le",
      "elements": 7680,
      "path": "latent.f32",
      "sha256": "44b718ff35696aedd5e48eca5d09bdbca54b5811466993156e440f722e27c384",
      "shape": [
        16,
        3,
        10,
        16
      ]
    },
    "noise": {
      "dtype": "f32le",
      "elements": 7680,
      "path": "noise.f32",
      "sha256": "bc9145030c67a61470a40d2ada57591ae0d9ca8a1a68dee2883385b67a96081d",
      "shape": [
        16,
        3,
        10,
        16
      ]
    },
    "patch-in": {
      "dtype": "f32le",
      "elements": 307200,
      "path": "patch-in.f32",
      "sha256": "e3d6dde6fd94438f2cd32b2b90d7831ca27ef763daab0ba44d5a537b273c2616",
      "shape": [
        120,
        2560
      ]
    },
    "patch-out": {
      "dtype": "f32le",
      "elements": 7680,
      "path": "patch-out.f32",
      "sha256": "b1d4a7335094d48493ccbfaff1965b84d3d7b340a1fe1df179f48fb780d7c9c6",
      "shape": [
        120,
        64
      ]
    },
    "patches": {
      "dtype": "f32le",
      "elements": 15840,
      "path": "patches.f32",
      "sha256": "57908c2fb1d9eaf5d60480521735fffa416a1d6252312a0f7461ee9df49efcd0",
      "shape": [
        120,
        132
      ]
    },
    "posterior": {
      "dtype": "f32le",
      "elements": 15360,
      "path": "posterior.f32",
      "sha256": "349cae2d5899da5e00b152dba72813a2d117032bc7c918e85fc0579900a9ea4b",
      "shape": [
        32,
        3,
        10,
        16
      ]
    },
    "posterior-noise": {
      "dtype": "f32le",
      "elements": 7680,
      "path": "posterior-noise.f32",
      "sha256": "2c2222651a333288955c1bedba6f3ab7415ab988e3b2c6eb5468d62fad7fe669",
      "shape": [
        16,
        3,
        10,
        16
      ]
    },
    "prepared": {
      "dtype": "f32le",
      "elements": 276480,
      "path": "prepared.f32",
      "sha256": "00ae3cc3181b4b7fb039e73005c79021adff7f34ab927dc402e27406a953599c",
      "shape": [
        3,
        9,
        80,
        128
      ]
    },
    "text-in": {
      "dtype": "f32le",
      "elements": 148480,
      "path": "text-in.f32",
      "sha256": "c7cecae53e4f83d60cab1ebddeca3bdf028c630ef33feb0cfd58d8c1ab50e42d",
      "shape": [
        58,
        2560
      ]
    },
    "time-in": {
      "dtype": "f32le",
      "elements": 15360,
      "path": "time-in.f32",
      "sha256": "bd542b62115dab2f055c2ec0ff47df9ebdbe25a9bf1d287b7557c08d20c6e719",
      "shape": [
        2560,
        6
      ]
    },
    "velocity": {
      "dtype": "f32le",
      "elements": 7680,
      "path": "velocity.f32",
      "sha256": "245119e7239ffba39f3d4d20e8d1e380a7814f6f18340c497560d21385d79093",
      "shape": [
        16,
        3,
        10,
        16
      ]
    }
  },
  "dispatch": "EXPLICIT_PER_LAYER_NO_BACKEND_FALLBACK",
  "executable_sha256": "79f7036d73db52226f786dc1e3aa8e93af4eec4abe9de4d09ce5a1763c1a7d25",
  "host_operations": [
    "video codecs",
    "resizing",
    "layouts",
    "posterior sampling",
    "Euler endpoint"
  ],
  "implementation": {
    "executable_sha256": "79f7036d73db52226f786dc1e3aa8e93af4eec4abe9de4d09ce5a1763c1a7d25",
    "ncnn_runtime_patches": [
      {
        "compiled_allocator_sha256": "b8398e0d5ef5a367f80c5d2f13af1c8f170a83a39d0a1b458a40100924a55320",
        "id": "host-buffer-v1",
        "original_allocator_sha256": "601d69dab40823366fa6aa2be00c8e37bb0f1e960fe96323c36daed887c4fda2",
        "scope": "Imported-host buffer declaration and weight-buffer transfer-source usage"
      }
    ],
    "sdk_library_sha256": "ae79331f0b94942910f550f912ed730761080ae4f9a0011d612bf524e9c30b9f"
  },
  "input": {
    "duration_seconds": 1.0,
    "has_audio": false,
    "height": 40,
    "sha256": "4ee1606327095dcc2dff012c85afbbd4d735441a1163cd679b24bb7b2ee66be3",
    "width": 64
  },
  "media_version": "8.0.1",
  "model_certificate": null,
  "model_manifest_sha256": "fe38835c367a2a389c689d89ce85c952b0e347d1edfd879b008d796a65374028",
  "model_verified": false,
  "ncnn_commit": "3b7bdba7fc8aea8fd46779533eee027df77c639d",
  "noise_algorithm": "splitmix64-box-muller-v1",
  "numerical_validation": "NOT_PERFORMED_BY_RUNNER",
  "output": {
    "audio": false,
    "codec": "H.264 / yuv420p / CRF 18",
    "fps": 8.0,
    "frames": 8,
    "height": 80,
    "path": "output.mp4",
    "sha256": "e60e976ceb92b7601ebf07ce7e01dc16b95a1445106dd9d5ab70798525e2dc6b",
    "timestamps_90khz": [
      0,
      11250,
      22500,
      33750,
      45000,
      56250,
      67500,
      78750
    ],
    "width": 128
  },
  "package_authenticated": true,
  "poster": "output.png",
  "preprocessing": "FFmpeg RGB8 / bicubic antialias / center crop 16 / normalize [-1,1]",
  "profile": "seedvr2-3b-video-fp32-b-v1",
  "resources": {
    "activation_peak_bytes": null,
    "autoregressive_kv_cache": false,
    "file_cache_peak_bytes": null,
    "largest_graph_weight_bytes": 634534028,
    "package_bytes": 21096916141,
    "pipeline_cache": "per-run Vulkan shader pipelines; no model weights or autoregressive keys",
    "process_lifetime_peak_rss_bytes": 1232031744,
    "process_system_cpu_seconds": 10.223442,
    "process_user_cpu_seconds": 11.878775,
    "temporal_vae_cache": false,
    "unmeasured_scope": "Allocator categories are not inferred from process RSS or whole-card VRAM",
    "weight_placement": {
      "budget_unavailable": 0,
      "cache_enabled": false,
      "cpu_graphs": 0,
      "device_requests": 36,
      "host_requests": 0,
      "scope": "placement requests, not measured allocator residency"
    },
    "weight_residency": "one graph at a time",
    "workspace_peak_bytes": null
  },
  "sampling": {
    "cfg": 1,
    "color_fix": "none",
    "latent_scale": 0.9152,
    "steps": 1,
    "timestep": 1000
  },
  "schema_version": "seedvr2-video-run-v1",
  "seed": 666,
  "stages": [
    {
      "awa_cpu": 0,
      "awa_vulkan": 0,
      "awa_windows": 0,
      "backend": "ncnn-vulkan",
      "compute_ms": 278.096424,
      "cpu_layers": 0,
      "cpu_temporal_encoder_direct_convolution": false,
      "id": "encoder",
      "layers": 98,
      "load_ms": 527.338102,
      "memory": {
        "activation_offload": false,
        "actual_weight_memory": "not_instrumented",
        "after_load": {
          "budget_bytes": 6051332096,
          "heap_index": 0,
          "source": "VK_EXT_memory_budget_estimate",
          "usage_bytes": 430178304
        },
        "after_release": {
          "budget_bytes": 6053363712,
          "heap_index": 0,
          "source": "VK_EXT_memory_budget_estimate",
          "usage_bytes": 599654400
        },
        "available_bytes": 6045302784,
        "before_load": {
          "budget_bytes": 6062407680,
          "heap_index": 0,
          "source": "VK_EXT_memory_budget_estimate",
          "usage_bytes": 17104896
        },
        "estimated_weight_bytes": 800371968,
        "oom_recovery": false,
        "policy": "auto",
        "reason": "budget_available",
        "requested_memory": "device",
        "reserve_bytes": 1515601920,
        "reserve_policy": "quarter_heap_budget",
        "scope": "weight placement before graph loading"
      },
      "vulkan_layers": 98,
      "weight_io": "buffered"
    },
    {
      "awa_cpu": 0,
      "awa_vulkan": 0,
      "awa_windows": 0,
      "backend": "ncnn-vulkan",
      "compute_ms": 1.277612,
      "cpu_layers": 0,
      "cpu_temporal_encoder_direct_convolution": false,
      "id": "patch-in",
      "layers": 1,
      "load_ms": 14.722099,
      "memory": {
        "activation_offload": false,
        "actual_weight_memory": "not_instrumented",
        "after_load": {
          "budget_bytes": 6053363712,
          "heap_index": 0,
          "source": "VK_EXT_memory_budget_estimate",
          "usage_bytes": 608043008
        },
        "after_release": {
          "budget_bytes": 6053363712,
          "heap_index": 0,
          "source": "VK_EXT_memory_budget_estimate",
          "usage_bytes": 599654400
        },
        "available_bytes": 5453709312,
        "before_load": {
          "budget_bytes": 6053363712,
          "heap_index": 0,
          "source": "VK_EXT_memory_budget_estimate",
          "usage_bytes": 599654400
        },
        "estimated_weight_bytes": 2723856,
        "oom_recovery": false,
        "policy": "auto",
        "reason": "budget_available",
        "requested_memory": "device",
        "reserve_bytes": 1513340928,
        "reserve_policy": "quarter_heap_budget",
        "scope": "weight placement before graph loading"
      },
      "vulkan_layers": 1,
      "weight_io": "buffered"
    },
    {
      "awa_cpu": 0,
      "awa_vulkan": 1,
      "awa_windows": 3,
      "backend": "ncnn-vulkan",
      "compute_ms": 81.204051,
      "cpu_layers": 0,
      "cpu_temporal_encoder_direct_convolution": false,
      "id": "block-00",
      "layers": 83,
      "load_ms": 361.958732,
      "memory": {
        "activation_offload": false,
        "actual_weight_memory": "not_instrumented",
        "after_load": {
          "budget_bytes": 6053232640,
          "heap_index": 0,
          "source": "VK_EXT_memory_budget_estimate",
          "usage_bytes": 1248985088
        },
        "after_release": {
          "budget_bytes": 6053363712,
          "heap_index": 0,
          "source": "VK_EXT_memory_budget_estimate",
          "usage_bytes": 600178688
        },
        "available_bytes": 5453709312,
        "before_load": {
          "budget_bytes": 6053363712,
          "heap_index": 0,
          "source": "VK_EXT_memory_budget_estimate",
          "usage_bytes": 599654400
        },
        "estimated_weight_bytes": 1269068056,
        "oom_recovery": false,
        "policy": "auto",
        "reason": "budget_available",
        "requested_memory": "device",
        "reserve_bytes": 1513340928,
        "reserve_policy": "quarter_heap_budget",
        "scope": "weight placement before graph loading"
      },
      "vulkan_layers": 83,
      "weight_io": "buffered"
    },
    {
      "awa_cpu": 0,
      "awa_vulkan": 1,
      "awa_windows": 3,
      "backend": "ncnn-vulkan",
      "compute_ms": 80.208892,
      "cpu_layers": 0,
      "cpu_temporal_encoder_direct_convolution": false,
      "id": "block-01",
      "layers": 83,
      "load_ms": 259.20798,
      "memory": {
        "activation_offload": false,
        "actual_weight_memory": "not_instrumented",
        "after_load": {
          "budget_bytes": 6070009856,
          "heap_index": 0,
          "source": "VK_EXT_memory_budget_estimate",
          "usage_bytes": 1248985088
        },
        "after_release": {
          "budget_bytes": 6070140928,
          "heap_index": 0,
          "source": "VK_EXT_memory_budget_estimate",
          "usage_bytes": 600178688
        },
        "available_bytes": 5453185024,
        "before_load": {
          "budget_bytes": 6053363712,
          "heap_index": 0,
          "source": "VK_EXT_memory_budget_estimate",
          "usage_bytes": 600178688
        },
        "estimated_weight_bytes": 1269068056,
        "oom_recovery": false,
        "policy": "auto",
        "reason": "budget_available",
        "requested_memory": "device",
        "reserve_bytes": 1513340928,
        "reserve_policy": "quarter_heap_budget",
        "scope": "weight placement before graph loading"
      },
      "vulkan_layers": 83,
      "weight_io": "buffered"
    },
    {
      "awa_cpu": 0,
      "awa_vulkan": 1,
      "awa_windows": 3,
      "backend": "ncnn-vulkan",
      "compute_ms": 79.733956,
      "cpu_layers": 0,
      "cpu_temporal_encoder_direct_convolution": false,
      "id": "block-02",
      "layers": 83,
      "load_ms": 286.417761,
      "memory": {
        "activation_offload": false,
        "actual_weight_memory": "not_instrumented",
        "after_load": {
          "budget_bytes": 6070009856,
          "heap_index": 0,
          "source": "VK_EXT_memory_budget_estimate",
          "usage_bytes": 1248985088
        },
        "after_release": {
          "budget_bytes": 6070140928,
          "heap_index": 0,
          "source": "VK_EXT_memory_budget_estimate",
          "usage_bytes": 600178688
        },
        "available_bytes": 5469962240,
        "before_load": {
          "budget_bytes": 6070140928,
          "heap_index": 0,
          "source": "VK_EXT_memory_budget_estimate",
          "usage_bytes": 600178688
        },
        "estimated_weight_bytes": 1269068056,
        "oom_recovery": false,
        "policy": "auto",
        "reason": "budget_available",
        "requested_memory": "device",
        "reserve_bytes": 1517535232,
        "reserve_policy": "quarter_heap_budget",
        "scope": "weight placement before graph loading"
      },
      "vulkan_layers": 83,
      "weight_io": "buffered"
    },
    {
      "awa_cpu": 0,
      "awa_vulkan": 1,
      "awa_windows": 3,
      "backend": "ncnn-vulkan",
      "compute_ms": 81.510849,
      "cpu_layers": 0,
      "cpu_temporal_encoder_direct_convolution": false,
      "id": "block-03",
      "layers": 83,
      "load_ms": 291.856948,
      "memory": {
        "activation_offload": false,
        "actual_weight_memory": "not_instrumented",
        "after_load": {
          "budget_bytes": 6048776192,
          "heap_index": 0,
          "source": "VK_EXT_memory_budget_estimate",
          "usage_bytes": 1248985088
        },
        "after_release": {
          "budget_bytes": 6048907264,
          "heap_index": 0,
          "source": "VK_EXT_memory_budget_estimate",
          "usage_bytes": 600178688
        },
        "available_bytes": 5469962240,
        "before_load": {
          "budget_bytes": 6070140928,
          "heap_index": 0,
          "source": "VK_EXT_memory_budget_estimate",
          "usage_bytes": 600178688
        },
        "estimated_weight_bytes": 1269068056,
        "oom_recovery": false,
        "policy": "auto",
        "reason": "budget_available",
        "requested_memory": "device",
        "reserve_bytes": 1517535232,
        "reserve_policy": "quarter_heap_budget",
        "scope": "weight placement before graph loading"
      },
      "vulkan_layers": 83,
      "weight_io": "buffered"
    },
    {
      "awa_cpu": 0,
      "awa_vulkan": 1,
      "awa_windows": 3,
      "backend": "ncnn-vulkan",
      "compute_ms": 80.913382,
      "cpu_layers": 0,
      "cpu_temporal_encoder_direct_convolution": false,
      "id": "block-04",
      "layers": 83,
      "load_ms": 300.22801,
      "memory": {
        "activation_offload": false,
        "actual_weight_memory": "not_instrumented",
        "after_load": {
          "budget_bytes": 6048776192,
          "heap_index": 0,
          "source": "VK_EXT_memory_budget_estimate",
          "usage_bytes": 1248985088
        },
        "after_release": {
          "budget_bytes": 6048907264,
          "heap_index": 0,
          "source": "VK_EXT_memory_budget_estimate",
          "usage_bytes": 600178688
        },
        "available_bytes": 5448728576,
        "before_load": {
          "budget_bytes": 6048907264,
          "heap_index": 0,
          "source": "VK_EXT_memory_budget_estimate",
          "usage_bytes": 600178688
        },
        "estimated_weight_bytes": 1269068056,
        "oom_recovery": false,
        "policy": "auto",
        "reason": "budget_available",
        "requested_memory": "device",
        "reserve_bytes": 1512226816,
        "reserve_policy": "quarter_heap_budget",
        "scope": "weight placement before graph loading"
      },
      "vulkan_layers": 83,
      "weight_io": "buffered"
    },
    {
      "awa_cpu": 0,
      "awa_vulkan": 1,
      "awa_windows": 3,
      "backend": "ncnn-vulkan",
      "compute_ms": 80.926667,
      "cpu_layers": 0,
      "cpu_temporal_encoder_direct_convolution": false,
      "id": "block-05",
      "layers": 83,
      "load_ms": 255.176841,
      "memory": {
        "activation_offload": false,
        "actual_weight_memory": "not_instrumented",
        "after_load": {
          "budget_bytes": 6048776192,
          "heap_index": 0,
          "source": "VK_EXT_memory_budget_estimate",
          "usage_bytes": 1248985088
        },
        "after_release": {
          "budget_bytes": 6048907264,
          "heap_index": 0,
          "source": "VK_EXT_memory_budget_estimate",
          "usage_bytes": 600178688
        },
        "available_bytes": 5448728576,
        "before_load": {
          "budget_bytes": 6048907264,
          "heap_index": 0,
          "source": "VK_EXT_memory_budget_estimate",
          "usage_bytes": 600178688
        },
        "estimated_weight_bytes": 1269068056,
        "oom_recovery": false,
        "policy": "auto",
        "reason": "budget_available",
        "requested_memory": "device",
        "reserve_bytes": 1512226816,
        "reserve_policy": "quarter_heap_budget",
        "scope": "weight placement before graph loading"
      },
      "vulkan_layers": 83,
      "weight_io": "buffered"
    },
    {
      "awa_cpu": 0,
      "awa_vulkan": 1,
      "awa_windows": 3,
      "backend": "ncnn-vulkan",
      "compute_ms": 80.645166,
      "cpu_layers": 0,
      "cpu_temporal_encoder_direct_convolution": false,
      "id": "block-06",
      "layers": 83,
      "load_ms": 234.888735,
      "memory": {
        "activation_offload": false,
        "actual_weight_memory": "not_instrumented",
        "after_load": {
          "budget_bytes": 6070534144,
          "heap_index": 0,
          "source": "VK_EXT_memory_budget_estimate",
          "usage_bytes": 1248985088
        },
        "after_release": {
          "budget_bytes": 6071844864,
          "heap_index": 0,
          "source": "VK_EXT_memory_budget_estimate",
          "usage_bytes": 600178688
        },
        "available_bytes": 5448728576,
        "before_load": {
          "budget_bytes": 6048907264,
          "heap_index": 0,
          "source": "VK_EXT_memory_budget_estimate",
          "usage_bytes": 600178688
        },
        "estimated_weight_bytes": 1269068056,
        "oom_recovery": false,
        "policy": "auto",
        "reason": "budget_available",
        "requested_memory": "device",
        "reserve_bytes": 1512226816,
        "reserve_policy": "quarter_heap_budget",
        "scope": "weight placement before graph loading"
      },
      "vulkan_layers": 83,
      "weight_io": "buffered"
    },
    {
      "awa_cpu": 0,
      "awa_vulkan": 1,
      "awa_windows": 3,
      "backend": "ncnn-vulkan",
      "compute_ms": 80.837458,
      "cpu_layers": 0,
      "cpu_temporal_encoder_direct_convolution": false,
      "id": "block-07",
      "layers": 83,
      "load_ms": 260.211425,
      "memory": {
        "activation_offload": false,
        "actual_weight_memory": "not_instrumented",
        "after_load": {
          "budget_bytes": 6071713792,
          "heap_index": 0,
          "source": "VK_EXT_memory_budget_estimate",
          "usage_bytes": 1248985088
        },
        "after_release": {
          "budget_bytes": 6071582720,
          "heap_index": 0,
          "source": "VK_EXT_memory_budget_estimate",
          "usage_bytes": 600178688
        },
        "available_bytes": 5471666176,
        "before_load": {
          "budget_bytes": 6071844864,
          "heap_index": 0,
          "source": "VK_EXT_memory_budget_estimate",
          "usage_bytes": 600178688
        },
        "estimated_weight_bytes": 1269068056,
        "oom_recovery": false,
        "policy": "auto",
        "reason": "budget_available",
        "requested_memory": "device",
        "reserve_bytes": 1517961216,
        "reserve_policy": "quarter_heap_budget",
        "scope": "weight placement before graph loading"
      },
      "vulkan_layers": 83,
      "weight_io": "buffered"
    },
    {
      "awa_cpu": 0,
      "awa_vulkan": 1,
      "awa_windows": 3,
      "backend": "ncnn-vulkan",
      "compute_ms": 83.744486,
      "cpu_layers": 0,
      "cpu_temporal_encoder_direct_convolution": false,
      "id": "block-08",
      "layers": 83,
      "load_ms": 286.010362,
      "memory": {
        "activation_offload": false,
        "actual_weight_memory": "not_instrumented",
        "after_load": {
          "budget_bytes": 6071451648,
          "heap_index": 0,
          "source": "VK_EXT_memory_budget_estimate",
          "usage_bytes": 1248985088
        },
        "after_release": {
          "budget_bytes": 6054084608,
          "heap_index": 0,
          "source": "VK_EXT_memory_budget_estimate",
          "usage_bytes": 600178688
        },
        "available_bytes": 5471404032,
        "before_load": {
          "budget_bytes": 6071582720,
          "heap_index": 0,
          "source": "VK_EXT_memory_budget_estimate",
          "usage_bytes": 600178688
        },
        "estimated_weight_bytes": 1269068056,
        "oom_recovery": false,
        "policy": "auto",
        "reason": "budget_available",
        "requested_memory": "device",
        "reserve_bytes": 1517895680,
        "reserve_policy": "quarter_heap_budget",
        "scope": "weight placement before graph loading"
      },
      "vulkan_layers": 83,
      "weight_io": "buffered"
    },
    {
      "awa_cpu": 0,
      "awa_vulkan": 1,
      "awa_windows": 3,
      "backend": "ncnn-vulkan",
      "compute_ms": 81.020755,
      "cpu_layers": 0,
      "cpu_temporal_encoder_direct_convolution": false,
      "id": "block-09",
      "layers": 83,
      "load_ms": 279.894157,
      "memory": {
        "activation_offload": false,
        "actual_weight_memory": "not_instrumented",
        "after_load": {
          "budget_bytes": 6053953536,
          "heap_index": 0,
          "source": "VK_EXT_memory_budget_estimate",
          "usage_bytes": 1248985088
        },
        "after_release": {
          "budget_bytes": 6054084608,
          "heap_index": 0,
          "source": "VK_EXT_memory_budget_estimate",
          "usage_bytes": 600178688
        },
        "available_bytes": 5453905920,
        "before_load": {
          "budget_bytes": 6054084608,
          "heap_index": 0,
          "source": "VK_EXT_memory_budget_estimate",
          "usage_bytes": 600178688
        },
        "estimated_weight_bytes": 1269068056,
        "oom_recovery": false,
        "policy": "auto",
        "reason": "budget_available",
        "requested_memory": "device",
        "reserve_bytes": 1513521152,
        "reserve_policy": "quarter_heap_budget",
        "scope": "weight placement before graph loading"
      },
      "vulkan_layers": 83,
      "weight_io": "buffered"
    },
    {
      "awa_cpu": 0,
      "awa_vulkan": 1,
      "awa_windows": 3,
      "backend": "ncnn-vulkan",
      "compute_ms": 80.268435,
      "cpu_layers": 0,
      "cpu_temporal_encoder_direct_convolution": false,
      "id": "block-10",
      "layers": 83,
      "load_ms": 278.070094,
      "memory": {
        "activation_offload": false,
        "actual_weight_memory": "not_instrumented",
        "after_load": {
          "budget_bytes": 6053691392,
          "heap_index": 0,
          "source": "VK_EXT_memory_budget_estimate",
          "usage_bytes": 1248591872
        },
        "after_release": {
          "budget_bytes": 6053822464,
          "heap_index": 0,
          "source": "VK_EXT_memory_budget_estimate",
          "usage_bytes": 600178688
        },
        "available_bytes": 5453905920,
        "before_load": {
          "budget_bytes": 6054084608,
          "heap_index": 0,
          "source": "VK_EXT_memory_budget_estimate",
          "usage_bytes": 600178688
        },
        "estimated_weight_bytes": 1268945176,
        "oom_recovery": false,
        "policy": "auto",
        "reason": "budget_available",
        "requested_memory": "device",
        "reserve_bytes": 1513521152,
        "reserve_policy": "quarter_heap_budget",
        "scope": "weight placement before graph loading"
      },
      "vulkan_layers": 83,
      "weight_io": "buffered"
    },
    {
      "awa_cpu": 0,
      "awa_vulkan": 1,
      "awa_windows": 3,
      "backend": "ncnn-vulkan",
      "compute_ms": 79.644937,
      "cpu_layers": 0,
      "cpu_temporal_encoder_direct_convolution": false,
      "id": "block-11",
      "layers": 83,
      "load_ms": 300.619739,
      "memory": {
        "activation_offload": false,
        "actual_weight_memory": "not_instrumented",
        "after_load": {
          "budget_bytes": 6048907264,
          "heap_index": 0,
          "source": "VK_EXT_memory_budget_estimate",
          "usage_bytes": 1248591872
        },
        "after_release": {
          "budget_bytes": 6049038336,
          "heap_index": 0,
          "source": "VK_EXT_memory_budget_estimate",
          "usage_bytes": 600178688
        },
        "available_bytes": 5453643776,
        "before_load": {
          "budget_bytes": 6053822464,
          "heap_index": 0,
          "source": "VK_EXT_memory_budget_estimate",
          "usage_bytes": 600178688
        },
        "estimated_weight_bytes": 1268945176,
        "oom_recovery": false,
        "policy": "auto",
        "reason": "budget_available",
        "requested_memory": "device",
        "reserve_bytes": 1513455616,
        "reserve_policy": "quarter_heap_budget",
        "scope": "weight placement before graph loading"
      },
      "vulkan_layers": 83,
      "weight_io": "buffered"
    },
    {
      "awa_cpu": 0,
      "awa_vulkan": 1,
      "awa_windows": 3,
      "backend": "ncnn-vulkan",
      "compute_ms": 77.936462,
      "cpu_layers": 0,
      "cpu_temporal_encoder_direct_convolution": false,
      "id": "block-12",
      "layers": 83,
      "load_ms": 318.849901,
      "memory": {
        "activation_offload": false,
        "actual_weight_memory": "not_instrumented",
        "after_load": {
          "budget_bytes": 6048907264,
          "heap_index": 0,
          "source": "VK_EXT_memory_budget_estimate",
          "usage_bytes": 1248591872
        },
        "after_release": {
          "budget_bytes": 6049038336,
          "heap_index": 0,
          "source": "VK_EXT_memory_budget_estimate",
          "usage_bytes": 600178688
        },
        "available_bytes": 5448859648,
        "before_load": {
          "budget_bytes": 6049038336,
          "heap_index": 0,
          "source": "VK_EXT_memory_budget_estimate",
          "usage_bytes": 600178688
        },
        "estimated_weight_bytes": 1268945176,
        "oom_recovery": false,
        "policy": "auto",
        "reason": "budget_available",
        "requested_memory": "device",
        "reserve_bytes": 1512259584,
        "reserve_policy": "quarter_heap_budget",
        "scope": "weight placement before graph loading"
      },
      "vulkan_layers": 83,
      "weight_io": "buffered"
    },
    {
      "awa_cpu": 0,
      "awa_vulkan": 1,
      "awa_windows": 3,
      "backend": "ncnn-vulkan",
      "compute_ms": 79.562522,
      "cpu_layers": 0,
      "cpu_temporal_encoder_direct_convolution": false,
      "id": "block-13",
      "layers": 83,
      "load_ms": 286.905121,
      "memory": {
        "activation_offload": false,
        "actual_weight_memory": "not_instrumented",
        "after_load": {
          "budget_bytes": 6065750016,
          "heap_index": 0,
          "source": "VK_EXT_memory_budget_estimate",
          "usage_bytes": 1248591872
        },
        "after_release": {
          "budget_bytes": 6065881088,
          "heap_index": 0,
          "source": "VK_EXT_memory_budget_estimate",
          "usage_bytes": 600178688
        },
        "available_bytes": 5448859648,
        "before_load": {
          "budget_bytes": 6049038336,
          "heap_index": 0,
          "source": "VK_EXT_memory_budget_estimate",
          "usage_bytes": 600178688
        },
        "estimated_weight_bytes": 1268945176,
        "oom_recovery": false,
        "policy": "auto",
        "reason": "budget_available",
        "requested_memory": "device",
        "reserve_bytes": 1512259584,
        "reserve_policy": "quarter_heap_budget",
        "scope": "weight placement before graph loading"
      },
      "vulkan_layers": 83,
      "weight_io": "buffered"
    },
    {
      "awa_cpu": 0,
      "awa_vulkan": 1,
      "awa_windows": 3,
      "backend": "ncnn-vulkan",
      "compute_ms": 81.919371,
      "cpu_layers": 0,
      "cpu_temporal_encoder_direct_convolution": false,
      "id": "block-14",
      "layers": 83,
      "load_ms": 279.697085,
      "memory": {
        "activation_offload": false,
        "actual_weight_memory": "not_instrumented",
        "after_load": {
          "budget_bytes": 6066667520,
          "heap_index": 0,
          "source": "VK_EXT_memory_budget_estimate",
          "usage_bytes": 1248591872
        },
        "after_release": {
          "budget_bytes": 6066798592,
          "heap_index": 0,
          "source": "VK_EXT_memory_budget_estimate",
          "usage_bytes": 600178688
        },
        "available_bytes": 5465702400,
        "before_load": {
          "budget_bytes": 6065881088,
          "heap_index": 0,
          "source": "VK_EXT_memory_budget_estimate",
          "usage_bytes": 600178688
        },
        "estimated_weight_bytes": 1268945176,
        "oom_recovery": false,
        "policy": "auto",
        "reason": "budget_available",
        "requested_memory": "device",
        "reserve_bytes": 1516470272,
        "reserve_policy": "quarter_heap_budget",
        "scope": "weight placement before graph loading"
      },
      "vulkan_layers": 83,
      "weight_io": "buffered"
    },
    {
      "awa_cpu": 0,
      "awa_vulkan": 1,
      "awa_windows": 3,
      "backend": "ncnn-vulkan",
      "compute_ms": 78.650119,
      "cpu_layers": 0,
      "cpu_temporal_encoder_direct_convolution": false,
      "id": "block-15",
      "layers": 83,
      "load_ms": 294.084624,
      "memory": {
        "activation_offload": false,
        "actual_weight_memory": "not_instrumented",
        "after_load": {
          "budget_bytes": 6066667520,
          "heap_index": 0,
          "source": "VK_EXT_memory_budget_estimate",
          "usage_bytes": 1248591872
        },
        "after_release": {
          "budget_bytes": 6066798592,
          "heap_index": 0,
          "source": "VK_EXT_memory_budget_estimate",
          "usage_bytes": 600178688
        },
        "available_bytes": 5466619904,
        "before_load": {
          "budget_bytes": 6066798592,
          "heap_index": 0,
          "source": "VK_EXT_memory_budget_estimate",
          "usage_bytes": 600178688
        },
        "estimated_weight_bytes": 1268945176,
        "oom_recovery": false,
        "policy": "auto",
        "reason": "budget_available",
        "requested_memory": "device",
        "reserve_bytes": 1516699648,
        "reserve_policy": "quarter_heap_budget",
        "scope": "weight placement before graph loading"
      },
      "vulkan_layers": 83,
      "weight_io": "buffered"
    },
    {
      "awa_cpu": 0,
      "awa_vulkan": 1,
      "awa_windows": 3,
      "backend": "ncnn-vulkan",
      "compute_ms": 80.78876700000001,
      "cpu_layers": 0,
      "cpu_temporal_encoder_direct_convolution": false,
      "id": "block-16",
      "layers": 83,
      "load_ms": 287.847019,
      "memory": {
        "activation_offload": false,
        "actual_weight_memory": "not_instrumented",
        "after_load": {
          "budget_bytes": 6066667520,
          "heap_index": 0,
          "source": "VK_EXT_memory_budget_estimate",
          "usage_bytes": 1248591872
        },
        "after_release": {
          "budget_bytes": 6066798592,
          "heap_index": 0,
          "source": "VK_EXT_memory_budget_estimate",
          "usage_bytes": 600178688
        },
        "available_bytes": 5466619904,
        "before_load": {
          "budget_bytes": 6066798592,
          "heap_index": 0,
          "source": "VK_EXT_memory_budget_estimate",
          "usage_bytes": 600178688
        },
        "estimated_weight_bytes": 1268945176,
        "oom_recovery": false,
        "policy": "auto",
        "reason": "budget_available",
        "requested_memory": "device",
        "reserve_bytes": 1516699648,
        "reserve_policy": "quarter_heap_budget",
        "scope": "weight placement before graph loading"
      },
      "vulkan_layers": 83,
      "weight_io": "buffered"
    },
    {
      "awa_cpu": 0,
      "awa_vulkan": 1,
      "awa_windows": 3,
      "backend": "ncnn-vulkan",
      "compute_ms": 80.803254,
      "cpu_layers": 0,
      "cpu_temporal_encoder_direct_convolution": false,
      "id": "block-17",
      "layers": 83,
      "load_ms": 462.993475,
      "memory": {
        "activation_offload": false,
        "actual_weight_memory": "not_instrumented",
        "after_load": {
          "budget_bytes": 6066667520,
          "heap_index": 0,
          "source": "VK_EXT_memory_budget_estimate",
          "usage_bytes": 1248591872
        },
        "after_release": {
          "budget_bytes": 6066798592,
          "heap_index": 0,
          "source": "VK_EXT_memory_budget_estimate",
          "usage_bytes": 600178688
        },
        "available_bytes": 5466619904,
        "before_load": {
          "budget_bytes": 6066798592,
          "heap_index": 0,
          "source": "VK_EXT_memory_budget_estimate",
          "usage_bytes": 600178688
        },
        "estimated_weight_bytes": 1268945176,
        "oom_recovery": false,
        "policy": "auto",
        "reason": "budget_available",
        "requested_memory": "device",
        "reserve_bytes": 1516699648,
        "reserve_policy": "quarter_heap_budget",
        "scope": "weight placement before graph loading"
      },
      "vulkan_layers": 83,
      "weight_io": "buffered"
    },
    {
      "awa_cpu": 0,
      "awa_vulkan": 1,
      "awa_windows": 3,
      "backend": "ncnn-vulkan",
      "compute_ms": 80.424108,
      "cpu_layers": 0,
      "cpu_temporal_encoder_direct_convolution": false,
      "id": "block-18",
      "layers": 83,
      "load_ms": 271.625049,
      "memory": {
        "activation_offload": false,
        "actual_weight_memory": "not_instrumented",
        "after_load": {
          "budget_bytes": 6044123136,
          "heap_index": 0,
          "source": "VK_EXT_memory_budget_estimate",
          "usage_bytes": 1248591872
        },
        "after_release": {
          "budget_bytes": 6044254208,
          "heap_index": 0,
          "source": "VK_EXT_memory_budget_estimate",
          "usage_bytes": 600178688
        },
        "available_bytes": 5466619904,
        "before_load": {
          "budget_bytes": 6066798592,
          "heap_index": 0,
          "source": "VK_EXT_memory_budget_estimate",
          "usage_bytes": 600178688
        },
        "estimated_weight_bytes": 1268945176,
        "oom_recovery": false,
        "policy": "auto",
        "reason": "budget_available",
        "requested_memory": "device",
        "reserve_bytes": 1516699648,
        "reserve_policy": "quarter_heap_budget",
        "scope": "weight placement before graph loading"
      },
      "vulkan_layers": 83,
      "weight_io": "buffered"
    },
    {
      "awa_cpu": 0,
      "awa_vulkan": 1,
      "awa_windows": 3,
      "backend": "ncnn-vulkan",
      "compute_ms": 80.581415,
      "cpu_layers": 0,
      "cpu_temporal_encoder_direct_convolution": false,
      "id": "block-19",
      "layers": 83,
      "load_ms": 258.116991,
      "memory": {
        "activation_offload": false,
        "actual_weight_memory": "not_instrumented",
        "after_load": {
          "budget_bytes": 6044123136,
          "heap_index": 0,
          "source": "VK_EXT_memory_budget_estimate",
          "usage_bytes": 1248591872
        },
        "after_release": {
          "budget_bytes": 6044254208,
          "heap_index": 0,
          "source": "VK_EXT_memory_budget_estimate",
          "usage_bytes": 600178688
        },
        "available_bytes": 5444075520,
        "before_load": {
          "budget_bytes": 6044254208,
          "heap_index": 0,
          "source": "VK_EXT_memory_budget_estimate",
          "usage_bytes": 600178688
        },
        "estimated_weight_bytes": 1268945176,
        "oom_recovery": false,
        "policy": "auto",
        "reason": "budget_available",
        "requested_memory": "device",
        "reserve_bytes": 1511063552,
        "reserve_policy": "quarter_heap_budget",
        "scope": "weight placement before graph loading"
      },
      "vulkan_layers": 83,
      "weight_io": "buffered"
    },
    {
      "awa_cpu": 0,
      "awa_vulkan": 1,
      "awa_windows": 3,
      "backend": "ncnn-vulkan",
      "compute_ms": 80.378092,
      "cpu_layers": 0,
      "cpu_temporal_encoder_direct_convolution": false,
      "id": "block-20",
      "layers": 83,
      "load_ms": 291.639538,
      "memory": {
        "activation_offload": false,
        "actual_weight_memory": "not_instrumented",
        "after_load": {
          "budget_bytes": 6044123136,
          "heap_index": 0,
          "source": "VK_EXT_memory_budget_estimate",
          "usage_bytes": 1248591872
        },
        "after_release": {
          "budget_bytes": 6046875648,
          "heap_index": 0,
          "source": "VK_EXT_memory_budget_estimate",
          "usage_bytes": 600178688
        },
        "available_bytes": 5444075520,
        "before_load": {
          "budget_bytes": 6044254208,
          "heap_index": 0,
          "source": "VK_EXT_memory_budget_estimate",
          "usage_bytes": 600178688
        },
        "estimated_weight_bytes": 1268945176,
        "oom_recovery": false,
        "policy": "auto",
        "reason": "budget_available",
        "requested_memory": "device",
        "reserve_bytes": 1511063552,
        "reserve_policy": "quarter_heap_budget",
        "scope": "weight placement before graph loading"
      },
      "vulkan_layers": 83,
      "weight_io": "buffered"
    },
    {
      "awa_cpu": 0,
      "awa_vulkan": 1,
      "awa_windows": 3,
      "backend": "ncnn-vulkan",
      "compute_ms": 80.624847,
      "cpu_layers": 0,
      "cpu_temporal_encoder_direct_convolution": false,
      "id": "block-21",
      "layers": 83,
      "load_ms": 305.165409,
      "memory": {
        "activation_offload": false,
        "actual_weight_memory": "not_instrumented",
        "after_load": {
          "budget_bytes": 6063521792,
          "heap_index": 0,
          "source": "VK_EXT_memory_budget_estimate",
          "usage_bytes": 1248591872
        },
        "after_release": {
          "budget_bytes": 6063652864,
          "heap_index": 0,
          "source": "VK_EXT_memory_budget_estimate",
          "usage_bytes": 600178688
        },
        "available_bytes": 5446696960,
        "before_load": {
          "budget_bytes": 6046875648,
          "heap_index": 0,
          "source": "VK_EXT_memory_budget_estimate",
          "usage_bytes": 600178688
        },
        "estimated_weight_bytes": 1268945176,
        "oom_recovery": false,
        "policy": "auto",
        "reason": "budget_available",
        "requested_memory": "device",
        "reserve_bytes": 1511718912,
        "reserve_policy": "quarter_heap_budget",
        "scope": "weight placement before graph loading"
      },
      "vulkan_layers": 83,
      "weight_io": "buffered"
    },
    {
      "awa_cpu": 0,
      "awa_vulkan": 1,
      "awa_windows": 3,
      "backend": "ncnn-vulkan",
      "compute_ms": 80.070691,
      "cpu_layers": 0,
      "cpu_temporal_encoder_direct_convolution": false,
      "id": "block-22",
      "layers": 83,
      "load_ms": 315.808369,
      "memory": {
        "activation_offload": false,
        "actual_weight_memory": "not_instrumented",
        "after_load": {
          "budget_bytes": 6063521792,
          "heap_index": 0,
          "source": "VK_EXT_memory_budget_estimate",
          "usage_bytes": 1248591872
        },
        "after_release": {
          "budget_bytes": 6063652864,
          "heap_index": 0,
          "source": "VK_EXT_memory_budget_estimate",
          "usage_bytes": 600178688
        },
        "available_bytes": 5463474176,
        "before_load": {
          "budget_bytes": 6063652864,
          "heap_index": 0,
          "source": "VK_EXT_memory_budget_estimate",
          "usage_bytes": 600178688
        },
        "estimated_weight_bytes": 1268945176,
        "oom_recovery": false,
        "policy": "auto",
        "reason": "budget_available",
        "requested_memory": "device",
        "reserve_bytes": 1515913216,
        "reserve_policy": "quarter_heap_budget",
        "scope": "weight placement before graph loading"
      },
      "vulkan_layers": 83,
      "weight_io": "buffered"
    },
    {
      "awa_cpu": 0,
      "awa_vulkan": 1,
      "awa_windows": 3,
      "backend": "ncnn-vulkan",
      "compute_ms": 80.910716,
      "cpu_layers": 0,
      "cpu_temporal_encoder_direct_convolution": false,
      "id": "block-23",
      "layers": 83,
      "load_ms": 306.66515,
      "memory": {
        "activation_offload": false,
        "actual_weight_memory": "not_instrumented",
        "after_load": {
          "budget_bytes": 6067388416,
          "heap_index": 0,
          "source": "VK_EXT_memory_budget_estimate",
          "usage_bytes": 1248591872
        },
        "after_release": {
          "budget_bytes": 6067519488,
          "heap_index": 0,
          "source": "VK_EXT_memory_budget_estimate",
          "usage_bytes": 600178688
        },
        "available_bytes": 5463474176,
        "before_load": {
          "budget_bytes": 6063652864,
          "heap_index": 0,
          "source": "VK_EXT_memory_budget_estimate",
          "usage_bytes": 600178688
        },
        "estimated_weight_bytes": 1268945176,
        "oom_recovery": false,
        "policy": "auto",
        "reason": "budget_available",
        "requested_memory": "device",
        "reserve_bytes": 1515913216,
        "reserve_policy": "quarter_heap_budget",
        "scope": "weight placement before graph loading"
      },
      "vulkan_layers": 83,
      "weight_io": "buffered"
    },
    {
      "awa_cpu": 0,
      "awa_vulkan": 1,
      "awa_windows": 3,
      "backend": "ncnn-vulkan",
      "compute_ms": 105.038059,
      "cpu_layers": 0,
      "cpu_temporal_encoder_direct_convolution": false,
      "id": "block-24",
      "layers": 83,
      "load_ms": 324.526195,
      "memory": {
        "activation_offload": false,
        "actual_weight_memory": "not_instrumented",
        "after_load": {
          "budget_bytes": 6062342144,
          "heap_index": 0,
          "source": "VK_EXT_memory_budget_estimate",
          "usage_bytes": 1248591872
        },
        "after_release": {
          "budget_bytes": 6062473216,
          "heap_index": 0,
          "source": "VK_EXT_memory_budget_estimate",
          "usage_bytes": 600178688
        },
        "available_bytes": 5467340800,
        "before_load": {
          "budget_bytes": 6067519488,
          "heap_index": 0,
          "source": "VK_EXT_memory_budget_estimate",
          "usage_bytes": 600178688
        },
        "estimated_weight_bytes": 1268945176,
        "oom_recovery": false,
        "policy": "auto",
        "reason": "budget_available",
        "requested_memory": "device",
        "reserve_bytes": 1516879872,
        "reserve_policy": "quarter_heap_budget",
        "scope": "weight placement before graph loading"
      },
      "vulkan_layers": 83,
      "weight_io": "buffered"
    },
    {
      "awa_cpu": 0,
      "awa_vulkan": 1,
      "awa_windows": 3,
      "backend": "ncnn-vulkan",
      "compute_ms": 103.359591,
      "cpu_layers": 0,
      "cpu_temporal_encoder_direct_convolution": false,
      "id": "block-25",
      "layers": 83,
      "load_ms": 279.697336,
      "memory": {
        "activation_offload": false,
        "actual_weight_memory": "not_instrumented",
        "after_load": {
          "budget_bytes": 6062342144,
          "heap_index": 0,
          "source": "VK_EXT_memory_budget_estimate",
          "usage_bytes": 1248591872
        },
        "after_release": {
          "budget_bytes": 6062473216,
          "heap_index": 0,
          "source": "VK_EXT_memory_budget_estimate",
          "usage_bytes": 600178688
        },
        "available_bytes": 5462294528,
        "before_load": {
          "budget_bytes": 6062473216,
          "heap_index": 0,
          "source": "VK_EXT_memory_budget_estimate",
          "usage_bytes": 600178688
        },
        "estimated_weight_bytes": 1268945176,
        "oom_recovery": false,
        "policy": "auto",
        "reason": "budget_available",
        "requested_memory": "device",
        "reserve_bytes": 1515618304,
        "reserve_policy": "quarter_heap_budget",
        "scope": "weight placement before graph loading"
      },
      "vulkan_layers": 83,
      "weight_io": "buffered"
    },
    {
      "awa_cpu": 0,
      "awa_vulkan": 1,
      "awa_windows": 3,
      "backend": "ncnn-vulkan",
      "compute_ms": 108.027292,
      "cpu_layers": 0,
      "cpu_temporal_encoder_direct_convolution": false,
      "id": "block-26",
      "layers": 83,
      "load_ms": 274.969442,
      "memory": {
        "activation_offload": false,
        "actual_weight_memory": "not_instrumented",
        "after_load": {
          "budget_bytes": 6062342144,
          "heap_index": 0,
          "source": "VK_EXT_memory_budget_estimate",
          "usage_bytes": 1248591872
        },
        "after_release": {
          "budget_bytes": 6062538752,
          "heap_index": 0,
          "source": "VK_EXT_memory_budget_estimate",
          "usage_bytes": 600178688
        },
        "available_bytes": 5462294528,
        "before_load": {
          "budget_bytes": 6062473216,
          "heap_index": 0,
          "source": "VK_EXT_memory_budget_estimate",
          "usage_bytes": 600178688
        },
        "estimated_weight_bytes": 1268945176,
        "oom_recovery": false,
        "policy": "auto",
        "reason": "budget_available",
        "requested_memory": "device",
        "reserve_bytes": 1515618304,
        "reserve_policy": "quarter_heap_budget",
        "scope": "weight placement before graph loading"
      },
      "vulkan_layers": 83,
      "weight_io": "buffered"
    },
    {
      "awa_cpu": 0,
      "awa_vulkan": 1,
      "awa_windows": 3,
      "backend": "ncnn-vulkan",
      "compute_ms": 109.196449,
      "cpu_layers": 0,
      "cpu_temporal_encoder_direct_convolution": false,
      "id": "block-27",
      "layers": 83,
      "load_ms": 268.925914,
      "memory": {
        "activation_offload": false,
        "actual_weight_memory": "not_instrumented",
        "after_load": {
          "budget_bytes": 6062407680,
          "heap_index": 0,
          "source": "VK_EXT_memory_budget_estimate",
          "usage_bytes": 1248591872
        },
        "after_release": {
          "budget_bytes": 6062538752,
          "heap_index": 0,
          "source": "VK_EXT_memory_budget_estimate",
          "usage_bytes": 600178688
        },
        "available_bytes": 5462360064,
        "before_load": {
          "budget_bytes": 6062538752,
          "heap_index": 0,
          "source": "VK_EXT_memory_budget_estimate",
          "usage_bytes": 600178688
        },
        "estimated_weight_bytes": 1268945176,
        "oom_recovery": false,
        "policy": "auto",
        "reason": "budget_available",
        "requested_memory": "device",
        "reserve_bytes": 1515634688,
        "reserve_policy": "quarter_heap_budget",
        "scope": "weight placement before graph loading"
      },
      "vulkan_layers": 83,
      "weight_io": "buffered"
    },
    {
      "awa_cpu": 0,
      "awa_vulkan": 1,
      "awa_windows": 3,
      "backend": "ncnn-vulkan",
      "compute_ms": 114.821867,
      "cpu_layers": 0,
      "cpu_temporal_encoder_direct_convolution": false,
      "id": "block-28",
      "layers": 83,
      "load_ms": 271.514861,
      "memory": {
        "activation_offload": false,
        "actual_weight_memory": "not_instrumented",
        "after_load": {
          "budget_bytes": 6062407680,
          "heap_index": 0,
          "source": "VK_EXT_memory_budget_estimate",
          "usage_bytes": 1248591872
        },
        "after_release": {
          "budget_bytes": 6062538752,
          "heap_index": 0,
          "source": "VK_EXT_memory_budget_estimate",
          "usage_bytes": 600178688
        },
        "available_bytes": 5462360064,
        "before_load": {
          "budget_bytes": 6062538752,
          "heap_index": 0,
          "source": "VK_EXT_memory_budget_estimate",
          "usage_bytes": 600178688
        },
        "estimated_weight_bytes": 1268945176,
        "oom_recovery": false,
        "policy": "auto",
        "reason": "budget_available",
        "requested_memory": "device",
        "reserve_bytes": 1515634688,
        "reserve_policy": "quarter_heap_budget",
        "scope": "weight placement before graph loading"
      },
      "vulkan_layers": 83,
      "weight_io": "buffered"
    },
    {
      "awa_cpu": 0,
      "awa_vulkan": 1,
      "awa_windows": 3,
      "backend": "ncnn-vulkan",
      "compute_ms": 105.364135,
      "cpu_layers": 0,
      "cpu_temporal_encoder_direct_convolution": false,
      "id": "block-29",
      "layers": 83,
      "load_ms": 279.548725,
      "memory": {
        "activation_offload": false,
        "actual_weight_memory": "not_instrumented",
        "after_load": {
          "budget_bytes": 6062407680,
          "heap_index": 0,
          "source": "VK_EXT_memory_budget_estimate",
          "usage_bytes": 1248591872
        },
        "after_release": {
          "budget_bytes": 6062538752,
          "heap_index": 0,
          "source": "VK_EXT_memory_budget_estimate",
          "usage_bytes": 600178688
        },
        "available_bytes": 5462360064,
        "before_load": {
          "budget_bytes": 6062538752,
          "heap_index": 0,
          "source": "VK_EXT_memory_budget_estimate",
          "usage_bytes": 600178688
        },
        "estimated_weight_bytes": 1268945176,
        "oom_recovery": false,
        "policy": "auto",
        "reason": "budget_available",
        "requested_memory": "device",
        "reserve_bytes": 1515634688,
        "reserve_policy": "quarter_heap_budget",
        "scope": "weight placement before graph loading"
      },
      "vulkan_layers": 83,
      "weight_io": "buffered"
    },
    {
      "awa_cpu": 0,
      "awa_vulkan": 1,
      "awa_windows": 3,
      "backend": "ncnn-vulkan",
      "compute_ms": 105.400073,
      "cpu_layers": 0,
      "cpu_temporal_encoder_direct_convolution": false,
      "id": "block-30",
      "layers": 83,
      "load_ms": 286.246508,
      "memory": {
        "activation_offload": false,
        "actual_weight_memory": "not_instrumented",
        "after_load": {
          "budget_bytes": 6062407680,
          "heap_index": 0,
          "source": "VK_EXT_memory_budget_estimate",
          "usage_bytes": 1248591872
        },
        "after_release": {
          "budget_bytes": 6062538752,
          "heap_index": 0,
          "source": "VK_EXT_memory_budget_estimate",
          "usage_bytes": 600178688
        },
        "available_bytes": 5462360064,
        "before_load": {
          "budget_bytes": 6062538752,
          "heap_index": 0,
          "source": "VK_EXT_memory_budget_estimate",
          "usage_bytes": 600178688
        },
        "estimated_weight_bytes": 1268945176,
        "oom_recovery": false,
        "policy": "auto",
        "reason": "budget_available",
        "requested_memory": "device",
        "reserve_bytes": 1515634688,
        "reserve_policy": "quarter_heap_budget",
        "scope": "weight placement before graph loading"
      },
      "vulkan_layers": 83,
      "weight_io": "buffered"
    },
    {
      "awa_cpu": 0,
      "awa_vulkan": 1,
      "awa_windows": 3,
      "backend": "ncnn-vulkan",
      "compute_ms": 83.096503,
      "cpu_layers": 0,
      "cpu_temporal_encoder_direct_convolution": false,
      "id": "block-31",
      "layers": 51,
      "load_ms": 205.453152,
      "memory": {
        "activation_offload": false,
        "actual_weight_memory": "not_instrumented",
        "after_load": {
          "budget_bytes": 6079184896,
          "heap_index": 0,
          "source": "VK_EXT_memory_budget_estimate",
          "usage_bytes": 1034682368
        },
        "after_release": {
          "budget_bytes": 6081937408,
          "heap_index": 0,
          "source": "VK_EXT_memory_budget_estimate",
          "usage_bytes": 600178688
        },
        "available_bytes": 5462360064,
        "before_load": {
          "budget_bytes": 6062538752,
          "heap_index": 0,
          "source": "VK_EXT_memory_budget_estimate",
          "usage_bytes": 600178688
        },
        "estimated_weight_bytes": 844271872,
        "oom_recovery": false,
        "policy": "auto",
        "reason": "budget_available",
        "requested_memory": "device",
        "reserve_bytes": 1515634688,
        "reserve_policy": "quarter_heap_budget",
        "scope": "weight placement before graph loading"
      },
      "vulkan_layers": 51,
      "weight_io": "buffered"
    },
    {
      "awa_cpu": 0,
      "awa_vulkan": 0,
      "awa_windows": 0,
      "backend": "ncnn-vulkan",
      "compute_ms": 1.453033,
      "cpu_layers": 0,
      "cpu_temporal_encoder_direct_convolution": false,
      "id": "patch-out",
      "layers": 6,
      "load_ms": 26.664962,
      "memory": {
        "activation_offload": false,
        "actual_weight_memory": "not_instrumented",
        "after_load": {
          "budget_bytes": 6081937408,
          "heap_index": 0,
          "source": "VK_EXT_memory_budget_estimate",
          "usage_bytes": 608698368
        },
        "after_release": {
          "budget_bytes": 6081937408,
          "heap_index": 0,
          "source": "VK_EXT_memory_budget_estimate",
          "usage_bytes": 600178688
        },
        "available_bytes": 5481758720,
        "before_load": {
          "budget_bytes": 6081937408,
          "heap_index": 0,
          "source": "VK_EXT_memory_budget_estimate",
          "usage_bytes": 600178688
        },
        "estimated_weight_bytes": 1372680,
        "oom_recovery": false,
        "policy": "auto",
        "reason": "budget_available",
        "requested_memory": "device",
        "reserve_bytes": 1520484352,
        "reserve_policy": "quarter_heap_budget",
        "scope": "weight placement before graph loading"
      },
      "vulkan_layers": 6,
      "weight_io": "buffered"
    },
    {
      "awa_cpu": 0,
      "awa_vulkan": 0,
      "awa_windows": 0,
      "backend": "ncnn-vulkan",
      "compute_ms": 696.502756,
      "cpu_layers": 0,
      "cpu_temporal_encoder_direct_convolution": false,
      "id": "decoder",
      "layers": 136,
      "load_ms": 420.621805,
      "memory": {
        "activation_offload": false,
        "actual_weight_memory": "not_instrumented",
        "after_load": {
          "budget_bytes": 6081871872,
          "heap_index": 0,
          "source": "VK_EXT_memory_budget_estimate",
          "usage_bytes": 1216217088
        },
        "after_release": {
          "budget_bytes": 6084100096,
          "heap_index": 0,
          "source": "VK_EXT_memory_budget_estimate",
          "usage_bytes": 1496317952
        },
        "available_bytes": 5481758720,
        "before_load": {
          "budget_bytes": 6081937408,
          "heap_index": 0,
          "source": "VK_EXT_memory_budget_estimate",
          "usage_bytes": 600178688
        },
        "estimated_weight_bytes": 1204813848,
        "oom_recovery": false,
        "policy": "auto",
        "reason": "budget_available",
        "requested_memory": "device",
        "reserve_bytes": 1520484352,
        "reserve_policy": "quarter_heap_budget",
        "scope": "weight placement before graph loading"
      },
      "vulkan_layers": 136,
      "weight_io": "buffered"
    }
  ],
  "status": "SUCCEEDED",
  "timing": {
    "graph_compute_ms": 3744.9431919999993,
    "graph_load_ms": 10254.167616,
    "other_host_wait_and_cleanup_ms": 812.5899300000015,
    "package_validation_ms": 11430.564428
  },
  "total_ms": 26242.265166,
  "weight_io": "buffered"
}
