[0 NVIDIA GeForce RTX 4060 Laptop GPU]  queueC=2[8]  queueT=1[2]  rebar=1  r-score=76
[0 NVIDIA GeForce RTX 4060 Laptop GPU]  fp16-p/s/u/a=1/1/1/1  int8-p/s/u/a=1/1/1/1  bf16-p/s=1/1
[0 NVIDIA GeForce RTX 4060 Laptop GPU]  subgroup=32(32~32)  ops=1/1/1/1/1/1/1/1/1/1
[0 NVIDIA GeForce RTX 4060 Laptop GPU]  fp16-cm=16x16x16/16x8x16/16x8x8  int8-cm=16x16x32/16x8x32  bf16-cm=16x16x16  fp8-cm=16x16x32  fp6-cm=0  fp4-cm=0
[1 llvmpipe (LLVM 22.1.8, 256 bits)]  queueC=0[1]  queueT=0[1]  rebar=1  r-score=14
[1 llvmpipe (LLVM 22.1.8, 256 bits)]  fp16-p/s/u/a=1/1/1/1  int8-p/s/u/a=1/1/1/1  bf16-p/s=1/0
[1 llvmpipe (LLVM 22.1.8, 256 bits)]  subgroup=8(8~8)  ops=1/1/1/1/1/1/1/1/1/1
[1 llvmpipe (LLVM 22.1.8, 256 bits)]  fp16-cm=8x8x8  int8-cm=8x8x8  bf16-cm=0  fp8-cm=0  fp6-cm=0  fp4-cm=0
[2 llvmpipe (LLVM 17.0.6, 256 bits)]  queueC=0[1]  queueT=0[1]  rebar=1  r-score=4
[2 llvmpipe (LLVM 17.0.6, 256 bits)]  fp16-p/s/u/a=1/1/1/1  int8-p/s/u/a=1/1/1/1  bf16-p/s=1/0
[2 llvmpipe (LLVM 17.0.6, 256 bits)]  subgroup=8(8~8)  ops=1/1/1/1/1/1/0/1/0/0
[2 llvmpipe (LLVM 17.0.6, 256 bits)]  fp16-cm=0  int8-cm=0  bf16-cm=0  fp8-cm=0  fp6-cm=0  fp4-cm=0
{"completed":0,"elapsed_ms":185.117157,"event":"progress","stage":"validating","total":38}
{"completed":0,"elapsed_ms":190.510658,"event":"progress","stage":"validating","total":38}
{"completed":0,"elapsed_ms":411.35865,"event":"progress","stage":"validating","total":38}
{"completed":0,"elapsed_ms":688.243647,"event":"progress","stage":"validating","total":38}
{"completed":0,"elapsed_ms":1020.048671,"event":"progress","stage":"validating","total":38}
{"completed":0,"elapsed_ms":1351.653548,"event":"progress","stage":"validating","total":38}
{"completed":0,"elapsed_ms":1700.538872,"event":"progress","stage":"validating","total":38}
{"completed":0,"elapsed_ms":2056.279367,"event":"progress","stage":"validating","total":38}
{"completed":0,"elapsed_ms":2412.87739,"event":"progress","stage":"validating","total":38}
{"completed":0,"elapsed_ms":2749.404959,"event":"progress","stage":"validating","total":38}
{"completed":0,"elapsed_ms":3060.644804,"event":"progress","stage":"validating","total":38}
{"completed":0,"elapsed_ms":3396.685033,"event":"progress","stage":"validating","total":38}
{"completed":0,"elapsed_ms":3752.206594,"event":"progress","stage":"validating","total":38}
{"completed":0,"elapsed_ms":4092.997159,"event":"progress","stage":"validating","total":38}
{"completed":0,"elapsed_ms":4438.531288,"event":"progress","stage":"validating","total":38}
{"completed":0,"elapsed_ms":4806.708308,"event":"progress","stage":"validating","total":38}
{"completed":0,"elapsed_ms":5174.405001,"event":"progress","stage":"validating","total":38}
{"completed":0,"elapsed_ms":5536.214402,"event":"progress","stage":"validating","total":38}
{"completed":0,"elapsed_ms":5899.566945,"event":"progress","stage":"validating","total":38}
{"completed":0,"elapsed_ms":6260.888033,"event":"progress","stage":"validating","total":38}
{"completed":0,"elapsed_ms":6610.806438,"event":"progress","stage":"validating","total":38}
{"completed":0,"elapsed_ms":6951.09698,"event":"progress","stage":"validating","total":38}
{"completed":0,"elapsed_ms":7288.624926,"event":"progress","stage":"validating","total":38}
{"completed":0,"elapsed_ms":7618.010153,"event":"progress","stage":"validating","total":38}
{"completed":0,"elapsed_ms":7972.956839,"event":"progress","stage":"validating","total":38}
{"completed":0,"elapsed_ms":8307.526973,"event":"progress","stage":"validating","total":38}
{"completed":0,"elapsed_ms":8643.259931,"event":"progress","stage":"validating","total":38}
{"completed":0,"elapsed_ms":8983.804362,"event":"progress","stage":"validating","total":38}
{"completed":0,"elapsed_ms":9313.754164,"event":"progress","stage":"validating","total":38}
{"completed":0,"elapsed_ms":9647.681995,"event":"progress","stage":"validating","total":38}
{"completed":0,"elapsed_ms":9979.421005,"event":"progress","stage":"validating","total":38}
{"completed":0,"elapsed_ms":10340.49656,"event":"progress","stage":"validating","total":38}
{"completed":0,"elapsed_ms":10688.50008,"event":"progress","stage":"validating","total":38}
{"completed":0,"elapsed_ms":11035.376002,"event":"progress","stage":"validating","total":38}
{"completed":0,"elapsed_ms":11385.069092,"event":"progress","stage":"validating","total":38}
{"completed":0,"elapsed_ms":11617.76113,"event":"progress","stage":"validating","total":38}
{"completed":0,"elapsed_ms":11619.049362,"event":"progress","stage":"validating","total":38}
[libx264 @ 0x3f1cff40] using cpu capabilities: MMX2 SSE2Fast SSSE3 SSE4.2 AVX FMA3 BMI2 AVX2 AVX512
[libx264 @ 0x3f1cff40] profile High, level 1.0, 4:2:0, 8-bit
[libx264 @ 0x3f1cff40] 264 - core 165 r3222 b35605a - H.264/MPEG-4 AVC codec - Copyleft 2003-2025 - http://www.videolan.org/x264.html - options: cabac=1 ref=2 deblock=1:0:0 analyse=0x3:0x113 me=hex subme=6 psy=1 psy_rd=1.00:0.00 mixed_ref=1 me_range=16 chroma_me=1 trellis=1 8x8dct=1 cqm=0 deadzone=21,11 fast_pskip=1 chroma_qp_offset=-2 threads=4 lookahead_threads=1 sliced_threads=0 nr=0 decimate=1 interlaced=0 bluray_compat=0 constrained_intra=0 bframes=0 weightp=1 keyint=250 keyint_min=8 scenecut=40 intra_refresh=0 rc_lookahead=30 rc=crf mbtree=1 crf=18.0 qcomp=0.60 qpmin=0 qpmax=69 qpstep=4 ip_ratio=1.40 aq=1:1.00
[mp4 @ 0x3f194e80] Starting second pass: moving the moov atom to the beginning of the file
[libx264 @ 0x3f1cff40] frame I:1     Avg QP:18.55  size:  1174
[libx264 @ 0x3f1cff40] frame P:7     Avg QP:18.87  size:   699
[libx264 @ 0x3f1cff40] mb I  I16..4:  0.0% 90.0% 10.0%
[libx264 @ 0x3f1cff40] mb P  I16..4:  0.0%  6.4%  2.5%  P16..4: 36.4% 35.4% 18.2%  0.0%  0.0%    skip: 1.1%
[libx264 @ 0x3f1cff40] 8x8 transform intra:83.1% inter:59.0%
[libx264 @ 0x3f1cff40] coded y,uvDC,uvAC intra: 95.8% 67.7% 18.5% inter: 65.4% 28.6% 2.7%
[libx264 @ 0x3f1cff40] i8 v,h,dc,ddl,ddr,vr,hd,vl,hu: 25% 15% 14%  4%  6% 25%  3%  3%  5%
[libx264 @ 0x3f1cff40] i4 v,h,dc,ddl,ddr,vr,hd,vl,hu: 52% 13%  7%  3%  2%  7%  6%  6%  4%
[libx264 @ 0x3f1cff40] i8c dc,h,v,p: 62% 26% 11%  2%
[libx264 @ 0x3f1cff40] Weighted P-Frames: Y:14.3% UV:0.0%
[libx264 @ 0x3f1cff40] ref P L0: 79.1% 20.9%
[libx264 @ 0x3f1cff40] kb/s:48.54
{"completed":1,"elapsed_ms":11920.124831,"event":"progress","stage":"encoding","total":38}
{"completed":2,"elapsed_ms":12734.557241,"event":"progress","stage":"sampling","total":38}
{"completed":3,"elapsed_ms":12735.080349,"event":"progress","stage":"projecting","total":38}
{"completed":4,"elapsed_ms":12752.447401,"event":"progress","stage":"block-00","total":38}
overwrite built-in layer type RMSNorm
overwrite built-in layer type InnerProduct
push_constant_count not match, expect 0 but got 2
push_constant_count not match, expect 0 but got 2
{"completed":5,"elapsed_ms":13208.097073,"event":"progress","stage":"block-01","total":38}
overwrite built-in layer type RMSNorm
overwrite built-in layer type InnerProduct
push_constant_count not match, expect 0 but got 2
push_constant_count not match, expect 0 but got 2
{"completed":6,"elapsed_ms":13556.221031,"event":"progress","stage":"block-02","total":38}
overwrite built-in layer type RMSNorm
overwrite built-in layer type InnerProduct
push_constant_count not match, expect 0 but got 2
push_constant_count not match, expect 0 but got 2
{"completed":7,"elapsed_ms":13931.103708,"event":"progress","stage":"block-03","total":38}
overwrite built-in layer type RMSNorm
overwrite built-in layer type InnerProduct
push_constant_count not match, expect 0 but got 2
push_constant_count not match, expect 0 but got 2
{"completed":8,"elapsed_ms":14313.162882,"event":"progress","stage":"block-04","total":38}
overwrite built-in layer type RMSNorm
overwrite built-in layer type InnerProduct
push_constant_count not match, expect 0 but got 2
push_constant_count not match, expect 0 but got 2
{"completed":9,"elapsed_ms":14705.464278,"event":"progress","stage":"block-05","total":38}
overwrite built-in layer type RMSNorm
overwrite built-in layer type InnerProduct
push_constant_count not match, expect 0 but got 2
push_constant_count not match, expect 0 but got 2
{"completed":10,"elapsed_ms":15050.28971,"event":"progress","stage":"block-06","total":38}
overwrite built-in layer type RMSNorm
overwrite built-in layer type InnerProduct
push_constant_count not match, expect 0 but got 2
push_constant_count not match, expect 0 but got 2
{"completed":11,"elapsed_ms":15374.526408,"event":"progress","stage":"block-07","total":38}
overwrite built-in layer type RMSNorm
overwrite built-in layer type InnerProduct
push_constant_count not match, expect 0 but got 2
push_constant_count not match, expect 0 but got 2
{"completed":12,"elapsed_ms":15724.529272,"event":"progress","stage":"block-08","total":38}
overwrite built-in layer type RMSNorm
overwrite built-in layer type InnerProduct
push_constant_count not match, expect 0 but got 2
push_constant_count not match, expect 0 but got 2
{"completed":13,"elapsed_ms":16112.885322,"event":"progress","stage":"block-09","total":38}
overwrite built-in layer type RMSNorm
overwrite built-in layer type InnerProduct
push_constant_count not match, expect 0 but got 2
push_constant_count not match, expect 0 but got 2
{"completed":14,"elapsed_ms":16482.813928,"event":"progress","stage":"block-10","total":38}
overwrite built-in layer type RMSNorm
overwrite built-in layer type InnerProduct
push_constant_count not match, expect 0 but got 2
push_constant_count not match, expect 0 but got 2
{"completed":15,"elapsed_ms":16849.385677,"event":"progress","stage":"block-11","total":38}
overwrite built-in layer type RMSNorm
overwrite built-in layer type InnerProduct
push_constant_count not match, expect 0 but got 2
push_constant_count not match, expect 0 but got 2
{"completed":16,"elapsed_ms":17237.985938,"event":"progress","stage":"block-12","total":38}
overwrite built-in layer type RMSNorm
overwrite built-in layer type InnerProduct
push_constant_count not match, expect 0 but got 2
push_constant_count not match, expect 0 but got 2
{"completed":17,"elapsed_ms":17643.57676,"event":"progress","stage":"block-13","total":38}
overwrite built-in layer type RMSNorm
overwrite built-in layer type InnerProduct
push_constant_count not match, expect 0 but got 2
push_constant_count not match, expect 0 but got 2
{"completed":18,"elapsed_ms":18018.377242,"event":"progress","stage":"block-14","total":38}
overwrite built-in layer type RMSNorm
overwrite built-in layer type InnerProduct
push_constant_count not match, expect 0 but got 2
push_constant_count not match, expect 0 but got 2
{"completed":19,"elapsed_ms":18388.294197,"event":"progress","stage":"block-15","total":38}
overwrite built-in layer type RMSNorm
overwrite built-in layer type InnerProduct
push_constant_count not match, expect 0 but got 2
push_constant_count not match, expect 0 but got 2
{"completed":20,"elapsed_ms":18769.539344,"event":"progress","stage":"block-16","total":38}
overwrite built-in layer type RMSNorm
overwrite built-in layer type InnerProduct
push_constant_count not match, expect 0 but got 2
push_constant_count not match, expect 0 but got 2
{"completed":21,"elapsed_ms":19146.53539,"event":"progress","stage":"block-17","total":38}
overwrite built-in layer type RMSNorm
overwrite built-in layer type InnerProduct
push_constant_count not match, expect 0 but got 2
push_constant_count not match, expect 0 but got 2
{"completed":22,"elapsed_ms":19698.57556,"event":"progress","stage":"block-18","total":38}
overwrite built-in layer type RMSNorm
overwrite built-in layer type InnerProduct
push_constant_count not match, expect 0 but got 2
push_constant_count not match, expect 0 but got 2
{"completed":23,"elapsed_ms":20058.874669,"event":"progress","stage":"block-19","total":38}
overwrite built-in layer type RMSNorm
overwrite built-in layer type InnerProduct
push_constant_count not match, expect 0 but got 2
push_constant_count not match, expect 0 but got 2
{"completed":24,"elapsed_ms":20405.866249,"event":"progress","stage":"block-20","total":38}
overwrite built-in layer type RMSNorm
overwrite built-in layer type InnerProduct
push_constant_count not match, expect 0 but got 2
push_constant_count not match, expect 0 but got 2
{"completed":25,"elapsed_ms":20786.381719,"event":"progress","stage":"block-21","total":38}
overwrite built-in layer type RMSNorm
overwrite built-in layer type InnerProduct
push_constant_count not match, expect 0 but got 2
push_constant_count not match, expect 0 but got 2
{"completed":26,"elapsed_ms":21180.637064,"event":"progress","stage":"block-22","total":38}
overwrite built-in layer type RMSNorm
overwrite built-in layer type InnerProduct
push_constant_count not match, expect 0 but got 2
push_constant_count not match, expect 0 but got 2
{"completed":27,"elapsed_ms":21584.860214,"event":"progress","stage":"block-23","total":38}
overwrite built-in layer type RMSNorm
overwrite built-in layer type InnerProduct
push_constant_count not match, expect 0 but got 2
push_constant_count not match, expect 0 but got 2
{"completed":28,"elapsed_ms":21980.815558,"event":"progress","stage":"block-24","total":38}
overwrite built-in layer type RMSNorm
overwrite built-in layer type InnerProduct
push_constant_count not match, expect 0 but got 2
push_constant_count not match, expect 0 but got 2
{"completed":29,"elapsed_ms":22418.845993,"event":"progress","stage":"block-25","total":38}
overwrite built-in layer type RMSNorm
overwrite built-in layer type InnerProduct
push_constant_count not match, expect 0 but got 2
push_constant_count not match, expect 0 but got 2
{"completed":30,"elapsed_ms":22814.455924,"event":"progress","stage":"block-26","total":38}
overwrite built-in layer type RMSNorm
overwrite built-in layer type InnerProduct
push_constant_count not match, expect 0 but got 2
push_constant_count not match, expect 0 but got 2
{"completed":31,"elapsed_ms":23205.900163,"event":"progress","stage":"block-27","total":38}
overwrite built-in layer type RMSNorm
overwrite built-in layer type InnerProduct
push_constant_count not match, expect 0 but got 2
push_constant_count not match, expect 0 but got 2
{"completed":32,"elapsed_ms":23592.313826,"event":"progress","stage":"block-28","total":38}
overwrite built-in layer type RMSNorm
overwrite built-in layer type InnerProduct
push_constant_count not match, expect 0 but got 2
push_constant_count not match, expect 0 but got 2
{"completed":33,"elapsed_ms":23986.94439,"event":"progress","stage":"block-29","total":38}
overwrite built-in layer type RMSNorm
overwrite built-in layer type InnerProduct
push_constant_count not match, expect 0 but got 2
push_constant_count not match, expect 0 but got 2
{"completed":34,"elapsed_ms":24382.347722,"event":"progress","stage":"block-30","total":38}
overwrite built-in layer type RMSNorm
overwrite built-in layer type InnerProduct
push_constant_count not match, expect 0 but got 2
push_constant_count not match, expect 0 but got 2
{"completed":35,"elapsed_ms":24782.259755,"event":"progress","stage":"block-31","total":38}
overwrite built-in layer type RMSNorm
overwrite built-in layer type InnerProduct
push_constant_count not match, expect 0 but got 2
push_constant_count not match, expect 0 but got 2
{"completed":36,"elapsed_ms":25077.215211,"event":"progress","stage":"denoising","total":38}
{"completed":37,"elapsed_ms":25105.974497,"event":"progress","stage":"decoding","total":38}
[libx264 @ 0x7f72b436f980] using cpu capabilities: MMX2 SSE2Fast SSSE3 SSE4.2 AVX FMA3 BMI2 AVX2 AVX512
[libx264 @ 0x7f72b436f980] profile High, level 1.0, 4:2:0, 8-bit
[libx264 @ 0x7f72b436f980] 264 - core 165 r3222 b35605a - H.264/MPEG-4 AVC codec - Copyleft 2003-2025 - http://www.videolan.org/x264.html - options: cabac=1 ref=2 deblock=1:0:0 analyse=0x3:0x113 me=hex subme=6 psy=1 psy_rd=1.00:0.00 mixed_ref=1 me_range=16 chroma_me=1 trellis=1 8x8dct=1 cqm=0 deadzone=21,11 fast_pskip=1 chroma_qp_offset=-2 threads=4 lookahead_threads=1 sliced_threads=0 nr=0 decimate=1 interlaced=0 bluray_compat=0 constrained_intra=0 bframes=0 weightp=1 keyint=250 keyint_min=8 scenecut=40 intra_refresh=0 rc_lookahead=30 rc=crf mbtree=1 crf=18.0 qcomp=0.60 qpmin=0 qpmax=69 qpstep=4 ip_ratio=1.40 aq=1:1.00
[mp4 @ 0x7f72b43f9cc0] Starting second pass: moving the moov atom to the beginning of the file
[libx264 @ 0x7f72b436f980] frame I:1     Avg QP:20.90  size:  1777
[libx264 @ 0x7f72b436f980] frame P:7     Avg QP:19.99  size:  1388
[libx264 @ 0x7f72b436f980] mb I  I16..4:  0.0% 62.5% 37.5%
[libx264 @ 0x7f72b436f980] mb P  I16..4:  0.4% 10.7% 16.8%  P16..4: 23.6% 30.7% 12.9%  0.0%  0.0%    skip: 5.0%
[libx264 @ 0x7f72b436f980] 8x8 transform intra:46.6% inter:48.9%
[libx264 @ 0x7f72b436f980] coded y,uvDC,uvAC intra: 98.7% 95.8% 57.6% inter: 71.2% 50.5% 0.5%
[libx264 @ 0x7f72b436f980] i16 v,h,dc,p: 100%  0%  0%  0%
[libx264 @ 0x7f72b436f980] i8 v,h,dc,ddl,ddr,vr,hd,vl,hu: 18% 15% 15%  5%  6% 24%  3%  3% 11%
[libx264 @ 0x7f72b436f980] i4 v,h,dc,ddl,ddr,vr,hd,vl,hu: 35%  8%  9%  3%  8% 18%  5%  8%  5%
[libx264 @ 0x7f72b436f980] i8c dc,h,v,p: 49% 24% 24%  3%
[libx264 @ 0x7f72b436f980] Weighted P-Frames: Y:42.9% UV:0.0%
[libx264 @ 0x7f72b436f980] ref P L0: 86.7% 13.3%
[libx264 @ 0x7f72b436f980] kb/s:91.96
{"completed":38,"elapsed_ms":26318.116663,"event":"progress","stage":"completed","total":38}
