[0 NVIDIA GeForce RTX 4060 Laptop GPU]  queueC=2[8]  queueT=1[2]  rebar=1  r-score=76
[0 NVIDIA GeForce RTX 4060 Laptop GPU]  fp16-p/s/u/a=1/1/1/1  int8-p/s/u/a=1/1/1/1  bf16-p/s=1/1
[0 NVIDIA GeForce RTX 4060 Laptop GPU]  subgroup=32(32~32)  ops=1/1/1/1/1/1/1/1/1/1
[0 NVIDIA GeForce RTX 4060 Laptop GPU]  fp16-cm=16x16x16/16x8x16/16x8x8  int8-cm=16x16x32/16x8x32  bf16-cm=16x16x16  fp8-cm=16x16x32  fp6-cm=0  fp4-cm=0
[1 llvmpipe (LLVM 22.1.8, 256 bits)]  queueC=0[1]  queueT=0[1]  rebar=1  r-score=14
[1 llvmpipe (LLVM 22.1.8, 256 bits)]  fp16-p/s/u/a=1/1/1/1  int8-p/s/u/a=1/1/1/1  bf16-p/s=1/0
[1 llvmpipe (LLVM 22.1.8, 256 bits)]  subgroup=8(8~8)  ops=1/1/1/1/1/1/1/1/1/1
[1 llvmpipe (LLVM 22.1.8, 256 bits)]  fp16-cm=8x8x8  int8-cm=8x8x8  bf16-cm=0  fp8-cm=0  fp6-cm=0  fp4-cm=0
[2 llvmpipe (LLVM 17.0.6, 256 bits)]  queueC=0[1]  queueT=0[1]  rebar=1  r-score=4
[2 llvmpipe (LLVM 17.0.6, 256 bits)]  fp16-p/s/u/a=1/1/1/1  int8-p/s/u/a=1/1/1/1  bf16-p/s=1/0
[2 llvmpipe (LLVM 17.0.6, 256 bits)]  subgroup=8(8~8)  ops=1/1/1/1/1/1/0/1/0/0
[2 llvmpipe (LLVM 17.0.6, 256 bits)]  fp16-cm=0  int8-cm=0  bf16-cm=0  fp8-cm=0  fp6-cm=0  fp4-cm=0
{"completed":0,"elapsed_ms":309.573929,"event":"progress","stage":"validating","total":38}
{"completed":0,"elapsed_ms":314.791637,"event":"progress","stage":"validating","total":38}
{"completed":0,"elapsed_ms":490.016624,"event":"progress","stage":"validating","total":38}
{"completed":0,"elapsed_ms":786.964373,"event":"progress","stage":"validating","total":38}
{"completed":0,"elapsed_ms":1102.952027,"event":"progress","stage":"validating","total":38}
{"completed":0,"elapsed_ms":1412.139276,"event":"progress","stage":"validating","total":38}
{"completed":0,"elapsed_ms":1724.993065,"event":"progress","stage":"validating","total":38}
{"completed":0,"elapsed_ms":2060.609535,"event":"progress","stage":"validating","total":38}
{"completed":0,"elapsed_ms":2366.542372,"event":"progress","stage":"validating","total":38}
{"completed":0,"elapsed_ms":2687.46509,"event":"progress","stage":"validating","total":38}
{"completed":0,"elapsed_ms":3000.779398,"event":"progress","stage":"validating","total":38}
{"completed":0,"elapsed_ms":3312.300432,"event":"progress","stage":"validating","total":38}
{"completed":0,"elapsed_ms":3621.507658,"event":"progress","stage":"validating","total":38}
{"completed":0,"elapsed_ms":3928.524762,"event":"progress","stage":"validating","total":38}
{"completed":0,"elapsed_ms":4234.627169,"event":"progress","stage":"validating","total":38}
{"completed":0,"elapsed_ms":4544.589891,"event":"progress","stage":"validating","total":38}
{"completed":0,"elapsed_ms":4853.918968,"event":"progress","stage":"validating","total":38}
{"completed":0,"elapsed_ms":5170.746116,"event":"progress","stage":"validating","total":38}
{"completed":0,"elapsed_ms":5491.250174,"event":"progress","stage":"validating","total":38}
{"completed":0,"elapsed_ms":5803.240012,"event":"progress","stage":"validating","total":38}
{"completed":0,"elapsed_ms":6107.948739,"event":"progress","stage":"validating","total":38}
{"completed":0,"elapsed_ms":6414.181382,"event":"progress","stage":"validating","total":38}
{"completed":0,"elapsed_ms":6721.722875,"event":"progress","stage":"validating","total":38}
{"completed":0,"elapsed_ms":7030.021968,"event":"progress","stage":"validating","total":38}
{"completed":0,"elapsed_ms":7337.853218,"event":"progress","stage":"validating","total":38}
{"completed":0,"elapsed_ms":7646.566362,"event":"progress","stage":"validating","total":38}
{"completed":0,"elapsed_ms":7957.01967,"event":"progress","stage":"validating","total":38}
{"completed":0,"elapsed_ms":8261.888589,"event":"progress","stage":"validating","total":38}
{"completed":0,"elapsed_ms":8570.296958,"event":"progress","stage":"validating","total":38}
{"completed":0,"elapsed_ms":8880.257196,"event":"progress","stage":"validating","total":38}
{"completed":0,"elapsed_ms":9194.599745,"event":"progress","stage":"validating","total":38}
{"completed":0,"elapsed_ms":9516.848476,"event":"progress","stage":"validating","total":38}
{"completed":0,"elapsed_ms":9831.177679,"event":"progress","stage":"validating","total":38}
{"completed":0,"elapsed_ms":10150.314186,"event":"progress","stage":"validating","total":38}
{"completed":0,"elapsed_ms":10465.776779,"event":"progress","stage":"validating","total":38}
{"completed":0,"elapsed_ms":10673.047397,"event":"progress","stage":"validating","total":38}
{"completed":0,"elapsed_ms":10674.511791,"event":"progress","stage":"validating","total":38}
[libx264 @ 0xa990c40] using cpu capabilities: MMX2 SSE2Fast SSSE3 SSE4.2 AVX FMA3 BMI2 AVX2 AVX512
[libx264 @ 0xa990c40] profile High, level 1.0, 4:2:0, 8-bit
[libx264 @ 0xa990c40] 264 - core 165 r3222 b35605a - H.264/MPEG-4 AVC codec - Copyleft 2003-2025 - http://www.videolan.org/x264.html - options: cabac=1 ref=2 deblock=1:0:0 analyse=0x3:0x113 me=hex subme=6 psy=1 psy_rd=1.00:0.00 mixed_ref=1 me_range=16 chroma_me=1 trellis=1 8x8dct=1 cqm=0 deadzone=21,11 fast_pskip=1 chroma_qp_offset=-2 threads=4 lookahead_threads=1 sliced_threads=0 nr=0 decimate=1 interlaced=0 bluray_compat=0 constrained_intra=0 bframes=0 weightp=1 keyint=250 keyint_min=8 scenecut=40 intra_refresh=0 rc_lookahead=30 rc=crf mbtree=1 crf=18.0 qcomp=0.60 qpmin=0 qpmax=69 qpstep=4 ip_ratio=1.40 aq=1:1.00
[mp4 @ 0xa9fc140] Starting second pass: moving the moov atom to the beginning of the file
[libx264 @ 0xa990c40] frame I:1     Avg QP:18.55  size:  1174
[libx264 @ 0xa990c40] frame P:8     Avg QP:18.89  size:   723
[libx264 @ 0xa990c40] mb I  I16..4:  0.0% 90.0% 10.0%
[libx264 @ 0xa990c40] mb P  I16..4:  0.0%  8.1%  1.9%  P16..4: 35.0% 35.3% 17.8%  0.0%  0.0%    skip: 1.9%
[libx264 @ 0xa990c40] 8x8 transform intra:86.1% inter:62.1%
[libx264 @ 0xa990c40] coded y,uvDC,uvAC intra: 96.5% 72.2% 22.2% inter: 67.7% 32.6% 1.4%
[libx264 @ 0xa990c40] i8 v,h,dc,ddl,ddr,vr,hd,vl,hu: 28% 15% 13%  3%  6% 23%  3%  3%  5%
[libx264 @ 0xa990c40] i4 v,h,dc,ddl,ddr,vr,hd,vl,hu: 46% 18% 10%  2%  4%  7%  5%  4%  4%
[libx264 @ 0xa990c40] i8c dc,h,v,p: 64% 22% 12%  1%
[libx264 @ 0xa990c40] Weighted P-Frames: Y:12.5% UV:0.0%
[libx264 @ 0xa990c40] ref P L0: 80.1% 19.9%
[libx264 @ 0xa990c40] kb/s:49.49
{"completed":1,"elapsed_ms":11014.361691,"event":"progress","stage":"encoding","total":38}
overwrite built-in layer type Swish
{"completed":2,"elapsed_ms":11806.121394,"event":"progress","stage":"sampling","total":38}
{"completed":3,"elapsed_ms":11807.673213,"event":"progress","stage":"projecting","total":38}
overwrite built-in layer type Swish
{"completed":4,"elapsed_ms":11825.742947,"event":"progress","stage":"block-00","total":38}
overwrite built-in layer type Swish
overwrite built-in layer type RMSNorm
overwrite built-in layer type InnerProduct
{"completed":5,"elapsed_ms":12354.092027,"event":"progress","stage":"block-01","total":38}
overwrite built-in layer type Swish
overwrite built-in layer type RMSNorm
overwrite built-in layer type InnerProduct
{"completed":6,"elapsed_ms":12812.7198,"event":"progress","stage":"block-02","total":38}
overwrite built-in layer type Swish
overwrite built-in layer type RMSNorm
overwrite built-in layer type InnerProduct
{"completed":7,"elapsed_ms":13274.544387,"event":"progress","stage":"block-03","total":38}
overwrite built-in layer type Swish
overwrite built-in layer type RMSNorm
overwrite built-in layer type InnerProduct
{"completed":8,"elapsed_ms":13742.314274,"event":"progress","stage":"block-04","total":38}
overwrite built-in layer type Swish
overwrite built-in layer type RMSNorm
overwrite built-in layer type InnerProduct
{"completed":9,"elapsed_ms":14205.735363,"event":"progress","stage":"block-05","total":38}
overwrite built-in layer type Swish
overwrite built-in layer type RMSNorm
overwrite built-in layer type InnerProduct
{"completed":10,"elapsed_ms":14639.969959,"event":"progress","stage":"block-06","total":38}
overwrite built-in layer type Swish
overwrite built-in layer type RMSNorm
overwrite built-in layer type InnerProduct
{"completed":11,"elapsed_ms":15065.540211,"event":"progress","stage":"block-07","total":38}
overwrite built-in layer type Swish
overwrite built-in layer type RMSNorm
overwrite built-in layer type InnerProduct
{"completed":12,"elapsed_ms":15504.68842,"event":"progress","stage":"block-08","total":38}
overwrite built-in layer type Swish
overwrite built-in layer type RMSNorm
overwrite built-in layer type InnerProduct
{"completed":13,"elapsed_ms":15919.908518,"event":"progress","stage":"block-09","total":38}
overwrite built-in layer type Swish
overwrite built-in layer type RMSNorm
overwrite built-in layer type InnerProduct
{"completed":14,"elapsed_ms":16364.73858,"event":"progress","stage":"block-10","total":38}
overwrite built-in layer type Swish
overwrite built-in layer type RMSNorm
overwrite built-in layer type InnerProduct
{"completed":15,"elapsed_ms":16823.076366,"event":"progress","stage":"block-11","total":38}
overwrite built-in layer type Swish
overwrite built-in layer type RMSNorm
overwrite built-in layer type InnerProduct
{"completed":16,"elapsed_ms":17287.038287,"event":"progress","stage":"block-12","total":38}
overwrite built-in layer type Swish
overwrite built-in layer type RMSNorm
overwrite built-in layer type InnerProduct
{"completed":17,"elapsed_ms":17737.769657,"event":"progress","stage":"block-13","total":38}
overwrite built-in layer type Swish
overwrite built-in layer type RMSNorm
overwrite built-in layer type InnerProduct
{"completed":18,"elapsed_ms":18195.110301,"event":"progress","stage":"block-14","total":38}
overwrite built-in layer type Swish
overwrite built-in layer type RMSNorm
overwrite built-in layer type InnerProduct
{"completed":19,"elapsed_ms":18643.76943,"event":"progress","stage":"block-15","total":38}
overwrite built-in layer type Swish
overwrite built-in layer type RMSNorm
overwrite built-in layer type InnerProduct
{"completed":20,"elapsed_ms":19084.334753,"event":"progress","stage":"block-16","total":38}
overwrite built-in layer type Swish
overwrite built-in layer type RMSNorm
overwrite built-in layer type InnerProduct
{"completed":21,"elapsed_ms":19536.933607,"event":"progress","stage":"block-17","total":38}
overwrite built-in layer type Swish
overwrite built-in layer type RMSNorm
overwrite built-in layer type InnerProduct
{"completed":22,"elapsed_ms":19962.685823,"event":"progress","stage":"block-18","total":38}
overwrite built-in layer type Swish
overwrite built-in layer type RMSNorm
overwrite built-in layer type InnerProduct
{"completed":23,"elapsed_ms":20369.177919,"event":"progress","stage":"block-19","total":38}
overwrite built-in layer type Swish
overwrite built-in layer type RMSNorm
overwrite built-in layer type InnerProduct
{"completed":24,"elapsed_ms":20799.257993,"event":"progress","stage":"block-20","total":38}
overwrite built-in layer type Swish
overwrite built-in layer type RMSNorm
overwrite built-in layer type InnerProduct
{"completed":25,"elapsed_ms":21216.576041,"event":"progress","stage":"block-21","total":38}
overwrite built-in layer type Swish
overwrite built-in layer type RMSNorm
overwrite built-in layer type InnerProduct
{"completed":26,"elapsed_ms":21641.880652,"event":"progress","stage":"block-22","total":38}
overwrite built-in layer type Swish
overwrite built-in layer type RMSNorm
overwrite built-in layer type InnerProduct
{"completed":27,"elapsed_ms":22089.324648,"event":"progress","stage":"block-23","total":38}
overwrite built-in layer type Swish
overwrite built-in layer type RMSNorm
overwrite built-in layer type InnerProduct
{"completed":28,"elapsed_ms":22534.519288,"event":"progress","stage":"block-24","total":38}
overwrite built-in layer type Swish
overwrite built-in layer type RMSNorm
overwrite built-in layer type InnerProduct
{"completed":29,"elapsed_ms":22991.574583,"event":"progress","stage":"block-25","total":38}
overwrite built-in layer type Swish
overwrite built-in layer type RMSNorm
overwrite built-in layer type InnerProduct
{"completed":30,"elapsed_ms":23448.454137,"event":"progress","stage":"block-26","total":38}
overwrite built-in layer type Swish
overwrite built-in layer type RMSNorm
overwrite built-in layer type InnerProduct
{"completed":31,"elapsed_ms":23906.136436,"event":"progress","stage":"block-27","total":38}
overwrite built-in layer type Swish
overwrite built-in layer type RMSNorm
overwrite built-in layer type InnerProduct
{"completed":32,"elapsed_ms":24368.795958,"event":"progress","stage":"block-28","total":38}
overwrite built-in layer type Swish
overwrite built-in layer type RMSNorm
overwrite built-in layer type InnerProduct
{"completed":33,"elapsed_ms":24808.079482,"event":"progress","stage":"block-29","total":38}
overwrite built-in layer type Swish
overwrite built-in layer type RMSNorm
overwrite built-in layer type InnerProduct
{"completed":34,"elapsed_ms":25239.056899,"event":"progress","stage":"block-30","total":38}
overwrite built-in layer type Swish
overwrite built-in layer type RMSNorm
overwrite built-in layer type InnerProduct
{"completed":35,"elapsed_ms":25666.599324,"event":"progress","stage":"block-31","total":38}
overwrite built-in layer type Swish
overwrite built-in layer type RMSNorm
overwrite built-in layer type InnerProduct
{"completed":36,"elapsed_ms":25996.28432,"event":"progress","stage":"denoising","total":38}
overwrite built-in layer type Swish
{"completed":37,"elapsed_ms":26036.533413,"event":"progress","stage":"decoding","total":38}
overwrite built-in layer type Swish
[libx264 @ 0xc758e80] using cpu capabilities: MMX2 SSE2Fast SSSE3 SSE4.2 AVX FMA3 BMI2 AVX2 AVX512
[libx264 @ 0xc758e80] profile High, level 1.0, 4:2:0, 8-bit
[libx264 @ 0xc758e80] 264 - core 165 r3222 b35605a - H.264/MPEG-4 AVC codec - Copyleft 2003-2025 - http://www.videolan.org/x264.html - options: cabac=1 ref=2 deblock=1:0:0 analyse=0x3:0x113 me=hex subme=6 psy=1 psy_rd=1.00:0.00 mixed_ref=1 me_range=16 chroma_me=1 trellis=1 8x8dct=1 cqm=0 deadzone=21,11 fast_pskip=1 chroma_qp_offset=-2 threads=4 lookahead_threads=1 sliced_threads=0 nr=0 decimate=1 interlaced=0 bluray_compat=0 constrained_intra=0 bframes=0 weightp=1 keyint=250 keyint_min=8 scenecut=40 intra_refresh=0 rc_lookahead=30 rc=crf mbtree=1 crf=18.0 qcomp=0.60 qpmin=0 qpmax=69 qpstep=4 ip_ratio=1.40 aq=1:1.00
[mp4 @ 0xad20740] Starting second pass: moving the moov atom to the beginning of the file
[libx264 @ 0xc758e80] frame I:1     Avg QP:20.92  size:  1801
[libx264 @ 0xc758e80] frame P:8     Avg QP:20.09  size:  1450
[libx264 @ 0xc758e80] mb I  I16..4:  2.5% 55.0% 42.5%
[libx264 @ 0xc758e80] mb P  I16..4:  0.0% 15.0% 17.8%  P16..4: 18.8% 31.6% 14.1%  0.0%  0.0%    skip: 2.8%
[libx264 @ 0xc758e80] 8x8 transform intra:48.3% inter:53.1%
[libx264 @ 0xc758e80] coded y,uvDC,uvAC intra: 97.4% 91.0% 51.7% inter: 75.6% 57.7% 0.9%
[libx264 @ 0xc758e80] i16 v,h,dc,p:  0%  0%  0% 100%
[libx264 @ 0xc758e80] i8 v,h,dc,ddl,ddr,vr,hd,vl,hu: 20% 12% 15%  2%  6% 24%  4%  5% 12%
[libx264 @ 0xc758e80] i4 v,h,dc,ddl,ddr,vr,hd,vl,hu: 31% 12% 10%  3%  7% 16%  5%  9%  7%
[libx264 @ 0xc758e80] i8c dc,h,v,p: 53% 19% 21%  7%
[libx264 @ 0xc758e80] Weighted P-Frames: Y:25.0% UV:0.0%
[libx264 @ 0xc758e80] ref P L0: 89.0% 11.0%
[libx264 @ 0xc758e80] kb/s:95.30
{"completed":38,"elapsed_ms":27201.595192,"event":"progress","stage":"completed","total":38}
