[0 NVIDIA GeForce RTX 4060 Laptop GPU]  queueC=2[8]  queueT=1[2]  rebar=1  r-score=76
[0 NVIDIA GeForce RTX 4060 Laptop GPU]  fp16-p/s/u/a=1/1/1/1  int8-p/s/u/a=1/1/1/1  bf16-p/s=1/1
[0 NVIDIA GeForce RTX 4060 Laptop GPU]  subgroup=32(32~32)  ops=1/1/1/1/1/1/1/1/1/1
[0 NVIDIA GeForce RTX 4060 Laptop GPU]  fp16-cm=16x16x16/16x8x16/16x8x8  int8-cm=16x16x32/16x8x32  bf16-cm=16x16x16  fp8-cm=16x16x32  fp6-cm=0  fp4-cm=0
[1 llvmpipe (LLVM 22.1.8, 256 bits)]  queueC=0[1]  queueT=0[1]  rebar=1  r-score=14
[1 llvmpipe (LLVM 22.1.8, 256 bits)]  fp16-p/s/u/a=1/1/1/1  int8-p/s/u/a=1/1/1/1  bf16-p/s=1/0
[1 llvmpipe (LLVM 22.1.8, 256 bits)]  subgroup=8(8~8)  ops=1/1/1/1/1/1/1/1/1/1
[1 llvmpipe (LLVM 22.1.8, 256 bits)]  fp16-cm=8x8x8  int8-cm=8x8x8  bf16-cm=0  fp8-cm=0  fp6-cm=0  fp4-cm=0
[2 llvmpipe (LLVM 17.0.6, 256 bits)]  queueC=0[1]  queueT=0[1]  rebar=1  r-score=4
[2 llvmpipe (LLVM 17.0.6, 256 bits)]  fp16-p/s/u/a=1/1/1/1  int8-p/s/u/a=1/1/1/1  bf16-p/s=1/0
[2 llvmpipe (LLVM 17.0.6, 256 bits)]  subgroup=8(8~8)  ops=1/1/1/1/1/1/0/1/0/0
[2 llvmpipe (LLVM 17.0.6, 256 bits)]  fp16-cm=0  int8-cm=0  bf16-cm=0  fp8-cm=0  fp6-cm=0  fp4-cm=0
{"completed":0,"elapsed_ms":187.996091,"event":"progress","stage":"validating","total":38}
{"completed":0,"elapsed_ms":193.823329,"event":"progress","stage":"validating","total":38}
{"completed":0,"elapsed_ms":389.567674,"event":"progress","stage":"validating","total":38}
{"completed":0,"elapsed_ms":692.839158,"event":"progress","stage":"validating","total":38}
{"completed":0,"elapsed_ms":1011.285101,"event":"progress","stage":"validating","total":38}
{"completed":0,"elapsed_ms":1326.701957,"event":"progress","stage":"validating","total":38}
{"completed":0,"elapsed_ms":1638.278456,"event":"progress","stage":"validating","total":38}
{"completed":0,"elapsed_ms":1960.795703,"event":"progress","stage":"validating","total":38}
{"completed":0,"elapsed_ms":2273.559202,"event":"progress","stage":"validating","total":38}
{"completed":0,"elapsed_ms":2609.776165,"event":"progress","stage":"validating","total":38}
{"completed":0,"elapsed_ms":2933.750732,"event":"progress","stage":"validating","total":38}
{"completed":0,"elapsed_ms":3255.231674,"event":"progress","stage":"validating","total":38}
{"completed":0,"elapsed_ms":3568.352958,"event":"progress","stage":"validating","total":38}
{"completed":0,"elapsed_ms":3885.923218,"event":"progress","stage":"validating","total":38}
{"completed":0,"elapsed_ms":4201.461684,"event":"progress","stage":"validating","total":38}
{"completed":0,"elapsed_ms":4516.085965,"event":"progress","stage":"validating","total":38}
{"completed":0,"elapsed_ms":4827.648597,"event":"progress","stage":"validating","total":38}
{"completed":0,"elapsed_ms":5147.20727,"event":"progress","stage":"validating","total":38}
{"completed":0,"elapsed_ms":5459.426943,"event":"progress","stage":"validating","total":38}
{"completed":0,"elapsed_ms":5771.82937,"event":"progress","stage":"validating","total":38}
{"completed":0,"elapsed_ms":6080.836509,"event":"progress","stage":"validating","total":38}
{"completed":0,"elapsed_ms":6391.271764,"event":"progress","stage":"validating","total":38}
{"completed":0,"elapsed_ms":6702.30659,"event":"progress","stage":"validating","total":38}
{"completed":0,"elapsed_ms":7020.429143,"event":"progress","stage":"validating","total":38}
{"completed":0,"elapsed_ms":7334.199271,"event":"progress","stage":"validating","total":38}
{"completed":0,"elapsed_ms":7647.460129,"event":"progress","stage":"validating","total":38}
{"completed":0,"elapsed_ms":7961.709211,"event":"progress","stage":"validating","total":38}
{"completed":0,"elapsed_ms":8270.485164,"event":"progress","stage":"validating","total":38}
{"completed":0,"elapsed_ms":8593.237555,"event":"progress","stage":"validating","total":38}
{"completed":0,"elapsed_ms":8908.50005,"event":"progress","stage":"validating","total":38}
{"completed":0,"elapsed_ms":9227.297296,"event":"progress","stage":"validating","total":38}
{"completed":0,"elapsed_ms":9551.285099,"event":"progress","stage":"validating","total":38}
{"completed":0,"elapsed_ms":9872.291284,"event":"progress","stage":"validating","total":38}
{"completed":0,"elapsed_ms":10199.30624,"event":"progress","stage":"validating","total":38}
{"completed":0,"elapsed_ms":10522.572952,"event":"progress","stage":"validating","total":38}
{"completed":0,"elapsed_ms":10733.17618,"event":"progress","stage":"validating","total":38}
{"completed":0,"elapsed_ms":10734.456556,"event":"progress","stage":"validating","total":38}
[libx264 @ 0x404d2500] using cpu capabilities: MMX2 SSE2Fast SSSE3 SSE4.2 AVX FMA3 BMI2 AVX2 AVX512
[libx264 @ 0x404d2500] profile High, level 1.0, 4:2:0, 8-bit
[libx264 @ 0x404d2500] 264 - core 165 r3222 b35605a - H.264/MPEG-4 AVC codec - Copyleft 2003-2025 - http://www.videolan.org/x264.html - options: cabac=1 ref=2 deblock=1:0:0 analyse=0x3:0x113 me=hex subme=6 psy=1 psy_rd=1.00:0.00 mixed_ref=1 me_range=16 chroma_me=1 trellis=1 8x8dct=1 cqm=0 deadzone=21,11 fast_pskip=1 chroma_qp_offset=-2 threads=4 lookahead_threads=1 sliced_threads=0 nr=0 decimate=1 interlaced=0 bluray_compat=0 constrained_intra=0 bframes=0 weightp=1 keyint=250 keyint_min=8 scenecut=40 intra_refresh=0 rc_lookahead=30 rc=crf mbtree=1 crf=18.0 qcomp=0.60 qpmin=0 qpmax=69 qpstep=4 ip_ratio=1.40 aq=1:1.00
[mp4 @ 0x403dae80] Starting second pass: moving the moov atom to the beginning of the file
[libx264 @ 0x404d2500] frame I:1     Avg QP:18.55  size:  1174
[libx264 @ 0x404d2500] frame P:7     Avg QP:18.87  size:   699
[libx264 @ 0x404d2500] mb I  I16..4:  0.0% 90.0% 10.0%
[libx264 @ 0x404d2500] mb P  I16..4:  0.0%  6.4%  2.5%  P16..4: 36.4% 35.4% 18.2%  0.0%  0.0%    skip: 1.1%
[libx264 @ 0x404d2500] 8x8 transform intra:83.1% inter:59.0%
[libx264 @ 0x404d2500] coded y,uvDC,uvAC intra: 95.8% 67.7% 18.5% inter: 65.4% 28.6% 2.7%
[libx264 @ 0x404d2500] i8 v,h,dc,ddl,ddr,vr,hd,vl,hu: 25% 15% 14%  4%  6% 25%  3%  3%  5%
[libx264 @ 0x404d2500] i4 v,h,dc,ddl,ddr,vr,hd,vl,hu: 52% 13%  7%  3%  2%  7%  6%  6%  4%
[libx264 @ 0x404d2500] i8c dc,h,v,p: 62% 26% 11%  2%
[libx264 @ 0x404d2500] Weighted P-Frames: Y:14.3% UV:0.0%
[libx264 @ 0x404d2500] ref P L0: 79.1% 20.9%
[libx264 @ 0x404d2500] kb/s:48.54
{"completed":1,"elapsed_ms":11033.885368,"event":"progress","stage":"encoding","total":38}
overwrite built-in layer type Swish
{"completed":2,"elapsed_ms":11779.307588,"event":"progress","stage":"sampling","total":38}
{"completed":3,"elapsed_ms":11779.82809,"event":"progress","stage":"projecting","total":38}
overwrite built-in layer type Swish
{"completed":4,"elapsed_ms":11797.280128,"event":"progress","stage":"block-00","total":38}
overwrite built-in layer type Swish
overwrite built-in layer type RMSNorm
overwrite built-in layer type InnerProduct
{"completed":5,"elapsed_ms":12314.360861,"event":"progress","stage":"block-01","total":38}
overwrite built-in layer type Swish
overwrite built-in layer type RMSNorm
overwrite built-in layer type InnerProduct
{"completed":6,"elapsed_ms":12734.028133,"event":"progress","stage":"block-02","total":38}
overwrite built-in layer type Swish
overwrite built-in layer type RMSNorm
overwrite built-in layer type InnerProduct
{"completed":7,"elapsed_ms":13139.131798,"event":"progress","stage":"block-03","total":38}
overwrite built-in layer type Swish
overwrite built-in layer type RMSNorm
overwrite built-in layer type InnerProduct
{"completed":8,"elapsed_ms":13567.841415,"event":"progress","stage":"block-04","total":38}
overwrite built-in layer type Swish
overwrite built-in layer type RMSNorm
overwrite built-in layer type InnerProduct
{"completed":9,"elapsed_ms":14050.565255,"event":"progress","stage":"block-05","total":38}
overwrite built-in layer type Swish
overwrite built-in layer type RMSNorm
overwrite built-in layer type InnerProduct
{"completed":10,"elapsed_ms":14550.192188,"event":"progress","stage":"block-06","total":38}
overwrite built-in layer type Swish
overwrite built-in layer type RMSNorm
overwrite built-in layer type InnerProduct
{"completed":11,"elapsed_ms":15079.427961,"event":"progress","stage":"block-07","total":38}
overwrite built-in layer type Swish
overwrite built-in layer type RMSNorm
overwrite built-in layer type InnerProduct
{"completed":12,"elapsed_ms":15566.352129,"event":"progress","stage":"block-08","total":38}
overwrite built-in layer type Swish
overwrite built-in layer type RMSNorm
overwrite built-in layer type InnerProduct
{"completed":13,"elapsed_ms":16037.594019,"event":"progress","stage":"block-09","total":38}
overwrite built-in layer type Swish
overwrite built-in layer type RMSNorm
overwrite built-in layer type InnerProduct
{"completed":14,"elapsed_ms":16499.323657,"event":"progress","stage":"block-10","total":38}
overwrite built-in layer type Swish
overwrite built-in layer type RMSNorm
overwrite built-in layer type InnerProduct
{"completed":15,"elapsed_ms":16957.610797,"event":"progress","stage":"block-11","total":38}
overwrite built-in layer type Swish
overwrite built-in layer type RMSNorm
overwrite built-in layer type InnerProduct
{"completed":16,"elapsed_ms":17404.892997,"event":"progress","stage":"block-12","total":38}
overwrite built-in layer type Swish
overwrite built-in layer type RMSNorm
overwrite built-in layer type InnerProduct
{"completed":17,"elapsed_ms":17851.508489,"event":"progress","stage":"block-13","total":38}
overwrite built-in layer type Swish
overwrite built-in layer type RMSNorm
overwrite built-in layer type InnerProduct
{"completed":18,"elapsed_ms":18303.294148,"event":"progress","stage":"block-14","total":38}
overwrite built-in layer type Swish
overwrite built-in layer type RMSNorm
overwrite built-in layer type InnerProduct
{"completed":19,"elapsed_ms":18784.406537,"event":"progress","stage":"block-15","total":38}
overwrite built-in layer type Swish
overwrite built-in layer type RMSNorm
overwrite built-in layer type InnerProduct
{"completed":20,"elapsed_ms":19256.155685,"event":"progress","stage":"block-16","total":38}
overwrite built-in layer type Swish
overwrite built-in layer type RMSNorm
overwrite built-in layer type InnerProduct
{"completed":21,"elapsed_ms":19724.143543,"event":"progress","stage":"block-17","total":38}
overwrite built-in layer type Swish
overwrite built-in layer type RMSNorm
overwrite built-in layer type InnerProduct
{"completed":22,"elapsed_ms":20187.385355,"event":"progress","stage":"block-18","total":38}
overwrite built-in layer type Swish
overwrite built-in layer type RMSNorm
overwrite built-in layer type InnerProduct
{"completed":23,"elapsed_ms":20684.319244,"event":"progress","stage":"block-19","total":38}
overwrite built-in layer type Swish
overwrite built-in layer type RMSNorm
overwrite built-in layer type InnerProduct
{"completed":24,"elapsed_ms":21166.766743,"event":"progress","stage":"block-20","total":38}
overwrite built-in layer type Swish
overwrite built-in layer type RMSNorm
overwrite built-in layer type InnerProduct
{"completed":25,"elapsed_ms":21612.37305,"event":"progress","stage":"block-21","total":38}
overwrite built-in layer type Swish
overwrite built-in layer type RMSNorm
overwrite built-in layer type InnerProduct
{"completed":26,"elapsed_ms":22059.97318,"event":"progress","stage":"block-22","total":38}
overwrite built-in layer type Swish
overwrite built-in layer type RMSNorm
overwrite built-in layer type InnerProduct
{"completed":27,"elapsed_ms":22509.201253,"event":"progress","stage":"block-23","total":38}
overwrite built-in layer type Swish
overwrite built-in layer type RMSNorm
overwrite built-in layer type InnerProduct
{"completed":28,"elapsed_ms":22953.428828,"event":"progress","stage":"block-24","total":38}
overwrite built-in layer type Swish
overwrite built-in layer type RMSNorm
overwrite built-in layer type InnerProduct
{"completed":29,"elapsed_ms":23423.484109,"event":"progress","stage":"block-25","total":38}
overwrite built-in layer type Swish
overwrite built-in layer type RMSNorm
overwrite built-in layer type InnerProduct
{"completed":30,"elapsed_ms":23917.476076,"event":"progress","stage":"block-26","total":38}
overwrite built-in layer type Swish
overwrite built-in layer type RMSNorm
overwrite built-in layer type InnerProduct
{"completed":31,"elapsed_ms":24393.809375,"event":"progress","stage":"block-27","total":38}
overwrite built-in layer type Swish
overwrite built-in layer type RMSNorm
overwrite built-in layer type InnerProduct
{"completed":32,"elapsed_ms":24876.779951,"event":"progress","stage":"block-28","total":38}
overwrite built-in layer type Swish
overwrite built-in layer type RMSNorm
overwrite built-in layer type InnerProduct
{"completed":33,"elapsed_ms":25353.982281,"event":"progress","stage":"block-29","total":38}
overwrite built-in layer type Swish
overwrite built-in layer type RMSNorm
overwrite built-in layer type InnerProduct
{"completed":34,"elapsed_ms":25843.43982,"event":"progress","stage":"block-30","total":38}
overwrite built-in layer type Swish
overwrite built-in layer type RMSNorm
overwrite built-in layer type InnerProduct
{"completed":35,"elapsed_ms":26320.617082,"event":"progress","stage":"block-31","total":38}
overwrite built-in layer type Swish
overwrite built-in layer type RMSNorm
overwrite built-in layer type InnerProduct
{"completed":36,"elapsed_ms":26658.779687,"event":"progress","stage":"denoising","total":38}
overwrite built-in layer type Swish
{"completed":37,"elapsed_ms":26699.774728,"event":"progress","stage":"decoding","total":38}
overwrite built-in layer type Swish
[libx264 @ 0x7f8c71d92640] using cpu capabilities: MMX2 SSE2Fast SSSE3 SSE4.2 AVX FMA3 BMI2 AVX2 AVX512
[libx264 @ 0x7f8c71d92640] profile High, level 1.0, 4:2:0, 8-bit
[libx264 @ 0x7f8c71d92640] 264 - core 165 r3222 b35605a - H.264/MPEG-4 AVC codec - Copyleft 2003-2025 - http://www.videolan.org/x264.html - options: cabac=1 ref=2 deblock=1:0:0 analyse=0x3:0x113 me=hex subme=6 psy=1 psy_rd=1.00:0.00 mixed_ref=1 me_range=16 chroma_me=1 trellis=1 8x8dct=1 cqm=0 deadzone=21,11 fast_pskip=1 chroma_qp_offset=-2 threads=4 lookahead_threads=1 sliced_threads=0 nr=0 decimate=1 interlaced=0 bluray_compat=0 constrained_intra=0 bframes=0 weightp=1 keyint=250 keyint_min=8 scenecut=40 intra_refresh=0 rc_lookahead=30 rc=crf mbtree=1 crf=18.0 qcomp=0.60 qpmin=0 qpmax=69 qpstep=4 ip_ratio=1.40 aq=1:1.00
[mp4 @ 0x7f8cb28c8540] Starting second pass: moving the moov atom to the beginning of the file
[libx264 @ 0x7f8c71d92640] frame I:1     Avg QP:20.90  size:  1780
[libx264 @ 0x7f8c71d92640] frame P:7     Avg QP:19.90  size:  1399
[libx264 @ 0x7f8c71d92640] mb I  I16..4:  0.0% 67.5% 32.5%
[libx264 @ 0x7f8c71d92640] mb P  I16..4:  0.0% 11.1% 15.7%  P16..4: 22.1% 33.6% 11.8%  0.0%  0.0%    skip: 5.7%
[libx264 @ 0x7f8c71d92640] 8x8 transform intra:50.4% inter:56.4%
[libx264 @ 0x7f8c71d92640] coded y,uvDC,uvAC intra: 99.1% 95.7% 56.5% inter: 73.5% 52.2% 1.5%
[libx264 @ 0x7f8c71d92640] i8 v,h,dc,ddl,ddr,vr,hd,vl,hu: 17% 12% 16%  4%  5% 25%  4%  5% 11%
[libx264 @ 0x7f8c71d92640] i4 v,h,dc,ddl,ddr,vr,hd,vl,hu: 36%  8%  8%  4%  8% 20%  4%  7%  5%
[libx264 @ 0x7f8c71d92640] i8c dc,h,v,p: 51% 22% 23%  3%
[libx264 @ 0x7f8c71d92640] Weighted P-Frames: Y:42.9% UV:0.0%
[libx264 @ 0x7f8c71d92640] ref P L0: 87.6% 12.4%
[libx264 @ 0x7f8c71d92640] kb/s:92.61
{"completed":38,"elapsed_ms":27853.292389,"event":"progress","stage":"completed","total":38}
