-- CMAKE_INSTALL_PREFIX = /home/runner/work/seedvr2-ncnn-vulkan/seedvr2-ncnn-vulkan/.deps/ncnn-install
-- NCNN_VERSION_STRING = 1.0.20260909
-- The C compiler identification is GNU 13.3.0
-- The CXX compiler identification is GNU 13.3.0
-- Detecting C compiler ABI info
-- Detecting C compiler ABI info - done
-- Check for working C compiler: /usr/bin/cc - skipped
-- Detecting C compile features
-- Detecting C compile features - done
-- Detecting CXX compiler ABI info
-- Detecting CXX compiler ABI info - done
-- Check for working CXX compiler: /usr/bin/g++ - skipped
-- Detecting CXX compile features
-- Detecting CXX compile features - done
-- Performing Test NCNN_COMPILER_SUPPORT_GNU_INLINE_ASM
-- Performing Test NCNN_COMPILER_SUPPORT_GNU_INLINE_ASM - Success
-- Performing Test NCNN_COMPILER_SUPPORT_X86_RECIP_NONE
-- Performing Test NCNN_COMPILER_SUPPORT_X86_RECIP_NONE - Success
-- Performing Test NCNN_COMPILER_SUPPORT_X86_AVX
-- Performing Test NCNN_COMPILER_SUPPORT_X86_AVX - Success
-- Performing Test NCNN_COMPILER_SUPPORT_X86_FMA
-- Performing Test NCNN_COMPILER_SUPPORT_X86_FMA - Success
-- Performing Test NCNN_COMPILER_SUPPORT_X86_FMA4
-- Performing Test NCNN_COMPILER_SUPPORT_X86_FMA4 - Success
-- Performing Test NCNN_COMPILER_SUPPORT_X86_XOP
-- Performing Test NCNN_COMPILER_SUPPORT_X86_XOP - Success
-- Performing Test NCNN_COMPILER_SUPPORT_X86_F16C
-- Performing Test NCNN_COMPILER_SUPPORT_X86_F16C - Success
-- Performing Test NCNN_COMPILER_SUPPORT_X86_AVX2
-- Performing Test NCNN_COMPILER_SUPPORT_X86_AVX2 - Success
-- Performing Test NCNN_COMPILER_SUPPORT_X86_AVX512
-- Performing Test NCNN_COMPILER_SUPPORT_X86_AVX512 - Success
-- Performing Test NCNN_COMPILER_SUPPORT_X86_AVX_VNNI
-- Performing Test NCNN_COMPILER_SUPPORT_X86_AVX_VNNI - Success
-- Performing Test NCNN_COMPILER_SUPPORT_X86_AVX_VNNI_INT8
-- Performing Test NCNN_COMPILER_SUPPORT_X86_AVX_VNNI_INT8 - Success
-- Performing Test NCNN_COMPILER_SUPPORT_X86_AVX_VNNI_INT16
-- Performing Test NCNN_COMPILER_SUPPORT_X86_AVX_VNNI_INT16 - Failed
-- Performing Test NCNN_COMPILER_SUPPORT_X86_AVX_NE_CONVERT
-- Performing Test NCNN_COMPILER_SUPPORT_X86_AVX_NE_CONVERT - Success
-- Performing Test NCNN_COMPILER_SUPPORT_X86_AVX512_VNNI
-- Performing Test NCNN_COMPILER_SUPPORT_X86_AVX512_VNNI - Success
-- Performing Test NCNN_COMPILER_SUPPORT_X86_AVX512_BF16
-- Performing Test NCNN_COMPILER_SUPPORT_X86_AVX512_BF16 - Success
-- Performing Test NCNN_COMPILER_SUPPORT_X86_AVX512_FP16
-- Performing Test NCNN_COMPILER_SUPPORT_X86_AVX512_FP16 - Success
CMake Warning at CMakeLists.txt:741 (message):
  The compiler does not support avx vnni int16 extension.  NCNN_AVXVNNIINT16
  will be OFF.


-- Target arch: x86 64bit
-- Performing Test CMAKE_HAVE_LIBC_PTHREAD
-- Performing Test CMAKE_HAVE_LIBC_PTHREAD - Success
-- Found Threads: TRUE
-- Found glslang: /usr/lib/x86_64-linux-gnu/libglslang.a (found version "15.1.0")
-- Found SPIRV: /usr/lib/x86_64-linux-gnu/libSPIRV.a (found version "15.1.0")
-- Performing Test COMPILER_HAS_HIDDEN_VISIBILITY
-- Performing Test COMPILER_HAS_HIDDEN_VISIBILITY - Success
-- Performing Test COMPILER_HAS_HIDDEN_INLINE_VISIBILITY
-- Performing Test COMPILER_HAS_HIDDEN_INLINE_VISIBILITY - Success
-- Performing Test COMPILER_HAS_DEPRECATED_ATTR
-- Performing Test COMPILER_HAS_DEPRECATED_ATTR - Success
-- Found OpenMP_C: -fopenmp (found version "4.5")
-- Found OpenMP_CXX: -fopenmp (found version "4.5")
-- Found OpenMP: TRUE (found version "4.5")
-- Configuring done (7.8s)
-- Generating done (0.1s)
-- Build files have been written to: /home/runner/work/seedvr2-ncnn-vulkan/seedvr2-ncnn-vulkan/.deps/build/ncnn-3b7bdba7fc8a
[1/902] Preprocessing shader source absval.comp
[2/902] Preprocessing shader source batchnorm.comp
[3/902] Preprocessing shader source batchnorm_pack4.comp
[4/902] Preprocessing shader source binaryop.comp
[5/902] Preprocessing shader source binaryop_broadcast.comp
[6/902] Preprocessing shader source binaryop_broadcast_pack1to4.comp
[7/902] Preprocessing shader source binaryop_broadcast_pack4.comp
[8/902] Preprocessing shader source binaryop_pack4.comp
[9/902] Preprocessing shader source cast_fp16_to_fp32.comp
[10/902] Preprocessing shader source cast_fp16_to_fp32_pack4.comp
[11/902] Preprocessing shader source cast_fp32_to_fp16.comp
[12/902] Preprocessing shader source cast_fp32_to_fp16_pack4.comp
[13/902] Preprocessing shader source celu.comp
[14/902] Preprocessing shader source clip.comp
[15/902] Preprocessing shader source concat.comp
[16/902] Preprocessing shader source concat_pack4.comp
[17/902] Preprocessing shader source concat_pack4to1.comp
[18/902] Preprocessing shader source convert_ycbcr.comp
[19/902] Preprocessing shader source convolution1d_1x1s1d1_cm.comp
[20/902] Preprocessing shader source convolution1d_gemm_cm.comp
[21/902] Preprocessing shader source convolution1d_packed.comp
[22/902] Preprocessing shader source convolution1d_packed_1x1s1d1.comp
[23/902] Preprocessing shader source convolution1d_packed_gemm.comp
[24/902] Preprocessing shader source convolution_1x1s1d1_cm.comp
[25/902] Preprocessing shader source convolution_1x1s1d1_int8_cm.comp
[26/902] Preprocessing shader source convolution_3x3s1d1_winograd23_transform_input.comp
[27/902] Preprocessing shader source convolution_3x3s1d1_winograd23_transform_input_int8.comp
[28/902] Preprocessing shader source convolution_3x3s1d1_winograd23_transform_input_int8_cm.comp
[29/902] Preprocessing shader source convolution_3x3s1d1_winograd23_transform_output.comp
[30/902] Preprocessing shader source convolution_3x3s1d1_winograd23_transform_output_int8.comp
[31/902] Preprocessing shader source convolution_3x3s1d1_winograd43_transform_input.comp
[32/902] Preprocessing shader source convolution_3x3s1d1_winograd43_transform_input_int8.comp
[33/902] Preprocessing shader source convolution_3x3s1d1_winograd43_transform_output.comp
[34/902] Preprocessing shader source convolution_3x3s1d1_winograd43_transform_input_int8_cm.comp
[35/902] Preprocessing shader source convolution_3x3s1d1_winograd_gemm.comp
[36/902] Preprocessing shader source convolution_3x3s1d1_winograd43_transform_output_int8.comp
[37/902] Preprocessing shader source convolution_3x3s1d1_winograd_gemm_int8.comp
[38/902] Preprocessing shader source convolution_3x3s1d1_winograd_gemm_int8_cm.comp
[39/902] Preprocessing shader source convolution_gemm_cm.comp
[40/902] Preprocessing shader source convolution_pack1to4_3x3s1d1_winograd_gemm.comp
[41/902] Preprocessing shader source convolution_gemm_int8_cm.comp
[42/902] Preprocessing shader source convolution_pack4_3x3s1d1_winograd23_transform_input.comp
[43/902] Preprocessing shader source convolution_pack4_3x3s1d1_winograd23_transform_input_int8.comp
[44/902] Preprocessing shader source convolution_pack4_3x3s1d1_winograd23_transform_output.comp
[45/902] Preprocessing shader source convolution_pack4_3x3s1d1_winograd23_transform_input_int8_cm.comp
[46/902] Preprocessing shader source convolution_pack4_3x3s1d1_winograd23_transform_output_int8.comp
[47/902] Preprocessing shader source convolution_pack4_3x3s1d1_winograd43_transform_input.comp
[48/902] Preprocessing shader source convolution_pack4_3x3s1d1_winograd43_transform_input_int8.comp
[49/902] Preprocessing shader source convolution_pack4_3x3s1d1_winograd43_transform_output.comp
[50/902] Preprocessing shader source convolution_pack4_3x3s1d1_winograd43_transform_input_int8_cm.comp
[51/902] Preprocessing shader source convolution_pack4_3x3s1d1_winograd_gemm.comp
[52/902] Preprocessing shader source convolution_pack4to1_3x3s1d1_winograd_gemm.comp
[53/902] Preprocessing shader source convolution_pack4_3x3s1d1_winograd43_transform_output_int8.comp
[54/902] Preprocessing shader source convolution_packed_1x1s1d1.comp
[55/902] Preprocessing shader source convolution_packed.comp
[56/902] Preprocessing shader source convolution_packed_gemm.comp
[57/902] Preprocessing shader source convolution_packed_1x1s1d1_int8.comp
[58/902] Preprocessing shader source convolution_packed_gemm_int8.comp
[59/902] Preprocessing shader source convolution_packed_int8.comp
[60/902] Preprocessing shader source convolutiondepthwise.comp
[61/902] Preprocessing shader source convolutiondepthwise_group.comp
[62/902] Preprocessing shader source convolutiondepthwise_group_pack1to4.comp
[63/902] Preprocessing shader source convolutiondepthwise_group_pack4.comp
[64/902] Preprocessing shader source convolutiondepthwise_group_pack4to1.comp
[65/902] Preprocessing shader source convolution_winograd_gemm_cm.comp
[66/902] Preprocessing shader source convolutiondepthwise_group_packed_int8.comp
[67/902] Preprocessing shader source convolutiondepthwise_int8.comp
[68/902] Preprocessing shader source convolutiondepthwise_pack4.comp
[69/902] Preprocessing shader source convolutiondepthwise_pack4_int8.comp
[70/902] Preprocessing shader source crop.comp
[71/902] Preprocessing shader source crop_pack1to4.comp
[72/902] Preprocessing shader source crop_pack4.comp
[73/902] Preprocessing shader source crop_pack4to1.comp
[74/902] Preprocessing shader source deconvolution_col2im.comp
[75/902] Preprocessing shader source deconvolution_gemm_packed.comp
[76/902] Preprocessing shader source deconvolution_pack4_col2im.comp
[77/902] Preprocessing shader source deconvolution_gemm_cm.comp
[78/902] Preprocessing shader source deconvolution_packed.comp
[79/902] Preprocessing shader source deconvolutiondepthwise.comp
[80/902] Preprocessing shader source deconvolutiondepthwise_group.comp
[81/902] Preprocessing shader source deconvolutiondepthwise_group_pack1to4.comp
[82/902] Preprocessing shader source deconvolutiondepthwise_group_pack4.comp
[83/902] Preprocessing shader source deconvolutiondepthwise_group_pack4to1.comp
[84/902] Preprocessing shader source deconvolutiondepthwise_pack4.comp
[85/902] Preprocessing shader source deepcopy.comp
[86/902] Preprocessing shader source deepcopy_pack4.comp
[87/902] Preprocessing shader source dequantize.comp
[88/902] Preprocessing shader source dequantize_pack4.comp
[89/902] Preprocessing shader source dropout.comp
[90/902] Preprocessing shader source eltwise.comp
[91/902] Preprocessing shader source elu.comp
[92/902] Preprocessing shader source erf.comp
[93/902] Preprocessing shader source flatten.comp
[94/902] Preprocessing shader source flatten_int8.comp
[95/902] Preprocessing shader source flatten_pack1to4.comp
[96/902] Preprocessing shader source flatten_pack1to4_int8.comp
[97/902] Preprocessing shader source flatten_pack4.comp
[98/902] Preprocessing shader source flatten_pack4_int8.comp
[99/902] Preprocessing shader source gelu.comp
[100/902] Preprocessing shader source gemm.comp
[101/902] Preprocessing shader source gemm_int8.comp
[102/902] Preprocessing shader source gemm_int8_cm.comp
[103/902] Preprocessing shader source gemm_quantize_A_int8.comp
[104/902] Preprocessing shader source gemm_quantize_A_packed_int8.comp
[105/902] Preprocessing shader source gemm_quantize_B_absmax_int8.comp
[106/902] Preprocessing shader source gemm_quantize_B_descale_int8.comp
[107/902] Preprocessing shader source gemm_quantize_B_int8.comp
[108/902] Preprocessing shader source gemm_quantize_B_packed_int8.comp
[109/902] Preprocessing shader source gemm_sg.comp
[110/902] Preprocessing shader source groupnorm_coeffs.comp
[111/902] Preprocessing shader source groupnorm_coeffs_pack4.comp
[112/902] Preprocessing shader source gemm_cm.comp
[113/902] Preprocessing shader source groupnorm_norm.comp
[114/902] Preprocessing shader source groupnorm_norm_pack4.comp
[115/902] Preprocessing shader source groupnorm_reduce_mean.comp
[116/902] Preprocessing shader source groupnorm_reduce_mean_pack4.comp
[117/902] Preprocessing shader source groupnorm_reduce_sum4_fp16_to_fp32.comp
[118/902] Preprocessing shader source groupnorm_reduce_sum4_fp16_to_fp32_pack4.comp
[119/902] Preprocessing shader source groupnorm_reduce_sum4_fp32.comp
[120/902] Preprocessing shader source groupnorm_reduce_sum4_fp32_pack4.comp
[121/902] Preprocessing shader source groupnorm_sub_mean_square.comp
[122/902] Preprocessing shader source groupnorm_sub_mean_square_pack4.comp
[123/902] Preprocessing shader source hardsigmoid.comp
[124/902] Preprocessing shader source hardswish.comp
[125/902] Preprocessing shader source innerproduct.comp
[126/902] Preprocessing shader source innerproduct_gemm.comp
[127/902] Preprocessing shader source innerproduct_gemm_wp1to4.comp
[128/902] Preprocessing shader source innerproduct_gemm_wp4.comp
[129/902] Preprocessing shader source innerproduct_gemm_int8.comp
[130/902] Preprocessing shader source innerproduct_gemm_wp4to1.comp
[131/902] Preprocessing shader source innerproduct_pack1to4.comp
[132/902] Preprocessing shader source innerproduct_int8.comp
[133/902] Preprocessing shader source innerproduct_pack4.comp
[134/902] Preprocessing shader source innerproduct_pack4to1.comp
[135/902] Preprocessing shader source innerproduct_reduce_sum8.comp
[136/902] Preprocessing shader source innerproduct_reduce_sum8_int8.comp
[137/902] Preprocessing shader source innerproduct_reduce_sum8_pack4.comp
[138/902] Preprocessing shader source innerproduct_sum8.comp
[139/902] Preprocessing shader source innerproduct_sum8_pack1to4.comp
[140/902] Preprocessing shader source innerproduct_sum8_int8.comp
[141/902] Preprocessing shader source innerproduct_sum8_pack4.comp
[142/902] Preprocessing shader source innerproduct_sum8_pack4to1.comp
[143/902] Preprocessing shader source instancenorm_coeffs.comp
[144/902] Preprocessing shader source instancenorm_coeffs_pack4.comp
[145/902] Preprocessing shader source instancenorm_norm.comp
[146/902] Preprocessing shader source instancenorm_norm_pack4.comp
[147/902] Preprocessing shader source instancenorm_reduce_mean.comp
[148/902] Preprocessing shader source instancenorm_reduce_mean_pack4.comp
[149/902] Preprocessing shader source instancenorm_reduce_sum4_fp16_to_fp32.comp
[150/902] Preprocessing shader source instancenorm_reduce_sum4_fp16_to_fp32_pack4.comp
[151/902] Preprocessing shader source instancenorm_reduce_sum4_fp32.comp
[152/902] Preprocessing shader source instancenorm_reduce_sum4_fp32_pack4.comp
[153/902] Preprocessing shader source instancenorm_sub_mean_square.comp
[154/902] Preprocessing shader source instancenorm_sub_mean_square_pack4.comp
[155/902] Preprocessing shader source interp_bicubic.comp
[156/902] Preprocessing shader source interp.comp
[157/902] Preprocessing shader source interp_bicubic_coeffs.comp
[158/902] Preprocessing shader source interp_bicubic_pack4.comp
[159/902] Preprocessing shader source layernorm_coeffs.comp
[160/902] Preprocessing shader source interp_pack4.comp
[161/902] Preprocessing shader source layernorm_coeffs_pack4.comp
[162/902] Preprocessing shader source layernorm_norm.comp
[163/902] Preprocessing shader source layernorm_norm_pack4.comp
[164/902] Preprocessing shader source layernorm_reduce_mean.comp
[165/902] Preprocessing shader source layernorm_reduce_mean_pack4.comp
[166/902] Preprocessing shader source layernorm_reduce_sum4_fp16_to_fp32.comp
[167/902] Preprocessing shader source layernorm_reduce_sum4_fp16_to_fp32_pack4.comp
[168/902] Preprocessing shader source layernorm_reduce_sum4_fp32.comp
[169/902] Preprocessing shader source layernorm_reduce_sum4_fp32_pack4.comp
[170/902] Preprocessing shader source layernorm_sub_mean_square.comp
[171/902] Preprocessing shader source layernorm_sub_mean_square_pack4.comp
[172/902] Preprocessing shader source lrn_norm.comp
[173/902] Preprocessing shader source lrn_norm_across_channel_pack4.comp
[174/902] Preprocessing shader source lrn_norm_within_channel_pack4.comp
[175/902] Preprocessing shader source lrn_square_pad.comp
[176/902] Preprocessing shader source lrn_square_pad_across_channel_pack4.comp
[177/902] Preprocessing shader source lrn_square_pad_within_channel_pack4.comp
[178/902] Preprocessing shader source mish.comp
[179/902] Preprocessing shader source multiheadattention_kvcache_append.comp
[180/902] Preprocessing shader source multiheadattention_kvcache_copy.comp
[181/902] Preprocessing shader source multiheadattention_kvcache_qk.comp
[182/902] Preprocessing shader source multiheadattention_kvcache_qkv.comp
[183/902] Preprocessing shader source multiheadattention_qk_cross.comp
[184/902] Preprocessing shader source multiheadattention_qk_cross_pack1to4.comp
[185/902] Preprocessing shader source multiheadattention_qk_cross_pack4to1.comp
[186/902] Preprocessing shader source multiheadattention_qk_cross_pack4.comp
[187/902] Preprocessing shader source multiheadattention_qkv_cross.comp
[188/902] Preprocessing shader source multiheadattention_qkv_cross_pack1to4.comp
[189/902] Preprocessing shader source multiheadattention_qkv_cross_pack4to1.comp
[190/902] Preprocessing shader source multiheadattention_qkv_cross_pack4.comp
[191/902] Preprocessing shader source normalize_coeffs.comp
[192/902] Preprocessing shader source normalize_coeffs_pack4.comp
[193/902] Preprocessing shader source normalize_norm.comp
[194/902] Preprocessing shader source normalize_norm_pack4.comp
[195/902] Preprocessing shader source ncnn_glsl_ext.comp
[196/902] Preprocessing shader source normalize_reduce_sum4_fp16_to_fp32.comp
[197/902] Preprocessing shader source normalize_reduce_sum4_fp16_to_fp32_pack4.comp
[198/902] Preprocessing shader source normalize_reduce_sum4_fp32.comp
[199/902] Preprocessing shader source packing.comp
[200/902] Preprocessing shader source normalize_reduce_sum4_fp32_pack4.comp
[201/902] Preprocessing shader source packing_int8.comp
[202/902] Preprocessing shader source packing_pack1to4.comp
[203/902] Preprocessing shader source packing_pack1to4_int8.comp
[204/902] Preprocessing shader source packing_pack4to1.comp
[205/902] Preprocessing shader source packing_pack4to1_int8.comp
[206/902] Preprocessing shader source padding.comp
[207/902] Preprocessing shader source padding_3d.comp
[208/902] Preprocessing shader source padding_3d_int8.comp
[209/902] Preprocessing shader source padding_3d_pack4.comp
[210/902] Preprocessing shader source padding_3d_pack4_int8.comp
[211/902] Preprocessing shader source padding_int8.comp
[212/902] Preprocessing shader source padding_pack1to4.comp
[213/902] Preprocessing shader source padding_pack1to4_int8.comp
[214/902] Preprocessing shader source padding_pack4.comp
[215/902] Preprocessing shader source padding_pack4_int8.comp
[216/902] Preprocessing shader source padding_pack4to1.comp
[217/902] Preprocessing shader source padding_pack4to1_int8.comp
[218/902] Preprocessing shader source permute.comp
[219/902] Preprocessing shader source permute_pack1to4.comp
[220/902] Preprocessing shader source permute_pack4to1.comp
[221/902] Preprocessing shader source permute_pack4.comp
[222/902] Preprocessing shader source pixelshuffle.comp
[223/902] Preprocessing shader source pixelshuffle_pack4.comp
[224/902] Preprocessing shader source pixelshuffle_pack4to1.comp
[225/902] Preprocessing shader source pooling.comp
[226/902] Preprocessing shader source pooling_adaptive.comp
[227/902] Preprocessing shader source pooling_adaptive_pack4.comp
[228/902] Preprocessing shader source pooling_global_reduce_max.comp
[229/902] Preprocessing shader source pooling_global_reduce_max_first.comp
[230/902] Preprocessing shader source pooling_global_reduce_max_first_pack4.comp
[231/902] Preprocessing shader source pooling_global_reduce_max_last.comp
[232/902] Preprocessing shader source pooling_global_reduce_max_last_pack4.comp
[233/902] Preprocessing shader source pooling_global_reduce_max_pack4.comp
[234/902] Preprocessing shader source pooling_global_reduce_sum.comp
[235/902] Preprocessing shader source pooling_global_reduce_sum_first.comp
[236/902] Preprocessing shader source pooling_global_reduce_sum_first_pack4.comp
[237/902] Preprocessing shader source pooling_global_reduce_sum_last.comp
[238/902] Preprocessing shader source pooling_global_reduce_sum_last_pack4.comp
[239/902] Preprocessing shader source pooling_global_reduce_sum_pack4.comp
[240/902] Preprocessing shader source pooling_pack4.comp
[241/902] Preprocessing shader source prelu.comp
[242/902] Preprocessing shader source prelu_pack4.comp
[243/902] Preprocessing shader source priorbox.comp
[244/902] Preprocessing shader source priorbox_mxnet.comp
[245/902] Preprocessing shader source quantize.comp
[246/902] Preprocessing shader source quantize_pack4.comp
[247/902] Preprocessing shader source relu.comp
[248/902] Preprocessing shader source reorg.comp
[249/902] Preprocessing shader source reduction.comp
[250/902] Preprocessing shader source reorg_pack1to4.comp
[251/902] Preprocessing shader source reorg_pack4.comp
[252/902] Preprocessing shader source requantize.comp
[253/902] Preprocessing shader source requantize_pack4.comp
[254/902] Preprocessing shader source reshape.comp
[255/902] Preprocessing shader source reshape_batch_reorder.comp
[256/902] Preprocessing shader source reshape_batch_reorder_pack1to4.comp
[257/902] Preprocessing shader source reshape_batch_reorder_pack4.comp
[258/902] Preprocessing shader source reshape_batch_reorder_pack4to1.comp
[259/902] Preprocessing shader source reshape_pack1to4.comp
[260/902] Preprocessing shader source reshape_pack4.comp
[261/902] Preprocessing shader source reshape_pack4to1.comp
[262/902] Preprocessing shader source rmsnorm_coeffs.comp
[263/902] Preprocessing shader source rmsnorm_coeffs_pack4.comp
[264/902] Preprocessing shader source rmsnorm_norm.comp
[265/902] Preprocessing shader source rmsnorm_norm_pack4.comp
[266/902] Preprocessing shader source rmsnorm_square.comp
[267/902] Preprocessing shader source rmsnorm_square_pack4.comp
[268/902] Preprocessing shader source rotaryembed.comp
[269/902] Preprocessing shader source rotaryembed_pack4.comp
[270/902] Preprocessing shader source scale.comp
[271/902] Preprocessing shader source scale_pack4.comp
[272/902] Preprocessing shader source sdpa_cross.comp
[273/902] Preprocessing shader source sdpa_fa.comp
[274/902] Preprocessing shader source sdpa_fa_cm.comp
[275/902] Preprocessing shader source sdpa_kvcache_append.comp
[276/902] Preprocessing shader source sdpa_kvcache_copy.comp
[277/902] Preprocessing shader source selu.comp
[278/902] Preprocessing shader source shrink.comp
[279/902] Preprocessing shader source sdpa_cross_cm.comp
[280/902] Preprocessing shader source shufflechannel.comp
[281/902] Preprocessing shader source shufflechannel_pack4.comp
[282/902] Preprocessing shader source sigmoid.comp
[283/902] Preprocessing shader source slice.comp
[284/902] Preprocessing shader source slice_pack1to4.comp
[285/902] Preprocessing shader source slice_pack4.comp
[286/902] Preprocessing shader source softmax_div_sum.comp
[287/902] Preprocessing shader source softmax_div_sum_pack4.comp
[288/902] Preprocessing shader source softmax_exp_sub_max.comp
[289/902] Preprocessing shader source softmax_exp_sub_max_pack4.comp
[290/902] Preprocessing shader source softmax_reduce_max.comp
[291/902] Preprocessing shader source softmax_reduce_max_pack4.comp
[292/902] Preprocessing shader source softmax_reduce_sum.comp
[293/902] Preprocessing shader source softplus.comp
[294/902] Preprocessing shader source softmax_reduce_sum_pack4.comp
[295/902] Preprocessing shader source swish.comp
[296/902] Preprocessing shader source tanh.comp
[297/902] Preprocessing shader source unaryop.comp
[298/902] Preprocessing shader source unfold_im2col.comp
[299/902] Preprocessing shader source unfold_im2col_pack1to4.comp
[300/902] Preprocessing shader source unfold_im2col_pack4.comp
[301/902] Preprocessing shader source unfold_im2col_pack4to1.comp
[302/902] Preprocessing shader source vulkan_activation.comp
[303/902] Generating source absval_x86_avx.h
[304/902] Generating source absval_x86_avx.cpp
[305/902] Generating source batchnorm_x86_avx.h
[306/902] Generating source batchnorm_x86_avx.cpp
[307/902] Generating source bias_x86_avx.h
[308/902] Generating source bias_x86_avx.cpp
[309/902] Generating source bnll_x86_avx.h
[310/902] Generating source bnll_x86_avx.cpp
[311/902] Generating source concat_x86_avx.h
[312/902] Generating source concat_x86_avx.cpp
[313/902] Generating source convolution_x86_avx.h
[314/902] Generating source convolution_x86_avx.cpp
[315/902] Generating source crop_x86_avx.h
[316/902] Generating source crop_x86_avx.cpp
[317/902] Generating source deconvolution_x86_avx.h
[318/902] Generating source deconvolution_x86_avx.cpp
[319/902] Generating source dropout_x86_avx.h
[320/902] Generating source dropout_x86_avx.cpp
[321/902] Generating source eltwise_x86_avx.h
[322/902] Generating source eltwise_x86_avx.cpp
[323/902] Generating source elu_x86_avx.h
[324/902] Generating source elu_x86_avx.cpp
[325/902] Generating source flatten_x86_avx.h
[326/902] Generating source flatten_x86_avx.cpp
[327/902] Generating source innerproduct_x86_avx.h
[328/902] Generating source lrn_x86_avx.h
[329/902] Generating source innerproduct_x86_avx.cpp
[330/902] Generating source lrn_x86_avx.cpp
[331/902] Generating source pooling_x86_avx.h
[332/902] Generating source prelu_x86_avx.h
[333/902] Generating source pooling_x86_avx.cpp
[334/902] Generating source prelu_x86_avx.cpp
[335/902] Generating source relu_x86_avx.h
[336/902] Generating source relu_x86_avx.cpp
[337/902] Generating source reshape_x86_avx.h
[338/902] Generating source scale_x86_avx.h
[339/902] Generating source reshape_x86_avx.cpp
[340/902] Generating source scale_x86_avx.cpp
[341/902] Generating source sigmoid_x86_avx.h
[342/902] Generating source sigmoid_x86_avx.cpp
[343/902] Generating source slice_x86_avx.h
[344/902] Generating source softmax_x86_avx.h
[345/902] Generating source slice_x86_avx.cpp
[346/902] Generating source softmax_x86_avx.cpp
[347/902] Generating source tanh_x86_avx.h
[348/902] Generating source tanh_x86_avx.cpp
[349/902] Generating source lstm_x86_avx.h
[350/902] Generating source lstm_x86_avx.cpp
[351/902] Generating source binaryop_x86_avx.h
[352/902] Generating source binaryop_x86_avx.cpp
[353/902] Generating source unaryop_x86_avx.h
[354/902] Generating source unaryop_x86_avx.cpp
[355/902] Generating source convolutiondepthwise_x86_avx.h
[356/902] Generating source padding_x86_avx.h
[357/902] Generating source convolutiondepthwise_x86_avx.cpp
[358/902] Generating source interp_x86_avx.h
[359/902] Generating source padding_x86_avx.cpp
[360/902] Generating source interp_x86_avx.cpp
[361/902] Generating source deconvolutiondepthwise_x86_avx.h
[362/902] Generating source deconvolutiondepthwise_x86_avx.cpp
[363/902] Generating source shufflechannel_x86_avx.h
[364/902] Generating source shufflechannel_x86_avx.cpp
[365/902] Generating source instancenorm_x86_avx.h
[366/902] Generating source instancenorm_x86_avx.cpp
[367/902] Generating source clip_x86_avx.h
[368/902] Generating source clip_x86_avx.cpp
[369/902] Generating source quantize_x86_avx.h
[370/902] Generating source quantize_x86_avx.cpp
[371/902] Generating source dequantize_x86_avx.h
[372/902] Generating source dequantize_x86_avx.cpp
[373/902] Generating source yolov3detectionoutput_x86_avx.h
[374/902] Generating source yolov3detectionoutput_x86_avx.cpp
[375/902] Generating source roialign_x86_avx.h
[376/902] Generating source roialign_x86_avx.cpp
[377/902] Generating source packing_x86_avx.h
[378/902] Generating source requantize_x86_avx.h
[379/902] Generating source packing_x86_avx.cpp
[380/902] Generating source requantize_x86_avx.cpp
[381/902] Generating source cast_x86_avx.h
[382/902] Generating source cast_x86_avx.cpp
[383/902] Generating source hardsigmoid_x86_avx.h
[384/902] Generating source hardsigmoid_x86_avx.cpp
[385/902] Generating source selu_x86_avx.h
[386/902] Generating source selu_x86_avx.cpp
[387/902] Generating source hardswish_x86_avx.h
[388/902] Generating source hardswish_x86_avx.cpp
[389/902] Generating source pixelshuffle_x86_avx.h
[390/902] Generating source pixelshuffle_x86_avx.cpp
[391/902] Generating source mish_x86_avx.h
[392/902] Generating source mish_x86_avx.cpp
[393/902] Generating source swish_x86_avx.h
[394/902] Generating source swish_x86_avx.cpp
[395/902] Generating source gemm_x86_avx.h
[396/902] Generating source groupnorm_x86_avx.h
[397/902] Generating source gemm_x86_avx.cpp
[398/902] Generating source groupnorm_x86_avx.cpp
[399/902] Generating source layernorm_x86_avx.h
[400/902] Generating source layernorm_x86_avx.cpp
[401/902] Generating source multiheadattention_x86_avx.h
[402/902] Generating source multiheadattention_x86_avx.cpp
[403/902] Generating source gelu_x86_avx.h
[404/902] Generating source gelu_x86_avx.cpp
[405/902] Generating source convolution1d_x86_avx.h
[406/902] Generating source convolution1d_x86_avx.cpp
[407/902] Generating source matmul_x86_avx.h
[408/902] Generating source matmul_x86_avx.cpp
[409/902] Generating source deformableconv2d_x86_avx.h
[410/902] Generating source deformableconv2d_x86_avx.cpp
[411/902] Generating source gridsample_x86_avx.h
[412/902] Generating source gridsample_x86_avx.cpp
[413/902] Generating source erf_x86_avx.h
[414/902] Generating source erf_x86_avx.cpp
[415/902] Generating source rmsnorm_x86_avx.h
[416/902] Generating source rmsnorm_x86_avx.cpp
[417/902] Generating source sdpa_x86_avx.h
[418/902] Generating source sdpa_x86_avx.cpp
[419/902] Generating source rotaryembed_x86_avx.h
[420/902] Generating source rotaryembed_x86_avx.cpp
[421/902] Building CXX object src/CMakeFiles/ncnn.dir/benchmark.cpp.o
[422/902] Building CXX object src/CMakeFiles/ncnn.dir/blob.cpp.o
[423/902] Building CXX object src/CMakeFiles/ncnn.dir/allocator.cpp.o
[424/902] Building CXX object src/CMakeFiles/ncnn.dir/c_api.cpp.o
[425/902] Building CXX object src/CMakeFiles/ncnn.dir/command.cpp.o
[426/902] Building CXX object src/CMakeFiles/ncnn.dir/cpu.cpp.o
[427/902] Building CXX object src/CMakeFiles/ncnn.dir/datareader.cpp.o
[428/902] Building CXX object src/CMakeFiles/ncnn.dir/expression.cpp.o
[429/902] Building CXX object src/CMakeFiles/ncnn.dir/layer.cpp.o
[430/902] Building CXX object src/CMakeFiles/ncnn.dir/mat.cpp.o
[431/902] Building CXX object src/CMakeFiles/ncnn.dir/mat_pixel.cpp.o
[432/902] Building CXX object src/CMakeFiles/ncnn.dir/mat_pixel_affine.cpp.o
[433/902] Building CXX object src/CMakeFiles/ncnn.dir/gpu.cpp.o
[434/902] Building CXX object src/CMakeFiles/ncnn.dir/mat_pixel_resize.cpp.o
[435/902] Building CXX object src/CMakeFiles/ncnn.dir/mat_pixel_drawing.cpp.o
[436/902] Building CXX object src/CMakeFiles/ncnn.dir/modelbin.cpp.o
[437/902] Building CXX object src/CMakeFiles/ncnn.dir/mat_pixel_rotate.cpp.o
[438/902] Building CXX object src/CMakeFiles/ncnn.dir/option.cpp.o
[439/902] Building CXX object src/CMakeFiles/ncnn.dir/paramdict.cpp.o
[440/902] Building CXX object src/CMakeFiles/ncnn.dir/pipeline.cpp.o
[441/902] Building CXX object src/CMakeFiles/ncnn.dir/pipelinecache.cpp.o
[442/902] Building CXX object src/CMakeFiles/ncnn.dir/net.cpp.o
[443/902] Building CXX object src/CMakeFiles/ncnn.dir/simpleocv.cpp.o
[444/902] Building CXX object src/CMakeFiles/ncnn.dir/simpleomp.cpp.o
[445/902] Building CXX object src/CMakeFiles/ncnn.dir/simplestl.cpp.o
[446/902] Building CXX object src/CMakeFiles/ncnn.dir/simplemath.cpp.o
[447/902] Building CXX object src/CMakeFiles/ncnn.dir/simplevk.cpp.o
[448/902] Building CXX object src/CMakeFiles/ncnn.dir/layer/absval.cpp.o
[449/902] Building CXX object src/CMakeFiles/ncnn.dir/layer/x86/absval_x86.cpp.o
[450/902] Building CXX object src/CMakeFiles/ncnn.dir/layer/vulkan/absval_vulkan.cpp.o
[451/902] Building CXX object src/CMakeFiles/ncnn.dir/layer/batchnorm.cpp.o
[452/902] Building CXX object src/CMakeFiles/ncnn.dir/layer/x86/absval_x86_avx.cpp.o
[453/902] Building CXX object src/CMakeFiles/ncnn.dir/layer/x86/batchnorm_x86.cpp.o
[454/902] Building CXX object src/CMakeFiles/ncnn.dir/layer/vulkan/batchnorm_vulkan.cpp.o
[455/902] Building CXX object src/CMakeFiles/ncnn.dir/layer/x86/batchnorm_x86_fma.cpp.o
[456/902] Building CXX object src/CMakeFiles/ncnn.dir/layer/x86/batchnorm_x86_fma4.cpp.o
[457/902] Building CXX object src/CMakeFiles/ncnn.dir/layer/x86/batchnorm_x86_avx.cpp.o
[458/902] Building CXX object src/CMakeFiles/ncnn.dir/layer/x86/batchnorm_x86_avxneconvert.cpp.o
[459/902] Building CXX object src/CMakeFiles/ncnn.dir/layer/bias.cpp.o
[460/902] Building CXX object src/CMakeFiles/ncnn.dir/layer/x86/batchnorm_x86_avx2.cpp.o
[461/902] Building CXX object src/CMakeFiles/ncnn.dir/layer/x86/bias_x86.cpp.o
[462/902] Building CXX object src/CMakeFiles/ncnn.dir/layer/bnll.cpp.o
[463/902] Building CXX object src/CMakeFiles/ncnn.dir/layer/x86/bias_x86_avx.cpp.o
[464/902] Building CXX object src/CMakeFiles/ncnn.dir/layer/x86/bnll_x86.cpp.o
[465/902] Building CXX object src/CMakeFiles/ncnn.dir/layer/x86/bnll_x86_fma.cpp.o
[466/902] Building CXX object src/CMakeFiles/ncnn.dir/layer/x86/bnll_x86_fma4.cpp.o
[467/902] Building CXX object src/CMakeFiles/ncnn.dir/layer/x86/bnll_x86_avx.cpp.o
[468/902] Building CXX object src/CMakeFiles/ncnn.dir/layer/x86/bnll_x86_avxneconvert.cpp.o
[469/902] Building CXX object src/CMakeFiles/ncnn.dir/layer/concat.cpp.o
[470/902] Building CXX object src/CMakeFiles/ncnn.dir/layer/x86/bnll_x86_avx2.cpp.o
[471/902] Building CXX object src/CMakeFiles/ncnn.dir/layer/x86/concat_x86.cpp.o
[472/902] Building CXX object src/CMakeFiles/ncnn.dir/layer/vulkan/concat_vulkan.cpp.o
[473/902] Building CXX object src/CMakeFiles/ncnn.dir/layer/convolution.cpp.o
[474/902] Building CXX object src/CMakeFiles/ncnn.dir/layer/x86/concat_x86_avx.cpp.o
[475/902] Building CXX object src/CMakeFiles/ncnn.dir/layer/vulkan/convolution_vulkan.cpp.o
[476/902] Building CXX object src/CMakeFiles/ncnn.dir/layer/x86/convolution_x86.cpp.o
[477/902] Building CXX object src/CMakeFiles/ncnn.dir/layer/x86/convolution_x86_fma.cpp.o
[478/902] Building CXX object src/CMakeFiles/ncnn.dir/layer/x86/convolution_x86_fma4.cpp.o
[479/902] Building CXX object src/CMakeFiles/ncnn.dir/layer/x86/convolution_x86_avxvnni.cpp.o
[480/902] Building CXX object src/CMakeFiles/ncnn.dir/layer/x86/convolution_x86_avxvnniint8.cpp.o
[481/902] Building CXX object src/CMakeFiles/ncnn.dir/layer/x86/convolution_x86_avx.cpp.o
[482/902] Building CXX object src/CMakeFiles/ncnn.dir/layer/x86/convolution_x86_avxneconvert.cpp.o
[483/902] Building CXX object src/CMakeFiles/ncnn.dir/layer/x86/convolution_x86_xop.cpp.o
[484/902] Building CXX object src/CMakeFiles/ncnn.dir/layer/crop.cpp.o
[485/902] Building CXX object src/CMakeFiles/ncnn.dir/layer/x86/crop_x86.cpp.o
[486/902] Building CXX object src/CMakeFiles/ncnn.dir/layer/vulkan/crop_vulkan.cpp.o
[487/902] Building CXX object src/CMakeFiles/ncnn.dir/layer/x86/convolution_x86_avx2.cpp.o
[488/902] Building CXX object src/CMakeFiles/ncnn.dir/layer/x86/crop_x86_avx.cpp.o
[489/902] Building CXX object src/CMakeFiles/ncnn.dir/layer/deconvolution.cpp.o
[490/902] Building CXX object src/CMakeFiles/ncnn.dir/layer/vulkan/deconvolution_vulkan.cpp.o
[491/902] Building CXX object src/CMakeFiles/ncnn.dir/layer/x86/deconvolution_x86.cpp.o
/home/runner/work/seedvr2-ncnn-vulkan/seedvr2-ncnn-vulkan/.deps/src/ncnn-3b7bdba7fc8aea8fd46779533eee027df77c639d/src/layer/x86/deconvolution_x86.cpp: In member function ‘int ncnn::Deconvolution_x86::forward_bf16s(const ncnn::Mat&, ncnn::Mat&, const ncnn::Option&) const’:
/home/runner/work/seedvr2-ncnn-vulkan/seedvr2-ncnn-vulkan/.deps/src/ncnn-3b7bdba7fc8aea8fd46779533eee027df77c639d/src/layer/x86/deconvolution_x86.cpp:560:9: warning: unused variable ‘elempack’ [-Wunused-variable]
  560 |     int elempack = bottom_blob.elempack;
      |         ^~~~~~~~
[492/902] Building CXX object src/CMakeFiles/ncnn.dir/layer/x86/deconvolution_x86_fma.cpp.o
[493/902] Building CXX object src/CMakeFiles/ncnn.dir/layer/x86/deconvolution_x86_fma4.cpp.o
[494/902] Building CXX object src/CMakeFiles/ncnn.dir/layer/x86/deconvolution_x86_avxneconvert.cpp.o
[495/902] Building CXX object src/CMakeFiles/ncnn.dir/layer/x86/deconvolution_x86_avx.cpp.o
/home/runner/work/seedvr2-ncnn-vulkan/seedvr2-ncnn-vulkan/.deps/build/ncnn-3b7bdba7fc8a/src/layer/x86/deconvolution_x86_avx.cpp: In member function ‘int ncnn::Deconvolution_x86_avx::forward_bf16s(const ncnn::Mat&, ncnn::Mat&, const ncnn::Option&) const’:
/home/runner/work/seedvr2-ncnn-vulkan/seedvr2-ncnn-vulkan/.deps/build/ncnn-3b7bdba7fc8a/src/layer/x86/deconvolution_x86_avx.cpp:560:9: warning: unused variable ‘elempack’ [-Wunused-variable]
  560 |     int elempack = bottom_blob.elempack;
      |         ^~~~~~~~
[496/902] Building CXX object src/CMakeFiles/ncnn.dir/layer/dropout.cpp.o
[497/902] Building CXX object src/CMakeFiles/ncnn.dir/layer/x86/dropout_x86.cpp.o
[498/902] Building CXX object src/CMakeFiles/ncnn.dir/layer/vulkan/dropout_vulkan.cpp.o
[499/902] Building CXX object src/CMakeFiles/ncnn.dir/layer/x86/deconvolution_x86_avx2.cpp.o
[500/902] Building CXX object src/CMakeFiles/ncnn.dir/layer/x86/dropout_x86_avxneconvert.cpp.o
[501/902] Building CXX object src/CMakeFiles/ncnn.dir/layer/x86/dropout_x86_avx.cpp.o
[502/902] Building CXX object src/CMakeFiles/ncnn.dir/layer/eltwise.cpp.o
[503/902] Building CXX object src/CMakeFiles/ncnn.dir/layer/x86/dropout_x86_avx2.cpp.o
[504/902] Building CXX object src/CMakeFiles/ncnn.dir/layer/vulkan/eltwise_vulkan.cpp.o
[505/902] Building CXX object src/CMakeFiles/ncnn.dir/layer/x86/eltwise_x86.cpp.o
[506/902] Building CXX object src/CMakeFiles/ncnn.dir/layer/x86/eltwise_x86_fma.cpp.o
[507/902] Building CXX object src/CMakeFiles/ncnn.dir/layer/x86/eltwise_x86_fma4.cpp.o
[508/902] Building CXX object src/CMakeFiles/ncnn.dir/layer/x86/eltwise_x86_avxneconvert.cpp.o
[509/902] Building CXX object src/CMakeFiles/ncnn.dir/layer/x86/eltwise_x86_avx.cpp.o
[510/902] Building CXX object src/CMakeFiles/ncnn.dir/layer/elu.cpp.o
[511/902] Building CXX object src/CMakeFiles/ncnn.dir/layer/x86/elu_x86.cpp.o
[512/902] Building CXX object src/CMakeFiles/ncnn.dir/layer/x86/eltwise_x86_avx2.cpp.o
[513/902] Building CXX object src/CMakeFiles/ncnn.dir/layer/vulkan/elu_vulkan.cpp.o
[514/902] Building CXX object src/CMakeFiles/ncnn.dir/layer/x86/elu_x86_fma.cpp.o
[515/902] Building CXX object src/CMakeFiles/ncnn.dir/layer/x86/elu_x86_fma4.cpp.o
[516/902] Building CXX object src/CMakeFiles/ncnn.dir/layer/x86/elu_x86_avx.cpp.o
[517/902] Building CXX object src/CMakeFiles/ncnn.dir/layer/x86/elu_x86_avxneconvert.cpp.o
[518/902] Building CXX object src/CMakeFiles/ncnn.dir/layer/embed.cpp.o
[519/902] Building CXX object src/CMakeFiles/ncnn.dir/layer/x86/elu_x86_avx2.cpp.o
[520/902] Building CXX object src/CMakeFiles/ncnn.dir/layer/exp.cpp.o
[521/902] Building CXX object src/CMakeFiles/ncnn.dir/layer/flatten.cpp.o
[522/902] Building CXX object src/CMakeFiles/ncnn.dir/layer/vulkan/flatten_vulkan.cpp.o
[523/902] Building CXX object src/CMakeFiles/ncnn.dir/layer/x86/flatten_x86.cpp.o
[524/902] Building CXX object src/CMakeFiles/ncnn.dir/layer/innerproduct.cpp.o
[525/902] Building CXX object src/CMakeFiles/ncnn.dir/layer/x86/flatten_x86_avx.cpp.o
[526/902] Building CXX object src/CMakeFiles/ncnn.dir/layer/x86/innerproduct_x86.cpp.o
[527/902] Building CXX object src/CMakeFiles/ncnn.dir/layer/vulkan/innerproduct_vulkan.cpp.o
[528/902] Building CXX object src/CMakeFiles/ncnn.dir/layer/x86/innerproduct_x86_fma4.cpp.o
[529/902] Building CXX object src/CMakeFiles/ncnn.dir/layer/x86/innerproduct_x86_fma.cpp.o
[530/902] Building CXX object src/CMakeFiles/ncnn.dir/layer/x86/innerproduct_x86_avxneconvert.cpp.o
[531/902] Building CXX object src/CMakeFiles/ncnn.dir/layer/x86/innerproduct_x86_avx.cpp.o
[532/902] Building CXX object src/CMakeFiles/ncnn.dir/layer/x86/innerproduct_x86_avx2.cpp.o
[533/902] Building CXX object src/CMakeFiles/ncnn.dir/layer/input.cpp.o
[534/902] Building CXX object src/CMakeFiles/ncnn.dir/layer/log.cpp.o
[535/902] Building CXX object src/CMakeFiles/ncnn.dir/layer/x86/innerproduct_x86_f16c.cpp.o
[536/902] Building CXX object src/CMakeFiles/ncnn.dir/layer/lrn.cpp.o
[537/902] Building CXX object src/CMakeFiles/ncnn.dir/layer/x86/lrn_x86.cpp.o
[538/902] Building CXX object src/CMakeFiles/ncnn.dir/layer/vulkan/lrn_vulkan.cpp.o
[539/902] Building CXX object src/CMakeFiles/ncnn.dir/layer/x86/lrn_x86_fma.cpp.o
[540/902] Building CXX object src/CMakeFiles/ncnn.dir/layer/x86/lrn_x86_fma4.cpp.o
[541/902] Building CXX object src/CMakeFiles/ncnn.dir/layer/memorydata.cpp.o
[542/902] Building CXX object src/CMakeFiles/ncnn.dir/layer/x86/lrn_x86_avx.cpp.o
[543/902] Building CXX object src/CMakeFiles/ncnn.dir/layer/vulkan/memorydata_vulkan.cpp.o
[544/902] Building CXX object src/CMakeFiles/ncnn.dir/layer/mvn.cpp.o
[545/902] Building CXX object src/CMakeFiles/ncnn.dir/layer/pooling.cpp.o
[546/902] Building CXX object src/CMakeFiles/ncnn.dir/layer/x86/pooling_x86.cpp.o
[547/902] Building CXX object src/CMakeFiles/ncnn.dir/layer/vulkan/pooling_vulkan.cpp.o
[548/902] Building CXX object src/CMakeFiles/ncnn.dir/layer/x86/pooling_x86_avx.cpp.o
[549/902] Building CXX object src/CMakeFiles/ncnn.dir/layer/x86/pooling_x86_avxneconvert.cpp.o
[550/902] Building CXX object src/CMakeFiles/ncnn.dir/layer/power.cpp.o
[551/902] Building CXX object src/CMakeFiles/ncnn.dir/layer/prelu.cpp.o
[552/902] Building CXX object src/CMakeFiles/ncnn.dir/layer/x86/pooling_x86_avx2.cpp.o
[553/902] Building CXX object src/CMakeFiles/ncnn.dir/layer/x86/prelu_x86.cpp.o
[554/902] Building CXX object src/CMakeFiles/ncnn.dir/layer/vulkan/prelu_vulkan.cpp.o
[555/902] Building CXX object src/CMakeFiles/ncnn.dir/layer/x86/prelu_x86_fma.cpp.o
[556/902] Building CXX object src/CMakeFiles/ncnn.dir/layer/x86/prelu_x86_fma4.cpp.o
[557/902] Building CXX object src/CMakeFiles/ncnn.dir/layer/x86/prelu_x86_avx.cpp.o
[558/902] Building CXX object src/CMakeFiles/ncnn.dir/layer/x86/prelu_x86_avxneconvert.cpp.o
[559/902] Building CXX object src/CMakeFiles/ncnn.dir/layer/proposal.cpp.o
[560/902] Building CXX object src/CMakeFiles/ncnn.dir/layer/x86/prelu_x86_avx2.cpp.o
[561/902] Building CXX object src/CMakeFiles/ncnn.dir/layer/vulkan/reduction_vulkan.cpp.o
[562/902] Building CXX object src/CMakeFiles/ncnn.dir/layer/relu.cpp.o
[563/902] Building CXX object src/CMakeFiles/ncnn.dir/layer/x86/relu_x86.cpp.o
[564/902] Building CXX object src/CMakeFiles/ncnn.dir/layer/reduction.cpp.o
[565/902] Building CXX object src/CMakeFiles/ncnn.dir/layer/vulkan/relu_vulkan.cpp.o
[566/902] Building CXX object src/CMakeFiles/ncnn.dir/layer/x86/relu_x86_fma.cpp.o
[567/902] Building CXX object src/CMakeFiles/ncnn.dir/layer/x86/relu_x86_fma4.cpp.o
[568/902] Building CXX object src/CMakeFiles/ncnn.dir/layer/x86/relu_x86_avxneconvert.cpp.o
[569/902] Building CXX object src/CMakeFiles/ncnn.dir/layer/x86/relu_x86_avx.cpp.o
[570/902] Building CXX object src/CMakeFiles/ncnn.dir/layer/x86/relu_x86_avx2.cpp.o
[571/902] Building CXX object src/CMakeFiles/ncnn.dir/layer/reshape.cpp.o
[572/902] Building CXX object src/CMakeFiles/ncnn.dir/layer/x86/reshape_x86.cpp.o
[573/902] Building CXX object src/CMakeFiles/ncnn.dir/layer/vulkan/reshape_vulkan.cpp.o
[574/902] Building CXX object src/CMakeFiles/ncnn.dir/layer/roipooling.cpp.o
[575/902] Building CXX object src/CMakeFiles/ncnn.dir/layer/scale.cpp.o
[576/902] Building CXX object src/CMakeFiles/ncnn.dir/layer/x86/reshape_x86_avx.cpp.o
[577/902] Building CXX object src/CMakeFiles/ncnn.dir/layer/x86/scale_x86.cpp.o
[578/902] Building CXX object src/CMakeFiles/ncnn.dir/layer/vulkan/scale_vulkan.cpp.o
[579/902] Building CXX object src/CMakeFiles/ncnn.dir/layer/x86/scale_x86_fma.cpp.o
[580/902] Building CXX object src/CMakeFiles/ncnn.dir/layer/x86/scale_x86_fma4.cpp.o
[581/902] Building CXX object src/CMakeFiles/ncnn.dir/layer/x86/scale_x86_avx.cpp.o
[582/902] Building CXX object src/CMakeFiles/ncnn.dir/layer/x86/scale_x86_avxneconvert.cpp.o
[583/902] Building CXX object src/CMakeFiles/ncnn.dir/layer/sigmoid.cpp.o
[584/902] Building CXX object src/CMakeFiles/ncnn.dir/layer/x86/scale_x86_avx2.cpp.o
[585/902] Building CXX object src/CMakeFiles/ncnn.dir/layer/x86/sigmoid_x86.cpp.o
[586/902] Building CXX object src/CMakeFiles/ncnn.dir/layer/vulkan/sigmoid_vulkan.cpp.o
[587/902] Building CXX object src/CMakeFiles/ncnn.dir/layer/x86/sigmoid_x86_fma.cpp.o
[588/902] Building CXX object src/CMakeFiles/ncnn.dir/layer/x86/sigmoid_x86_fma4.cpp.o
[589/902] Building CXX object src/CMakeFiles/ncnn.dir/layer/x86/sigmoid_x86_avx.cpp.o
[590/902] Building CXX object src/CMakeFiles/ncnn.dir/layer/x86/sigmoid_x86_avxneconvert.cpp.o
[591/902] Building CXX object src/CMakeFiles/ncnn.dir/layer/slice.cpp.o
[592/902] Building CXX object src/CMakeFiles/ncnn.dir/layer/x86/sigmoid_x86_avx2.cpp.o
[593/902] Building CXX object src/CMakeFiles/ncnn.dir/layer/x86/slice_x86.cpp.o
[594/902] Building CXX object src/CMakeFiles/ncnn.dir/layer/vulkan/slice_vulkan.cpp.o
[595/902] Building CXX object src/CMakeFiles/ncnn.dir/layer/softmax.cpp.o
[596/902] Building CXX object src/CMakeFiles/ncnn.dir/layer/x86/slice_x86_avx.cpp.o
[597/902] Building CXX object src/CMakeFiles/ncnn.dir/layer/x86/softmax_x86.cpp.o
[598/902] Building CXX object src/CMakeFiles/ncnn.dir/layer/vulkan/softmax_vulkan.cpp.o
[599/902] Building CXX object src/CMakeFiles/ncnn.dir/layer/x86/softmax_x86_fma.cpp.o
[600/902] Building CXX object src/CMakeFiles/ncnn.dir/layer/x86/softmax_x86_fma4.cpp.o
[601/902] Building CXX object src/CMakeFiles/ncnn.dir/layer/x86/softmax_x86_avxneconvert.cpp.o
[602/902] Building CXX object src/CMakeFiles/ncnn.dir/layer/x86/softmax_x86_avx.cpp.o
[603/902] Building CXX object src/CMakeFiles/ncnn.dir/layer/split.cpp.o
[604/902] Building CXX object src/CMakeFiles/ncnn.dir/layer/vulkan/split_vulkan.cpp.o
[605/902] Building CXX object src/CMakeFiles/ncnn.dir/layer/x86/softmax_x86_avx2.cpp.o
[606/902] Building CXX object src/CMakeFiles/ncnn.dir/layer/tanh.cpp.o
[607/902] Building CXX object src/CMakeFiles/ncnn.dir/layer/x86/tanh_x86.cpp.o
[608/902] Building CXX object src/CMakeFiles/ncnn.dir/layer/vulkan/tanh_vulkan.cpp.o
[609/902] Building CXX object src/CMakeFiles/ncnn.dir/layer/x86/tanh_x86_fma.cpp.o
[610/902] Building CXX object src/CMakeFiles/ncnn.dir/layer/x86/tanh_x86_fma4.cpp.o
[611/902] Building CXX object src/CMakeFiles/ncnn.dir/layer/x86/tanh_x86_avx.cpp.o
[612/902] Building CXX object src/CMakeFiles/ncnn.dir/layer/x86/tanh_x86_avxneconvert.cpp.o
[613/902] Building CXX object src/CMakeFiles/ncnn.dir/layer/threshold.cpp.o
[614/902] Building CXX object src/CMakeFiles/ncnn.dir/layer/x86/tanh_x86_avx2.cpp.o
[615/902] Building CXX object src/CMakeFiles/ncnn.dir/layer/tile.cpp.o
[616/902] Building CXX object src/CMakeFiles/ncnn.dir/layer/rnn.cpp.o
[617/902] Building CXX object src/CMakeFiles/ncnn.dir/layer/lstm.cpp.o
[618/902] Building CXX object src/CMakeFiles/ncnn.dir/layer/x86/lstm_x86.cpp.o
[619/902] Building CXX object src/CMakeFiles/ncnn.dir/layer/x86/lstm_x86_fma.cpp.o
[620/902] Building CXX object src/CMakeFiles/ncnn.dir/layer/x86/lstm_x86_fma4.cpp.o
[621/902] Building CXX object src/CMakeFiles/ncnn.dir/layer/x86/lstm_x86_avx.cpp.o
[622/902] Building CXX object src/CMakeFiles/ncnn.dir/layer/x86/lstm_x86_avxvnni.cpp.o
[623/902] Building CXX object src/CMakeFiles/ncnn.dir/layer/x86/lstm_x86_avx2.cpp.o
[624/902] Building CXX object src/CMakeFiles/ncnn.dir/layer/x86/lstm_x86_xop.cpp.o
[625/902] Building CXX object src/CMakeFiles/ncnn.dir/layer/binaryop.cpp.o
[626/902] Building CXX object src/CMakeFiles/ncnn.dir/layer/vulkan/binaryop_vulkan.cpp.o
[627/902] Building CXX object src/CMakeFiles/ncnn.dir/layer/x86/binaryop_x86.cpp.o
[628/902] Building CXX object src/CMakeFiles/ncnn.dir/layer/x86/binaryop_x86_fma.cpp.o
[629/902] Building CXX object src/CMakeFiles/ncnn.dir/layer/x86/binaryop_x86_fma4.cpp.o
[630/902] Building CXX object src/CMakeFiles/ncnn.dir/layer/x86/binaryop_x86_avxneconvert.cpp.o
[631/902] Building CXX object src/CMakeFiles/ncnn.dir/layer/x86/binaryop_x86_avx.cpp.o
[632/902] Building CXX object src/CMakeFiles/ncnn.dir/layer/unaryop.cpp.o
[633/902] Building CXX object src/CMakeFiles/ncnn.dir/layer/x86/binaryop_x86_avx2.cpp.o
[634/902] Building CXX object src/CMakeFiles/ncnn.dir/layer/x86/unaryop_x86.cpp.o
[635/902] Building CXX object src/CMakeFiles/ncnn.dir/layer/vulkan/unaryop_vulkan.cpp.o
[636/902] Building CXX object src/CMakeFiles/ncnn.dir/layer/x86/unaryop_x86_fma.cpp.o
[637/902] Building CXX object src/CMakeFiles/ncnn.dir/layer/x86/unaryop_x86_fma4.cpp.o
[638/902] Building CXX object src/CMakeFiles/ncnn.dir/layer/x86/unaryop_x86_avxneconvert.cpp.o
[639/902] Building CXX object src/CMakeFiles/ncnn.dir/layer/x86/unaryop_x86_avx.cpp.o
[640/902] Building CXX object src/CMakeFiles/ncnn.dir/layer/convolutiondepthwise.cpp.o
[641/902] Building CXX object src/CMakeFiles/ncnn.dir/layer/x86/unaryop_x86_avx2.cpp.o
[642/902] Building CXX object src/CMakeFiles/ncnn.dir/layer/x86/convolutiondepthwise_x86.cpp.o
[643/902] Building CXX object src/CMakeFiles/ncnn.dir/layer/vulkan/convolutiondepthwise_vulkan.cpp.o
[644/902] Building CXX object src/CMakeFiles/ncnn.dir/layer/x86/convolutiondepthwise_x86_fma.cpp.o
[645/902] Building CXX object src/CMakeFiles/ncnn.dir/layer/x86/convolutiondepthwise_x86_fma4.cpp.o
[646/902] Building CXX object src/CMakeFiles/ncnn.dir/layer/x86/convolutiondepthwise_x86_avx.cpp.o
[647/902] Building CXX object src/CMakeFiles/ncnn.dir/layer/padding.cpp.o
[648/902] Building CXX object src/CMakeFiles/ncnn.dir/layer/vulkan/padding_vulkan.cpp.o
[649/902] Building CXX object src/CMakeFiles/ncnn.dir/layer/x86/padding_x86.cpp.o
[650/902] Building CXX object src/CMakeFiles/ncnn.dir/layer/squeeze.cpp.o
[651/902] Building CXX object src/CMakeFiles/ncnn.dir/layer/expanddims.cpp.o
[652/902] Building CXX object src/CMakeFiles/ncnn.dir/layer/x86/padding_x86_avx.cpp.o
[653/902] Building CXX object src/CMakeFiles/ncnn.dir/layer/normalize.cpp.o
[654/902] Building CXX object src/CMakeFiles/ncnn.dir/layer/vulkan/normalize_vulkan.cpp.o
[655/902] Building CXX object src/CMakeFiles/ncnn.dir/layer/permute.cpp.o
[656/902] Building CXX object src/CMakeFiles/ncnn.dir/layer/vulkan/permute_vulkan.cpp.o
[657/902] Building CXX object src/CMakeFiles/ncnn.dir/layer/priorbox.cpp.o
[658/902] Building CXX object src/CMakeFiles/ncnn.dir/layer/vulkan/priorbox_vulkan.cpp.o
[659/902] Building CXX object src/CMakeFiles/ncnn.dir/layer/detectionoutput.cpp.o
[660/902] Building CXX object src/CMakeFiles/ncnn.dir/layer/interp.cpp.o
[661/902] Building CXX object src/CMakeFiles/ncnn.dir/layer/vulkan/interp_vulkan.cpp.o
[662/902] Building CXX object src/CMakeFiles/ncnn.dir/layer/x86/interp_x86.cpp.o
[663/902] Building CXX object src/CMakeFiles/ncnn.dir/layer/x86/interp_x86_fma.cpp.o
[664/902] Building CXX object src/CMakeFiles/ncnn.dir/layer/x86/interp_x86_fma4.cpp.o
[665/902] Building CXX object src/CMakeFiles/ncnn.dir/layer/x86/interp_x86_avxneconvert.cpp.o
[666/902] Building CXX object src/CMakeFiles/ncnn.dir/layer/x86/interp_x86_avx.cpp.o
[667/902] Building CXX object src/CMakeFiles/ncnn.dir/layer/deconvolutiondepthwise.cpp.o
[668/902] Building CXX object src/CMakeFiles/ncnn.dir/layer/x86/interp_x86_avx2.cpp.o
[669/902] Building CXX object src/CMakeFiles/ncnn.dir/layer/x86/deconvolutiondepthwise_x86.cpp.o
[670/902] Building CXX object src/CMakeFiles/ncnn.dir/layer/vulkan/deconvolutiondepthwise_vulkan.cpp.o
[671/902] Building CXX object src/CMakeFiles/ncnn.dir/layer/x86/deconvolutiondepthwise_x86_fma.cpp.o
[672/902] Building CXX object src/CMakeFiles/ncnn.dir/layer/x86/deconvolutiondepthwise_x86_fma4.cpp.o
[673/902] Building CXX object src/CMakeFiles/ncnn.dir/layer/shufflechannel.cpp.o
[674/902] Building CXX object src/CMakeFiles/ncnn.dir/layer/x86/shufflechannel_x86.cpp.o
[675/902] Building CXX object src/CMakeFiles/ncnn.dir/layer/x86/deconvolutiondepthwise_x86_avx.cpp.o
[676/902] Building CXX object src/CMakeFiles/ncnn.dir/layer/vulkan/shufflechannel_vulkan.cpp.o
[677/902] Building CXX object src/CMakeFiles/ncnn.dir/layer/instancenorm.cpp.o
[678/902] Building CXX object src/CMakeFiles/ncnn.dir/layer/x86/shufflechannel_x86_avx.cpp.o
[679/902] Building CXX object src/CMakeFiles/ncnn.dir/layer/x86/instancenorm_x86.cpp.o
[680/902] Building CXX object src/CMakeFiles/ncnn.dir/layer/vulkan/instancenorm_vulkan.cpp.o
[681/902] Building CXX object src/CMakeFiles/ncnn.dir/layer/x86/instancenorm_x86_fma.cpp.o
[682/902] Building CXX object src/CMakeFiles/ncnn.dir/layer/x86/instancenorm_x86_fma4.cpp.o
[683/902] Building CXX object src/CMakeFiles/ncnn.dir/layer/x86/instancenorm_x86_avx.cpp.o
[684/902] Building CXX object src/CMakeFiles/ncnn.dir/layer/x86/instancenorm_x86_avxneconvert.cpp.o
[685/902] Building CXX object src/CMakeFiles/ncnn.dir/layer/clip.cpp.o
[686/902] Building CXX object src/CMakeFiles/ncnn.dir/layer/x86/instancenorm_x86_avx2.cpp.o
[687/902] Building CXX object src/CMakeFiles/ncnn.dir/layer/x86/clip_x86.cpp.o
[688/902] Building CXX object src/CMakeFiles/ncnn.dir/layer/vulkan/clip_vulkan.cpp.o
[689/902] Building CXX object src/CMakeFiles/ncnn.dir/layer/x86/clip_x86_avxneconvert.cpp.o
[690/902] Building CXX object src/CMakeFiles/ncnn.dir/layer/x86/clip_x86_avx.cpp.o
[691/902] Building CXX object src/CMakeFiles/ncnn.dir/layer/reorg.cpp.o
[692/902] Building CXX object src/CMakeFiles/ncnn.dir/layer/x86/clip_x86_avx2.cpp.o
[693/902] Building CXX object src/CMakeFiles/ncnn.dir/layer/vulkan/reorg_vulkan.cpp.o
[694/902] Building CXX object src/CMakeFiles/ncnn.dir/layer/quantize.cpp.o
[695/902] Building CXX object src/CMakeFiles/ncnn.dir/layer/yolodetectionoutput.cpp.o
[696/902] Building CXX object src/CMakeFiles/ncnn.dir/layer/vulkan/quantize_vulkan.cpp.o
[697/902] Building CXX object src/CMakeFiles/ncnn.dir/layer/x86/quantize_x86.cpp.o
[698/902] Building CXX object src/CMakeFiles/ncnn.dir/layer/x86/quantize_x86_avx2.cpp.o
[699/902] Building CXX object src/CMakeFiles/ncnn.dir/layer/x86/quantize_x86_avx.cpp.o
[700/902] Building CXX object src/CMakeFiles/ncnn.dir/layer/dequantize.cpp.o
[701/902] Building CXX object src/CMakeFiles/ncnn.dir/layer/x86/dequantize_x86.cpp.o
[702/902] Building CXX object src/CMakeFiles/ncnn.dir/layer/vulkan/dequantize_vulkan.cpp.o
[703/902] Building CXX object src/CMakeFiles/ncnn.dir/layer/x86/dequantize_x86_fma.cpp.o
[704/902] Building CXX object src/CMakeFiles/ncnn.dir/layer/x86/dequantize_x86_fma4.cpp.o
[705/902] Building CXX object src/CMakeFiles/ncnn.dir/layer/x86/dequantize_x86_avx.cpp.o
[706/902] Building CXX object src/CMakeFiles/ncnn.dir/layer/x86/dequantize_x86_avxneconvert.cpp.o
[707/902] Building CXX object src/CMakeFiles/ncnn.dir/layer/yolov3detectionoutput.cpp.o
[708/902] Building CXX object src/CMakeFiles/ncnn.dir/layer/x86/dequantize_x86_avx2.cpp.o
[709/902] Building CXX object src/CMakeFiles/ncnn.dir/layer/x86/yolov3detectionoutput_x86.cpp.o
[710/902] Building CXX object src/CMakeFiles/ncnn.dir/layer/psroipooling.cpp.o
[711/902] Building CXX object src/CMakeFiles/ncnn.dir/layer/x86/yolov3detectionoutput_x86_avx.cpp.o
[712/902] Building CXX object src/CMakeFiles/ncnn.dir/layer/roialign.cpp.o
[713/902] Building CXX object src/CMakeFiles/ncnn.dir/layer/x86/roialign_x86.cpp.o
[714/902] Building CXX object src/CMakeFiles/ncnn.dir/layer/x86/roialign_x86_fma.cpp.o
[715/902] Building CXX object src/CMakeFiles/ncnn.dir/layer/x86/roialign_x86_fma4.cpp.o
[716/902] Building CXX object src/CMakeFiles/ncnn.dir/layer/packing.cpp.o
[717/902] Building CXX object src/CMakeFiles/ncnn.dir/layer/x86/roialign_x86_avx.cpp.o
[718/902] Building CXX object src/CMakeFiles/ncnn.dir/layer/vulkan/packing_vulkan.cpp.o
[719/902] Building CXX object src/CMakeFiles/ncnn.dir/layer/x86/packing_x86.cpp.o
[720/902] Building CXX object src/CMakeFiles/ncnn.dir/layer/requantize.cpp.o
[721/902] Building CXX object src/CMakeFiles/ncnn.dir/layer/x86/requantize_x86.cpp.o
[722/902] Building CXX object src/CMakeFiles/ncnn.dir/layer/x86/packing_x86_avx.cpp.o
[723/902] Building CXX object src/CMakeFiles/ncnn.dir/layer/vulkan/requantize_vulkan.cpp.o
[724/902] Building CXX object src/CMakeFiles/ncnn.dir/layer/x86/requantize_x86_fma.cpp.o
[725/902] Building CXX object src/CMakeFiles/ncnn.dir/layer/x86/requantize_x86_fma4.cpp.o
[726/902] Building CXX object src/CMakeFiles/ncnn.dir/layer/cast.cpp.o
[727/902] Building CXX object src/CMakeFiles/ncnn.dir/layer/x86/cast_x86.cpp.o
[728/902] Building CXX object src/CMakeFiles/ncnn.dir/layer/x86/requantize_x86_avx.cpp.o
[729/902] Building CXX object src/CMakeFiles/ncnn.dir/layer/vulkan/cast_vulkan.cpp.o
[730/902] Building CXX object src/CMakeFiles/ncnn.dir/layer/x86/cast_x86_avx.cpp.o
[731/902] Building CXX object src/CMakeFiles/ncnn.dir/layer/x86/cast_x86_avxneconvert.cpp.o
[732/902] Building CXX object src/CMakeFiles/ncnn.dir/layer/x86/cast_x86_avx2.cpp.o
[733/902] Building CXX object src/CMakeFiles/ncnn.dir/layer/x86/cast_x86_f16c.cpp.o
[734/902] Building CXX object src/CMakeFiles/ncnn.dir/layer/hardsigmoid.cpp.o
[735/902] Building CXX object src/CMakeFiles/ncnn.dir/layer/x86/hardsigmoid_x86.cpp.o
[736/902] Building CXX object src/CMakeFiles/ncnn.dir/layer/vulkan/hardsigmoid_vulkan.cpp.o
[737/902] Building CXX object src/CMakeFiles/ncnn.dir/layer/x86/hardsigmoid_x86_fma.cpp.o
[738/902] Building CXX object src/CMakeFiles/ncnn.dir/layer/x86/hardsigmoid_x86_fma4.cpp.o
[739/902] Building CXX object src/CMakeFiles/ncnn.dir/layer/x86/hardsigmoid_x86_avx.cpp.o
[740/902] Building CXX object src/CMakeFiles/ncnn.dir/layer/x86/hardsigmoid_x86_avxneconvert.cpp.o
[741/902] Building CXX object src/CMakeFiles/ncnn.dir/layer/selu.cpp.o
[742/902] Building CXX object src/CMakeFiles/ncnn.dir/layer/x86/hardsigmoid_x86_avx2.cpp.o
[743/902] Building CXX object src/CMakeFiles/ncnn.dir/layer/x86/selu_x86.cpp.o
[744/902] Building CXX object src/CMakeFiles/ncnn.dir/layer/vulkan/selu_vulkan.cpp.o
[745/902] Building CXX object src/CMakeFiles/ncnn.dir/layer/x86/selu_x86_fma.cpp.o
[746/902] Building CXX object src/CMakeFiles/ncnn.dir/layer/x86/selu_x86_fma4.cpp.o
[747/902] Building CXX object src/CMakeFiles/ncnn.dir/layer/x86/selu_x86_avx.cpp.o
[748/902] Building CXX object src/CMakeFiles/ncnn.dir/layer/x86/selu_x86_avxneconvert.cpp.o
[749/902] Building CXX object src/CMakeFiles/ncnn.dir/layer/hardswish.cpp.o
[750/902] Building CXX object src/CMakeFiles/ncnn.dir/layer/x86/selu_x86_avx2.cpp.o
[751/902] Building CXX object src/CMakeFiles/ncnn.dir/layer/x86/hardswish_x86.cpp.o
[752/902] Building CXX object src/CMakeFiles/ncnn.dir/layer/vulkan/hardswish_vulkan.cpp.o
[753/902] Building CXX object src/CMakeFiles/ncnn.dir/layer/x86/hardswish_x86_fma.cpp.o
[754/902] Building CXX object src/CMakeFiles/ncnn.dir/layer/x86/hardswish_x86_fma4.cpp.o
[755/902] Building CXX object src/CMakeFiles/ncnn.dir/layer/x86/hardswish_x86_avx.cpp.o
[756/902] Building CXX object src/CMakeFiles/ncnn.dir/layer/x86/hardswish_x86_avxneconvert.cpp.o
[757/902] Building CXX object src/CMakeFiles/ncnn.dir/layer/noop.cpp.o
[758/902] Building CXX object src/CMakeFiles/ncnn.dir/layer/x86/hardswish_x86_avx2.cpp.o
[759/902] Building CXX object src/CMakeFiles/ncnn.dir/layer/vulkan/noop_vulkan.cpp.o
[760/902] Building CXX object src/CMakeFiles/ncnn.dir/layer/pixelshuffle.cpp.o
[761/902] Building CXX object src/CMakeFiles/ncnn.dir/layer/x86/pixelshuffle_x86.cpp.o
/home/runner/work/seedvr2-ncnn-vulkan/seedvr2-ncnn-vulkan/.deps/src/ncnn-3b7bdba7fc8aea8fd46779533eee027df77c639d/src/layer/x86/pixelshuffle_x86.cpp: In function ‘_ZNK4ncnn16PixelShuffle_x867forwardERKNS_3MatERS1_RKNS_6OptionE._omp_fn.0’:
/home/runner/work/seedvr2-ncnn-vulkan/seedvr2-ncnn-vulkan/.deps/src/ncnn-3b7bdba7fc8aea8fd46779533eee027df77c639d/src/layer/x86/pixelshuffle_x86.cpp:105:30: warning: ‘s’ may be used uninitialized [-Wmaybe-uninitialized]
  105 |                 const float* s1 = s[1];
      |                              ^~
/home/runner/work/seedvr2-ncnn-vulkan/seedvr2-ncnn-vulkan/.deps/src/ncnn-3b7bdba7fc8aea8fd46779533eee027df77c639d/src/layer/x86/pixelshuffle_x86.cpp:50:26: note: ‘s’ declared here
   50 |             const float* s[4];
      |                          ^
/home/runner/work/seedvr2-ncnn-vulkan/seedvr2-ncnn-vulkan/.deps/src/ncnn-3b7bdba7fc8aea8fd46779533eee027df77c639d/src/layer/x86/pixelshuffle_x86.cpp:105:30: warning: ‘s’ may be used uninitialized [-Wmaybe-uninitialized]
  105 |                 const float* s1 = s[1];
      |                              ^~
/home/runner/work/seedvr2-ncnn-vulkan/seedvr2-ncnn-vulkan/.deps/src/ncnn-3b7bdba7fc8aea8fd46779533eee027df77c639d/src/layer/x86/pixelshuffle_x86.cpp:50:26: note: ‘s’ declared here
   50 |             const float* s[4];
      |                          ^
[762/902] Building CXX object src/CMakeFiles/ncnn.dir/layer/vulkan/pixelshuffle_vulkan.cpp.o
[763/902] Building CXX object src/CMakeFiles/ncnn.dir/layer/deepcopy.cpp.o
[764/902] Building CXX object src/CMakeFiles/ncnn.dir/layer/x86/pixelshuffle_x86_avx.cpp.o
/home/runner/work/seedvr2-ncnn-vulkan/seedvr2-ncnn-vulkan/.deps/build/ncnn-3b7bdba7fc8a/src/layer/x86/pixelshuffle_x86_avx.cpp: In function ‘_ZNK4ncnn20PixelShuffle_x86_avx7forwardERKNS_3MatERS1_RKNS_6OptionE._omp_fn.0’:
/home/runner/work/seedvr2-ncnn-vulkan/seedvr2-ncnn-vulkan/.deps/build/ncnn-3b7bdba7fc8a/src/layer/x86/pixelshuffle_x86_avx.cpp:105:30: warning: ‘s’ may be used uninitialized [-Wmaybe-uninitialized]
  105 |                 const float* s1 = s[1];
      |                              ^~
/home/runner/work/seedvr2-ncnn-vulkan/seedvr2-ncnn-vulkan/.deps/build/ncnn-3b7bdba7fc8a/src/layer/x86/pixelshuffle_x86_avx.cpp:50:26: note: ‘s’ declared here
   50 |             const float* s[4];
      |                          ^
/home/runner/work/seedvr2-ncnn-vulkan/seedvr2-ncnn-vulkan/.deps/build/ncnn-3b7bdba7fc8a/src/layer/x86/pixelshuffle_x86_avx.cpp:105:30: warning: ‘s’ may be used uninitialized [-Wmaybe-uninitialized]
  105 |                 const float* s1 = s[1];
      |                              ^~
/home/runner/work/seedvr2-ncnn-vulkan/seedvr2-ncnn-vulkan/.deps/build/ncnn-3b7bdba7fc8a/src/layer/x86/pixelshuffle_x86_avx.cpp:50:26: note: ‘s’ declared here
   50 |             const float* s[4];
      |                          ^
[765/902] Building CXX object src/CMakeFiles/ncnn.dir/layer/mish.cpp.o
[766/902] Building CXX object src/CMakeFiles/ncnn.dir/layer/vulkan/deepcopy_vulkan.cpp.o
[767/902] Building CXX object src/CMakeFiles/ncnn.dir/layer/x86/mish_x86.cpp.o
[768/902] Building CXX object src/CMakeFiles/ncnn.dir/layer/vulkan/mish_vulkan.cpp.o
[769/902] Building CXX object src/CMakeFiles/ncnn.dir/layer/x86/mish_x86_fma.cpp.o
[770/902] Building CXX object src/CMakeFiles/ncnn.dir/layer/x86/mish_x86_fma4.cpp.o
[771/902] Building CXX object src/CMakeFiles/ncnn.dir/layer/x86/mish_x86_avxneconvert.cpp.o
[772/902] Building CXX object src/CMakeFiles/ncnn.dir/layer/x86/mish_x86_avx.cpp.o
[773/902] Building CXX object src/CMakeFiles/ncnn.dir/layer/statisticspooling.cpp.o
[774/902] Building CXX object src/CMakeFiles/ncnn.dir/layer/swish.cpp.o
[775/902] Building CXX object src/CMakeFiles/ncnn.dir/layer/x86/mish_x86_avx2.cpp.o
[776/902] Building CXX object src/CMakeFiles/ncnn.dir/layer/x86/swish_x86.cpp.o
[777/902] Building CXX object src/CMakeFiles/ncnn.dir/layer/vulkan/swish_vulkan.cpp.o
[778/902] Building CXX object src/CMakeFiles/ncnn.dir/layer/x86/swish_x86_fma.cpp.o
[779/902] Building CXX object src/CMakeFiles/ncnn.dir/layer/x86/swish_x86_fma4.cpp.o
[780/902] Building CXX object src/CMakeFiles/ncnn.dir/layer/x86/swish_x86_avxneconvert.cpp.o
[781/902] Building CXX object src/CMakeFiles/ncnn.dir/layer/x86/swish_x86_avx.cpp.o
[782/902] Building CXX object src/CMakeFiles/ncnn.dir/layer/x86/swish_x86_avx2.cpp.o
[783/902] Building CXX object src/CMakeFiles/ncnn.dir/layer/gemm.cpp.o
[784/902] Building CXX object src/CMakeFiles/ncnn.dir/layer/vulkan/gemm_vulkan.cpp.o
[785/902] Building CXX object src/CMakeFiles/ncnn.dir/layer/x86/gemm_x86_fma.cpp.o
[786/902] Building CXX object src/CMakeFiles/ncnn.dir/layer/x86/gemm_x86_fma4.cpp.o
[787/902] Building CXX object src/CMakeFiles/ncnn.dir/layer/x86/gemm_x86.cpp.o
[788/902] Building CXX object src/CMakeFiles/ncnn.dir/layer/x86/gemm_x86_avxvnni.cpp.o
[789/902] Building CXX object src/CMakeFiles/ncnn.dir/layer/x86/gemm_x86_avx.cpp.o
[790/902] Building CXX object src/CMakeFiles/ncnn.dir/layer/x86/gemm_x86_avxvnniint8.cpp.o
[791/902] Building CXX object src/CMakeFiles/ncnn.dir/layer/x86/gemm_x86_avxneconvert.cpp.o
[792/902] Building CXX object src/CMakeFiles/ncnn.dir/layer/x86/gemm_x86_xop.cpp.o
[793/902] Building CXX object src/CMakeFiles/ncnn.dir/layer/groupnorm.cpp.o
[794/902] Building CXX object src/CMakeFiles/ncnn.dir/layer/x86/groupnorm_x86.cpp.o
[795/902] Building CXX object src/CMakeFiles/ncnn.dir/layer/vulkan/groupnorm_vulkan.cpp.o
[796/902] Building CXX object src/CMakeFiles/ncnn.dir/layer/x86/gemm_x86_avx2.cpp.o
[797/902] Building CXX object src/CMakeFiles/ncnn.dir/layer/x86/groupnorm_x86_fma.cpp.o
[798/902] Building CXX object src/CMakeFiles/ncnn.dir/layer/x86/groupnorm_x86_fma4.cpp.o
[799/902] Building CXX object src/CMakeFiles/ncnn.dir/layer/x86/groupnorm_x86_avx.cpp.o
[800/902] Building CXX object src/CMakeFiles/ncnn.dir/layer/x86/groupnorm_x86_avxneconvert.cpp.o
[801/902] Building CXX object src/CMakeFiles/ncnn.dir/layer/x86/groupnorm_x86_avx2.cpp.o
[802/902] Building CXX object src/CMakeFiles/ncnn.dir/layer/layernorm.cpp.o
[803/902] Building CXX object src/CMakeFiles/ncnn.dir/layer/x86/layernorm_x86.cpp.o
[804/902] Building CXX object src/CMakeFiles/ncnn.dir/layer/vulkan/layernorm_vulkan.cpp.o
[805/902] Building CXX object src/CMakeFiles/ncnn.dir/layer/x86/layernorm_x86_fma.cpp.o
[806/902] Building CXX object src/CMakeFiles/ncnn.dir/layer/x86/layernorm_x86_fma4.cpp.o
[807/902] Building CXX object src/CMakeFiles/ncnn.dir/layer/x86/layernorm_x86_avx.cpp.o
[808/902] Building CXX object src/CMakeFiles/ncnn.dir/layer/x86/layernorm_x86_avxneconvert.cpp.o
[809/902] Building CXX object src/CMakeFiles/ncnn.dir/layer/softplus.cpp.o
[810/902] Building CXX object src/CMakeFiles/ncnn.dir/layer/x86/layernorm_x86_avx2.cpp.o
[811/902] Building CXX object src/CMakeFiles/ncnn.dir/layer/vulkan/softplus_vulkan.cpp.o
[812/902] Building CXX object src/CMakeFiles/ncnn.dir/layer/gru.cpp.o
[813/902] Building CXX object src/CMakeFiles/ncnn.dir/layer/multiheadattention.cpp.o
[814/902] Building CXX object src/CMakeFiles/ncnn.dir/layer/x86/multiheadattention_x86.cpp.o
[815/902] Building CXX object src/CMakeFiles/ncnn.dir/layer/vulkan/multiheadattention_vulkan.cpp.o
[816/902] Building CXX object src/CMakeFiles/ncnn.dir/layer/gelu.cpp.o
[817/902] Building CXX object src/CMakeFiles/ncnn.dir/layer/x86/multiheadattention_x86_avx.cpp.o
[818/902] Building CXX object src/CMakeFiles/ncnn.dir/layer/x86/gelu_x86.cpp.o
[819/902] Building CXX object src/CMakeFiles/ncnn.dir/layer/vulkan/gelu_vulkan.cpp.o
[820/902] Building CXX object src/CMakeFiles/ncnn.dir/layer/x86/gelu_x86_fma.cpp.o
[821/902] Building CXX object src/CMakeFiles/ncnn.dir/layer/x86/gelu_x86_fma4.cpp.o
[822/902] Building CXX object src/CMakeFiles/ncnn.dir/layer/x86/gelu_x86_avx.cpp.o
[823/902] Building CXX object src/CMakeFiles/ncnn.dir/layer/x86/gelu_x86_avxneconvert.cpp.o
[824/902] Building CXX object src/CMakeFiles/ncnn.dir/layer/convolution1d.cpp.o
[825/902] Building CXX object src/CMakeFiles/ncnn.dir/layer/x86/gelu_x86_avx2.cpp.o
[826/902] Building CXX object src/CMakeFiles/ncnn.dir/layer/vulkan/convolution1d_vulkan.cpp.o
[827/902] Building CXX object src/CMakeFiles/ncnn.dir/layer/x86/convolution1d_x86.cpp.o
[828/902] Building CXX object src/CMakeFiles/ncnn.dir/layer/x86/convolution1d_x86_fma.cpp.o
[829/902] Building CXX object src/CMakeFiles/ncnn.dir/layer/x86/convolution1d_x86_fma4.cpp.o
[830/902] Building CXX object src/CMakeFiles/ncnn.dir/layer/x86/convolution1d_x86_avxneconvert.cpp.o
[831/902] Building CXX object src/CMakeFiles/ncnn.dir/layer/x86/convolution1d_x86_avx2.cpp.o
[832/902] Building CXX object src/CMakeFiles/ncnn.dir/layer/x86/convolution1d_x86_avx.cpp.o
[833/902] Building CXX object src/CMakeFiles/ncnn.dir/layer/pooling1d.cpp.o
[834/902] Building CXX object src/CMakeFiles/ncnn.dir/layer/convolutiondepthwise1d.cpp.o
[835/902] Building CXX object src/CMakeFiles/ncnn.dir/layer/convolution3d.cpp.o
[836/902] Building CXX object src/CMakeFiles/ncnn.dir/layer/convolutiondepthwise3d.cpp.o
[837/902] Building CXX object src/CMakeFiles/ncnn.dir/layer/pooling3d.cpp.o
[838/902] Building CXX object src/CMakeFiles/ncnn.dir/layer/matmul.cpp.o
[839/902] Building CXX object src/CMakeFiles/ncnn.dir/layer/x86/matmul_x86.cpp.o
[840/902] Building CXX object src/CMakeFiles/ncnn.dir/layer/deconvolution1d.cpp.o
[841/902] Building CXX object src/CMakeFiles/ncnn.dir/layer/x86/matmul_x86_avx.cpp.o
[842/902] Building CXX object src/CMakeFiles/ncnn.dir/layer/deconvolutiondepthwise1d.cpp.o
[843/902] Building CXX object src/CMakeFiles/ncnn.dir/layer/deconvolution3d.cpp.o
[844/902] Building CXX object src/CMakeFiles/ncnn.dir/layer/deconvolutiondepthwise3d.cpp.o
[845/902] Building CXX object src/CMakeFiles/ncnn.dir/layer/einsum.cpp.o
[846/902] Building CXX object src/CMakeFiles/ncnn.dir/layer/deformableconv2d.cpp.o
[847/902] Building CXX object src/CMakeFiles/ncnn.dir/layer/x86/deformableconv2d_x86.cpp.o
[848/902] Building CXX object src/CMakeFiles/ncnn.dir/layer/x86/deformableconv2d_x86_fma.cpp.o
[849/902] Building CXX object src/CMakeFiles/ncnn.dir/layer/x86/deformableconv2d_x86_fma4.cpp.o
[850/902] Building CXX object src/CMakeFiles/ncnn.dir/layer/glu.cpp.o
[851/902] Building CXX object src/CMakeFiles/ncnn.dir/layer/x86/deformableconv2d_x86_avx.cpp.o
[852/902] Building CXX object src/CMakeFiles/ncnn.dir/layer/fold.cpp.o
[853/902] Building CXX object src/CMakeFiles/ncnn.dir/layer/unfold.cpp.o
[854/902] Building CXX object src/CMakeFiles/ncnn.dir/layer/vulkan/unfold_vulkan.cpp.o
[855/902] Building CXX object src/CMakeFiles/ncnn.dir/layer/gridsample.cpp.o
[856/902] Building CXX object src/CMakeFiles/ncnn.dir/layer/x86/gridsample_x86.cpp.o
[857/902] Building CXX object src/CMakeFiles/ncnn.dir/layer/x86/gridsample_x86_fma.cpp.o
[858/902] Building CXX object src/CMakeFiles/ncnn.dir/layer/x86/gridsample_x86_fma4.cpp.o
[859/902] Building CXX object src/CMakeFiles/ncnn.dir/layer/cumulativesum.cpp.o
[860/902] Building CXX object src/CMakeFiles/ncnn.dir/layer/copyto.cpp.o
[861/902] Building CXX object src/CMakeFiles/ncnn.dir/layer/erf.cpp.o
[862/902] Building CXX object src/CMakeFiles/ncnn.dir/layer/x86/erf_x86.cpp.o
[863/902] Building CXX object src/CMakeFiles/ncnn.dir/layer/vulkan/erf_vulkan.cpp.o
[864/902] Building CXX object src/CMakeFiles/ncnn.dir/layer/x86/erf_x86_fma.cpp.o
[865/902] Building CXX object src/CMakeFiles/ncnn.dir/layer/x86/erf_x86_fma4.cpp.o
[866/902] Building CXX object src/CMakeFiles/ncnn.dir/layer/x86/gridsample_x86_avx.cpp.o
[867/902] Building CXX object src/CMakeFiles/ncnn.dir/layer/x86/erf_x86_avx.cpp.o
[868/902] Building CXX object src/CMakeFiles/ncnn.dir/layer/x86/erf_x86_avxneconvert.cpp.o
[869/902] Building CXX object src/CMakeFiles/ncnn.dir/layer/x86/erf_x86_avx2.cpp.o
[870/902] Building CXX object src/CMakeFiles/ncnn.dir/layer/diag.cpp.o
[871/902] Building CXX object src/CMakeFiles/ncnn.dir/layer/celu.cpp.o
[872/902] Building CXX object src/CMakeFiles/ncnn.dir/layer/vulkan/celu_vulkan.cpp.o
[873/902] Building CXX object src/CMakeFiles/ncnn.dir/layer/shrink.cpp.o
[874/902] Building CXX object src/CMakeFiles/ncnn.dir/layer/vulkan/shrink_vulkan.cpp.o
[875/902] Building CXX object src/CMakeFiles/ncnn.dir/layer/rmsnorm.cpp.o
[876/902] Building CXX object src/CMakeFiles/ncnn.dir/layer/x86/rmsnorm_x86.cpp.o
[877/902] Building CXX object src/CMakeFiles/ncnn.dir/layer/vulkan/rmsnorm_vulkan.cpp.o
[878/902] Building CXX object src/CMakeFiles/ncnn.dir/layer/x86/rmsnorm_x86_fma.cpp.o
[879/902] Building CXX object src/CMakeFiles/ncnn.dir/layer/x86/rmsnorm_x86_fma4.cpp.o
[880/902] Building CXX object src/CMakeFiles/ncnn.dir/layer/x86/rmsnorm_x86_avxneconvert.cpp.o
[881/902] Building CXX object src/CMakeFiles/ncnn.dir/layer/x86/rmsnorm_x86_avx.cpp.o
[882/902] Building CXX object src/CMakeFiles/ncnn.dir/layer/spectrogram.cpp.o
[883/902] Building CXX object src/CMakeFiles/ncnn.dir/layer/x86/rmsnorm_x86_avx2.cpp.o
[884/902] Building CXX object src/CMakeFiles/ncnn.dir/layer/inversespectrogram.cpp.o
[885/902] Building CXX object src/CMakeFiles/ncnn.dir/layer/flip.cpp.o
[886/902] Building CXX object src/CMakeFiles/ncnn.dir/layer/sdpa.cpp.o
[887/902] Building CXX object src/CMakeFiles/ncnn.dir/layer/vulkan/sdpa_vulkan.cpp.o
[888/902] Building CXX object src/CMakeFiles/ncnn.dir/layer/x86/sdpa_x86.cpp.o
[889/902] Building CXX object src/CMakeFiles/ncnn.dir/layer/x86/sdpa_x86_fma.cpp.o
[890/902] Building CXX object src/CMakeFiles/ncnn.dir/layer/x86/sdpa_x86_fma4.cpp.o
[891/902] Building CXX object src/CMakeFiles/ncnn.dir/layer/x86/sdpa_x86_avx.cpp.o
[892/902] Building CXX object src/CMakeFiles/ncnn.dir/layer/x86/sdpa_x86_avxneconvert.cpp.o
[893/902] Building CXX object src/CMakeFiles/ncnn.dir/layer/rotaryembed.cpp.o
[894/902] Building CXX object src/CMakeFiles/ncnn.dir/layer/x86/rotaryembed_x86.cpp.o
[895/902] Building CXX object src/CMakeFiles/ncnn.dir/layer/vulkan/rotaryembed_vulkan.cpp.o
[896/902] Building CXX object src/CMakeFiles/ncnn.dir/layer/x86/rotaryembed_x86_fma.cpp.o
[897/902] Building CXX object src/CMakeFiles/ncnn.dir/layer/x86/rotaryembed_x86_fma4.cpp.o
[898/902] Building CXX object src/CMakeFiles/ncnn.dir/layer/x86/sdpa_x86_avx2.cpp.o
[899/902] Building CXX object src/CMakeFiles/ncnn.dir/layer/x86/rotaryembed_x86_avx.cpp.o
[900/902] Building CXX object src/CMakeFiles/ncnn.dir/layer/x86/rotaryembed_x86_avxneconvert.cpp.o
[901/902] Building CXX object src/CMakeFiles/ncnn.dir/layer/x86/rotaryembed_x86_avx2.cpp.o
[902/902] Linking CXX static library src/libncnn.a
-- Install configuration: "Release"
-- Installing: /home/runner/work/seedvr2-ncnn-vulkan/seedvr2-ncnn-vulkan/.deps/ncnn-install/lib/libncnn.a
-- Installing: /home/runner/work/seedvr2-ncnn-vulkan/seedvr2-ncnn-vulkan/.deps/ncnn-install/include/ncnn/allocator.h
-- Installing: /home/runner/work/seedvr2-ncnn-vulkan/seedvr2-ncnn-vulkan/.deps/ncnn-install/include/ncnn/benchmark.h
-- Installing: /home/runner/work/seedvr2-ncnn-vulkan/seedvr2-ncnn-vulkan/.deps/ncnn-install/include/ncnn/blob.h
-- Installing: /home/runner/work/seedvr2-ncnn-vulkan/seedvr2-ncnn-vulkan/.deps/ncnn-install/include/ncnn/c_api.h
-- Installing: /home/runner/work/seedvr2-ncnn-vulkan/seedvr2-ncnn-vulkan/.deps/ncnn-install/include/ncnn/command.h
-- Installing: /home/runner/work/seedvr2-ncnn-vulkan/seedvr2-ncnn-vulkan/.deps/ncnn-install/include/ncnn/cpu.h
-- Installing: /home/runner/work/seedvr2-ncnn-vulkan/seedvr2-ncnn-vulkan/.deps/ncnn-install/include/ncnn/datareader.h
-- Installing: /home/runner/work/seedvr2-ncnn-vulkan/seedvr2-ncnn-vulkan/.deps/ncnn-install/include/ncnn/expression.h
-- Installing: /home/runner/work/seedvr2-ncnn-vulkan/seedvr2-ncnn-vulkan/.deps/ncnn-install/include/ncnn/gpu.h
-- Installing: /home/runner/work/seedvr2-ncnn-vulkan/seedvr2-ncnn-vulkan/.deps/ncnn-install/include/ncnn/layer.h
-- Installing: /home/runner/work/seedvr2-ncnn-vulkan/seedvr2-ncnn-vulkan/.deps/ncnn-install/include/ncnn/layer_shader_type.h
-- Installing: /home/runner/work/seedvr2-ncnn-vulkan/seedvr2-ncnn-vulkan/.deps/ncnn-install/include/ncnn/layer_type.h
-- Installing: /home/runner/work/seedvr2-ncnn-vulkan/seedvr2-ncnn-vulkan/.deps/ncnn-install/include/ncnn/mat.h
-- Installing: /home/runner/work/seedvr2-ncnn-vulkan/seedvr2-ncnn-vulkan/.deps/ncnn-install/include/ncnn/modelbin.h
-- Installing: /home/runner/work/seedvr2-ncnn-vulkan/seedvr2-ncnn-vulkan/.deps/ncnn-install/include/ncnn/net.h
-- Installing: /home/runner/work/seedvr2-ncnn-vulkan/seedvr2-ncnn-vulkan/.deps/ncnn-install/include/ncnn/option.h
-- Installing: /home/runner/work/seedvr2-ncnn-vulkan/seedvr2-ncnn-vulkan/.deps/ncnn-install/include/ncnn/paramdict.h
-- Installing: /home/runner/work/seedvr2-ncnn-vulkan/seedvr2-ncnn-vulkan/.deps/ncnn-install/include/ncnn/pipeline.h
-- Installing: /home/runner/work/seedvr2-ncnn-vulkan/seedvr2-ncnn-vulkan/.deps/ncnn-install/include/ncnn/pipelinecache.h
-- Installing: /home/runner/work/seedvr2-ncnn-vulkan/seedvr2-ncnn-vulkan/.deps/ncnn-install/include/ncnn/simpleocv.h
-- Installing: /home/runner/work/seedvr2-ncnn-vulkan/seedvr2-ncnn-vulkan/.deps/ncnn-install/include/ncnn/simpleomp.h
-- Installing: /home/runner/work/seedvr2-ncnn-vulkan/seedvr2-ncnn-vulkan/.deps/ncnn-install/include/ncnn/simplestl.h
-- Installing: /home/runner/work/seedvr2-ncnn-vulkan/seedvr2-ncnn-vulkan/.deps/ncnn-install/include/ncnn/simplemath.h
-- Installing: /home/runner/work/seedvr2-ncnn-vulkan/seedvr2-ncnn-vulkan/.deps/ncnn-install/include/ncnn/simplevk.h
-- Installing: /home/runner/work/seedvr2-ncnn-vulkan/seedvr2-ncnn-vulkan/.deps/ncnn-install/include/ncnn/vulkan_header_fix.h
-- Installing: /home/runner/work/seedvr2-ncnn-vulkan/seedvr2-ncnn-vulkan/.deps/ncnn-install/include/ncnn/ncnn_export.h
-- Installing: /home/runner/work/seedvr2-ncnn-vulkan/seedvr2-ncnn-vulkan/.deps/ncnn-install/include/ncnn/layer_shader_type_enum.h
-- Installing: /home/runner/work/seedvr2-ncnn-vulkan/seedvr2-ncnn-vulkan/.deps/ncnn-install/include/ncnn/layer_type_enum.h
-- Installing: /home/runner/work/seedvr2-ncnn-vulkan/seedvr2-ncnn-vulkan/.deps/ncnn-install/include/ncnn/platform.h
-- Installing: /home/runner/work/seedvr2-ncnn-vulkan/seedvr2-ncnn-vulkan/.deps/ncnn-install/lib/cmake/ncnn/ncnn.cmake
-- Installing: /home/runner/work/seedvr2-ncnn-vulkan/seedvr2-ncnn-vulkan/.deps/ncnn-install/lib/cmake/ncnn/ncnn-release.cmake
-- Installing: /home/runner/work/seedvr2-ncnn-vulkan/seedvr2-ncnn-vulkan/.deps/ncnn-install/lib/cmake/ncnn/ncnnConfig.cmake
-- Installing: /home/runner/work/seedvr2-ncnn-vulkan/seedvr2-ncnn-vulkan/.deps/ncnn-install/lib/cmake/ncnn/ncnnConfigVersion.cmake
-- Installing: /home/runner/work/seedvr2-ncnn-vulkan/seedvr2-ncnn-vulkan/.deps/ncnn-install/lib/pkgconfig/ncnn.pc
