{
  "backend": "ncnn-vulkan",
  "build": "0.7.0",
  "clip": {
    "decoded_frames": 17,
    "latent_frames": 5,
    "padded_frames": 17,
    "padding": "repeat last frame to 4n+1; crop output to decoded frame count",
    "requested_max_frames": 17,
    "streaming_cache": false,
    "temporal_mode": "joint clip VAE + 3D adaptive window attention",
    "truncated": false
  },
  "comparison_input": "comparison-input.mp4",
  "converter_ncnn_commit": "6a1bf000f363714839a36793addc8c879d3d899e",
  "device": {
    "api_version": 4211017,
    "device_id": 10464,
    "driver_version": 2497102272,
    "index": 0,
    "name": "NVIDIA GeForce RTX 4060 Laptop GPU",
    "subgroup_size": 32,
    "vendor_id": 4318
  },
  "diagnostics": {
    "block-00-text": {
      "dtype": "f32le",
      "elements": 148480,
      "path": "block-00-text.f32",
      "sha256": "85d9f15e375630a4a8279bc18145b264e9d206576eda4ebf940c53957d7a4a33",
      "shape": [
        58,
        2560
      ]
    },
    "block-00-video": {
      "dtype": "f32le",
      "elements": 512000,
      "path": "block-00-video.f32",
      "sha256": "33240bbcd6516088b9a0f70385f6f99f32f2b0b9c34858449529534ce5ecf78c",
      "shape": [
        200,
        2560
      ]
    },
    "block-01-text": {
      "dtype": "f32le",
      "elements": 148480,
      "path": "block-01-text.f32",
      "sha256": "407b439a081c26cbd44b6a0e90e2e2e26b5d3d7fd7d4de6fc0b662b689507f70",
      "shape": [
        58,
        2560
      ]
    },
    "block-01-video": {
      "dtype": "f32le",
      "elements": 512000,
      "path": "block-01-video.f32",
      "sha256": "b0d92965f742ff5ba782bf3f6b86ff4e15703610a4280ce37e7f9a1bed8eac27",
      "shape": [
        200,
        2560
      ]
    },
    "block-02-text": {
      "dtype": "f32le",
      "elements": 148480,
      "path": "block-02-text.f32",
      "sha256": "7c6625c948df8031ef65ff62b18911a443c469390b0a78440962149b90b91e15",
      "shape": [
        58,
        2560
      ]
    },
    "block-02-video": {
      "dtype": "f32le",
      "elements": 512000,
      "path": "block-02-video.f32",
      "sha256": "eca36846e58481df6e5ceb6e1fb04686fd6e20bacd69671b784cf1146dc9536f",
      "shape": [
        200,
        2560
      ]
    },
    "block-03-text": {
      "dtype": "f32le",
      "elements": 148480,
      "path": "block-03-text.f32",
      "sha256": "3b8e4b6262c9217a4ec3a259c3c8a621d1a63bd8bb5bdc097226a6c0a30c1591",
      "shape": [
        58,
        2560
      ]
    },
    "block-03-video": {
      "dtype": "f32le",
      "elements": 512000,
      "path": "block-03-video.f32",
      "sha256": "6290e6ff0171b8c56cafe09955b4f57dfed887bc1f5501523eaed1df5614c587",
      "shape": [
        200,
        2560
      ]
    },
    "block-04-text": {
      "dtype": "f32le",
      "elements": 148480,
      "path": "block-04-text.f32",
      "sha256": "5fb098b9f4f5272979ad0fedf0bb27377ce298839581d6cb987fac8deb71a797",
      "shape": [
        58,
        2560
      ]
    },
    "block-04-video": {
      "dtype": "f32le",
      "elements": 512000,
      "path": "block-04-video.f32",
      "sha256": "065a9ae7479723fbab9e384e815d7b0bff39d8b42a3156b547824b0c09670590",
      "shape": [
        200,
        2560
      ]
    },
    "block-05-text": {
      "dtype": "f32le",
      "elements": 148480,
      "path": "block-05-text.f32",
      "sha256": "cde065c5fb461d2dbab5bb12ef62edde1afda3b5999f283a3954c38dabbd26d0",
      "shape": [
        58,
        2560
      ]
    },
    "block-05-video": {
      "dtype": "f32le",
      "elements": 512000,
      "path": "block-05-video.f32",
      "sha256": "2790f24730fa33f3b05ff8f878c0201c5ef301ef3883de7b2865bafc2f69e5d9",
      "shape": [
        200,
        2560
      ]
    },
    "block-06-text": {
      "dtype": "f32le",
      "elements": 148480,
      "path": "block-06-text.f32",
      "sha256": "a2ce7a191b465a09a81e5e1e94f825d6999b02326e57a66b701afbd88739e739",
      "shape": [
        58,
        2560
      ]
    },
    "block-06-video": {
      "dtype": "f32le",
      "elements": 512000,
      "path": "block-06-video.f32",
      "sha256": "09194f7ef769d52a0f0923c14a9831a29d1347775a81054d71d2fbb3e1f9a132",
      "shape": [
        200,
        2560
      ]
    },
    "block-07-text": {
      "dtype": "f32le",
      "elements": 148480,
      "path": "block-07-text.f32",
      "sha256": "ed4d22939dfd7f193668a3bd3dab59ec7caa94d4341270a15d280a95002e89a9",
      "shape": [
        58,
        2560
      ]
    },
    "block-07-video": {
      "dtype": "f32le",
      "elements": 512000,
      "path": "block-07-video.f32",
      "sha256": "a70898c6d9acb6254078db0b70b17ac33257b03c21e6469c4629c6cf38a47c46",
      "shape": [
        200,
        2560
      ]
    },
    "block-08-text": {
      "dtype": "f32le",
      "elements": 148480,
      "path": "block-08-text.f32",
      "sha256": "8e226fc00a99dbf6561de6c5578bb287b2d5572be02a9d8ae6ac6408d3a8eed6",
      "shape": [
        58,
        2560
      ]
    },
    "block-08-video": {
      "dtype": "f32le",
      "elements": 512000,
      "path": "block-08-video.f32",
      "sha256": "c381d579c70d8fccc31b35fcd250ea28e868bb2d77bea028b4bff5d76b627922",
      "shape": [
        200,
        2560
      ]
    },
    "block-09-text": {
      "dtype": "f32le",
      "elements": 148480,
      "path": "block-09-text.f32",
      "sha256": "e825cefacf1ae790ea5ff751e9e8129f5b50df11d7458639711c5129fda6c2d1",
      "shape": [
        58,
        2560
      ]
    },
    "block-09-video": {
      "dtype": "f32le",
      "elements": 512000,
      "path": "block-09-video.f32",
      "sha256": "6c26c7baabd681e6815a5ec997216276902b8416d517720c785811dfe3e72311",
      "shape": [
        200,
        2560
      ]
    },
    "block-10-text": {
      "dtype": "f32le",
      "elements": 148480,
      "path": "block-10-text.f32",
      "sha256": "63fc14c6d2a49bcd77c73a56f0b8f7e95a6b6e029c5f31a9961a9828eff63c3a",
      "shape": [
        58,
        2560
      ]
    },
    "block-10-video": {
      "dtype": "f32le",
      "elements": 512000,
      "path": "block-10-video.f32",
      "sha256": "376aa0815e932cc03a44978a51f76127bc14011a31e31b45bf234b522b4ba620",
      "shape": [
        200,
        2560
      ]
    },
    "block-11-text": {
      "dtype": "f32le",
      "elements": 148480,
      "path": "block-11-text.f32",
      "sha256": "b5cefcffa771e834df17c578b2604f129b7bb840d752c528d4351bdba7f98a81",
      "shape": [
        58,
        2560
      ]
    },
    "block-11-video": {
      "dtype": "f32le",
      "elements": 512000,
      "path": "block-11-video.f32",
      "sha256": "5ed1c90b4d16e5c6691095b4123ef15a5c07f30de7fee1711a197bb69198d900",
      "shape": [
        200,
        2560
      ]
    },
    "block-12-text": {
      "dtype": "f32le",
      "elements": 148480,
      "path": "block-12-text.f32",
      "sha256": "394d212a86fa371377be7b3f2ffd08dd8627cd2a4d9c53186c49cd3e74ba9ee7",
      "shape": [
        58,
        2560
      ]
    },
    "block-12-video": {
      "dtype": "f32le",
      "elements": 512000,
      "path": "block-12-video.f32",
      "sha256": "a5a22d4a1a7cab95dde949506844b2b69140d2160f7b5af6eea3b6e963043b04",
      "shape": [
        200,
        2560
      ]
    },
    "block-13-text": {
      "dtype": "f32le",
      "elements": 148480,
      "path": "block-13-text.f32",
      "sha256": "ac2227577d5d834e02d9ca27ec661e4468131c999c2be73650442f642095b1ba",
      "shape": [
        58,
        2560
      ]
    },
    "block-13-video": {
      "dtype": "f32le",
      "elements": 512000,
      "path": "block-13-video.f32",
      "sha256": "c5783653fa4cd67dc42dce9cbf36e2005277e6ea68764f0e882d057befa36f52",
      "shape": [
        200,
        2560
      ]
    },
    "block-14-text": {
      "dtype": "f32le",
      "elements": 148480,
      "path": "block-14-text.f32",
      "sha256": "cff4c8d931b3be41d294e8ba5b3418140743068a9fa65d5bfad11ae4ecbc9b41",
      "shape": [
        58,
        2560
      ]
    },
    "block-14-video": {
      "dtype": "f32le",
      "elements": 512000,
      "path": "block-14-video.f32",
      "sha256": "3160ecda79b898a0fa480cfbe9d09802bb631fc32b7f32a33584291b1bece739",
      "shape": [
        200,
        2560
      ]
    },
    "block-15-text": {
      "dtype": "f32le",
      "elements": 148480,
      "path": "block-15-text.f32",
      "sha256": "afd3f465063561014d3db5d06f906d5abf902b5c21c7c0e3dd5399a737f219cf",
      "shape": [
        58,
        2560
      ]
    },
    "block-15-video": {
      "dtype": "f32le",
      "elements": 512000,
      "path": "block-15-video.f32",
      "sha256": "5afc67526b1cbfbe4bd1f33b1112cd511a3da09571a79508c0462205c9cf09c7",
      "shape": [
        200,
        2560
      ]
    },
    "block-16-text": {
      "dtype": "f32le",
      "elements": 148480,
      "path": "block-16-text.f32",
      "sha256": "70ba98575765821a623b6457f6cefb84eeda822712a439aca3cdca9da98ede23",
      "shape": [
        58,
        2560
      ]
    },
    "block-16-video": {
      "dtype": "f32le",
      "elements": 512000,
      "path": "block-16-video.f32",
      "sha256": "e6b8c690defab567f7f6412c7d11ce1d9dd246648e2cee99b814cc6ff7bb3308",
      "shape": [
        200,
        2560
      ]
    },
    "block-17-text": {
      "dtype": "f32le",
      "elements": 148480,
      "path": "block-17-text.f32",
      "sha256": "b1608e68c63350ca10ae3a90d3e6b0ef413642c4b5facdc2a09e180bede851be",
      "shape": [
        58,
        2560
      ]
    },
    "block-17-video": {
      "dtype": "f32le",
      "elements": 512000,
      "path": "block-17-video.f32",
      "sha256": "8fcc32020a892ffa9fde2063f40d110c23b587dddd528df8acfcbb6d0276c306",
      "shape": [
        200,
        2560
      ]
    },
    "block-18-text": {
      "dtype": "f32le",
      "elements": 148480,
      "path": "block-18-text.f32",
      "sha256": "a3e5cd5f25b9418f7b67300db3a5887655032bc815e8cec0d65a8a310b9250d5",
      "shape": [
        58,
        2560
      ]
    },
    "block-18-video": {
      "dtype": "f32le",
      "elements": 512000,
      "path": "block-18-video.f32",
      "sha256": "be76193a82beb36e0a3192755e4dfa335ba6265046ff0437ac50e0f41c348098",
      "shape": [
        200,
        2560
      ]
    },
    "block-19-text": {
      "dtype": "f32le",
      "elements": 148480,
      "path": "block-19-text.f32",
      "sha256": "e95db3a8283f73e77ef2755560bfc42d46631842600e4ea7c79de0938d1d365c",
      "shape": [
        58,
        2560
      ]
    },
    "block-19-video": {
      "dtype": "f32le",
      "elements": 512000,
      "path": "block-19-video.f32",
      "sha256": "bebb0d6ab4300e55e06848bda43292d0d9e4e70393b6da4b3878c9da7ca4672a",
      "shape": [
        200,
        2560
      ]
    },
    "block-20-text": {
      "dtype": "f32le",
      "elements": 148480,
      "path": "block-20-text.f32",
      "sha256": "ee54549a25e1365905e3e4225d1dd30051f3c03f1dbbacc38d94cff58d5ae318",
      "shape": [
        58,
        2560
      ]
    },
    "block-20-video": {
      "dtype": "f32le",
      "elements": 512000,
      "path": "block-20-video.f32",
      "sha256": "6c5face0bbf63580ecc15bebe73629e486e7b2336d50f2183467ab191153c515",
      "shape": [
        200,
        2560
      ]
    },
    "block-21-text": {
      "dtype": "f32le",
      "elements": 148480,
      "path": "block-21-text.f32",
      "sha256": "020a2fbe16ed21403a726f6dfd7d7f304cd2eb05205d528471f4aaea45a85abc",
      "shape": [
        58,
        2560
      ]
    },
    "block-21-video": {
      "dtype": "f32le",
      "elements": 512000,
      "path": "block-21-video.f32",
      "sha256": "2e2ea5863cd44d04f05c39b9f1866e8e52992b319ea6bba8a854b739bff3cbfa",
      "shape": [
        200,
        2560
      ]
    },
    "block-22-text": {
      "dtype": "f32le",
      "elements": 148480,
      "path": "block-22-text.f32",
      "sha256": "2a435c075ecb9c28ed86899f556db557c7a1b8aae9869cbbdbe71e9ea5dbade6",
      "shape": [
        58,
        2560
      ]
    },
    "block-22-video": {
      "dtype": "f32le",
      "elements": 512000,
      "path": "block-22-video.f32",
      "sha256": "ec44dcfa305c76238c446c05e733515501ecf2c95b55aaf1ee3302fb673ef478",
      "shape": [
        200,
        2560
      ]
    },
    "block-23-text": {
      "dtype": "f32le",
      "elements": 148480,
      "path": "block-23-text.f32",
      "sha256": "087b3067d1148202fcb5c558768287bb7b36fb795a829f1d5938d877c6102b86",
      "shape": [
        58,
        2560
      ]
    },
    "block-23-video": {
      "dtype": "f32le",
      "elements": 512000,
      "path": "block-23-video.f32",
      "sha256": "5ddd1871a19d705e21b0a42f8981aa4af5164ee1072b604a4bffee0c4b7d53fc",
      "shape": [
        200,
        2560
      ]
    },
    "block-24-text": {
      "dtype": "f32le",
      "elements": 148480,
      "path": "block-24-text.f32",
      "sha256": "6a4d6b7b57607abd0e9ae38f66127c008364d71d4898a0d8c93319ce6a9639b5",
      "shape": [
        58,
        2560
      ]
    },
    "block-24-video": {
      "dtype": "f32le",
      "elements": 512000,
      "path": "block-24-video.f32",
      "sha256": "45bd0fed515436395edd22552e7d9f4f4bf26d0139fb388c7fc33f68463df5ba",
      "shape": [
        200,
        2560
      ]
    },
    "block-25-text": {
      "dtype": "f32le",
      "elements": 148480,
      "path": "block-25-text.f32",
      "sha256": "2749863aee03aa39d715c0a376f7a67cb0d0f3e7550723ee6f4d50c504148fac",
      "shape": [
        58,
        2560
      ]
    },
    "block-25-video": {
      "dtype": "f32le",
      "elements": 512000,
      "path": "block-25-video.f32",
      "sha256": "25a999f9c777d01431d6c621414090973ede5725a431a3afcb1f9efca786af97",
      "shape": [
        200,
        2560
      ]
    },
    "block-26-text": {
      "dtype": "f32le",
      "elements": 148480,
      "path": "block-26-text.f32",
      "sha256": "bb3f3f974e4a4e7998b287c2fb128e8720574b0b418d0cafb3c77ae474cf603e",
      "shape": [
        58,
        2560
      ]
    },
    "block-26-video": {
      "dtype": "f32le",
      "elements": 512000,
      "path": "block-26-video.f32",
      "sha256": "0544c3c44534968d51ea5713b99ce91afdc27abacb933ec47cc6db57c54d43d6",
      "shape": [
        200,
        2560
      ]
    },
    "block-27-text": {
      "dtype": "f32le",
      "elements": 148480,
      "path": "block-27-text.f32",
      "sha256": "a2b8f8f7127f99a28cb42823081a0eae2e8250ad4bf16a0a5b90968dcd7a88b8",
      "shape": [
        58,
        2560
      ]
    },
    "block-27-video": {
      "dtype": "f32le",
      "elements": 512000,
      "path": "block-27-video.f32",
      "sha256": "fef5e1414d0731dbc48b04e359a9999fbe0e04dd30f6f2db0029856127091fd9",
      "shape": [
        200,
        2560
      ]
    },
    "block-28-text": {
      "dtype": "f32le",
      "elements": 148480,
      "path": "block-28-text.f32",
      "sha256": "ceff3004690301d473cfd85dd68a2af401d319db14ab3dc696eeb2bfe3de0d34",
      "shape": [
        58,
        2560
      ]
    },
    "block-28-video": {
      "dtype": "f32le",
      "elements": 512000,
      "path": "block-28-video.f32",
      "sha256": "aa06df042564db672ee5e067fe13b766987c0fd2366e1afdb5d1f808b312359d",
      "shape": [
        200,
        2560
      ]
    },
    "block-29-text": {
      "dtype": "f32le",
      "elements": 148480,
      "path": "block-29-text.f32",
      "sha256": "a785b18b7a3f688d565646595b2f7c6e9fb42cb37d1c54f30546751e6ab1cad7",
      "shape": [
        58,
        2560
      ]
    },
    "block-29-video": {
      "dtype": "f32le",
      "elements": 512000,
      "path": "block-29-video.f32",
      "sha256": "af03d9a3147f91d288300bd9017f6ea46e4d50e156b106631c443c6c25127d5f",
      "shape": [
        200,
        2560
      ]
    },
    "block-30-text": {
      "dtype": "f32le",
      "elements": 148480,
      "path": "block-30-text.f32",
      "sha256": "5ac3b76d8b1e1270e03ba95af9ed47ecdc2fe085b60a20ea491ca1ad136563cd",
      "shape": [
        58,
        2560
      ]
    },
    "block-30-video": {
      "dtype": "f32le",
      "elements": 512000,
      "path": "block-30-video.f32",
      "sha256": "eefe0e0d3afd507c20e9dd260b7033183de60a5c29ca4a7552a040c79c9aafae",
      "shape": [
        200,
        2560
      ]
    },
    "block-31-text": {
      "dtype": "f32le",
      "elements": 148480,
      "path": "block-31-text.f32",
      "sha256": "8d9f6240c80e58c6110548c1939841c636333ec01abc09e9c42e65b1e92784bc",
      "shape": [
        58,
        2560
      ]
    },
    "block-31-video": {
      "dtype": "f32le",
      "elements": 512000,
      "path": "block-31-video.f32",
      "sha256": "400ce691296feb9893f6841010110955701843fbfe4bba3e8186d49d3d0ec1db",
      "shape": [
        200,
        2560
      ]
    },
    "conditioned": {
      "dtype": "f32le",
      "elements": 12800,
      "path": "conditioned.f32",
      "sha256": "ccca9b14f1a40e66b908ca98ef5799106443658b780643f9fbba044828969ccb",
      "shape": [
        16,
        5,
        10,
        16
      ]
    },
    "decoded": {
      "dtype": "f32le",
      "elements": 522240,
      "path": "decoded.f32",
      "sha256": "7f190636445809d754ccbabc7d7c75d3cd968e79f725002953b2ae8938977c69",
      "shape": [
        3,
        17,
        80,
        128
      ]
    },
    "latent": {
      "dtype": "f32le",
      "elements": 12800,
      "path": "latent.f32",
      "sha256": "2ad9d30c4c52d82e7949035b7cad1d82cad4dcdfc97baa4d9d87d88e00d3da57",
      "shape": [
        16,
        5,
        10,
        16
      ]
    },
    "noise": {
      "dtype": "f32le",
      "elements": 12800,
      "path": "noise.f32",
      "sha256": "2ffa6afd53b063a2de4b87efa91015c1495748288323a59bbfa2986975d1e753",
      "shape": [
        16,
        5,
        10,
        16
      ]
    },
    "patch-in": {
      "dtype": "f32le",
      "elements": 512000,
      "path": "patch-in.f32",
      "sha256": "e007b9864e749cbb926ade1d091eca8ff454ed152d6676e6220aa1ff1ffbf48f",
      "shape": [
        200,
        2560
      ]
    },
    "patch-out": {
      "dtype": "f32le",
      "elements": 12800,
      "path": "patch-out.f32",
      "sha256": "cf60cf186ea587bb2b4a0c66da9b4230ff9f96c1353c9be283e840ad13a893ea",
      "shape": [
        200,
        64
      ]
    },
    "patches": {
      "dtype": "f32le",
      "elements": 26400,
      "path": "patches.f32",
      "sha256": "94f38fcf08a779fdb6a5483233790fa6efb7610ac74cff274c824b8696bb0dfd",
      "shape": [
        200,
        132
      ]
    },
    "posterior": {
      "dtype": "f32le",
      "elements": 25600,
      "path": "posterior.f32",
      "sha256": "ff81c68795fe77b5afc54f2c71b9a1b5c7df0049d397c793da1d121f1b813a24",
      "shape": [
        32,
        5,
        10,
        16
      ]
    },
    "posterior-noise": {
      "dtype": "f32le",
      "elements": 12800,
      "path": "posterior-noise.f32",
      "sha256": "61e953dd2e0db20f649bdd9300686baf6f59f78a16ce1661c8bb92212a8af747",
      "shape": [
        16,
        5,
        10,
        16
      ]
    },
    "prepared": {
      "dtype": "f32le",
      "elements": 522240,
      "path": "prepared.f32",
      "sha256": "f23ab116d7e69439de5858a5bc560c31f81ff234a25340d62b7833e4d210102b",
      "shape": [
        3,
        17,
        80,
        128
      ]
    },
    "text-in": {
      "dtype": "f32le",
      "elements": 148480,
      "path": "text-in.f32",
      "sha256": "c7cecae53e4f83d60cab1ebddeca3bdf028c630ef33feb0cfd58d8c1ab50e42d",
      "shape": [
        58,
        2560
      ]
    },
    "time-in": {
      "dtype": "f32le",
      "elements": 15360,
      "path": "time-in.f32",
      "sha256": "bd542b62115dab2f055c2ec0ff47df9ebdbe25a9bf1d287b7557c08d20c6e719",
      "shape": [
        2560,
        6
      ]
    },
    "velocity": {
      "dtype": "f32le",
      "elements": 12800,
      "path": "velocity.f32",
      "sha256": "52fa3135a3899692a27fa830fcef3e955d44c9f9737b21b827428b47e1bcbde6",
      "shape": [
        16,
        5,
        10,
        16
      ]
    }
  },
  "dispatch": "EXPLICIT_PER_LAYER_NO_BACKEND_FALLBACK",
  "executable_sha256": "79f7036d73db52226f786dc1e3aa8e93af4eec4abe9de4d09ce5a1763c1a7d25",
  "host_operations": [
    "video codecs",
    "resizing",
    "layouts",
    "posterior sampling",
    "Euler endpoint"
  ],
  "implementation": {
    "executable_sha256": "79f7036d73db52226f786dc1e3aa8e93af4eec4abe9de4d09ce5a1763c1a7d25",
    "ncnn_runtime_patches": [
      {
        "compiled_allocator_sha256": "b8398e0d5ef5a367f80c5d2f13af1c8f170a83a39d0a1b458a40100924a55320",
        "id": "host-buffer-v1",
        "original_allocator_sha256": "601d69dab40823366fa6aa2be00c8e37bb0f1e960fe96323c36daed887c4fda2",
        "scope": "Imported-host buffer declaration and weight-buffer transfer-source usage"
      }
    ],
    "sdk_library_sha256": "ed1096ba45f6a94dcb9a2ef2f54043d70beaee8532beaf08317529b630f925d0"
  },
  "input": {
    "duration_seconds": 2.125,
    "has_audio": false,
    "height": 40,
    "sha256": "6c95e62193dee38ab829c69c677dbbb30d83f973dff6bc7e7ac3368df539d3ab",
    "width": 64
  },
  "media_version": "8.0.1",
  "model_certificate": null,
  "model_manifest_sha256": "fe38835c367a2a389c689d89ce85c952b0e347d1edfd879b008d796a65374028",
  "model_verified": false,
  "ncnn_commit": "3b7bdba7fc8aea8fd46779533eee027df77c639d",
  "noise_algorithm": "splitmix64-box-muller-v1",
  "numerical_validation": "NOT_PERFORMED_BY_RUNNER",
  "output": {
    "audio": false,
    "codec": "H.264 / yuv420p / CRF 18",
    "fps": 8.0,
    "frames": 17,
    "height": 80,
    "path": "output.mp4",
    "sha256": "bcb62c7c5b0b1a48a828814a87a7c68b1b24983723606c580877a096c284418e",
    "timestamps_90khz": [
      0,
      11250,
      22500,
      33750,
      45000,
      56250,
      67500,
      78750,
      90000,
      101250,
      112500,
      123750,
      135000,
      146250,
      157500,
      168750,
      180000
    ],
    "width": 128
  },
  "package_authenticated": true,
  "poster": "output.png",
  "preprocessing": "FFmpeg RGB8 / bicubic antialias / center crop 16 / normalize [-1,1]",
  "profile": "seedvr2-3b-video-fp32-b-v1",
  "resources": {
    "activation_peak_bytes": null,
    "autoregressive_kv_cache": false,
    "file_cache_peak_bytes": null,
    "largest_graph_weight_bytes": 634534028,
    "package_bytes": 21096916141,
    "pipeline_cache": "per-run Vulkan shader pipelines; no model weights or autoregressive keys",
    "process_lifetime_peak_rss_bytes": 1229459456,
    "process_system_cpu_seconds": 8.271921,
    "process_user_cpu_seconds": 12.108129,
    "temporal_vae_cache": false,
    "unmeasured_scope": "Allocator categories are not inferred from process RSS or whole-card VRAM",
    "weight_placement": {
      "budget_unavailable": 0,
      "cache_enabled": false,
      "cpu_graphs": 0,
      "device_requests": 36,
      "host_requests": 0,
      "scope": "placement requests, not measured allocator residency"
    },
    "weight_residency": "one graph at a time",
    "workspace_peak_bytes": null
  },
  "sampling": {
    "cfg": 1,
    "color_fix": "none",
    "latent_scale": 0.9152,
    "steps": 1,
    "timestep": 1000
  },
  "schema_version": "seedvr2-video-run-v1",
  "seed": 666,
  "stages": [
    {
      "awa_cpu": 0,
      "awa_vulkan": 0,
      "awa_windows": 0,
      "backend": "ncnn-vulkan",
      "compute_ms": 484.125991,
      "cpu_layers": 0,
      "cpu_temporal_encoder_direct_convolution": false,
      "id": "encoder",
      "layers": 98,
      "load_ms": 477.875912,
      "memory": {
        "activation_offload": false,
        "actual_weight_memory": "not_instrumented",
        "after_load": {
          "budget_bytes": 6005260288,
          "heap_index": 0,
          "source": "VK_EXT_memory_budget_estimate",
          "usage_bytes": 430178304
        },
        "after_release": {
          "budget_bytes": 6007291904,
          "heap_index": 0,
          "source": "VK_EXT_memory_budget_estimate",
          "usage_bytes": 1117519872
        },
        "available_bytes": 5992939520,
        "before_load": {
          "budget_bytes": 6010044416,
          "heap_index": 0,
          "source": "VK_EXT_memory_budget_estimate",
          "usage_bytes": 17104896
        },
        "estimated_weight_bytes": 800371968,
        "oom_recovery": false,
        "policy": "auto",
        "reason": "budget_available",
        "requested_memory": "device",
        "reserve_bytes": 1502511104,
        "reserve_policy": "quarter_heap_budget",
        "scope": "weight placement before graph loading"
      },
      "vulkan_layers": 98,
      "weight_io": "buffered"
    },
    {
      "awa_cpu": 0,
      "awa_vulkan": 0,
      "awa_windows": 0,
      "backend": "ncnn-vulkan",
      "compute_ms": 1.182845,
      "cpu_layers": 0,
      "cpu_temporal_encoder_direct_convolution": false,
      "id": "patch-in",
      "layers": 1,
      "load_ms": 14.711227,
      "memory": {
        "activation_offload": false,
        "actual_weight_memory": "not_instrumented",
        "after_load": {
          "budget_bytes": 6007291904,
          "heap_index": 0,
          "source": "VK_EXT_memory_budget_estimate",
          "usage_bytes": 1125908480
        },
        "after_release": {
          "budget_bytes": 6007291904,
          "heap_index": 0,
          "source": "VK_EXT_memory_budget_estimate",
          "usage_bytes": 1117519872
        },
        "available_bytes": 4889772032,
        "before_load": {
          "budget_bytes": 6007291904,
          "heap_index": 0,
          "source": "VK_EXT_memory_budget_estimate",
          "usage_bytes": 1117519872
        },
        "estimated_weight_bytes": 2723856,
        "oom_recovery": false,
        "policy": "auto",
        "reason": "budget_available",
        "requested_memory": "device",
        "reserve_bytes": 1501822976,
        "reserve_policy": "quarter_heap_budget",
        "scope": "weight placement before graph loading"
      },
      "vulkan_layers": 1,
      "weight_io": "buffered"
    },
    {
      "awa_cpu": 0,
      "awa_vulkan": 1,
      "awa_windows": 3,
      "backend": "ncnn-vulkan",
      "compute_ms": 122.905902,
      "cpu_layers": 0,
      "cpu_temporal_encoder_direct_convolution": false,
      "id": "block-00",
      "layers": 83,
      "load_ms": 377.081691,
      "memory": {
        "activation_offload": false,
        "actual_weight_memory": "not_instrumented",
        "after_load": {
          "budget_bytes": 6007160832,
          "heap_index": 0,
          "source": "VK_EXT_memory_budget_estimate",
          "usage_bytes": 1766850560
        },
        "after_release": {
          "budget_bytes": 6007291904,
          "heap_index": 0,
          "source": "VK_EXT_memory_budget_estimate",
          "usage_bytes": 1118044160
        },
        "available_bytes": 4889772032,
        "before_load": {
          "budget_bytes": 6007291904,
          "heap_index": 0,
          "source": "VK_EXT_memory_budget_estimate",
          "usage_bytes": 1117519872
        },
        "estimated_weight_bytes": 1269068056,
        "oom_recovery": false,
        "policy": "auto",
        "reason": "budget_available",
        "requested_memory": "device",
        "reserve_bytes": 1501822976,
        "reserve_policy": "quarter_heap_budget",
        "scope": "weight placement before graph loading"
      },
      "vulkan_layers": 83,
      "weight_io": "buffered"
    },
    {
      "awa_cpu": 0,
      "awa_vulkan": 1,
      "awa_windows": 3,
      "backend": "ncnn-vulkan",
      "compute_ms": 117.402995,
      "cpu_layers": 0,
      "cpu_temporal_encoder_direct_convolution": false,
      "id": "block-01",
      "layers": 83,
      "load_ms": 263.483745,
      "memory": {
        "activation_offload": false,
        "actual_weight_memory": "not_instrumented",
        "after_load": {
          "budget_bytes": 6007160832,
          "heap_index": 0,
          "source": "VK_EXT_memory_budget_estimate",
          "usage_bytes": 1766850560
        },
        "after_release": {
          "budget_bytes": 6007291904,
          "heap_index": 0,
          "source": "VK_EXT_memory_budget_estimate",
          "usage_bytes": 1118044160
        },
        "available_bytes": 4889247744,
        "before_load": {
          "budget_bytes": 6007291904,
          "heap_index": 0,
          "source": "VK_EXT_memory_budget_estimate",
          "usage_bytes": 1118044160
        },
        "estimated_weight_bytes": 1269068056,
        "oom_recovery": false,
        "policy": "auto",
        "reason": "budget_available",
        "requested_memory": "device",
        "reserve_bytes": 1501822976,
        "reserve_policy": "quarter_heap_budget",
        "scope": "weight placement before graph loading"
      },
      "vulkan_layers": 83,
      "weight_io": "buffered"
    },
    {
      "awa_cpu": 0,
      "awa_vulkan": 1,
      "awa_windows": 3,
      "backend": "ncnn-vulkan",
      "compute_ms": 121.906073,
      "cpu_layers": 0,
      "cpu_temporal_encoder_direct_convolution": false,
      "id": "block-02",
      "layers": 83,
      "load_ms": 284.156717,
      "memory": {
        "activation_offload": false,
        "actual_weight_memory": "not_instrumented",
        "after_load": {
          "budget_bytes": 6007160832,
          "heap_index": 0,
          "source": "VK_EXT_memory_budget_estimate",
          "usage_bytes": 1766850560
        },
        "after_release": {
          "budget_bytes": 6011486208,
          "heap_index": 0,
          "source": "VK_EXT_memory_budget_estimate",
          "usage_bytes": 1118044160
        },
        "available_bytes": 4889247744,
        "before_load": {
          "budget_bytes": 6007291904,
          "heap_index": 0,
          "source": "VK_EXT_memory_budget_estimate",
          "usage_bytes": 1118044160
        },
        "estimated_weight_bytes": 1269068056,
        "oom_recovery": false,
        "policy": "auto",
        "reason": "budget_available",
        "requested_memory": "device",
        "reserve_bytes": 1501822976,
        "reserve_policy": "quarter_heap_budget",
        "scope": "weight placement before graph loading"
      },
      "vulkan_layers": 83,
      "weight_io": "buffered"
    },
    {
      "awa_cpu": 0,
      "awa_vulkan": 1,
      "awa_windows": 3,
      "backend": "ncnn-vulkan",
      "compute_ms": 122.380489,
      "cpu_layers": 0,
      "cpu_temporal_encoder_direct_convolution": false,
      "id": "block-03",
      "layers": 83,
      "load_ms": 205.508902,
      "memory": {
        "activation_offload": false,
        "actual_weight_memory": "not_instrumented",
        "after_load": {
          "budget_bytes": 6011355136,
          "heap_index": 0,
          "source": "VK_EXT_memory_budget_estimate",
          "usage_bytes": 1766850560
        },
        "after_release": {
          "budget_bytes": 6011486208,
          "heap_index": 0,
          "source": "VK_EXT_memory_budget_estimate",
          "usage_bytes": 1118044160
        },
        "available_bytes": 4893442048,
        "before_load": {
          "budget_bytes": 6011486208,
          "heap_index": 0,
          "source": "VK_EXT_memory_budget_estimate",
          "usage_bytes": 1118044160
        },
        "estimated_weight_bytes": 1269068056,
        "oom_recovery": false,
        "policy": "auto",
        "reason": "budget_available",
        "requested_memory": "device",
        "reserve_bytes": 1502871552,
        "reserve_policy": "quarter_heap_budget",
        "scope": "weight placement before graph loading"
      },
      "vulkan_layers": 83,
      "weight_io": "buffered"
    },
    {
      "awa_cpu": 0,
      "awa_vulkan": 1,
      "awa_windows": 3,
      "backend": "ncnn-vulkan",
      "compute_ms": 122.384617,
      "cpu_layers": 0,
      "cpu_temporal_encoder_direct_convolution": false,
      "id": "block-04",
      "layers": 83,
      "load_ms": 204.136929,
      "memory": {
        "activation_offload": false,
        "actual_weight_memory": "not_instrumented",
        "after_load": {
          "budget_bytes": 6011355136,
          "heap_index": 0,
          "source": "VK_EXT_memory_budget_estimate",
          "usage_bytes": 1766850560
        },
        "after_release": {
          "budget_bytes": 6011486208,
          "heap_index": 0,
          "source": "VK_EXT_memory_budget_estimate",
          "usage_bytes": 1118044160
        },
        "available_bytes": 4893442048,
        "before_load": {
          "budget_bytes": 6011486208,
          "heap_index": 0,
          "source": "VK_EXT_memory_budget_estimate",
          "usage_bytes": 1118044160
        },
        "estimated_weight_bytes": 1269068056,
        "oom_recovery": false,
        "policy": "auto",
        "reason": "budget_available",
        "requested_memory": "device",
        "reserve_bytes": 1502871552,
        "reserve_policy": "quarter_heap_budget",
        "scope": "weight placement before graph loading"
      },
      "vulkan_layers": 83,
      "weight_io": "buffered"
    },
    {
      "awa_cpu": 0,
      "awa_vulkan": 1,
      "awa_windows": 3,
      "backend": "ncnn-vulkan",
      "compute_ms": 122.754817,
      "cpu_layers": 0,
      "cpu_temporal_encoder_direct_convolution": false,
      "id": "block-05",
      "layers": 83,
      "load_ms": 228.47729,
      "memory": {
        "activation_offload": false,
        "actual_weight_memory": "not_instrumented",
        "after_load": {
          "budget_bytes": 5994381312,
          "heap_index": 0,
          "source": "VK_EXT_memory_budget_estimate",
          "usage_bytes": 1766850560
        },
        "after_release": {
          "budget_bytes": 5994512384,
          "heap_index": 0,
          "source": "VK_EXT_memory_budget_estimate",
          "usage_bytes": 1118044160
        },
        "available_bytes": 4893442048,
        "before_load": {
          "budget_bytes": 6011486208,
          "heap_index": 0,
          "source": "VK_EXT_memory_budget_estimate",
          "usage_bytes": 1118044160
        },
        "estimated_weight_bytes": 1269068056,
        "oom_recovery": false,
        "policy": "auto",
        "reason": "budget_available",
        "requested_memory": "device",
        "reserve_bytes": 1502871552,
        "reserve_policy": "quarter_heap_budget",
        "scope": "weight placement before graph loading"
      },
      "vulkan_layers": 83,
      "weight_io": "buffered"
    },
    {
      "awa_cpu": 0,
      "awa_vulkan": 1,
      "awa_windows": 3,
      "backend": "ncnn-vulkan",
      "compute_ms": 122.662863,
      "cpu_layers": 0,
      "cpu_temporal_encoder_direct_convolution": false,
      "id": "block-06",
      "layers": 83,
      "load_ms": 260.599386,
      "memory": {
        "activation_offload": false,
        "actual_weight_memory": "not_instrumented",
        "after_load": {
          "budget_bytes": 5994184704,
          "heap_index": 0,
          "source": "VK_EXT_memory_budget_estimate",
          "usage_bytes": 1766850560
        },
        "after_release": {
          "budget_bytes": 5994315776,
          "heap_index": 0,
          "source": "VK_EXT_memory_budget_estimate",
          "usage_bytes": 1118044160
        },
        "available_bytes": 4876468224,
        "before_load": {
          "budget_bytes": 5994512384,
          "heap_index": 0,
          "source": "VK_EXT_memory_budget_estimate",
          "usage_bytes": 1118044160
        },
        "estimated_weight_bytes": 1269068056,
        "oom_recovery": false,
        "policy": "auto",
        "reason": "budget_available",
        "requested_memory": "device",
        "reserve_bytes": 1498628096,
        "reserve_policy": "quarter_heap_budget",
        "scope": "weight placement before graph loading"
      },
      "vulkan_layers": 83,
      "weight_io": "buffered"
    },
    {
      "awa_cpu": 0,
      "awa_vulkan": 1,
      "awa_windows": 3,
      "backend": "ncnn-vulkan",
      "compute_ms": 121.700354,
      "cpu_layers": 0,
      "cpu_temporal_encoder_direct_convolution": false,
      "id": "block-07",
      "layers": 83,
      "load_ms": 279.089262,
      "memory": {
        "activation_offload": false,
        "actual_weight_memory": "not_instrumented",
        "after_load": {
          "budget_bytes": 5994184704,
          "heap_index": 0,
          "source": "VK_EXT_memory_budget_estimate",
          "usage_bytes": 1766850560
        },
        "after_release": {
          "budget_bytes": 6011092992,
          "heap_index": 0,
          "source": "VK_EXT_memory_budget_estimate",
          "usage_bytes": 1118044160
        },
        "available_bytes": 4876271616,
        "before_load": {
          "budget_bytes": 5994315776,
          "heap_index": 0,
          "source": "VK_EXT_memory_budget_estimate",
          "usage_bytes": 1118044160
        },
        "estimated_weight_bytes": 1269068056,
        "oom_recovery": false,
        "policy": "auto",
        "reason": "budget_available",
        "requested_memory": "device",
        "reserve_bytes": 1498578944,
        "reserve_policy": "quarter_heap_budget",
        "scope": "weight placement before graph loading"
      },
      "vulkan_layers": 83,
      "weight_io": "buffered"
    },
    {
      "awa_cpu": 0,
      "awa_vulkan": 1,
      "awa_windows": 3,
      "backend": "ncnn-vulkan",
      "compute_ms": 123.70399,
      "cpu_layers": 0,
      "cpu_temporal_encoder_direct_convolution": false,
      "id": "block-08",
      "layers": 83,
      "load_ms": 255.638902,
      "memory": {
        "activation_offload": false,
        "actual_weight_memory": "not_instrumented",
        "after_load": {
          "budget_bytes": 6010961920,
          "heap_index": 0,
          "source": "VK_EXT_memory_budget_estimate",
          "usage_bytes": 1766850560
        },
        "after_release": {
          "budget_bytes": 6011092992,
          "heap_index": 0,
          "source": "VK_EXT_memory_budget_estimate",
          "usage_bytes": 1118044160
        },
        "available_bytes": 4893048832,
        "before_load": {
          "budget_bytes": 6011092992,
          "heap_index": 0,
          "source": "VK_EXT_memory_budget_estimate",
          "usage_bytes": 1118044160
        },
        "estimated_weight_bytes": 1269068056,
        "oom_recovery": false,
        "policy": "auto",
        "reason": "budget_available",
        "requested_memory": "device",
        "reserve_bytes": 1502773248,
        "reserve_policy": "quarter_heap_budget",
        "scope": "weight placement before graph loading"
      },
      "vulkan_layers": 83,
      "weight_io": "buffered"
    },
    {
      "awa_cpu": 0,
      "awa_vulkan": 1,
      "awa_windows": 3,
      "backend": "ncnn-vulkan",
      "compute_ms": 122.019437,
      "cpu_layers": 0,
      "cpu_temporal_encoder_direct_convolution": false,
      "id": "block-09",
      "layers": 83,
      "load_ms": 252.129271,
      "memory": {
        "activation_offload": false,
        "actual_weight_memory": "not_instrumented",
        "after_load": {
          "budget_bytes": 6010961920,
          "heap_index": 0,
          "source": "VK_EXT_memory_budget_estimate",
          "usage_bytes": 1766850560
        },
        "after_release": {
          "budget_bytes": 6011092992,
          "heap_index": 0,
          "source": "VK_EXT_memory_budget_estimate",
          "usage_bytes": 1118044160
        },
        "available_bytes": 4893048832,
        "before_load": {
          "budget_bytes": 6011092992,
          "heap_index": 0,
          "source": "VK_EXT_memory_budget_estimate",
          "usage_bytes": 1118044160
        },
        "estimated_weight_bytes": 1269068056,
        "oom_recovery": false,
        "policy": "auto",
        "reason": "budget_available",
        "requested_memory": "device",
        "reserve_bytes": 1502773248,
        "reserve_policy": "quarter_heap_budget",
        "scope": "weight placement before graph loading"
      },
      "vulkan_layers": 83,
      "weight_io": "buffered"
    },
    {
      "awa_cpu": 0,
      "awa_vulkan": 1,
      "awa_windows": 3,
      "backend": "ncnn-vulkan",
      "compute_ms": 119.747815,
      "cpu_layers": 0,
      "cpu_temporal_encoder_direct_convolution": false,
      "id": "block-10",
      "layers": 83,
      "load_ms": 326.653245,
      "memory": {
        "activation_offload": false,
        "actual_weight_memory": "not_instrumented",
        "after_load": {
          "budget_bytes": 6007095296,
          "heap_index": 0,
          "source": "VK_EXT_memory_budget_estimate",
          "usage_bytes": 1766457344
        },
        "after_release": {
          "budget_bytes": 6007226368,
          "heap_index": 0,
          "source": "VK_EXT_memory_budget_estimate",
          "usage_bytes": 1118044160
        },
        "available_bytes": 4893048832,
        "before_load": {
          "budget_bytes": 6011092992,
          "heap_index": 0,
          "source": "VK_EXT_memory_budget_estimate",
          "usage_bytes": 1118044160
        },
        "estimated_weight_bytes": 1268945176,
        "oom_recovery": false,
        "policy": "auto",
        "reason": "budget_available",
        "requested_memory": "device",
        "reserve_bytes": 1502773248,
        "reserve_policy": "quarter_heap_budget",
        "scope": "weight placement before graph loading"
      },
      "vulkan_layers": 83,
      "weight_io": "buffered"
    },
    {
      "awa_cpu": 0,
      "awa_vulkan": 1,
      "awa_windows": 3,
      "backend": "ncnn-vulkan",
      "compute_ms": 120.917926,
      "cpu_layers": 0,
      "cpu_temporal_encoder_direct_convolution": false,
      "id": "block-11",
      "layers": 83,
      "load_ms": 279.955649,
      "memory": {
        "activation_offload": false,
        "actual_weight_memory": "not_instrumented",
        "after_load": {
          "budget_bytes": 6007095296,
          "heap_index": 0,
          "source": "VK_EXT_memory_budget_estimate",
          "usage_bytes": 1766457344
        },
        "after_release": {
          "budget_bytes": 6007226368,
          "heap_index": 0,
          "source": "VK_EXT_memory_budget_estimate",
          "usage_bytes": 1118044160
        },
        "available_bytes": 4889182208,
        "before_load": {
          "budget_bytes": 6007226368,
          "heap_index": 0,
          "source": "VK_EXT_memory_budget_estimate",
          "usage_bytes": 1118044160
        },
        "estimated_weight_bytes": 1268945176,
        "oom_recovery": false,
        "policy": "auto",
        "reason": "budget_available",
        "requested_memory": "device",
        "reserve_bytes": 1501806592,
        "reserve_policy": "quarter_heap_budget",
        "scope": "weight placement before graph loading"
      },
      "vulkan_layers": 83,
      "weight_io": "buffered"
    },
    {
      "awa_cpu": 0,
      "awa_vulkan": 1,
      "awa_windows": 3,
      "backend": "ncnn-vulkan",
      "compute_ms": 123.624631,
      "cpu_layers": 0,
      "cpu_temporal_encoder_direct_convolution": false,
      "id": "block-12",
      "layers": 83,
      "load_ms": 257.76015,
      "memory": {
        "activation_offload": false,
        "actual_weight_memory": "not_instrumented",
        "after_load": {
          "budget_bytes": 6007095296,
          "heap_index": 0,
          "source": "VK_EXT_memory_budget_estimate",
          "usage_bytes": 1766457344
        },
        "after_release": {
          "budget_bytes": 6007226368,
          "heap_index": 0,
          "source": "VK_EXT_memory_budget_estimate",
          "usage_bytes": 1118044160
        },
        "available_bytes": 4889182208,
        "before_load": {
          "budget_bytes": 6007226368,
          "heap_index": 0,
          "source": "VK_EXT_memory_budget_estimate",
          "usage_bytes": 1118044160
        },
        "estimated_weight_bytes": 1268945176,
        "oom_recovery": false,
        "policy": "auto",
        "reason": "budget_available",
        "requested_memory": "device",
        "reserve_bytes": 1501806592,
        "reserve_policy": "quarter_heap_budget",
        "scope": "weight placement before graph loading"
      },
      "vulkan_layers": 83,
      "weight_io": "buffered"
    },
    {
      "awa_cpu": 0,
      "awa_vulkan": 1,
      "awa_windows": 3,
      "backend": "ncnn-vulkan",
      "compute_ms": 120.016943,
      "cpu_layers": 0,
      "cpu_temporal_encoder_direct_convolution": false,
      "id": "block-13",
      "layers": 83,
      "load_ms": 249.706804,
      "memory": {
        "activation_offload": false,
        "actual_weight_memory": "not_instrumented",
        "after_load": {
          "budget_bytes": 6007095296,
          "heap_index": 0,
          "source": "VK_EXT_memory_budget_estimate",
          "usage_bytes": 1766457344
        },
        "after_release": {
          "budget_bytes": 6007226368,
          "heap_index": 0,
          "source": "VK_EXT_memory_budget_estimate",
          "usage_bytes": 1118044160
        },
        "available_bytes": 4889182208,
        "before_load": {
          "budget_bytes": 6007226368,
          "heap_index": 0,
          "source": "VK_EXT_memory_budget_estimate",
          "usage_bytes": 1118044160
        },
        "estimated_weight_bytes": 1268945176,
        "oom_recovery": false,
        "policy": "auto",
        "reason": "budget_available",
        "requested_memory": "device",
        "reserve_bytes": 1501806592,
        "reserve_policy": "quarter_heap_budget",
        "scope": "weight placement before graph loading"
      },
      "vulkan_layers": 83,
      "weight_io": "buffered"
    },
    {
      "awa_cpu": 0,
      "awa_vulkan": 1,
      "awa_windows": 3,
      "backend": "ncnn-vulkan",
      "compute_ms": 123.500105,
      "cpu_layers": 0,
      "cpu_temporal_encoder_direct_convolution": false,
      "id": "block-14",
      "layers": 83,
      "load_ms": 265.75271300000003,
      "memory": {
        "activation_offload": false,
        "actual_weight_memory": "not_instrumented",
        "after_load": {
          "budget_bytes": 6007095296,
          "heap_index": 0,
          "source": "VK_EXT_memory_budget_estimate",
          "usage_bytes": 1766457344
        },
        "after_release": {
          "budget_bytes": 6007226368,
          "heap_index": 0,
          "source": "VK_EXT_memory_budget_estimate",
          "usage_bytes": 1118044160
        },
        "available_bytes": 4889182208,
        "before_load": {
          "budget_bytes": 6007226368,
          "heap_index": 0,
          "source": "VK_EXT_memory_budget_estimate",
          "usage_bytes": 1118044160
        },
        "estimated_weight_bytes": 1268945176,
        "oom_recovery": false,
        "policy": "auto",
        "reason": "budget_available",
        "requested_memory": "device",
        "reserve_bytes": 1501806592,
        "reserve_policy": "quarter_heap_budget",
        "scope": "weight placement before graph loading"
      },
      "vulkan_layers": 83,
      "weight_io": "buffered"
    },
    {
      "awa_cpu": 0,
      "awa_vulkan": 1,
      "awa_windows": 3,
      "backend": "ncnn-vulkan",
      "compute_ms": 123.998075,
      "cpu_layers": 0,
      "cpu_temporal_encoder_direct_convolution": false,
      "id": "block-15",
      "layers": 83,
      "load_ms": 261.717529,
      "memory": {
        "activation_offload": false,
        "actual_weight_memory": "not_instrumented",
        "after_load": {
          "budget_bytes": 6007095296,
          "heap_index": 0,
          "source": "VK_EXT_memory_budget_estimate",
          "usage_bytes": 1766457344
        },
        "after_release": {
          "budget_bytes": 6007226368,
          "heap_index": 0,
          "source": "VK_EXT_memory_budget_estimate",
          "usage_bytes": 1118044160
        },
        "available_bytes": 4889182208,
        "before_load": {
          "budget_bytes": 6007226368,
          "heap_index": 0,
          "source": "VK_EXT_memory_budget_estimate",
          "usage_bytes": 1118044160
        },
        "estimated_weight_bytes": 1268945176,
        "oom_recovery": false,
        "policy": "auto",
        "reason": "budget_available",
        "requested_memory": "device",
        "reserve_bytes": 1501806592,
        "reserve_policy": "quarter_heap_budget",
        "scope": "weight placement before graph loading"
      },
      "vulkan_layers": 83,
      "weight_io": "buffered"
    },
    {
      "awa_cpu": 0,
      "awa_vulkan": 1,
      "awa_windows": 3,
      "backend": "ncnn-vulkan",
      "compute_ms": 122.657673,
      "cpu_layers": 0,
      "cpu_temporal_encoder_direct_convolution": false,
      "id": "block-16",
      "layers": 83,
      "load_ms": 263.297514,
      "memory": {
        "activation_offload": false,
        "actual_weight_memory": "not_instrumented",
        "after_load": {
          "budget_bytes": 6007095296,
          "heap_index": 0,
          "source": "VK_EXT_memory_budget_estimate",
          "usage_bytes": 1766457344
        },
        "after_release": {
          "budget_bytes": 6007226368,
          "heap_index": 0,
          "source": "VK_EXT_memory_budget_estimate",
          "usage_bytes": 1118044160
        },
        "available_bytes": 4889182208,
        "before_load": {
          "budget_bytes": 6007226368,
          "heap_index": 0,
          "source": "VK_EXT_memory_budget_estimate",
          "usage_bytes": 1118044160
        },
        "estimated_weight_bytes": 1268945176,
        "oom_recovery": false,
        "policy": "auto",
        "reason": "budget_available",
        "requested_memory": "device",
        "reserve_bytes": 1501806592,
        "reserve_policy": "quarter_heap_budget",
        "scope": "weight placement before graph loading"
      },
      "vulkan_layers": 83,
      "weight_io": "buffered"
    },
    {
      "awa_cpu": 0,
      "awa_vulkan": 1,
      "awa_windows": 3,
      "backend": "ncnn-vulkan",
      "compute_ms": 122.853423,
      "cpu_layers": 0,
      "cpu_temporal_encoder_direct_convolution": false,
      "id": "block-17",
      "layers": 83,
      "load_ms": 246.623197,
      "memory": {
        "activation_offload": false,
        "actual_weight_memory": "not_instrumented",
        "after_load": {
          "budget_bytes": 6007095296,
          "heap_index": 0,
          "source": "VK_EXT_memory_budget_estimate",
          "usage_bytes": 1766457344
        },
        "after_release": {
          "budget_bytes": 6011420672,
          "heap_index": 0,
          "source": "VK_EXT_memory_budget_estimate",
          "usage_bytes": 1118044160
        },
        "available_bytes": 4889182208,
        "before_load": {
          "budget_bytes": 6007226368,
          "heap_index": 0,
          "source": "VK_EXT_memory_budget_estimate",
          "usage_bytes": 1118044160
        },
        "estimated_weight_bytes": 1268945176,
        "oom_recovery": false,
        "policy": "auto",
        "reason": "budget_available",
        "requested_memory": "device",
        "reserve_bytes": 1501806592,
        "reserve_policy": "quarter_heap_budget",
        "scope": "weight placement before graph loading"
      },
      "vulkan_layers": 83,
      "weight_io": "buffered"
    },
    {
      "awa_cpu": 0,
      "awa_vulkan": 1,
      "awa_windows": 3,
      "backend": "ncnn-vulkan",
      "compute_ms": 123.18036,
      "cpu_layers": 0,
      "cpu_temporal_encoder_direct_convolution": false,
      "id": "block-18",
      "layers": 83,
      "load_ms": 262.97241,
      "memory": {
        "activation_offload": false,
        "actual_weight_memory": "not_instrumented",
        "after_load": {
          "budget_bytes": 6011289600,
          "heap_index": 0,
          "source": "VK_EXT_memory_budget_estimate",
          "usage_bytes": 1766457344
        },
        "after_release": {
          "budget_bytes": 6011420672,
          "heap_index": 0,
          "source": "VK_EXT_memory_budget_estimate",
          "usage_bytes": 1118044160
        },
        "available_bytes": 4893376512,
        "before_load": {
          "budget_bytes": 6011420672,
          "heap_index": 0,
          "source": "VK_EXT_memory_budget_estimate",
          "usage_bytes": 1118044160
        },
        "estimated_weight_bytes": 1268945176,
        "oom_recovery": false,
        "policy": "auto",
        "reason": "budget_available",
        "requested_memory": "device",
        "reserve_bytes": 1502855168,
        "reserve_policy": "quarter_heap_budget",
        "scope": "weight placement before graph loading"
      },
      "vulkan_layers": 83,
      "weight_io": "buffered"
    },
    {
      "awa_cpu": 0,
      "awa_vulkan": 1,
      "awa_windows": 3,
      "backend": "ncnn-vulkan",
      "compute_ms": 122.76171,
      "cpu_layers": 0,
      "cpu_temporal_encoder_direct_convolution": false,
      "id": "block-19",
      "layers": 83,
      "load_ms": 251.034723,
      "memory": {
        "activation_offload": false,
        "actual_weight_memory": "not_instrumented",
        "after_load": {
          "budget_bytes": 6013911040,
          "heap_index": 0,
          "source": "VK_EXT_memory_budget_estimate",
          "usage_bytes": 1766457344
        },
        "after_release": {
          "budget_bytes": 6014042112,
          "heap_index": 0,
          "source": "VK_EXT_memory_budget_estimate",
          "usage_bytes": 1118044160
        },
        "available_bytes": 4893376512,
        "before_load": {
          "budget_bytes": 6011420672,
          "heap_index": 0,
          "source": "VK_EXT_memory_budget_estimate",
          "usage_bytes": 1118044160
        },
        "estimated_weight_bytes": 1268945176,
        "oom_recovery": false,
        "policy": "auto",
        "reason": "budget_available",
        "requested_memory": "device",
        "reserve_bytes": 1502855168,
        "reserve_policy": "quarter_heap_budget",
        "scope": "weight placement before graph loading"
      },
      "vulkan_layers": 83,
      "weight_io": "buffered"
    },
    {
      "awa_cpu": 0,
      "awa_vulkan": 1,
      "awa_windows": 3,
      "backend": "ncnn-vulkan",
      "compute_ms": 122.961908,
      "cpu_layers": 0,
      "cpu_temporal_encoder_direct_convolution": false,
      "id": "block-20",
      "layers": 83,
      "load_ms": 278.083141,
      "memory": {
        "activation_offload": false,
        "actual_weight_memory": "not_instrumented",
        "after_load": {
          "budget_bytes": 6013911040,
          "heap_index": 0,
          "source": "VK_EXT_memory_budget_estimate",
          "usage_bytes": 1766457344
        },
        "after_release": {
          "budget_bytes": 6014042112,
          "heap_index": 0,
          "source": "VK_EXT_memory_budget_estimate",
          "usage_bytes": 1118044160
        },
        "available_bytes": 4895997952,
        "before_load": {
          "budget_bytes": 6014042112,
          "heap_index": 0,
          "source": "VK_EXT_memory_budget_estimate",
          "usage_bytes": 1118044160
        },
        "estimated_weight_bytes": 1268945176,
        "oom_recovery": false,
        "policy": "auto",
        "reason": "budget_available",
        "requested_memory": "device",
        "reserve_bytes": 1503510528,
        "reserve_policy": "quarter_heap_budget",
        "scope": "weight placement before graph loading"
      },
      "vulkan_layers": 83,
      "weight_io": "buffered"
    },
    {
      "awa_cpu": 0,
      "awa_vulkan": 1,
      "awa_windows": 3,
      "backend": "ncnn-vulkan",
      "compute_ms": 123.528428,
      "cpu_layers": 0,
      "cpu_temporal_encoder_direct_convolution": false,
      "id": "block-21",
      "layers": 83,
      "load_ms": 266.399405,
      "memory": {
        "activation_offload": false,
        "actual_weight_memory": "not_instrumented",
        "after_load": {
          "budget_bytes": 6016270336,
          "heap_index": 0,
          "source": "VK_EXT_memory_budget_estimate",
          "usage_bytes": 1766457344
        },
        "after_release": {
          "budget_bytes": 6016401408,
          "heap_index": 0,
          "source": "VK_EXT_memory_budget_estimate",
          "usage_bytes": 1118044160
        },
        "available_bytes": 4895997952,
        "before_load": {
          "budget_bytes": 6014042112,
          "heap_index": 0,
          "source": "VK_EXT_memory_budget_estimate",
          "usage_bytes": 1118044160
        },
        "estimated_weight_bytes": 1268945176,
        "oom_recovery": false,
        "policy": "auto",
        "reason": "budget_available",
        "requested_memory": "device",
        "reserve_bytes": 1503510528,
        "reserve_policy": "quarter_heap_budget",
        "scope": "weight placement before graph loading"
      },
      "vulkan_layers": 83,
      "weight_io": "buffered"
    },
    {
      "awa_cpu": 0,
      "awa_vulkan": 1,
      "awa_windows": 3,
      "backend": "ncnn-vulkan",
      "compute_ms": 119.939918,
      "cpu_layers": 0,
      "cpu_temporal_encoder_direct_convolution": false,
      "id": "block-22",
      "layers": 83,
      "load_ms": 251.792334,
      "memory": {
        "activation_offload": false,
        "actual_weight_memory": "not_instrumented",
        "after_load": {
          "budget_bytes": 6016270336,
          "heap_index": 0,
          "source": "VK_EXT_memory_budget_estimate",
          "usage_bytes": 1766457344
        },
        "after_release": {
          "budget_bytes": 6011355136,
          "heap_index": 0,
          "source": "VK_EXT_memory_budget_estimate",
          "usage_bytes": 1118044160
        },
        "available_bytes": 4898357248,
        "before_load": {
          "budget_bytes": 6016401408,
          "heap_index": 0,
          "source": "VK_EXT_memory_budget_estimate",
          "usage_bytes": 1118044160
        },
        "estimated_weight_bytes": 1268945176,
        "oom_recovery": false,
        "policy": "auto",
        "reason": "budget_available",
        "requested_memory": "device",
        "reserve_bytes": 1504100352,
        "reserve_policy": "quarter_heap_budget",
        "scope": "weight placement before graph loading"
      },
      "vulkan_layers": 83,
      "weight_io": "buffered"
    },
    {
      "awa_cpu": 0,
      "awa_vulkan": 1,
      "awa_windows": 3,
      "backend": "ncnn-vulkan",
      "compute_ms": 119.213355,
      "cpu_layers": 0,
      "cpu_temporal_encoder_direct_convolution": false,
      "id": "block-23",
      "layers": 83,
      "load_ms": 278.175626,
      "memory": {
        "activation_offload": false,
        "actual_weight_memory": "not_instrumented",
        "after_load": {
          "budget_bytes": 6011289600,
          "heap_index": 0,
          "source": "VK_EXT_memory_budget_estimate",
          "usage_bytes": 1766457344
        },
        "after_release": {
          "budget_bytes": 6011420672,
          "heap_index": 0,
          "source": "VK_EXT_memory_budget_estimate",
          "usage_bytes": 1118044160
        },
        "available_bytes": 4893310976,
        "before_load": {
          "budget_bytes": 6011355136,
          "heap_index": 0,
          "source": "VK_EXT_memory_budget_estimate",
          "usage_bytes": 1118044160
        },
        "estimated_weight_bytes": 1268945176,
        "oom_recovery": false,
        "policy": "auto",
        "reason": "budget_available",
        "requested_memory": "device",
        "reserve_bytes": 1502838784,
        "reserve_policy": "quarter_heap_budget",
        "scope": "weight placement before graph loading"
      },
      "vulkan_layers": 83,
      "weight_io": "buffered"
    },
    {
      "awa_cpu": 0,
      "awa_vulkan": 1,
      "awa_windows": 3,
      "backend": "ncnn-vulkan",
      "compute_ms": 120.636634,
      "cpu_layers": 0,
      "cpu_temporal_encoder_direct_convolution": false,
      "id": "block-24",
      "layers": 83,
      "load_ms": 267.480607,
      "memory": {
        "activation_offload": false,
        "actual_weight_memory": "not_instrumented",
        "after_load": {
          "budget_bytes": 6011289600,
          "heap_index": 0,
          "source": "VK_EXT_memory_budget_estimate",
          "usage_bytes": 1766457344
        },
        "after_release": {
          "budget_bytes": 6011420672,
          "heap_index": 0,
          "source": "VK_EXT_memory_budget_estimate",
          "usage_bytes": 1118044160
        },
        "available_bytes": 4893376512,
        "before_load": {
          "budget_bytes": 6011420672,
          "heap_index": 0,
          "source": "VK_EXT_memory_budget_estimate",
          "usage_bytes": 1118044160
        },
        "estimated_weight_bytes": 1268945176,
        "oom_recovery": false,
        "policy": "auto",
        "reason": "budget_available",
        "requested_memory": "device",
        "reserve_bytes": 1502855168,
        "reserve_policy": "quarter_heap_budget",
        "scope": "weight placement before graph loading"
      },
      "vulkan_layers": 83,
      "weight_io": "buffered"
    },
    {
      "awa_cpu": 0,
      "awa_vulkan": 1,
      "awa_windows": 3,
      "backend": "ncnn-vulkan",
      "compute_ms": 119.94646,
      "cpu_layers": 0,
      "cpu_temporal_encoder_direct_convolution": false,
      "id": "block-25",
      "layers": 83,
      "load_ms": 261.976628,
      "memory": {
        "activation_offload": false,
        "actual_weight_memory": "not_instrumented",
        "after_load": {
          "budget_bytes": 6011289600,
          "heap_index": 0,
          "source": "VK_EXT_memory_budget_estimate",
          "usage_bytes": 1766457344
        },
        "after_release": {
          "budget_bytes": 6011420672,
          "heap_index": 0,
          "source": "VK_EXT_memory_budget_estimate",
          "usage_bytes": 1118044160
        },
        "available_bytes": 4893376512,
        "before_load": {
          "budget_bytes": 6011420672,
          "heap_index": 0,
          "source": "VK_EXT_memory_budget_estimate",
          "usage_bytes": 1118044160
        },
        "estimated_weight_bytes": 1268945176,
        "oom_recovery": false,
        "policy": "auto",
        "reason": "budget_available",
        "requested_memory": "device",
        "reserve_bytes": 1502855168,
        "reserve_policy": "quarter_heap_budget",
        "scope": "weight placement before graph loading"
      },
      "vulkan_layers": 83,
      "weight_io": "buffered"
    },
    {
      "awa_cpu": 0,
      "awa_vulkan": 1,
      "awa_windows": 3,
      "backend": "ncnn-vulkan",
      "compute_ms": 120.449391,
      "cpu_layers": 0,
      "cpu_temporal_encoder_direct_convolution": false,
      "id": "block-26",
      "layers": 83,
      "load_ms": 238.577805,
      "memory": {
        "activation_offload": false,
        "actual_weight_memory": "not_instrumented",
        "after_load": {
          "budget_bytes": 6011289600,
          "heap_index": 0,
          "source": "VK_EXT_memory_budget_estimate",
          "usage_bytes": 1766457344
        },
        "after_release": {
          "budget_bytes": 6011420672,
          "heap_index": 0,
          "source": "VK_EXT_memory_budget_estimate",
          "usage_bytes": 1118044160
        },
        "available_bytes": 4893376512,
        "before_load": {
          "budget_bytes": 6011420672,
          "heap_index": 0,
          "source": "VK_EXT_memory_budget_estimate",
          "usage_bytes": 1118044160
        },
        "estimated_weight_bytes": 1268945176,
        "oom_recovery": false,
        "policy": "auto",
        "reason": "budget_available",
        "requested_memory": "device",
        "reserve_bytes": 1502855168,
        "reserve_policy": "quarter_heap_budget",
        "scope": "weight placement before graph loading"
      },
      "vulkan_layers": 83,
      "weight_io": "buffered"
    },
    {
      "awa_cpu": 0,
      "awa_vulkan": 1,
      "awa_windows": 3,
      "backend": "ncnn-vulkan",
      "compute_ms": 119.197164,
      "cpu_layers": 0,
      "cpu_temporal_encoder_direct_convolution": false,
      "id": "block-27",
      "layers": 83,
      "load_ms": 261.920682,
      "memory": {
        "activation_offload": false,
        "actual_weight_memory": "not_instrumented",
        "after_load": {
          "budget_bytes": 6011289600,
          "heap_index": 0,
          "source": "VK_EXT_memory_budget_estimate",
          "usage_bytes": 1766457344
        },
        "after_release": {
          "budget_bytes": 6011420672,
          "heap_index": 0,
          "source": "VK_EXT_memory_budget_estimate",
          "usage_bytes": 1118044160
        },
        "available_bytes": 4893376512,
        "before_load": {
          "budget_bytes": 6011420672,
          "heap_index": 0,
          "source": "VK_EXT_memory_budget_estimate",
          "usage_bytes": 1118044160
        },
        "estimated_weight_bytes": 1268945176,
        "oom_recovery": false,
        "policy": "auto",
        "reason": "budget_available",
        "requested_memory": "device",
        "reserve_bytes": 1502855168,
        "reserve_policy": "quarter_heap_budget",
        "scope": "weight placement before graph loading"
      },
      "vulkan_layers": 83,
      "weight_io": "buffered"
    },
    {
      "awa_cpu": 0,
      "awa_vulkan": 1,
      "awa_windows": 3,
      "backend": "ncnn-vulkan",
      "compute_ms": 122.215928,
      "cpu_layers": 0,
      "cpu_temporal_encoder_direct_convolution": false,
      "id": "block-28",
      "layers": 83,
      "load_ms": 272.091921,
      "memory": {
        "activation_offload": false,
        "actual_weight_memory": "not_instrumented",
        "after_load": {
          "budget_bytes": 6011289600,
          "heap_index": 0,
          "source": "VK_EXT_memory_budget_estimate",
          "usage_bytes": 1766457344
        },
        "after_release": {
          "budget_bytes": 6011420672,
          "heap_index": 0,
          "source": "VK_EXT_memory_budget_estimate",
          "usage_bytes": 1118044160
        },
        "available_bytes": 4893376512,
        "before_load": {
          "budget_bytes": 6011420672,
          "heap_index": 0,
          "source": "VK_EXT_memory_budget_estimate",
          "usage_bytes": 1118044160
        },
        "estimated_weight_bytes": 1268945176,
        "oom_recovery": false,
        "policy": "auto",
        "reason": "budget_available",
        "requested_memory": "device",
        "reserve_bytes": 1502855168,
        "reserve_policy": "quarter_heap_budget",
        "scope": "weight placement before graph loading"
      },
      "vulkan_layers": 83,
      "weight_io": "buffered"
    },
    {
      "awa_cpu": 0,
      "awa_vulkan": 1,
      "awa_windows": 3,
      "backend": "ncnn-vulkan",
      "compute_ms": 123.321898,
      "cpu_layers": 0,
      "cpu_temporal_encoder_direct_convolution": false,
      "id": "block-29",
      "layers": 83,
      "load_ms": 233.814645,
      "memory": {
        "activation_offload": false,
        "actual_weight_memory": "not_instrumented",
        "after_load": {
          "budget_bytes": 6011289600,
          "heap_index": 0,
          "source": "VK_EXT_memory_budget_estimate",
          "usage_bytes": 1766457344
        },
        "after_release": {
          "budget_bytes": 6011420672,
          "heap_index": 0,
          "source": "VK_EXT_memory_budget_estimate",
          "usage_bytes": 1118044160
        },
        "available_bytes": 4893376512,
        "before_load": {
          "budget_bytes": 6011420672,
          "heap_index": 0,
          "source": "VK_EXT_memory_budget_estimate",
          "usage_bytes": 1118044160
        },
        "estimated_weight_bytes": 1268945176,
        "oom_recovery": false,
        "policy": "auto",
        "reason": "budget_available",
        "requested_memory": "device",
        "reserve_bytes": 1502855168,
        "reserve_policy": "quarter_heap_budget",
        "scope": "weight placement before graph loading"
      },
      "vulkan_layers": 83,
      "weight_io": "buffered"
    },
    {
      "awa_cpu": 0,
      "awa_vulkan": 1,
      "awa_windows": 3,
      "backend": "ncnn-vulkan",
      "compute_ms": 119.841682,
      "cpu_layers": 0,
      "cpu_temporal_encoder_direct_convolution": false,
      "id": "block-30",
      "layers": 83,
      "load_ms": 264.093838,
      "memory": {
        "activation_offload": false,
        "actual_weight_memory": "not_instrumented",
        "after_load": {
          "budget_bytes": 6013911040,
          "heap_index": 0,
          "source": "VK_EXT_memory_budget_estimate",
          "usage_bytes": 1766457344
        },
        "after_release": {
          "budget_bytes": 6014042112,
          "heap_index": 0,
          "source": "VK_EXT_memory_budget_estimate",
          "usage_bytes": 1118044160
        },
        "available_bytes": 4893376512,
        "before_load": {
          "budget_bytes": 6011420672,
          "heap_index": 0,
          "source": "VK_EXT_memory_budget_estimate",
          "usage_bytes": 1118044160
        },
        "estimated_weight_bytes": 1268945176,
        "oom_recovery": false,
        "policy": "auto",
        "reason": "budget_available",
        "requested_memory": "device",
        "reserve_bytes": 1502855168,
        "reserve_policy": "quarter_heap_budget",
        "scope": "weight placement before graph loading"
      },
      "vulkan_layers": 83,
      "weight_io": "buffered"
    },
    {
      "awa_cpu": 0,
      "awa_vulkan": 1,
      "awa_windows": 3,
      "backend": "ncnn-vulkan",
      "compute_ms": 107.191409,
      "cpu_layers": 0,
      "cpu_temporal_encoder_direct_convolution": false,
      "id": "block-31",
      "layers": 51,
      "load_ms": 181.895744,
      "memory": {
        "activation_offload": false,
        "actual_weight_memory": "not_instrumented",
        "after_load": {
          "budget_bytes": 6013911040,
          "heap_index": 0,
          "source": "VK_EXT_memory_budget_estimate",
          "usage_bytes": 1552547840
        },
        "after_release": {
          "budget_bytes": 6014042112,
          "heap_index": 0,
          "source": "VK_EXT_memory_budget_estimate",
          "usage_bytes": 1118044160
        },
        "available_bytes": 4895997952,
        "before_load": {
          "budget_bytes": 6014042112,
          "heap_index": 0,
          "source": "VK_EXT_memory_budget_estimate",
          "usage_bytes": 1118044160
        },
        "estimated_weight_bytes": 844271872,
        "oom_recovery": false,
        "policy": "auto",
        "reason": "budget_available",
        "requested_memory": "device",
        "reserve_bytes": 1503510528,
        "reserve_policy": "quarter_heap_budget",
        "scope": "weight placement before graph loading"
      },
      "vulkan_layers": 51,
      "weight_io": "buffered"
    },
    {
      "awa_cpu": 0,
      "awa_vulkan": 0,
      "awa_windows": 0,
      "backend": "ncnn-vulkan",
      "compute_ms": 1.296129,
      "cpu_layers": 0,
      "cpu_temporal_encoder_direct_convolution": false,
      "id": "patch-out",
      "layers": 6,
      "load_ms": 8.458072,
      "memory": {
        "activation_offload": false,
        "actual_weight_memory": "not_instrumented",
        "after_load": {
          "budget_bytes": 6014042112,
          "heap_index": 0,
          "source": "VK_EXT_memory_budget_estimate",
          "usage_bytes": 1126563840
        },
        "after_release": {
          "budget_bytes": 6014042112,
          "heap_index": 0,
          "source": "VK_EXT_memory_budget_estimate",
          "usage_bytes": 1118044160
        },
        "available_bytes": 4895997952,
        "before_load": {
          "budget_bytes": 6014042112,
          "heap_index": 0,
          "source": "VK_EXT_memory_budget_estimate",
          "usage_bytes": 1118044160
        },
        "estimated_weight_bytes": 1372680,
        "oom_recovery": false,
        "policy": "auto",
        "reason": "budget_available",
        "requested_memory": "device",
        "reserve_bytes": 1503510528,
        "reserve_policy": "quarter_heap_budget",
        "scope": "weight placement before graph loading"
      },
      "vulkan_layers": 6,
      "weight_io": "buffered"
    },
    {
      "awa_cpu": 0,
      "awa_vulkan": 0,
      "awa_windows": 0,
      "backend": "ncnn-vulkan",
      "compute_ms": 1171.071844,
      "cpu_layers": 0,
      "cpu_temporal_encoder_direct_convolution": false,
      "id": "decoder",
      "layers": 136,
      "load_ms": 409.991383,
      "memory": {
        "activation_offload": false,
        "actual_weight_memory": "not_instrumented",
        "after_load": {
          "budget_bytes": 6013976576,
          "heap_index": 0,
          "source": "VK_EXT_memory_budget_estimate",
          "usage_bytes": 1734082560
        },
        "after_release": {
          "budget_bytes": 6011355136,
          "heap_index": 0,
          "source": "VK_EXT_memory_budget_estimate",
          "usage_bytes": 2810576896
        },
        "available_bytes": 4895997952,
        "before_load": {
          "budget_bytes": 6014042112,
          "heap_index": 0,
          "source": "VK_EXT_memory_budget_estimate",
          "usage_bytes": 1118044160
        },
        "estimated_weight_bytes": 1204813848,
        "oom_recovery": false,
        "policy": "auto",
        "reason": "budget_available",
        "requested_memory": "device",
        "reserve_bytes": 1503510528,
        "reserve_policy": "quarter_heap_budget",
        "scope": "weight placement before graph loading"
      },
      "vulkan_layers": 136,
      "weight_io": "buffered"
    }
  ],
  "status": "SUCCEEDED",
  "timing": {
    "graph_compute_ms": 5539.201182000001,
    "graph_load_ms": 9243.114999000001,
    "other_host_wait_and_cleanup_ms": 836.8719699999965,
    "package_validation_ms": 10663.32401
  },
  "total_ms": 26282.512161,
  "weight_io": "buffered"
}
