[0 NVIDIA GeForce RTX 4060 Laptop GPU]  queueC=2[8]  queueT=1[2]  rebar=1  r-score=76
[0 NVIDIA GeForce RTX 4060 Laptop GPU]  fp16-p/s/u/a=1/1/1/1  int8-p/s/u/a=1/1/1/1  bf16-p/s=1/1
[0 NVIDIA GeForce RTX 4060 Laptop GPU]  subgroup=32(32~32)  ops=1/1/1/1/1/1/1/1/1/1
[0 NVIDIA GeForce RTX 4060 Laptop GPU]  fp16-cm=16x16x16/16x8x16/16x8x8  int8-cm=16x16x32/16x8x32  bf16-cm=16x16x16  fp8-cm=16x16x32  fp6-cm=0  fp4-cm=0
[1 llvmpipe (LLVM 22.1.8, 256 bits)]  queueC=0[1]  queueT=0[1]  rebar=1  r-score=14
[1 llvmpipe (LLVM 22.1.8, 256 bits)]  fp16-p/s/u/a=1/1/1/1  int8-p/s/u/a=1/1/1/1  bf16-p/s=1/0
[1 llvmpipe (LLVM 22.1.8, 256 bits)]  subgroup=8(8~8)  ops=1/1/1/1/1/1/1/1/1/1
[1 llvmpipe (LLVM 22.1.8, 256 bits)]  fp16-cm=8x8x8  int8-cm=8x8x8  bf16-cm=0  fp8-cm=0  fp6-cm=0  fp4-cm=0
[2 llvmpipe (LLVM 17.0.6, 256 bits)]  queueC=0[1]  queueT=0[1]  rebar=1  r-score=4
[2 llvmpipe (LLVM 17.0.6, 256 bits)]  fp16-p/s/u/a=1/1/1/1  int8-p/s/u/a=1/1/1/1  bf16-p/s=1/0
[2 llvmpipe (LLVM 17.0.6, 256 bits)]  subgroup=8(8~8)  ops=1/1/1/1/1/1/0/1/0/0
[2 llvmpipe (LLVM 17.0.6, 256 bits)]  fp16-cm=0  int8-cm=0  bf16-cm=0  fp8-cm=0  fp6-cm=0  fp4-cm=0
{"completed":0,"elapsed_ms":272.992953,"event":"progress","stage":"validating","total":38}
{"completed":0,"elapsed_ms":278.615507,"event":"progress","stage":"validating","total":38}
{"completed":0,"elapsed_ms":470.831161,"event":"progress","stage":"validating","total":38}
{"completed":0,"elapsed_ms":774.093418,"event":"progress","stage":"validating","total":38}
{"completed":0,"elapsed_ms":1103.813378,"event":"progress","stage":"validating","total":38}
{"completed":0,"elapsed_ms":1414.079479,"event":"progress","stage":"validating","total":38}
{"completed":0,"elapsed_ms":1754.45365,"event":"progress","stage":"validating","total":38}
{"completed":0,"elapsed_ms":2062.568647,"event":"progress","stage":"validating","total":38}
{"completed":0,"elapsed_ms":2377.599381,"event":"progress","stage":"validating","total":38}
{"completed":0,"elapsed_ms":2705.59893,"event":"progress","stage":"validating","total":38}
{"completed":0,"elapsed_ms":3057.527212,"event":"progress","stage":"validating","total":38}
{"completed":0,"elapsed_ms":3369.970838,"event":"progress","stage":"validating","total":38}
{"completed":0,"elapsed_ms":3687.110326,"event":"progress","stage":"validating","total":38}
{"completed":0,"elapsed_ms":4001.411412,"event":"progress","stage":"validating","total":38}
{"completed":0,"elapsed_ms":4314.038885,"event":"progress","stage":"validating","total":38}
{"completed":0,"elapsed_ms":4631.674511,"event":"progress","stage":"validating","total":38}
{"completed":0,"elapsed_ms":4942.765581,"event":"progress","stage":"validating","total":38}
{"completed":0,"elapsed_ms":5258.43388,"event":"progress","stage":"validating","total":38}
{"completed":0,"elapsed_ms":5571.394372,"event":"progress","stage":"validating","total":38}
{"completed":0,"elapsed_ms":5881.079756,"event":"progress","stage":"validating","total":38}
{"completed":0,"elapsed_ms":6194.153092,"event":"progress","stage":"validating","total":38}
{"completed":0,"elapsed_ms":6508.30199,"event":"progress","stage":"validating","total":38}
{"completed":0,"elapsed_ms":6819.292991,"event":"progress","stage":"validating","total":38}
{"completed":0,"elapsed_ms":7132.064456,"event":"progress","stage":"validating","total":38}
{"completed":0,"elapsed_ms":7447.956748,"event":"progress","stage":"validating","total":38}
{"completed":0,"elapsed_ms":7759.926438,"event":"progress","stage":"validating","total":38}
{"completed":0,"elapsed_ms":8073.374261,"event":"progress","stage":"validating","total":38}
{"completed":0,"elapsed_ms":8390.612266,"event":"progress","stage":"validating","total":38}
{"completed":0,"elapsed_ms":8703.209823,"event":"progress","stage":"validating","total":38}
{"completed":0,"elapsed_ms":9019.323834,"event":"progress","stage":"validating","total":38}
{"completed":0,"elapsed_ms":9326.201282,"event":"progress","stage":"validating","total":38}
{"completed":0,"elapsed_ms":9633.862261,"event":"progress","stage":"validating","total":38}
{"completed":0,"elapsed_ms":9943.070944,"event":"progress","stage":"validating","total":38}
{"completed":0,"elapsed_ms":10248.913647,"event":"progress","stage":"validating","total":38}
{"completed":0,"elapsed_ms":10560.739245,"event":"progress","stage":"validating","total":38}
{"completed":0,"elapsed_ms":10766.321034,"event":"progress","stage":"validating","total":38}
{"completed":0,"elapsed_ms":10767.03849,"event":"progress","stage":"validating","total":38}
[libx264 @ 0x3f4c6ac0] using cpu capabilities: MMX2 SSE2Fast SSSE3 SSE4.2 AVX FMA3 BMI2 AVX2 AVX512
[libx264 @ 0x3f4c6ac0] profile High, level 1.0, 4:2:0, 8-bit
[libx264 @ 0x3f4c6ac0] 264 - core 165 r3222 b35605a - H.264/MPEG-4 AVC codec - Copyleft 2003-2025 - http://www.videolan.org/x264.html - options: cabac=1 ref=2 deblock=1:0:0 analyse=0x3:0x113 me=hex subme=6 psy=1 psy_rd=1.00:0.00 mixed_ref=1 me_range=16 chroma_me=1 trellis=1 8x8dct=1 cqm=0 deadzone=21,11 fast_pskip=1 chroma_qp_offset=-2 threads=4 lookahead_threads=1 sliced_threads=0 nr=0 decimate=1 interlaced=0 bluray_compat=0 constrained_intra=0 bframes=0 weightp=1 keyint=250 keyint_min=8 scenecut=40 intra_refresh=0 rc_lookahead=30 rc=crf mbtree=1 crf=18.0 qcomp=0.60 qpmin=0 qpmax=69 qpstep=4 ip_ratio=1.40 aq=1:1.00
[mp4 @ 0x3f5eba40] Starting second pass: moving the moov atom to the beginning of the file
[libx264 @ 0x3f4c6ac0] frame I:1     Avg QP:18.55  size:  1174
[libx264 @ 0x3f4c6ac0] frame P:8     Avg QP:18.89  size:   723
[libx264 @ 0x3f4c6ac0] mb I  I16..4:  0.0% 90.0% 10.0%
[libx264 @ 0x3f4c6ac0] mb P  I16..4:  0.0%  8.1%  1.9%  P16..4: 35.0% 35.3% 17.8%  0.0%  0.0%    skip: 1.9%
[libx264 @ 0x3f4c6ac0] 8x8 transform intra:86.1% inter:62.1%
[libx264 @ 0x3f4c6ac0] coded y,uvDC,uvAC intra: 96.5% 72.2% 22.2% inter: 67.7% 32.6% 1.4%
[libx264 @ 0x3f4c6ac0] i8 v,h,dc,ddl,ddr,vr,hd,vl,hu: 28% 15% 13%  3%  6% 23%  3%  3%  5%
[libx264 @ 0x3f4c6ac0] i4 v,h,dc,ddl,ddr,vr,hd,vl,hu: 46% 18% 10%  2%  4%  7%  5%  4%  4%
[libx264 @ 0x3f4c6ac0] i8c dc,h,v,p: 64% 22% 12%  1%
[libx264 @ 0x3f4c6ac0] Weighted P-Frames: Y:12.5% UV:0.0%
[libx264 @ 0x3f4c6ac0] ref P L0: 80.1% 19.9%
[libx264 @ 0x3f4c6ac0] kb/s:49.49
{"completed":1,"elapsed_ms":11080.291665,"event":"progress","stage":"encoding","total":38}
{"completed":2,"elapsed_ms":11875.597034,"event":"progress","stage":"sampling","total":38}
{"completed":3,"elapsed_ms":11876.12418,"event":"progress","stage":"projecting","total":38}
{"completed":4,"elapsed_ms":11906.251115,"event":"progress","stage":"block-00","total":38}
{"completed":5,"elapsed_ms":12385.367872,"event":"progress","stage":"block-01","total":38}
{"completed":6,"elapsed_ms":12729.802946,"event":"progress","stage":"block-02","total":38}
{"completed":7,"elapsed_ms":13093.206902,"event":"progress","stage":"block-03","total":38}
{"completed":8,"elapsed_ms":13401.929105,"event":"progress","stage":"block-04","total":38}
{"completed":9,"elapsed_ms":13712.302399,"event":"progress","stage":"block-05","total":38}
{"completed":10,"elapsed_ms":14056.546673,"event":"progress","stage":"block-06","total":38}
{"completed":11,"elapsed_ms":14393.6055,"event":"progress","stage":"block-07","total":38}
{"completed":12,"elapsed_ms":14724.602593,"event":"progress","stage":"block-08","total":38}
{"completed":13,"elapsed_ms":15081.020909,"event":"progress","stage":"block-09","total":38}
{"completed":14,"elapsed_ms":15434.2241,"event":"progress","stage":"block-10","total":38}
{"completed":15,"elapsed_ms":15761.129211,"event":"progress","stage":"block-11","total":38}
{"completed":16,"elapsed_ms":16105.580586,"event":"progress","stage":"block-12","total":38}
{"completed":17,"elapsed_ms":16470.958752,"event":"progress","stage":"block-13","total":38}
{"completed":18,"elapsed_ms":16821.114145,"event":"progress","stage":"block-14","total":38}
{"completed":19,"elapsed_ms":17158.448803,"event":"progress","stage":"block-15","total":38}
{"completed":20,"elapsed_ms":17489.573987,"event":"progress","stage":"block-16","total":38}
{"completed":21,"elapsed_ms":17824.407138,"event":"progress","stage":"block-17","total":38}
{"completed":22,"elapsed_ms":18168.633959,"event":"progress","stage":"block-18","total":38}
{"completed":23,"elapsed_ms":18514.07835,"event":"progress","stage":"block-19","total":38}
{"completed":24,"elapsed_ms":18847.801203,"event":"progress","stage":"block-20","total":38}
{"completed":25,"elapsed_ms":19180.545547,"event":"progress","stage":"block-21","total":38}
{"completed":26,"elapsed_ms":19518.207823,"event":"progress","stage":"block-22","total":38}
{"completed":27,"elapsed_ms":19850.401868,"event":"progress","stage":"block-23","total":38}
{"completed":28,"elapsed_ms":20206.376295,"event":"progress","stage":"block-24","total":38}
{"completed":29,"elapsed_ms":20540.54459,"event":"progress","stage":"block-25","total":38}
{"completed":30,"elapsed_ms":20915.677628,"event":"progress","stage":"block-26","total":38}
{"completed":31,"elapsed_ms":21248.915505,"event":"progress","stage":"block-27","total":38}
{"completed":32,"elapsed_ms":21571.14452,"event":"progress","stage":"block-28","total":38}
{"completed":33,"elapsed_ms":21912.161716,"event":"progress","stage":"block-29","total":38}
{"completed":34,"elapsed_ms":22250.812691,"event":"progress","stage":"block-30","total":38}
{"completed":35,"elapsed_ms":22598.538954,"event":"progress","stage":"block-31","total":38}
{"completed":36,"elapsed_ms":22841.541039,"event":"progress","stage":"denoising","total":38}
{"completed":37,"elapsed_ms":22851.365552,"event":"progress","stage":"decoding","total":38}
[libx264 @ 0x40d22400] using cpu capabilities: MMX2 SSE2Fast SSSE3 SSE4.2 AVX FMA3 BMI2 AVX2 AVX512
[libx264 @ 0x40d22400] profile High, level 1.0, 4:2:0, 8-bit
[libx264 @ 0x40d22400] 264 - core 165 r3222 b35605a - H.264/MPEG-4 AVC codec - Copyleft 2003-2025 - http://www.videolan.org/x264.html - options: cabac=1 ref=2 deblock=1:0:0 analyse=0x3:0x113 me=hex subme=6 psy=1 psy_rd=1.00:0.00 mixed_ref=1 me_range=16 chroma_me=1 trellis=1 8x8dct=1 cqm=0 deadzone=21,11 fast_pskip=1 chroma_qp_offset=-2 threads=4 lookahead_threads=1 sliced_threads=0 nr=0 decimate=1 interlaced=0 bluray_compat=0 constrained_intra=0 bframes=0 weightp=1 keyint=250 keyint_min=8 scenecut=40 intra_refresh=0 rc_lookahead=30 rc=crf mbtree=1 crf=18.0 qcomp=0.60 qpmin=0 qpmax=69 qpstep=4 ip_ratio=1.40 aq=1:1.00
[mp4 @ 0x7f6533bf5dc0] Starting second pass: moving the moov atom to the beginning of the file
[libx264 @ 0x40d22400] frame I:1     Avg QP:20.92  size:  1801
[libx264 @ 0x40d22400] frame P:8     Avg QP:20.09  size:  1453
[libx264 @ 0x40d22400] mb I  I16..4:  2.5% 55.0% 42.5%
[libx264 @ 0x40d22400] mb P  I16..4:  0.0% 15.3% 18.1%  P16..4: 18.8% 29.7% 15.3%  0.0%  0.0%    skip: 2.8%
[libx264 @ 0x40d22400] 8x8 transform intra:48.3% inter:54.7%
[libx264 @ 0x40d22400] coded y,uvDC,uvAC intra: 97.4% 91.2% 51.7% inter: 75.6% 57.7% 0.9%
[libx264 @ 0x40d22400] i16 v,h,dc,p:  0%  0%  0% 100%
[libx264 @ 0x40d22400] i8 v,h,dc,ddl,ddr,vr,hd,vl,hu: 20% 12% 15%  2%  6% 22%  4%  5% 13%
[libx264 @ 0x40d22400] i4 v,h,dc,ddl,ddr,vr,hd,vl,hu: 30% 11% 10%  3%  8% 17%  5%  9%  7%
[libx264 @ 0x40d22400] i8c dc,h,v,p: 53% 19% 21%  7%
[libx264 @ 0x40d22400] Weighted P-Frames: Y:25.0% UV:0.0%
[libx264 @ 0x40d22400] ref P L0: 89.1% 10.9%
[libx264 @ 0x40d22400] kb/s:95.45
{"completed":38,"elapsed_ms":23959.284587,"event":"progress","stage":"completed","total":38}
