[0 NVIDIA GeForce RTX 4060 Laptop GPU]  queueC=2[8]  queueT=1[2]  rebar=1  r-score=76
[0 NVIDIA GeForce RTX 4060 Laptop GPU]  fp16-p/s/u/a=1/1/1/1  int8-p/s/u/a=1/1/1/1  bf16-p/s=1/1
[0 NVIDIA GeForce RTX 4060 Laptop GPU]  subgroup=32(32~32)  ops=1/1/1/1/1/1/1/1/1/1
[0 NVIDIA GeForce RTX 4060 Laptop GPU]  fp16-cm=16x16x16/16x8x16/16x8x8  int8-cm=16x16x32/16x8x32  bf16-cm=16x16x16  fp8-cm=16x16x32  fp6-cm=0  fp4-cm=0
[1 llvmpipe (LLVM 22.1.8, 256 bits)]  queueC=0[1]  queueT=0[1]  rebar=1  r-score=14
[1 llvmpipe (LLVM 22.1.8, 256 bits)]  fp16-p/s/u/a=1/1/1/1  int8-p/s/u/a=1/1/1/1  bf16-p/s=1/0
[1 llvmpipe (LLVM 22.1.8, 256 bits)]  subgroup=8(8~8)  ops=1/1/1/1/1/1/1/1/1/1
[1 llvmpipe (LLVM 22.1.8, 256 bits)]  fp16-cm=8x8x8  int8-cm=8x8x8  bf16-cm=0  fp8-cm=0  fp6-cm=0  fp4-cm=0
[2 llvmpipe (LLVM 17.0.6, 256 bits)]  queueC=0[1]  queueT=0[1]  rebar=1  r-score=4
[2 llvmpipe (LLVM 17.0.6, 256 bits)]  fp16-p/s/u/a=1/1/1/1  int8-p/s/u/a=1/1/1/1  bf16-p/s=1/0
[2 llvmpipe (LLVM 17.0.6, 256 bits)]  subgroup=8(8~8)  ops=1/1/1/1/1/1/0/1/0/0
[2 llvmpipe (LLVM 17.0.6, 256 bits)]  fp16-cm=0  int8-cm=0  bf16-cm=0  fp8-cm=0  fp6-cm=0  fp4-cm=0
{"completed":0,"elapsed_ms":262.135298,"event":"progress","stage":"validating","total":38}
{"completed":0,"elapsed_ms":268.816352,"event":"progress","stage":"validating","total":38}
{"completed":0,"elapsed_ms":501.41517,"event":"progress","stage":"validating","total":38}
{"completed":0,"elapsed_ms":775.308394,"event":"progress","stage":"validating","total":38}
{"completed":0,"elapsed_ms":1095.29903,"event":"progress","stage":"validating","total":38}
{"completed":0,"elapsed_ms":1408.769376,"event":"progress","stage":"validating","total":38}
{"completed":0,"elapsed_ms":1750.050761,"event":"progress","stage":"validating","total":38}
{"completed":0,"elapsed_ms":2049.734968,"event":"progress","stage":"validating","total":38}
{"completed":0,"elapsed_ms":2346.544883,"event":"progress","stage":"validating","total":38}
{"completed":0,"elapsed_ms":2659.017714,"event":"progress","stage":"validating","total":38}
{"completed":0,"elapsed_ms":2981.953505,"event":"progress","stage":"validating","total":38}
{"completed":0,"elapsed_ms":3306.530036,"event":"progress","stage":"validating","total":38}
{"completed":0,"elapsed_ms":3623.639718,"event":"progress","stage":"validating","total":38}
{"completed":0,"elapsed_ms":3941.429856,"event":"progress","stage":"validating","total":38}
{"completed":0,"elapsed_ms":4261.386548,"event":"progress","stage":"validating","total":38}
{"completed":0,"elapsed_ms":4594.636668,"event":"progress","stage":"validating","total":38}
{"completed":0,"elapsed_ms":4913.235724,"event":"progress","stage":"validating","total":38}
{"completed":0,"elapsed_ms":5225.275217,"event":"progress","stage":"validating","total":38}
{"completed":0,"elapsed_ms":5540.540664,"event":"progress","stage":"validating","total":38}
{"completed":0,"elapsed_ms":5853.294185,"event":"progress","stage":"validating","total":38}
{"completed":0,"elapsed_ms":6171.723732,"event":"progress","stage":"validating","total":38}
{"completed":0,"elapsed_ms":6488.22798,"event":"progress","stage":"validating","total":38}
{"completed":0,"elapsed_ms":6801.055751,"event":"progress","stage":"validating","total":38}
{"completed":0,"elapsed_ms":7119.737955,"event":"progress","stage":"validating","total":38}
{"completed":0,"elapsed_ms":7441.994943,"event":"progress","stage":"validating","total":38}
{"completed":0,"elapsed_ms":7761.99646,"event":"progress","stage":"validating","total":38}
{"completed":0,"elapsed_ms":8075.59619,"event":"progress","stage":"validating","total":38}
{"completed":0,"elapsed_ms":8400.834251,"event":"progress","stage":"validating","total":38}
{"completed":0,"elapsed_ms":8723.184255,"event":"progress","stage":"validating","total":38}
{"completed":0,"elapsed_ms":9038.092227,"event":"progress","stage":"validating","total":38}
{"completed":0,"elapsed_ms":9344.225088,"event":"progress","stage":"validating","total":38}
{"completed":0,"elapsed_ms":9658.982636,"event":"progress","stage":"validating","total":38}
{"completed":0,"elapsed_ms":9971.799317,"event":"progress","stage":"validating","total":38}
{"completed":0,"elapsed_ms":10277.200185,"event":"progress","stage":"validating","total":38}
{"completed":0,"elapsed_ms":10588.952585000001,"event":"progress","stage":"validating","total":38}
{"completed":0,"elapsed_ms":10797.184832,"event":"progress","stage":"validating","total":38}
{"completed":0,"elapsed_ms":10797.909852,"event":"progress","stage":"validating","total":38}
[libx264 @ 0x17638180] using cpu capabilities: MMX2 SSE2Fast SSSE3 SSE4.2 AVX FMA3 BMI2 AVX2 AVX512
[libx264 @ 0x17638180] profile High, level 1.0, 4:2:0, 8-bit
[libx264 @ 0x17638180] 264 - core 165 r3222 b35605a - H.264/MPEG-4 AVC codec - Copyleft 2003-2025 - http://www.videolan.org/x264.html - options: cabac=1 ref=2 deblock=1:0:0 analyse=0x3:0x113 me=hex subme=6 psy=1 psy_rd=1.00:0.00 mixed_ref=1 me_range=16 chroma_me=1 trellis=1 8x8dct=1 cqm=0 deadzone=21,11 fast_pskip=1 chroma_qp_offset=-2 threads=4 lookahead_threads=1 sliced_threads=0 nr=0 decimate=1 interlaced=0 bluray_compat=0 constrained_intra=0 bframes=0 weightp=1 keyint=250 keyint_min=8 scenecut=40 intra_refresh=0 rc_lookahead=30 rc=crf mbtree=1 crf=18.0 qcomp=0.60 qpmin=0 qpmax=69 qpstep=4 ip_ratio=1.40 aq=1:1.00
[mp4 @ 0x17863140] Starting second pass: moving the moov atom to the beginning of the file
[libx264 @ 0x17638180] frame I:1     Avg QP:18.55  size:  1174
[libx264 @ 0x17638180] frame P:7     Avg QP:18.87  size:   699
[libx264 @ 0x17638180] mb I  I16..4:  0.0% 90.0% 10.0%
[libx264 @ 0x17638180] mb P  I16..4:  0.0%  6.4%  2.5%  P16..4: 36.4% 35.4% 18.2%  0.0%  0.0%    skip: 1.1%
[libx264 @ 0x17638180] 8x8 transform intra:83.1% inter:59.0%
[libx264 @ 0x17638180] coded y,uvDC,uvAC intra: 95.8% 67.7% 18.5% inter: 65.4% 28.6% 2.7%
[libx264 @ 0x17638180] i8 v,h,dc,ddl,ddr,vr,hd,vl,hu: 25% 15% 14%  4%  6% 25%  3%  3%  5%
[libx264 @ 0x17638180] i4 v,h,dc,ddl,ddr,vr,hd,vl,hu: 52% 13%  7%  3%  2%  7%  6%  6%  4%
[libx264 @ 0x17638180] i8c dc,h,v,p: 62% 26% 11%  2%
[libx264 @ 0x17638180] Weighted P-Frames: Y:14.3% UV:0.0%
[libx264 @ 0x17638180] ref P L0: 79.1% 20.9%
[libx264 @ 0x17638180] kb/s:48.54
{"completed":1,"elapsed_ms":11096.265037,"event":"progress","stage":"encoding","total":38}
{"completed":2,"elapsed_ms":11842.34813,"event":"progress","stage":"sampling","total":38}
{"completed":3,"elapsed_ms":11842.876448,"event":"progress","stage":"projecting","total":38}
{"completed":4,"elapsed_ms":11860.143203,"event":"progress","stage":"block-00","total":38}
{"completed":5,"elapsed_ms":12309.934599,"event":"progress","stage":"block-01","total":38}
{"completed":6,"elapsed_ms":12643.775526,"event":"progress","stage":"block-02","total":38}
{"completed":7,"elapsed_ms":13027.821495,"event":"progress","stage":"block-03","total":38}
{"completed":8,"elapsed_ms":13316.528941,"event":"progress","stage":"block-04","total":38}
{"completed":9,"elapsed_ms":13631.704959,"event":"progress","stage":"block-05","total":38}
{"completed":10,"elapsed_ms":13948.645131,"event":"progress","stage":"block-06","total":38}
{"completed":11,"elapsed_ms":14329.230071,"event":"progress","stage":"block-07","total":38}
{"completed":12,"elapsed_ms":14680.878976,"event":"progress","stage":"block-08","total":38}
{"completed":13,"elapsed_ms":15034.158401,"event":"progress","stage":"block-09","total":38}
{"completed":14,"elapsed_ms":15376.765492,"event":"progress","stage":"block-10","total":38}
{"completed":15,"elapsed_ms":15719.979749,"event":"progress","stage":"block-11","total":38}
{"completed":16,"elapsed_ms":16078.588895,"event":"progress","stage":"block-12","total":38}
{"completed":17,"elapsed_ms":16433.286229,"event":"progress","stage":"block-13","total":38}
{"completed":18,"elapsed_ms":16787.79595,"event":"progress","stage":"block-14","total":38}
{"completed":19,"elapsed_ms":17136.02914,"event":"progress","stage":"block-15","total":38}
{"completed":20,"elapsed_ms":17482.47858,"event":"progress","stage":"block-16","total":38}
{"completed":21,"elapsed_ms":17839.315308,"event":"progress","stage":"block-17","total":38}
{"completed":22,"elapsed_ms":18173.373665,"event":"progress","stage":"block-18","total":38}
{"completed":23,"elapsed_ms":18516.991544,"event":"progress","stage":"block-19","total":38}
{"completed":24,"elapsed_ms":18858.362008,"event":"progress","stage":"block-20","total":38}
{"completed":25,"elapsed_ms":19208.81883,"event":"progress","stage":"block-21","total":38}
{"completed":26,"elapsed_ms":19557.243051,"event":"progress","stage":"block-22","total":38}
{"completed":27,"elapsed_ms":19908.278016,"event":"progress","stage":"block-23","total":38}
{"completed":28,"elapsed_ms":20273.548508,"event":"progress","stage":"block-24","total":38}
{"completed":29,"elapsed_ms":20624.964643,"event":"progress","stage":"block-25","total":38}
{"completed":30,"elapsed_ms":20978.572208,"event":"progress","stage":"block-26","total":38}
{"completed":31,"elapsed_ms":21318.414454,"event":"progress","stage":"block-27","total":38}
{"completed":32,"elapsed_ms":21664.788752,"event":"progress","stage":"block-28","total":38}
{"completed":33,"elapsed_ms":22020.990089,"event":"progress","stage":"block-29","total":38}
{"completed":34,"elapsed_ms":22355.386905,"event":"progress","stage":"block-30","total":38}
{"completed":35,"elapsed_ms":22720.652669,"event":"progress","stage":"block-31","total":38}
{"completed":36,"elapsed_ms":22984.885349,"event":"progress","stage":"denoising","total":38}
{"completed":37,"elapsed_ms":23001.976664,"event":"progress","stage":"decoding","total":38}
[libx264 @ 0x190aecc0] using cpu capabilities: MMX2 SSE2Fast SSSE3 SSE4.2 AVX FMA3 BMI2 AVX2 AVX512
[libx264 @ 0x190aecc0] profile High, level 1.0, 4:2:0, 8-bit
[libx264 @ 0x190aecc0] 264 - core 165 r3222 b35605a - H.264/MPEG-4 AVC codec - Copyleft 2003-2025 - http://www.videolan.org/x264.html - options: cabac=1 ref=2 deblock=1:0:0 analyse=0x3:0x113 me=hex subme=6 psy=1 psy_rd=1.00:0.00 mixed_ref=1 me_range=16 chroma_me=1 trellis=1 8x8dct=1 cqm=0 deadzone=21,11 fast_pskip=1 chroma_qp_offset=-2 threads=4 lookahead_threads=1 sliced_threads=0 nr=0 decimate=1 interlaced=0 bluray_compat=0 constrained_intra=0 bframes=0 weightp=1 keyint=250 keyint_min=8 scenecut=40 intra_refresh=0 rc_lookahead=30 rc=crf mbtree=1 crf=18.0 qcomp=0.60 qpmin=0 qpmax=69 qpstep=4 ip_ratio=1.40 aq=1:1.00
[mp4 @ 0x2273fc00] Starting second pass: moving the moov atom to the beginning of the file
[libx264 @ 0x190aecc0] frame I:1     Avg QP:20.90  size:  1777
[libx264 @ 0x190aecc0] frame P:7     Avg QP:20.00  size:  1393
[libx264 @ 0x190aecc0] mb I  I16..4:  0.0% 62.5% 37.5%
[libx264 @ 0x190aecc0] mb P  I16..4:  0.4% 10.7% 16.4%  P16..4: 21.4% 31.1% 15.0%  0.0%  0.0%    skip: 5.0%
[libx264 @ 0x190aecc0] 8x8 transform intra:47.0% inter:47.7%
[libx264 @ 0x190aecc0] coded y,uvDC,uvAC intra: 98.5% 94.0% 57.3% inter: 72.3% 49.3% 1.0%
[libx264 @ 0x190aecc0] i16 v,h,dc,p: 100%  0%  0%  0%
[libx264 @ 0x190aecc0] i8 v,h,dc,ddl,ddr,vr,hd,vl,hu: 18% 15% 15%  4%  6% 24%  4%  3% 10%
[libx264 @ 0x190aecc0] i4 v,h,dc,ddl,ddr,vr,hd,vl,hu: 35%  8%  9%  3%  9% 18%  5%  8%  6%
[libx264 @ 0x190aecc0] i8c dc,h,v,p: 47% 26% 24%  3%
[libx264 @ 0x190aecc0] Weighted P-Frames: Y:42.9% UV:0.0%
[libx264 @ 0x190aecc0] ref P L0: 85.4% 14.6%
[libx264 @ 0x190aecc0] kb/s:92.20
{"completed":38,"elapsed_ms":24126.427847,"event":"progress","stage":"completed","total":38}
