[0 NVIDIA GeForce RTX 4060 Laptop GPU]  queueC=2[8]  queueT=1[2]  rebar=1  r-score=76
[0 NVIDIA GeForce RTX 4060 Laptop GPU]  fp16-p/s/u/a=1/1/1/1  int8-p/s/u/a=1/1/1/1  bf16-p/s=1/1
[0 NVIDIA GeForce RTX 4060 Laptop GPU]  subgroup=32(32~32)  ops=1/1/1/1/1/1/1/1/1/1
[0 NVIDIA GeForce RTX 4060 Laptop GPU]  fp16-cm=16x16x16/16x8x16/16x8x8  int8-cm=16x16x32/16x8x32  bf16-cm=16x16x16  fp8-cm=16x16x32  fp6-cm=0  fp4-cm=0
[1 llvmpipe (LLVM 22.1.8, 256 bits)]  queueC=0[1]  queueT=0[1]  rebar=1  r-score=14
[1 llvmpipe (LLVM 22.1.8, 256 bits)]  fp16-p/s/u/a=1/1/1/1  int8-p/s/u/a=1/1/1/1  bf16-p/s=1/0
[1 llvmpipe (LLVM 22.1.8, 256 bits)]  subgroup=8(8~8)  ops=1/1/1/1/1/1/1/1/1/1
[1 llvmpipe (LLVM 22.1.8, 256 bits)]  fp16-cm=8x8x8  int8-cm=8x8x8  bf16-cm=0  fp8-cm=0  fp6-cm=0  fp4-cm=0
[2 llvmpipe (LLVM 17.0.6, 256 bits)]  queueC=0[1]  queueT=0[1]  rebar=1  r-score=4
[2 llvmpipe (LLVM 17.0.6, 256 bits)]  fp16-p/s/u/a=1/1/1/1  int8-p/s/u/a=1/1/1/1  bf16-p/s=1/0
[2 llvmpipe (LLVM 17.0.6, 256 bits)]  subgroup=8(8~8)  ops=1/1/1/1/1/1/0/1/0/0
[2 llvmpipe (LLVM 17.0.6, 256 bits)]  fp16-cm=0  int8-cm=0  bf16-cm=0  fp8-cm=0  fp6-cm=0  fp4-cm=0
{"completed":0,"elapsed_ms":188.353476,"event":"progress","stage":"validating","total":38}
{"completed":0,"elapsed_ms":193.659662,"event":"progress","stage":"validating","total":38}
{"completed":0,"elapsed_ms":377.392177,"event":"progress","stage":"validating","total":38}
{"completed":0,"elapsed_ms":677.761899,"event":"progress","stage":"validating","total":38}
{"completed":0,"elapsed_ms":989.889148,"event":"progress","stage":"validating","total":38}
{"completed":0,"elapsed_ms":1297.662139,"event":"progress","stage":"validating","total":38}
{"completed":0,"elapsed_ms":1600.392512,"event":"progress","stage":"validating","total":38}
{"completed":0,"elapsed_ms":1907.40214,"event":"progress","stage":"validating","total":38}
{"completed":0,"elapsed_ms":2230.652746,"event":"progress","stage":"validating","total":38}
{"completed":0,"elapsed_ms":2539.822076,"event":"progress","stage":"validating","total":38}
{"completed":0,"elapsed_ms":2844.587544,"event":"progress","stage":"validating","total":38}
{"completed":0,"elapsed_ms":3171.331661,"event":"progress","stage":"validating","total":38}
{"completed":0,"elapsed_ms":3493.26569,"event":"progress","stage":"validating","total":38}
{"completed":0,"elapsed_ms":3798.687428,"event":"progress","stage":"validating","total":38}
{"completed":0,"elapsed_ms":4132.769801,"event":"progress","stage":"validating","total":38}
{"completed":0,"elapsed_ms":4443.582495,"event":"progress","stage":"validating","total":38}
{"completed":0,"elapsed_ms":4754.433773,"event":"progress","stage":"validating","total":38}
{"completed":0,"elapsed_ms":5058.321402,"event":"progress","stage":"validating","total":38}
{"completed":0,"elapsed_ms":5360.997322,"event":"progress","stage":"validating","total":38}
{"completed":0,"elapsed_ms":5689.590824,"event":"progress","stage":"validating","total":38}
{"completed":0,"elapsed_ms":5991.493753,"event":"progress","stage":"validating","total":38}
{"completed":0,"elapsed_ms":6295.103167,"event":"progress","stage":"validating","total":38}
{"completed":0,"elapsed_ms":6600.669018,"event":"progress","stage":"validating","total":38}
{"completed":0,"elapsed_ms":6908.77611,"event":"progress","stage":"validating","total":38}
{"completed":0,"elapsed_ms":7212.963556,"event":"progress","stage":"validating","total":38}
{"completed":0,"elapsed_ms":7516.724045,"event":"progress","stage":"validating","total":38}
{"completed":0,"elapsed_ms":7819.702156,"event":"progress","stage":"validating","total":38}
{"completed":0,"elapsed_ms":8147.442906,"event":"progress","stage":"validating","total":38}
{"completed":0,"elapsed_ms":8475.361703,"event":"progress","stage":"validating","total":38}
{"completed":0,"elapsed_ms":8778.009069,"event":"progress","stage":"validating","total":38}
{"completed":0,"elapsed_ms":9092.026469,"event":"progress","stage":"validating","total":38}
{"completed":0,"elapsed_ms":9393.379269,"event":"progress","stage":"validating","total":38}
{"completed":0,"elapsed_ms":9696.405852,"event":"progress","stage":"validating","total":38}
{"completed":0,"elapsed_ms":9998.741689,"event":"progress","stage":"validating","total":38}
{"completed":0,"elapsed_ms":10302.066726,"event":"progress","stage":"validating","total":38}
{"completed":0,"elapsed_ms":10504.831773,"event":"progress","stage":"validating","total":38}
{"completed":0,"elapsed_ms":10506.11088,"event":"progress","stage":"validating","total":38}
[libx264 @ 0x1bf6b000] using cpu capabilities: MMX2 SSE2Fast SSSE3 SSE4.2 AVX FMA3 BMI2 AVX2 AVX512
[libx264 @ 0x1bf6b000] profile High, level 1.0, 4:2:0, 8-bit
[libx264 @ 0x1bf6b000] 264 - core 165 r3222 b35605a - H.264/MPEG-4 AVC codec - Copyleft 2003-2025 - http://www.videolan.org/x264.html - options: cabac=1 ref=2 deblock=1:0:0 analyse=0x3:0x113 me=hex subme=6 psy=1 psy_rd=1.00:0.00 mixed_ref=1 me_range=16 chroma_me=1 trellis=1 8x8dct=1 cqm=0 deadzone=21,11 fast_pskip=1 chroma_qp_offset=-2 threads=4 lookahead_threads=1 sliced_threads=0 nr=0 decimate=1 interlaced=0 bluray_compat=0 constrained_intra=0 bframes=0 weightp=1 keyint=250 keyint_min=8 scenecut=40 intra_refresh=0 rc_lookahead=30 rc=crf mbtree=1 crf=18.0 qcomp=0.60 qpmin=0 qpmax=69 qpstep=4 ip_ratio=1.40 aq=1:1.00
[mp4 @ 0x1be41d00] Starting second pass: moving the moov atom to the beginning of the file
[libx264 @ 0x1bf6b000] frame I:1     Avg QP:18.55  size:  1174
[libx264 @ 0x1bf6b000] frame P:7     Avg QP:18.87  size:   699
[libx264 @ 0x1bf6b000] mb I  I16..4:  0.0% 90.0% 10.0%
[libx264 @ 0x1bf6b000] mb P  I16..4:  0.0%  6.4%  2.5%  P16..4: 36.4% 35.4% 18.2%  0.0%  0.0%    skip: 1.1%
[libx264 @ 0x1bf6b000] 8x8 transform intra:83.1% inter:59.0%
[libx264 @ 0x1bf6b000] coded y,uvDC,uvAC intra: 95.8% 67.7% 18.5% inter: 65.4% 28.6% 2.7%
[libx264 @ 0x1bf6b000] i8 v,h,dc,ddl,ddr,vr,hd,vl,hu: 25% 15% 14%  4%  6% 25%  3%  3%  5%
[libx264 @ 0x1bf6b000] i4 v,h,dc,ddl,ddr,vr,hd,vl,hu: 52% 13%  7%  3%  2%  7%  6%  6%  4%
[libx264 @ 0x1bf6b000] i8c dc,h,v,p: 62% 26% 11%  2%
[libx264 @ 0x1bf6b000] Weighted P-Frames: Y:14.3% UV:0.0%
[libx264 @ 0x1bf6b000] ref P L0: 79.1% 20.9%
[libx264 @ 0x1bf6b000] kb/s:48.54
{"completed":1,"elapsed_ms":10815.213733,"event":"progress","stage":"encoding","total":38}
{"completed":2,"elapsed_ms":11606.704855,"event":"progress","stage":"sampling","total":38}
{"completed":3,"elapsed_ms":11607.224367,"event":"progress","stage":"projecting","total":38}
{"completed":4,"elapsed_ms":11626.753527,"event":"progress","stage":"block-00","total":38}
{"completed":5,"elapsed_ms":12060.978551,"event":"progress","stage":"block-01","total":38}
{"completed":6,"elapsed_ms":12379.870021,"event":"progress","stage":"block-02","total":38}
{"completed":7,"elapsed_ms":12734.761212,"event":"progress","stage":"block-03","total":38}
{"completed":8,"elapsed_ms":13087.934938,"event":"progress","stage":"block-04","total":38}
{"completed":9,"elapsed_ms":13440.411717,"event":"progress","stage":"block-05","total":38}
{"completed":10,"elapsed_ms":13798.488267,"event":"progress","stage":"block-06","total":38}
{"completed":11,"elapsed_ms":14131.631115,"event":"progress","stage":"block-07","total":38}
{"completed":12,"elapsed_ms":14480.250847,"event":"progress","stage":"block-08","total":38}
{"completed":13,"elapsed_ms":14811.368207,"event":"progress","stage":"block-09","total":38}
{"completed":14,"elapsed_ms":15153.947505,"event":"progress","stage":"block-10","total":38}
{"completed":15,"elapsed_ms":15480.306615,"event":"progress","stage":"block-11","total":38}
{"completed":16,"elapsed_ms":15827.195746,"event":"progress","stage":"block-12","total":38}
{"completed":17,"elapsed_ms":16156.686223,"event":"progress","stage":"block-13","total":38}
{"completed":18,"elapsed_ms":16498.1857,"event":"progress","stage":"block-14","total":38}
{"completed":19,"elapsed_ms":16831.023371,"event":"progress","stage":"block-15","total":38}
{"completed":20,"elapsed_ms":17164.10313,"event":"progress","stage":"block-16","total":38}
{"completed":21,"elapsed_ms":17494.511831,"event":"progress","stage":"block-17","total":38}
{"completed":22,"elapsed_ms":17833.001712,"event":"progress","stage":"block-18","total":38}
{"completed":23,"elapsed_ms":18165.88017,"event":"progress","stage":"block-19","total":38}
{"completed":24,"elapsed_ms":18506.875866,"event":"progress","stage":"block-20","total":38}
{"completed":25,"elapsed_ms":18844.271429,"event":"progress","stage":"block-21","total":38}
{"completed":26,"elapsed_ms":19185.942451,"event":"progress","stage":"block-22","total":38}
{"completed":27,"elapsed_ms":19518.342635,"event":"progress","stage":"block-23","total":38}
{"completed":28,"elapsed_ms":19850.759741,"event":"progress","stage":"block-24","total":38}
{"completed":29,"elapsed_ms":20189.815511,"event":"progress","stage":"block-25","total":38}
{"completed":30,"elapsed_ms":20529.126884,"event":"progress","stage":"block-26","total":38}
{"completed":31,"elapsed_ms":20869.516795,"event":"progress","stage":"block-27","total":38}
{"completed":32,"elapsed_ms":21200.511774,"event":"progress","stage":"block-28","total":38}
{"completed":33,"elapsed_ms":21537.642867,"event":"progress","stage":"block-29","total":38}
{"completed":34,"elapsed_ms":21869.579906,"event":"progress","stage":"block-30","total":38}
{"completed":35,"elapsed_ms":22215.850772,"event":"progress","stage":"block-31","total":38}
{"completed":36,"elapsed_ms":22463.962161,"event":"progress","stage":"denoising","total":38}
{"completed":37,"elapsed_ms":22482.332502,"event":"progress","stage":"decoding","total":38}
[libx264 @ 0x1ed926c0] using cpu capabilities: MMX2 SSE2Fast SSSE3 SSE4.2 AVX FMA3 BMI2 AVX2 AVX512
[libx264 @ 0x1ed926c0] profile High, level 1.0, 4:2:0, 8-bit
[libx264 @ 0x1ed926c0] 264 - core 165 r3222 b35605a - H.264/MPEG-4 AVC codec - Copyleft 2003-2025 - http://www.videolan.org/x264.html - options: cabac=1 ref=2 deblock=1:0:0 analyse=0x3:0x113 me=hex subme=6 psy=1 psy_rd=1.00:0.00 mixed_ref=1 me_range=16 chroma_me=1 trellis=1 8x8dct=1 cqm=0 deadzone=21,11 fast_pskip=1 chroma_qp_offset=-2 threads=4 lookahead_threads=1 sliced_threads=0 nr=0 decimate=1 interlaced=0 bluray_compat=0 constrained_intra=0 bframes=0 weightp=1 keyint=250 keyint_min=8 scenecut=40 intra_refresh=0 rc_lookahead=30 rc=crf mbtree=1 crf=18.0 qcomp=0.60 qpmin=0 qpmax=69 qpstep=4 ip_ratio=1.40 aq=1:1.00
[mp4 @ 0x1ee24a00] Starting second pass: moving the moov atom to the beginning of the file
[libx264 @ 0x1ed926c0] frame I:1     Avg QP:20.90  size:  1777
[libx264 @ 0x1ed926c0] frame P:7     Avg QP:19.99  size:  1388
[libx264 @ 0x1ed926c0] mb I  I16..4:  0.0% 62.5% 37.5%
[libx264 @ 0x1ed926c0] mb P  I16..4:  0.4% 10.7% 16.8%  P16..4: 23.6% 30.7% 12.9%  0.0%  0.0%    skip: 5.0%
[libx264 @ 0x1ed926c0] 8x8 transform intra:46.6% inter:48.9%
[libx264 @ 0x1ed926c0] coded y,uvDC,uvAC intra: 98.7% 95.8% 57.6% inter: 71.2% 50.5% 0.5%
[libx264 @ 0x1ed926c0] i16 v,h,dc,p: 100%  0%  0%  0%
[libx264 @ 0x1ed926c0] i8 v,h,dc,ddl,ddr,vr,hd,vl,hu: 18% 15% 15%  5%  6% 24%  3%  3% 11%
[libx264 @ 0x1ed926c0] i4 v,h,dc,ddl,ddr,vr,hd,vl,hu: 35%  8%  9%  3%  8% 18%  5%  8%  5%
[libx264 @ 0x1ed926c0] i8c dc,h,v,p: 49% 24% 24%  3%
[libx264 @ 0x1ed926c0] Weighted P-Frames: Y:42.9% UV:0.0%
[libx264 @ 0x1ed926c0] ref P L0: 86.7% 13.3%
[libx264 @ 0x1ed926c0] kb/s:91.96
{"completed":38,"elapsed_ms":23592.513955,"event":"progress","stage":"completed","total":38}
