{
  "aggregate": {
    "bicubic": {
      "mean_frame_psnr_db": 26.93073869822966,
      "mean_frame_ssim_rgb": 0.8559885416981732
    },
    "native": {
      "mean_frame_psnr_db": 20.007782836688264,
      "mean_frame_ssim_rgb": 0.6187355711124133
    },
    "official": {
      "mean_frame_psnr_db": 20.007773788115433,
      "mean_frame_ssim_rgb": 0.6187355999549239
    }
  },
  "native_official": {
    "max_abs": 1,
    "mae": 0.00041594328703703704,
    "per_frame": [
      {
        "frame": 0,
        "max_abs": 1,
        "mae": 0.0009440104166666667
      },
      {
        "frame": 1,
        "max_abs": 1,
        "mae": 0.0005208333333333333
      },
      {
        "frame": 2,
        "max_abs": 1,
        "mae": 0.00068359375
      },
      {
        "frame": 3,
        "max_abs": 1,
        "mae": 0.00035807291666666664
      },
      {
        "frame": 4,
        "max_abs": 1,
        "mae": 0.0003255208333333333
      },
      {
        "frame": 5,
        "max_abs": 1,
        "mae": 0.00016276041666666666
      },
      {
        "frame": 6,
        "max_abs": 1,
        "mae": 0.00029296875
      },
      {
        "frame": 7,
        "max_abs": 1,
        "mae": 0.00022786458333333334
      },
      {
        "frame": 8,
        "max_abs": 1,
        "mae": 0.00022786458333333334
      }
    ],
    "temporal": {
      "transitions": [
        {
          "before_frame": 1,
          "artificial_cut": false,
          "residual_change_mae": 0.00146484375
        },
        {
          "before_frame": 2,
          "artificial_cut": false,
          "residual_change_mae": 0.0012044270833333334
        },
        {
          "before_frame": 3,
          "artificial_cut": false,
          "residual_change_mae": 0.0010416666666666667
        },
        {
          "before_frame": 4,
          "artificial_cut": false,
          "residual_change_mae": 0.00068359375
        },
        {
          "before_frame": 5,
          "artificial_cut": false,
          "residual_change_mae": 0.00048828125
        },
        {
          "before_frame": 6,
          "artificial_cut": false,
          "residual_change_mae": 0.0004557291666666667
        },
        {
          "before_frame": 7,
          "artificial_cut": false,
          "residual_change_mae": 0.0005208333333333333
        },
        {
          "before_frame": 8,
          "artificial_cut": false,
          "residual_change_mae": 0.0004557291666666667
        }
      ],
      "continuous_transition_count": 8,
      "continuous_mean_mae": 0.0007893880208333333,
      "cut_mae": null
    }
  },
  "media": {
    "passed": true,
    "frames": 9,
    "width": 128,
    "height": 80,
    "timestamps_90khz": [
      0,
      11250,
      22500,
      33750,
      45000,
      56250,
      67500,
      78750,
      90000
    ],
    "audio": false
  }
}
