{
  "aggregate": {
    "bicubic": {
      "mean_frame_psnr_db": 26.8173256334997,
      "mean_frame_ssim_rgb": 0.8539400800207755
    },
    "native": {
      "mean_frame_psnr_db": 19.69782300171913,
      "mean_frame_ssim_rgb": 0.5972600892222473
    },
    "official": {
      "mean_frame_psnr_db": 19.69784579590199,
      "mean_frame_ssim_rgb": 0.5972612429258717
    }
  },
  "native_official": {
    "max_abs": 1,
    "mae": 0.00023193359375,
    "per_frame": [
      {
        "frame": 0,
        "max_abs": 1,
        "mae": 0.00048828125
      },
      {
        "frame": 1,
        "max_abs": 1,
        "mae": 0.00022786458333333334
      },
      {
        "frame": 2,
        "max_abs": 1,
        "mae": 0.0004557291666666667
      },
      {
        "frame": 3,
        "max_abs": 1,
        "mae": 9.765625e-05
      },
      {
        "frame": 4,
        "max_abs": 1,
        "mae": 0.0001953125
      },
      {
        "frame": 5,
        "max_abs": 1,
        "mae": 9.765625e-05
      },
      {
        "frame": 6,
        "max_abs": 1,
        "mae": 9.765625e-05
      },
      {
        "frame": 7,
        "max_abs": 1,
        "mae": 0.0001953125
      }
    ],
    "temporal": {
      "transitions": [
        {
          "before_frame": 1,
          "artificial_cut": false,
          "residual_change_mae": 0.0007161458333333333
        },
        {
          "before_frame": 2,
          "artificial_cut": false,
          "residual_change_mae": 0.00068359375
        },
        {
          "before_frame": 3,
          "artificial_cut": false,
          "residual_change_mae": 0.0005533854166666667
        },
        {
          "before_frame": 4,
          "artificial_cut": false,
          "residual_change_mae": 0.00029296875
        },
        {
          "before_frame": 5,
          "artificial_cut": false,
          "residual_change_mae": 0.00029296875
        },
        {
          "before_frame": 6,
          "artificial_cut": false,
          "residual_change_mae": 0.0001953125
        },
        {
          "before_frame": 7,
          "artificial_cut": false,
          "residual_change_mae": 0.00029296875
        }
      ],
      "continuous_transition_count": 7,
      "continuous_mean_mae": 0.0004324776785714285,
      "cut_mae": null
    }
  },
  "media": {
    "passed": true,
    "frames": 8,
    "width": 128,
    "height": 80,
    "timestamps_90khz": [
      0,
      11250,
      22500,
      33750,
      45000,
      56250,
      67500,
      78750
    ],
    "audio": false
  }
}
