test_lib_and_lib64_copy_only_seedvr2_and_freeze_symlink_payload (test_bounded_video_tools.NativeSnapshotTest.test_lib_and_lib64_copy_only_seedvr2_and_freeze_symlink_payload) ... 
  test_lib_and_lib64_copy_only_seedvr2_and_freeze_symlink_payload (test_bounded_video_tools.NativeSnapshotTest.test_lib_and_lib64_copy_only_seedvr2_and_freeze_symlink_payload) (layout='lib') ... FAIL
  test_lib_and_lib64_copy_only_seedvr2_and_freeze_symlink_payload (test_bounded_video_tools.NativeSnapshotTest.test_lib_and_lib64_copy_only_seedvr2_and_freeze_symlink_payload) (layout='lib64') ... FAIL
test_missing_sdk_is_rejected_before_model_execution (test_bounded_video_tools.NativeSnapshotTest.test_missing_sdk_is_rejected_before_model_execution) ... FAIL

======================================================================
FAIL: test_lib_and_lib64_copy_only_seedvr2_and_freeze_symlink_payload (test_bounded_video_tools.NativeSnapshotTest.test_lib_and_lib64_copy_only_seedvr2_and_freeze_symlink_payload) (layout='lib')
----------------------------------------------------------------------
Traceback (most recent call last):
  File "/home/mingshi/Project/AI/pnnx_torchdynamo/seedvr2-ncnn-vulkan/tests/test_bounded_video_tools.py", line 26, in test_lib_and_lib64_copy_only_seedvr2_and_freeze_symlink_payload
    self.assertFalse((frozen_library/'unrelated.dat').exists())
    ~~~~~~~~~~~~~~~~^^^^^^^^^^^^^^^^^^^^^^^^^^^^^^^^^^^^^^^^^^^
AssertionError: True is not false

======================================================================
FAIL: test_lib_and_lib64_copy_only_seedvr2_and_freeze_symlink_payload (test_bounded_video_tools.NativeSnapshotTest.test_lib_and_lib64_copy_only_seedvr2_and_freeze_symlink_payload) (layout='lib64')
----------------------------------------------------------------------
Traceback (most recent call last):
  File "/home/mingshi/Project/AI/pnnx_torchdynamo/seedvr2-ncnn-vulkan/tests/test_bounded_video_tools.py", line 26, in test_lib_and_lib64_copy_only_seedvr2_and_freeze_symlink_payload
    self.assertFalse((frozen_library/'unrelated.dat').exists())
    ~~~~~~~~~~~~~~~~^^^^^^^^^^^^^^^^^^^^^^^^^^^^^^^^^^^^^^^^^^^
AssertionError: True is not false

======================================================================
FAIL: test_missing_sdk_is_rejected_before_model_execution (test_bounded_video_tools.NativeSnapshotTest.test_missing_sdk_is_rejected_before_model_execution)
----------------------------------------------------------------------
Traceback (most recent call last):
  File "/home/mingshi/Project/AI/pnnx_torchdynamo/seedvr2-ncnn-vulkan/tests/test_bounded_video_tools.py", line 37, in test_missing_sdk_is_rejected_before_model_execution
    with self.assertRaisesRegex(ValueError, 'SDK'):
         ~~~~~~~~~~~~~~~~~~~~~~^^^^^^^^^^^^^^^^^^^
AssertionError: ValueError not raised

----------------------------------------------------------------------
Ran 2 tests in 0.002s

FAILED (failures=3)
