{"completed":0,"elapsed_ms":6.285657,"event":"progress","stage":"validating","total":38}
{"completed":0,"elapsed_ms":14.004407,"event":"progress","stage":"validating","total":38}
{"completed":0,"elapsed_ms":281.932041,"event":"progress","stage":"validating","total":38}
{"completed":0,"elapsed_ms":581.990854,"event":"progress","stage":"validating","total":38}
{"completed":0,"elapsed_ms":949.283881,"event":"progress","stage":"validating","total":38}
{"completed":0,"elapsed_ms":1356.519447,"event":"progress","stage":"validating","total":38}
{"completed":0,"elapsed_ms":1783.606957,"event":"progress","stage":"validating","total":38}
{"completed":0,"elapsed_ms":2222.724366,"event":"progress","stage":"validating","total":38}
{"completed":0,"elapsed_ms":2599.638224,"event":"progress","stage":"validating","total":38}
{"completed":0,"elapsed_ms":2944.925513,"event":"progress","stage":"validating","total":38}
{"completed":0,"elapsed_ms":3361.715421,"event":"progress","stage":"validating","total":38}
{"completed":0,"elapsed_ms":3775.054985,"event":"progress","stage":"validating","total":38}
{"completed":0,"elapsed_ms":4179.463548,"event":"progress","stage":"validating","total":38}
{"completed":0,"elapsed_ms":4628.410756,"event":"progress","stage":"validating","total":38}
{"completed":0,"elapsed_ms":5073.249847,"event":"progress","stage":"validating","total":38}
{"completed":0,"elapsed_ms":5488.499804,"event":"progress","stage":"validating","total":38}
{"completed":0,"elapsed_ms":5914.75263,"event":"progress","stage":"validating","total":38}
{"completed":0,"elapsed_ms":6324.899498,"event":"progress","stage":"validating","total":38}
{"completed":0,"elapsed_ms":6729.709375,"event":"progress","stage":"validating","total":38}
{"completed":0,"elapsed_ms":7160.655667,"event":"progress","stage":"validating","total":38}
{"completed":0,"elapsed_ms":7560.896747,"event":"progress","stage":"validating","total":38}
{"completed":0,"elapsed_ms":7966.303844,"event":"progress","stage":"validating","total":38}
{"completed":0,"elapsed_ms":8402.441086,"event":"progress","stage":"validating","total":38}
{"completed":0,"elapsed_ms":8810.532708,"event":"progress","stage":"validating","total":38}
{"completed":0,"elapsed_ms":9222.099608,"event":"progress","stage":"validating","total":38}
{"completed":0,"elapsed_ms":9644.547082,"event":"progress","stage":"validating","total":38}
{"completed":0,"elapsed_ms":10066.823583,"event":"progress","stage":"validating","total":38}
{"completed":0,"elapsed_ms":10496.296414,"event":"progress","stage":"validating","total":38}
{"completed":0,"elapsed_ms":10924.257789,"event":"progress","stage":"validating","total":38}
{"completed":0,"elapsed_ms":11307.814688,"event":"progress","stage":"validating","total":38}
{"completed":0,"elapsed_ms":11665.774213,"event":"progress","stage":"validating","total":38}
{"completed":0,"elapsed_ms":12078.793202,"event":"progress","stage":"validating","total":38}
{"completed":0,"elapsed_ms":12526.344125,"event":"progress","stage":"validating","total":38}
{"completed":0,"elapsed_ms":12956.361934,"event":"progress","stage":"validating","total":38}
{"completed":0,"elapsed_ms":13364.193533,"event":"progress","stage":"validating","total":38}
{"completed":0,"elapsed_ms":13636.401446,"event":"progress","stage":"validating","total":38}
{"completed":0,"elapsed_ms":13637.170828,"event":"progress","stage":"validating","total":38}
[libx264 @ 0x2bac65c0] using cpu capabilities: MMX2 SSE2Fast SSSE3 SSE4.2 AVX FMA3 BMI2 AVX2 AVX512
[libx264 @ 0x2bac65c0] profile High, level 1.0, 4:2:0, 8-bit
[libx264 @ 0x2bac65c0] 264 - core 165 r3222 b35605a - H.264/MPEG-4 AVC codec - Copyleft 2003-2025 - http://www.videolan.org/x264.html - options: cabac=1 ref=2 deblock=1:0:0 analyse=0x3:0x113 me=hex subme=6 psy=1 psy_rd=1.00:0.00 mixed_ref=1 me_range=16 chroma_me=1 trellis=1 8x8dct=1 cqm=0 deadzone=21,11 fast_pskip=1 chroma_qp_offset=-2 threads=4 lookahead_threads=1 sliced_threads=0 nr=0 decimate=1 interlaced=0 bluray_compat=0 constrained_intra=0 bframes=0 weightp=1 keyint=250 keyint_min=8 scenecut=40 intra_refresh=0 rc_lookahead=30 rc=crf mbtree=1 crf=18.0 qcomp=0.60 qpmin=0 qpmax=69 qpstep=4 ip_ratio=1.40 aq=1:1.00
[mp4 @ 0x2bac54c0] Starting second pass: moving the moov atom to the beginning of the file
[libx264 @ 0x2bac65c0] frame I:1     Avg QP:17.17  size:  3880
[libx264 @ 0x2bac65c0] frame P:16    Avg QP:18.93  size:  1396
[libx264 @ 0x2bac65c0] mb I  I16..4:  6.2% 17.2% 76.6%
[libx264 @ 0x2bac65c0] mb P  I16..4:  1.7%  6.7%  6.1%  P16..4: 22.3% 19.5% 13.0%  0.0%  0.0%    skip:30.8%
[libx264 @ 0x2bac65c0] 8x8 transform intra:37.7% inter:37.7%
[libx264 @ 0x2bac65c0] coded y,uvDC,uvAC intra: 72.6% 97.6% 94.8% inter: 32.0% 53.1% 46.3%
[libx264 @ 0x2bac65c0] i16 v,h,dc,p: 81% 14%  5%  0%
[libx264 @ 0x2bac65c0] i8 v,h,dc,ddl,ddr,vr,hd,vl,hu: 36% 15% 18%  4%  4%  4%  4%  8%  7%
[libx264 @ 0x2bac65c0] i4 v,h,dc,ddl,ddr,vr,hd,vl,hu: 55% 24% 10%  2%  2%  1%  2%  2%  2%
[libx264 @ 0x2bac65c0] i8c dc,h,v,p: 19% 29% 48%  4%
[libx264 @ 0x2bac65c0] Weighted P-Frames: Y:0.0% UV:0.0%
[libx264 @ 0x2bac65c0] ref P L0: 75.9% 24.1%
[libx264 @ 0x2bac65c0] kb/s:98.70
{"completed":1,"elapsed_ms":13655.596804,"event":"progress","stage":"encoding","total":38}
{"completed":2,"elapsed_ms":28701.178779,"event":"progress","stage":"sampling","total":38}
{"completed":3,"elapsed_ms":28702.439709,"event":"progress","stage":"projecting","total":38}
{"completed":4,"elapsed_ms":28709.734587,"event":"progress","stage":"block-00","total":38}
{"completed":5,"elapsed_ms":30079.821508,"event":"progress","stage":"block-01","total":38}
{"completed":6,"elapsed_ms":31465.589328,"event":"progress","stage":"block-02","total":38}
{"completed":7,"elapsed_ms":32861.287869,"event":"progress","stage":"block-03","total":38}
{"completed":8,"elapsed_ms":34179.136393,"event":"progress","stage":"block-04","total":38}
{"completed":9,"elapsed_ms":35447.726687,"event":"progress","stage":"block-05","total":38}
{"completed":10,"elapsed_ms":36650.873242,"event":"progress","stage":"block-06","total":38}
{"completed":11,"elapsed_ms":37905.085124,"event":"progress","stage":"block-07","total":38}
{"completed":12,"elapsed_ms":39196.46716,"event":"progress","stage":"block-08","total":38}
{"completed":13,"elapsed_ms":40489.230046,"event":"progress","stage":"block-09","total":38}
{"completed":14,"elapsed_ms":41771.5576,"event":"progress","stage":"block-10","total":38}
{"completed":15,"elapsed_ms":43052.402195,"event":"progress","stage":"block-11","total":38}
{"completed":16,"elapsed_ms":44413.429886,"event":"progress","stage":"block-12","total":38}
{"completed":17,"elapsed_ms":45765.401908,"event":"progress","stage":"block-13","total":38}
{"completed":18,"elapsed_ms":47079.667109,"event":"progress","stage":"block-14","total":38}
{"completed":19,"elapsed_ms":48364.668502,"event":"progress","stage":"block-15","total":38}
{"completed":20,"elapsed_ms":49674.413586,"event":"progress","stage":"block-16","total":38}
{"completed":21,"elapsed_ms":50890.969702,"event":"progress","stage":"block-17","total":38}
{"completed":22,"elapsed_ms":52120.492509,"event":"progress","stage":"block-18","total":38}
{"completed":23,"elapsed_ms":53329.049669,"event":"progress","stage":"block-19","total":38}
{"completed":24,"elapsed_ms":54592.111814,"event":"progress","stage":"block-20","total":38}
{"completed":25,"elapsed_ms":55840.364551,"event":"progress","stage":"block-21","total":38}
{"completed":26,"elapsed_ms":57146.257978,"event":"progress","stage":"block-22","total":38}
{"completed":27,"elapsed_ms":58385.889604,"event":"progress","stage":"block-23","total":38}
{"completed":28,"elapsed_ms":59684.815854,"event":"progress","stage":"block-24","total":38}
{"completed":29,"elapsed_ms":60957.393159,"event":"progress","stage":"block-25","total":38}
{"completed":30,"elapsed_ms":62255.957277,"event":"progress","stage":"block-26","total":38}
{"completed":31,"elapsed_ms":63515.768547,"event":"progress","stage":"block-27","total":38}
{"completed":32,"elapsed_ms":64767.11662,"event":"progress","stage":"block-28","total":38}
{"completed":33,"elapsed_ms":66010.287639,"event":"progress","stage":"block-29","total":38}
{"completed":34,"elapsed_ms":67251.443781,"event":"progress","stage":"block-30","total":38}
{"completed":35,"elapsed_ms":68466.164304,"event":"progress","stage":"block-31","total":38}
{"completed":36,"elapsed_ms":69431.076842,"event":"progress","stage":"denoising","total":38}
{"completed":37,"elapsed_ms":69433.952524,"event":"progress","stage":"decoding","total":38}
[libx264 @ 0x2bac65c0] using cpu capabilities: MMX2 SSE2Fast SSSE3 SSE4.2 AVX FMA3 BMI2 AVX2 AVX512
[libx264 @ 0x2bac65c0] profile High, level 1.0, 4:2:0, 8-bit
[libx264 @ 0x2bac65c0] 264 - core 165 r3222 b35605a - H.264/MPEG-4 AVC codec - Copyleft 2003-2025 - http://www.videolan.org/x264.html - options: cabac=1 ref=2 deblock=1:0:0 analyse=0x3:0x113 me=hex subme=6 psy=1 psy_rd=1.00:0.00 mixed_ref=1 me_range=16 chroma_me=1 trellis=1 8x8dct=1 cqm=0 deadzone=21,11 fast_pskip=1 chroma_qp_offset=-2 threads=4 lookahead_threads=1 sliced_threads=0 nr=0 decimate=1 interlaced=0 bluray_compat=0 constrained_intra=0 bframes=0 weightp=1 keyint=250 keyint_min=8 scenecut=40 intra_refresh=0 rc_lookahead=30 rc=crf mbtree=1 crf=18.0 qcomp=0.60 qpmin=0 qpmax=69 qpstep=4 ip_ratio=1.40 aq=1:1.00
[mp4 @ 0x2bdec7c0] Starting second pass: moving the moov atom to the beginning of the file
[libx264 @ 0x2bac65c0] frame I:1     Avg QP:17.81  size:  4495
[libx264 @ 0x2bac65c0] frame P:16    Avg QP:19.39  size:  1972
[libx264 @ 0x2bac65c0] mb I  I16..4:  7.8% 10.9% 81.2%
[libx264 @ 0x2bac65c0] mb P  I16..4:  0.4%  2.4%  5.7%  P16..4: 36.2% 23.6% 25.3%  0.0%  0.0%    skip: 6.3%
[libx264 @ 0x2bac65c0] 8x8 transform intra:21.2% inter:28.2%
[libx264 @ 0x2bac65c0] coded y,uvDC,uvAC intra: 85.1% 100.0% 99.3% inter: 59.3% 85.9% 72.7%
[libx264 @ 0x2bac65c0] i16 v,h,dc,p: 89%  0% 11%  0%
[libx264 @ 0x2bac65c0] i8 v,h,dc,ddl,ddr,vr,hd,vl,hu: 34%  6% 23%  4%  5%  5% 10%  8%  5%
[libx264 @ 0x2bac65c0] i4 v,h,dc,ddl,ddr,vr,hd,vl,hu: 40% 23% 14%  3%  5%  3%  5%  3%  4%
[libx264 @ 0x2bac65c0] i8c dc,h,v,p: 30% 26% 41%  3%
[libx264 @ 0x2bac65c0] Weighted P-Frames: Y:0.0% UV:0.0%
[libx264 @ 0x2bac65c0] ref P L0: 92.8%  7.2%
[libx264 @ 0x2bac65c0] kb/s:135.68
{"completed":38,"elapsed_ms":106329.967595,"event":"progress","stage":"completed","total":38}
