[0 NVIDIA GeForce RTX 4060 Laptop GPU]  queueC=2[8]  queueT=1[2]  rebar=1  r-score=76
[0 NVIDIA GeForce RTX 4060 Laptop GPU]  fp16-p/s/u/a=1/1/1/1  int8-p/s/u/a=1/1/1/1  bf16-p/s=1/1
[0 NVIDIA GeForce RTX 4060 Laptop GPU]  subgroup=32(32~32)  ops=1/1/1/1/1/1/1/1/1/1
[0 NVIDIA GeForce RTX 4060 Laptop GPU]  fp16-cm=16x16x16/16x8x16/16x8x8  int8-cm=16x16x32/16x8x32  bf16-cm=16x16x16  fp8-cm=16x16x32  fp6-cm=0  fp4-cm=0
[1 llvmpipe (LLVM 22.1.8, 256 bits)]  queueC=0[1]  queueT=0[1]  rebar=1  r-score=14
[1 llvmpipe (LLVM 22.1.8, 256 bits)]  fp16-p/s/u/a=1/1/1/1  int8-p/s/u/a=1/1/1/1  bf16-p/s=1/0
[1 llvmpipe (LLVM 22.1.8, 256 bits)]  subgroup=8(8~8)  ops=1/1/1/1/1/1/1/1/1/1
[1 llvmpipe (LLVM 22.1.8, 256 bits)]  fp16-cm=8x8x8  int8-cm=8x8x8  bf16-cm=0  fp8-cm=0  fp6-cm=0  fp4-cm=0
[2 llvmpipe (LLVM 17.0.6, 256 bits)]  queueC=0[1]  queueT=0[1]  rebar=1  r-score=4
[2 llvmpipe (LLVM 17.0.6, 256 bits)]  fp16-p/s/u/a=1/1/1/1  int8-p/s/u/a=1/1/1/1  bf16-p/s=1/0
[2 llvmpipe (LLVM 17.0.6, 256 bits)]  subgroup=8(8~8)  ops=1/1/1/1/1/1/0/1/0/0
[2 llvmpipe (LLVM 17.0.6, 256 bits)]  fp16-cm=0  int8-cm=0  bf16-cm=0  fp8-cm=0  fp6-cm=0  fp4-cm=0
{"completed":0,"elapsed_ms":177.843147,"event":"progress","stage":"validating","total":38}
{"completed":0,"elapsed_ms":183.181414,"event":"progress","stage":"validating","total":38}
{"completed":0,"elapsed_ms":386.965206,"event":"progress","stage":"validating","total":38}
{"completed":0,"elapsed_ms":698.521125,"event":"progress","stage":"validating","total":38}
{"completed":0,"elapsed_ms":1008.569966,"event":"progress","stage":"validating","total":38}
{"completed":0,"elapsed_ms":1317.865354,"event":"progress","stage":"validating","total":38}
{"completed":0,"elapsed_ms":1633.37875,"event":"progress","stage":"validating","total":38}
{"completed":0,"elapsed_ms":1958.254537,"event":"progress","stage":"validating","total":38}
{"completed":0,"elapsed_ms":2285.177923,"event":"progress","stage":"validating","total":38}
{"completed":0,"elapsed_ms":2601.032735,"event":"progress","stage":"validating","total":38}
{"completed":0,"elapsed_ms":2908.848687,"event":"progress","stage":"validating","total":38}
{"completed":0,"elapsed_ms":3220.420996,"event":"progress","stage":"validating","total":38}
{"completed":0,"elapsed_ms":3529.469297,"event":"progress","stage":"validating","total":38}
{"completed":0,"elapsed_ms":3833.819992,"event":"progress","stage":"validating","total":38}
{"completed":0,"elapsed_ms":4154.46796,"event":"progress","stage":"validating","total":38}
{"completed":0,"elapsed_ms":4481.435279,"event":"progress","stage":"validating","total":38}
{"completed":0,"elapsed_ms":4802.783741,"event":"progress","stage":"validating","total":38}
{"completed":0,"elapsed_ms":5122.212235,"event":"progress","stage":"validating","total":38}
{"completed":0,"elapsed_ms":5444.392529,"event":"progress","stage":"validating","total":38}
{"completed":0,"elapsed_ms":5773.681705,"event":"progress","stage":"validating","total":38}
{"completed":0,"elapsed_ms":6093.144334,"event":"progress","stage":"validating","total":38}
{"completed":0,"elapsed_ms":6422.73521,"event":"progress","stage":"validating","total":38}
{"completed":0,"elapsed_ms":6746.925772,"event":"progress","stage":"validating","total":38}
{"completed":0,"elapsed_ms":7071.917238,"event":"progress","stage":"validating","total":38}
{"completed":0,"elapsed_ms":7403.915152,"event":"progress","stage":"validating","total":38}
{"completed":0,"elapsed_ms":7712.517249,"event":"progress","stage":"validating","total":38}
{"completed":0,"elapsed_ms":8049.214563,"event":"progress","stage":"validating","total":38}
{"completed":0,"elapsed_ms":8355.888187,"event":"progress","stage":"validating","total":38}
{"completed":0,"elapsed_ms":8661.54005,"event":"progress","stage":"validating","total":38}
{"completed":0,"elapsed_ms":8973.294664,"event":"progress","stage":"validating","total":38}
{"completed":0,"elapsed_ms":9281.574583,"event":"progress","stage":"validating","total":38}
{"completed":0,"elapsed_ms":9590.599249,"event":"progress","stage":"validating","total":38}
{"completed":0,"elapsed_ms":9900.061232,"event":"progress","stage":"validating","total":38}
{"completed":0,"elapsed_ms":10212.96626,"event":"progress","stage":"validating","total":38}
{"completed":0,"elapsed_ms":10531.704299,"event":"progress","stage":"validating","total":38}
{"completed":0,"elapsed_ms":10741.061462,"event":"progress","stage":"validating","total":38}
{"completed":0,"elapsed_ms":10742.418406,"event":"progress","stage":"validating","total":38}
[libx264 @ 0x1dce9c40] using cpu capabilities: MMX2 SSE2Fast SSSE3 SSE4.2 AVX FMA3 BMI2 AVX2 AVX512
[libx264 @ 0x1dce9c40] profile High, level 1.0, 4:2:0, 8-bit
[libx264 @ 0x1dce9c40] 264 - core 165 r3222 b35605a - H.264/MPEG-4 AVC codec - Copyleft 2003-2025 - http://www.videolan.org/x264.html - options: cabac=1 ref=2 deblock=1:0:0 analyse=0x3:0x113 me=hex subme=6 psy=1 psy_rd=1.00:0.00 mixed_ref=1 me_range=16 chroma_me=1 trellis=1 8x8dct=1 cqm=0 deadzone=21,11 fast_pskip=1 chroma_qp_offset=-2 threads=4 lookahead_threads=1 sliced_threads=0 nr=0 decimate=1 interlaced=0 bluray_compat=0 constrained_intra=0 bframes=0 weightp=1 keyint=250 keyint_min=8 scenecut=40 intra_refresh=0 rc_lookahead=30 rc=crf mbtree=1 crf=18.0 qcomp=0.60 qpmin=0 qpmax=69 qpstep=4 ip_ratio=1.40 aq=1:1.00
[mp4 @ 0x1dd42d00] Starting second pass: moving the moov atom to the beginning of the file
[libx264 @ 0x1dce9c40] frame I:1     Avg QP:18.55  size:  1174
[libx264 @ 0x1dce9c40] frame P:7     Avg QP:18.87  size:   699
[libx264 @ 0x1dce9c40] mb I  I16..4:  0.0% 90.0% 10.0%
[libx264 @ 0x1dce9c40] mb P  I16..4:  0.0%  6.4%  2.5%  P16..4: 36.4% 35.4% 18.2%  0.0%  0.0%    skip: 1.1%
[libx264 @ 0x1dce9c40] 8x8 transform intra:83.1% inter:59.0%
[libx264 @ 0x1dce9c40] coded y,uvDC,uvAC intra: 95.8% 67.7% 18.5% inter: 65.4% 28.6% 2.7%
[libx264 @ 0x1dce9c40] i8 v,h,dc,ddl,ddr,vr,hd,vl,hu: 25% 15% 14%  4%  6% 25%  3%  3%  5%
[libx264 @ 0x1dce9c40] i4 v,h,dc,ddl,ddr,vr,hd,vl,hu: 52% 13%  7%  3%  2%  7%  6%  6%  4%
[libx264 @ 0x1dce9c40] i8c dc,h,v,p: 62% 26% 11%  2%
[libx264 @ 0x1dce9c40] Weighted P-Frames: Y:14.3% UV:0.0%
[libx264 @ 0x1dce9c40] ref P L0: 79.1% 20.9%
[libx264 @ 0x1dce9c40] kb/s:48.54
{"completed":1,"elapsed_ms":11077.848716,"event":"progress","stage":"encoding","total":38}
{"completed":2,"elapsed_ms":11855.28453,"event":"progress","stage":"sampling","total":38}
{"completed":3,"elapsed_ms":11855.819561,"event":"progress","stage":"projecting","total":38}
{"completed":4,"elapsed_ms":11872.942425,"event":"progress","stage":"block-00","total":38}
{"completed":5,"elapsed_ms":12284.759398,"event":"progress","stage":"block-01","total":38}
{"completed":6,"elapsed_ms":12586.068886,"event":"progress","stage":"block-02","total":38}
{"completed":7,"elapsed_ms":12899.010694,"event":"progress","stage":"block-03","total":38}
{"completed":8,"elapsed_ms":13234.624511,"event":"progress","stage":"block-04","total":38}
{"completed":9,"elapsed_ms":13581.48082,"event":"progress","stage":"block-05","total":38}
{"completed":10,"elapsed_ms":13914.208082,"event":"progress","stage":"block-06","total":38}
{"completed":11,"elapsed_ms":14241.019417,"event":"progress","stage":"block-07","total":38}
{"completed":12,"elapsed_ms":14565.156157,"event":"progress","stage":"block-08","total":38}
{"completed":13,"elapsed_ms":14889.380112,"event":"progress","stage":"block-09","total":38}
{"completed":14,"elapsed_ms":15205.557794,"event":"progress","stage":"block-10","total":38}
{"completed":15,"elapsed_ms":15522.275045,"event":"progress","stage":"block-11","total":38}
{"completed":16,"elapsed_ms":15838.442307,"event":"progress","stage":"block-12","total":38}
{"completed":17,"elapsed_ms":16152.535811,"event":"progress","stage":"block-13","total":38}
{"completed":18,"elapsed_ms":16472.105642,"event":"progress","stage":"block-14","total":38}
{"completed":19,"elapsed_ms":16785.364028,"event":"progress","stage":"block-15","total":38}
{"completed":20,"elapsed_ms":17104.312575,"event":"progress","stage":"block-16","total":38}
{"completed":21,"elapsed_ms":17414.48487,"event":"progress","stage":"block-17","total":38}
{"completed":22,"elapsed_ms":17728.273828,"event":"progress","stage":"block-18","total":38}
{"completed":23,"elapsed_ms":18041.275268,"event":"progress","stage":"block-19","total":38}
{"completed":24,"elapsed_ms":18366.127321,"event":"progress","stage":"block-20","total":38}
{"completed":25,"elapsed_ms":18696.341885,"event":"progress","stage":"block-21","total":38}
{"completed":26,"elapsed_ms":19012.940152,"event":"progress","stage":"block-22","total":38}
{"completed":27,"elapsed_ms":19328.321589,"event":"progress","stage":"block-23","total":38}
{"completed":28,"elapsed_ms":19643.826159,"event":"progress","stage":"block-24","total":38}
{"completed":29,"elapsed_ms":19957.445477,"event":"progress","stage":"block-25","total":38}
{"completed":30,"elapsed_ms":20278.061957,"event":"progress","stage":"block-26","total":38}
{"completed":31,"elapsed_ms":20601.93469,"event":"progress","stage":"block-27","total":38}
{"completed":32,"elapsed_ms":20914.124927,"event":"progress","stage":"block-28","total":38}
{"completed":33,"elapsed_ms":21226.855626,"event":"progress","stage":"block-29","total":38}
{"completed":34,"elapsed_ms":21541.359455,"event":"progress","stage":"block-30","total":38}
{"completed":35,"elapsed_ms":21873.417372,"event":"progress","stage":"block-31","total":38}
{"completed":36,"elapsed_ms":22108.102833,"event":"progress","stage":"denoising","total":38}
{"completed":37,"elapsed_ms":22118.258402,"event":"progress","stage":"decoding","total":38}
[libx264 @ 0x36cc6e40] using cpu capabilities: MMX2 SSE2Fast SSSE3 SSE4.2 AVX FMA3 BMI2 AVX2 AVX512
[libx264 @ 0x36cc6e40] profile High, level 1.0, 4:2:0, 8-bit
[libx264 @ 0x36cc6e40] 264 - core 165 r3222 b35605a - H.264/MPEG-4 AVC codec - Copyleft 2003-2025 - http://www.videolan.org/x264.html - options: cabac=1 ref=2 deblock=1:0:0 analyse=0x3:0x113 me=hex subme=6 psy=1 psy_rd=1.00:0.00 mixed_ref=1 me_range=16 chroma_me=1 trellis=1 8x8dct=1 cqm=0 deadzone=21,11 fast_pskip=1 chroma_qp_offset=-2 threads=4 lookahead_threads=1 sliced_threads=0 nr=0 decimate=1 interlaced=0 bluray_compat=0 constrained_intra=0 bframes=0 weightp=1 keyint=250 keyint_min=8 scenecut=40 intra_refresh=0 rc_lookahead=30 rc=crf mbtree=1 crf=18.0 qcomp=0.60 qpmin=0 qpmax=69 qpstep=4 ip_ratio=1.40 aq=1:1.00
[mp4 @ 0x20af6380] Starting second pass: moving the moov atom to the beginning of the file
[libx264 @ 0x36cc6e40] frame I:1     Avg QP:20.90  size:  1777
[libx264 @ 0x36cc6e40] frame P:7     Avg QP:19.99  size:  1389
[libx264 @ 0x36cc6e40] mb I  I16..4:  0.0% 62.5% 37.5%
[libx264 @ 0x36cc6e40] mb P  I16..4:  0.4% 11.8% 15.7%  P16..4: 22.1% 31.8% 13.2%  0.0%  0.0%    skip: 5.0%
[libx264 @ 0x36cc6e40] 8x8 transform intra:49.2% inter:51.1%
[libx264 @ 0x36cc6e40] coded y,uvDC,uvAC intra: 98.7% 95.8% 58.5% inter: 71.3% 51.5% 0.0%
[libx264 @ 0x36cc6e40] i16 v,h,dc,p: 100%  0%  0%  0%
[libx264 @ 0x36cc6e40] i8 v,h,dc,ddl,ddr,vr,hd,vl,hu: 18% 13% 14%  4%  6% 25%  3%  5% 12%
[libx264 @ 0x36cc6e40] i4 v,h,dc,ddl,ddr,vr,hd,vl,hu: 37%  7%  9%  3%  8% 19%  5%  7%  5%
[libx264 @ 0x36cc6e40] i8c dc,h,v,p: 47% 23% 26%  3%
[libx264 @ 0x36cc6e40] Weighted P-Frames: Y:42.9% UV:0.0%
[libx264 @ 0x36cc6e40] ref P L0: 87.0% 13.0%
[libx264 @ 0x36cc6e40] kb/s:92.02
{"completed":38,"elapsed_ms":23223.069337,"event":"progress","stage":"completed","total":38}
