[0 NVIDIA GeForce RTX 4060 Laptop GPU]  queueC=2[8]  queueT=1[2]  rebar=1  r-score=76
[0 NVIDIA GeForce RTX 4060 Laptop GPU]  fp16-p/s/u/a=1/1/1/1  int8-p/s/u/a=1/1/1/1  bf16-p/s=1/1
[0 NVIDIA GeForce RTX 4060 Laptop GPU]  subgroup=32(32~32)  ops=1/1/1/1/1/1/1/1/1/1
[0 NVIDIA GeForce RTX 4060 Laptop GPU]  fp16-cm=16x16x16/16x8x16/16x8x8  int8-cm=16x16x32/16x8x32  bf16-cm=16x16x16  fp8-cm=16x16x32  fp6-cm=0  fp4-cm=0
[1 llvmpipe (LLVM 22.1.8, 256 bits)]  queueC=0[1]  queueT=0[1]  rebar=1  r-score=14
[1 llvmpipe (LLVM 22.1.8, 256 bits)]  fp16-p/s/u/a=1/1/1/1  int8-p/s/u/a=1/1/1/1  bf16-p/s=1/0
[1 llvmpipe (LLVM 22.1.8, 256 bits)]  subgroup=8(8~8)  ops=1/1/1/1/1/1/1/1/1/1
[1 llvmpipe (LLVM 22.1.8, 256 bits)]  fp16-cm=8x8x8  int8-cm=8x8x8  bf16-cm=0  fp8-cm=0  fp6-cm=0  fp4-cm=0
[2 llvmpipe (LLVM 17.0.6, 256 bits)]  queueC=0[1]  queueT=0[1]  rebar=1  r-score=4
[2 llvmpipe (LLVM 17.0.6, 256 bits)]  fp16-p/s/u/a=1/1/1/1  int8-p/s/u/a=1/1/1/1  bf16-p/s=1/0
[2 llvmpipe (LLVM 17.0.6, 256 bits)]  subgroup=8(8~8)  ops=1/1/1/1/1/1/0/1/0/0
[2 llvmpipe (LLVM 17.0.6, 256 bits)]  fp16-cm=0  int8-cm=0  bf16-cm=0  fp8-cm=0  fp6-cm=0  fp4-cm=0
{"completed":0,"elapsed_ms":281.409512,"event":"progress","stage":"validating","total":38}
{"completed":0,"elapsed_ms":287.18368,"event":"progress","stage":"validating","total":38}
{"completed":0,"elapsed_ms":468.88188,"event":"progress","stage":"validating","total":38}
{"completed":0,"elapsed_ms":800.091789,"event":"progress","stage":"validating","total":38}
{"completed":0,"elapsed_ms":1149.584376,"event":"progress","stage":"validating","total":38}
{"completed":0,"elapsed_ms":1493.41704,"event":"progress","stage":"validating","total":38}
{"completed":0,"elapsed_ms":1836.758035,"event":"progress","stage":"validating","total":38}
{"completed":0,"elapsed_ms":2147.068016,"event":"progress","stage":"validating","total":38}
{"completed":0,"elapsed_ms":2476.063696,"event":"progress","stage":"validating","total":38}
{"completed":0,"elapsed_ms":2805.878762,"event":"progress","stage":"validating","total":38}
{"completed":0,"elapsed_ms":3117.823728,"event":"progress","stage":"validating","total":38}
{"completed":0,"elapsed_ms":3454.338971,"event":"progress","stage":"validating","total":38}
{"completed":0,"elapsed_ms":3786.108856,"event":"progress","stage":"validating","total":38}
{"completed":0,"elapsed_ms":4159.545877,"event":"progress","stage":"validating","total":38}
{"completed":0,"elapsed_ms":4493.846029,"event":"progress","stage":"validating","total":38}
{"completed":0,"elapsed_ms":4866.327917,"event":"progress","stage":"validating","total":38}
{"completed":0,"elapsed_ms":5239.377197,"event":"progress","stage":"validating","total":38}
{"completed":0,"elapsed_ms":5613.789619,"event":"progress","stage":"validating","total":38}
{"completed":0,"elapsed_ms":5981.328617,"event":"progress","stage":"validating","total":38}
{"completed":0,"elapsed_ms":6340.160822,"event":"progress","stage":"validating","total":38}
{"completed":0,"elapsed_ms":6707.010479,"event":"progress","stage":"validating","total":38}
{"completed":0,"elapsed_ms":7075.544656,"event":"progress","stage":"validating","total":38}
{"completed":0,"elapsed_ms":7433.059505,"event":"progress","stage":"validating","total":38}
{"completed":0,"elapsed_ms":7799.764409,"event":"progress","stage":"validating","total":38}
{"completed":0,"elapsed_ms":8174.147817,"event":"progress","stage":"validating","total":38}
{"completed":0,"elapsed_ms":8551.776028,"event":"progress","stage":"validating","total":38}
{"completed":0,"elapsed_ms":8929.705549,"event":"progress","stage":"validating","total":38}
{"completed":0,"elapsed_ms":9298.149356,"event":"progress","stage":"validating","total":38}
{"completed":0,"elapsed_ms":9670.407201,"event":"progress","stage":"validating","total":38}
{"completed":0,"elapsed_ms":10053.174864,"event":"progress","stage":"validating","total":38}
{"completed":0,"elapsed_ms":10420.36841,"event":"progress","stage":"validating","total":38}
{"completed":0,"elapsed_ms":10778.87474,"event":"progress","stage":"validating","total":38}
{"completed":0,"elapsed_ms":11153.906391,"event":"progress","stage":"validating","total":38}
{"completed":0,"elapsed_ms":11524.442647,"event":"progress","stage":"validating","total":38}
{"completed":0,"elapsed_ms":11919.886566,"event":"progress","stage":"validating","total":38}
{"completed":0,"elapsed_ms":12168.34848,"event":"progress","stage":"validating","total":38}
{"completed":0,"elapsed_ms":12169.504322,"event":"progress","stage":"validating","total":38}
[libx264 @ 0x40a946c0] using cpu capabilities: MMX2 SSE2Fast SSSE3 SSE4.2 AVX FMA3 BMI2 AVX2 AVX512
[libx264 @ 0x40a946c0] profile High, level 1.0, 4:2:0, 8-bit
[libx264 @ 0x40a946c0] 264 - core 165 r3222 b35605a - H.264/MPEG-4 AVC codec - Copyleft 2003-2025 - http://www.videolan.org/x264.html - options: cabac=1 ref=2 deblock=1:0:0 analyse=0x3:0x113 me=hex subme=6 psy=1 psy_rd=1.00:0.00 mixed_ref=1 me_range=16 chroma_me=1 trellis=1 8x8dct=1 cqm=0 deadzone=21,11 fast_pskip=1 chroma_qp_offset=-2 threads=4 lookahead_threads=1 sliced_threads=0 nr=0 decimate=1 interlaced=0 bluray_compat=0 constrained_intra=0 bframes=0 weightp=1 keyint=250 keyint_min=8 scenecut=40 intra_refresh=0 rc_lookahead=30 rc=crf mbtree=1 crf=18.0 qcomp=0.60 qpmin=0 qpmax=69 qpstep=4 ip_ratio=1.40 aq=1:1.00
[mp4 @ 0x7fbab62d67c0] Starting second pass: moving the moov atom to the beginning of the file
[libx264 @ 0x40a946c0] frame I:1     Avg QP:18.55  size:  1174
[libx264 @ 0x40a946c0] frame P:8     Avg QP:18.89  size:   723
[libx264 @ 0x40a946c0] mb I  I16..4:  0.0% 90.0% 10.0%
[libx264 @ 0x40a946c0] mb P  I16..4:  0.0%  8.1%  1.9%  P16..4: 35.0% 35.3% 17.8%  0.0%  0.0%    skip: 1.9%
[libx264 @ 0x40a946c0] 8x8 transform intra:86.1% inter:62.1%
[libx264 @ 0x40a946c0] coded y,uvDC,uvAC intra: 96.5% 72.2% 22.2% inter: 67.7% 32.6% 1.4%
[libx264 @ 0x40a946c0] i8 v,h,dc,ddl,ddr,vr,hd,vl,hu: 28% 15% 13%  3%  6% 23%  3%  3%  5%
[libx264 @ 0x40a946c0] i4 v,h,dc,ddl,ddr,vr,hd,vl,hu: 46% 18% 10%  2%  4%  7%  5%  4%  4%
[libx264 @ 0x40a946c0] i8c dc,h,v,p: 64% 22% 12%  1%
[libx264 @ 0x40a946c0] Weighted P-Frames: Y:12.5% UV:0.0%
[libx264 @ 0x40a946c0] ref P L0: 80.1% 19.9%
[libx264 @ 0x40a946c0] kb/s:49.49
{"completed":1,"elapsed_ms":12479.0341,"event":"progress","stage":"encoding","total":38}
overwrite built-in layer type Swish
{"completed":2,"elapsed_ms":13273.789496,"event":"progress","stage":"sampling","total":38}
{"completed":3,"elapsed_ms":13274.332371,"event":"progress","stage":"projecting","total":38}
overwrite built-in layer type Swish
{"completed":4,"elapsed_ms":13292.351812,"event":"progress","stage":"block-00","total":38}
overwrite built-in layer type Swish
overwrite built-in layer type RMSNorm
overwrite built-in layer type InnerProduct
{"completed":5,"elapsed_ms":14046.248259,"event":"progress","stage":"block-01","total":38}
overwrite built-in layer type Swish
overwrite built-in layer type RMSNorm
overwrite built-in layer type InnerProduct
{"completed":6,"elapsed_ms":14531.521246,"event":"progress","stage":"block-02","total":38}
overwrite built-in layer type Swish
overwrite built-in layer type RMSNorm
overwrite built-in layer type InnerProduct
{"completed":7,"elapsed_ms":15003.740656,"event":"progress","stage":"block-03","total":38}
overwrite built-in layer type Swish
overwrite built-in layer type RMSNorm
overwrite built-in layer type InnerProduct
{"completed":8,"elapsed_ms":15447.946671,"event":"progress","stage":"block-04","total":38}
overwrite built-in layer type Swish
overwrite built-in layer type RMSNorm
overwrite built-in layer type InnerProduct
{"completed":9,"elapsed_ms":15909.772162,"event":"progress","stage":"block-05","total":38}
overwrite built-in layer type Swish
overwrite built-in layer type RMSNorm
overwrite built-in layer type InnerProduct
{"completed":10,"elapsed_ms":16352.245537,"event":"progress","stage":"block-06","total":38}
overwrite built-in layer type Swish
overwrite built-in layer type RMSNorm
overwrite built-in layer type InnerProduct
{"completed":11,"elapsed_ms":16830.03525,"event":"progress","stage":"block-07","total":38}
overwrite built-in layer type Swish
overwrite built-in layer type RMSNorm
overwrite built-in layer type InnerProduct
{"completed":12,"elapsed_ms":17317.383796,"event":"progress","stage":"block-08","total":38}
overwrite built-in layer type Swish
overwrite built-in layer type RMSNorm
overwrite built-in layer type InnerProduct
{"completed":13,"elapsed_ms":17809.556767,"event":"progress","stage":"block-09","total":38}
overwrite built-in layer type Swish
overwrite built-in layer type RMSNorm
overwrite built-in layer type InnerProduct
{"completed":14,"elapsed_ms":18319.961671,"event":"progress","stage":"block-10","total":38}
overwrite built-in layer type Swish
overwrite built-in layer type RMSNorm
overwrite built-in layer type InnerProduct
{"completed":15,"elapsed_ms":18810.878051,"event":"progress","stage":"block-11","total":38}
overwrite built-in layer type Swish
overwrite built-in layer type RMSNorm
overwrite built-in layer type InnerProduct
{"completed":16,"elapsed_ms":19342.461017,"event":"progress","stage":"block-12","total":38}
overwrite built-in layer type Swish
overwrite built-in layer type RMSNorm
overwrite built-in layer type InnerProduct
{"completed":17,"elapsed_ms":19819.332838,"event":"progress","stage":"block-13","total":38}
overwrite built-in layer type Swish
overwrite built-in layer type RMSNorm
overwrite built-in layer type InnerProduct
{"completed":18,"elapsed_ms":20284.850799,"event":"progress","stage":"block-14","total":38}
overwrite built-in layer type Swish
overwrite built-in layer type RMSNorm
overwrite built-in layer type InnerProduct
{"completed":19,"elapsed_ms":20770.104811,"event":"progress","stage":"block-15","total":38}
overwrite built-in layer type Swish
overwrite built-in layer type RMSNorm
overwrite built-in layer type InnerProduct
{"completed":20,"elapsed_ms":21264.868893,"event":"progress","stage":"block-16","total":38}
overwrite built-in layer type Swish
overwrite built-in layer type RMSNorm
overwrite built-in layer type InnerProduct
{"completed":21,"elapsed_ms":21760.98666,"event":"progress","stage":"block-17","total":38}
overwrite built-in layer type Swish
overwrite built-in layer type RMSNorm
overwrite built-in layer type InnerProduct
{"completed":22,"elapsed_ms":22278.072644,"event":"progress","stage":"block-18","total":38}
overwrite built-in layer type Swish
overwrite built-in layer type RMSNorm
overwrite built-in layer type InnerProduct
{"completed":23,"elapsed_ms":22789.922305,"event":"progress","stage":"block-19","total":38}
overwrite built-in layer type Swish
overwrite built-in layer type RMSNorm
overwrite built-in layer type InnerProduct
{"completed":24,"elapsed_ms":23300.295549,"event":"progress","stage":"block-20","total":38}
overwrite built-in layer type Swish
overwrite built-in layer type RMSNorm
overwrite built-in layer type InnerProduct
{"completed":25,"elapsed_ms":23824.847545,"event":"progress","stage":"block-21","total":38}
overwrite built-in layer type Swish
overwrite built-in layer type RMSNorm
overwrite built-in layer type InnerProduct
{"completed":26,"elapsed_ms":24353.000527,"event":"progress","stage":"block-22","total":38}
overwrite built-in layer type Swish
overwrite built-in layer type RMSNorm
overwrite built-in layer type InnerProduct
{"completed":27,"elapsed_ms":24863.857123,"event":"progress","stage":"block-23","total":38}
overwrite built-in layer type Swish
overwrite built-in layer type RMSNorm
overwrite built-in layer type InnerProduct
{"completed":28,"elapsed_ms":25353.435949,"event":"progress","stage":"block-24","total":38}
overwrite built-in layer type Swish
overwrite built-in layer type RMSNorm
overwrite built-in layer type InnerProduct
{"completed":29,"elapsed_ms":25828.730384,"event":"progress","stage":"block-25","total":38}
overwrite built-in layer type Swish
overwrite built-in layer type RMSNorm
overwrite built-in layer type InnerProduct
{"completed":30,"elapsed_ms":26324.875473,"event":"progress","stage":"block-26","total":38}
overwrite built-in layer type Swish
overwrite built-in layer type RMSNorm
overwrite built-in layer type InnerProduct
{"completed":31,"elapsed_ms":26840.945469,"event":"progress","stage":"block-27","total":38}
overwrite built-in layer type Swish
overwrite built-in layer type RMSNorm
overwrite built-in layer type InnerProduct
{"completed":32,"elapsed_ms":27353.442301,"event":"progress","stage":"block-28","total":38}
overwrite built-in layer type Swish
overwrite built-in layer type RMSNorm
overwrite built-in layer type InnerProduct
{"completed":33,"elapsed_ms":27857.927732,"event":"progress","stage":"block-29","total":38}
overwrite built-in layer type Swish
overwrite built-in layer type RMSNorm
overwrite built-in layer type InnerProduct
{"completed":34,"elapsed_ms":28394.187245,"event":"progress","stage":"block-30","total":38}
overwrite built-in layer type Swish
overwrite built-in layer type RMSNorm
overwrite built-in layer type InnerProduct
{"completed":35,"elapsed_ms":28922.99848,"event":"progress","stage":"block-31","total":38}
overwrite built-in layer type Swish
overwrite built-in layer type RMSNorm
overwrite built-in layer type InnerProduct
{"completed":36,"elapsed_ms":29314.00871,"event":"progress","stage":"denoising","total":38}
overwrite built-in layer type Swish
{"completed":37,"elapsed_ms":29353.811196,"event":"progress","stage":"decoding","total":38}
overwrite built-in layer type Swish
[libx264 @ 0x7fba860a5c00] using cpu capabilities: MMX2 SSE2Fast SSSE3 SSE4.2 AVX FMA3 BMI2 AVX2 AVX512
[libx264 @ 0x7fba860a5c00] profile High, level 1.0, 4:2:0, 8-bit
[libx264 @ 0x7fba860a5c00] 264 - core 165 r3222 b35605a - H.264/MPEG-4 AVC codec - Copyleft 2003-2025 - http://www.videolan.org/x264.html - options: cabac=1 ref=2 deblock=1:0:0 analyse=0x3:0x113 me=hex subme=6 psy=1 psy_rd=1.00:0.00 mixed_ref=1 me_range=16 chroma_me=1 trellis=1 8x8dct=1 cqm=0 deadzone=21,11 fast_pskip=1 chroma_qp_offset=-2 threads=4 lookahead_threads=1 sliced_threads=0 nr=0 decimate=1 interlaced=0 bluray_compat=0 constrained_intra=0 bframes=0 weightp=1 keyint=250 keyint_min=8 scenecut=40 intra_refresh=0 rc_lookahead=30 rc=crf mbtree=1 crf=18.0 qcomp=0.60 qpmin=0 qpmax=69 qpstep=4 ip_ratio=1.40 aq=1:1.00
[mp4 @ 0x7fba8612a2c0] Starting second pass: moving the moov atom to the beginning of the file
[libx264 @ 0x7fba860a5c00] frame I:1     Avg QP:20.92  size:  1811
[libx264 @ 0x7fba860a5c00] frame P:8     Avg QP:20.03  size:  1448
[libx264 @ 0x7fba860a5c00] mb I  I16..4:  2.5% 50.0% 47.5%
[libx264 @ 0x7fba860a5c00] mb P  I16..4:  0.0% 13.8% 18.1%  P16..4: 17.5% 31.9% 14.4%  0.0%  0.0%    skip: 4.4%
[libx264 @ 0x7fba860a5c00] 8x8 transform intra:45.1% inter:53.3%
[libx264 @ 0x7fba860a5c00] coded y,uvDC,uvAC intra: 97.5% 93.0% 52.8% inter: 74.1% 60.1% 0.5%
[libx264 @ 0x7fba860a5c00] i16 v,h,dc,p:  0%  0%  0% 100%
[libx264 @ 0x7fba860a5c00] i8 v,h,dc,ddl,ddr,vr,hd,vl,hu: 22% 15% 16%  2%  4% 20%  4%  4% 13%
[libx264 @ 0x7fba860a5c00] i4 v,h,dc,ddl,ddr,vr,hd,vl,hu: 32% 12% 11%  3%  9% 15%  4% 10%  5%
[libx264 @ 0x7fba860a5c00] i8c dc,h,v,p: 50% 20% 20%  9%
[libx264 @ 0x7fba860a5c00] Weighted P-Frames: Y:25.0% UV:0.0%
[libx264 @ 0x7fba860a5c00] ref P L0: 87.0% 13.0%
[libx264 @ 0x7fba860a5c00] kb/s:95.22
{"completed":38,"elapsed_ms":30501.711293,"event":"progress","stage":"completed","total":38}
