[0 NVIDIA GeForce RTX 4060 Laptop GPU]  queueC=2[8]  queueT=1[2]  rebar=1  r-score=76
[0 NVIDIA GeForce RTX 4060 Laptop GPU]  fp16-p/s/u/a=1/1/1/1  int8-p/s/u/a=1/1/1/1  bf16-p/s=1/1
[0 NVIDIA GeForce RTX 4060 Laptop GPU]  subgroup=32(32~32)  ops=1/1/1/1/1/1/1/1/1/1
[0 NVIDIA GeForce RTX 4060 Laptop GPU]  fp16-cm=16x16x16/16x8x16/16x8x8  int8-cm=16x16x32/16x8x32  bf16-cm=16x16x16  fp8-cm=16x16x32  fp6-cm=0  fp4-cm=0
[1 llvmpipe (LLVM 22.1.8, 256 bits)]  queueC=0[1]  queueT=0[1]  rebar=1  r-score=14
[1 llvmpipe (LLVM 22.1.8, 256 bits)]  fp16-p/s/u/a=1/1/1/1  int8-p/s/u/a=1/1/1/1  bf16-p/s=1/0
[1 llvmpipe (LLVM 22.1.8, 256 bits)]  subgroup=8(8~8)  ops=1/1/1/1/1/1/1/1/1/1
[1 llvmpipe (LLVM 22.1.8, 256 bits)]  fp16-cm=8x8x8  int8-cm=8x8x8  bf16-cm=0  fp8-cm=0  fp6-cm=0  fp4-cm=0
[2 llvmpipe (LLVM 17.0.6, 256 bits)]  queueC=0[1]  queueT=0[1]  rebar=1  r-score=4
[2 llvmpipe (LLVM 17.0.6, 256 bits)]  fp16-p/s/u/a=1/1/1/1  int8-p/s/u/a=1/1/1/1  bf16-p/s=1/0
[2 llvmpipe (LLVM 17.0.6, 256 bits)]  subgroup=8(8~8)  ops=1/1/1/1/1/1/0/1/0/0
[2 llvmpipe (LLVM 17.0.6, 256 bits)]  fp16-cm=0  int8-cm=0  bf16-cm=0  fp8-cm=0  fp6-cm=0  fp4-cm=0
{"completed":0,"elapsed_ms":272.627598,"event":"progress","stage":"validating","total":38}
{"completed":0,"elapsed_ms":278.700613,"event":"progress","stage":"validating","total":38}
{"completed":0,"elapsed_ms":502.763469,"event":"progress","stage":"validating","total":38}
{"completed":0,"elapsed_ms":782.710335,"event":"progress","stage":"validating","total":38}
{"completed":0,"elapsed_ms":1117.61354,"event":"progress","stage":"validating","total":38}
{"completed":0,"elapsed_ms":1454.192598,"event":"progress","stage":"validating","total":38}
{"completed":0,"elapsed_ms":1801.103201,"event":"progress","stage":"validating","total":38}
{"completed":0,"elapsed_ms":2158.686512,"event":"progress","stage":"validating","total":38}
{"completed":0,"elapsed_ms":2520.727178,"event":"progress","stage":"validating","total":38}
{"completed":0,"elapsed_ms":2847.718526,"event":"progress","stage":"validating","total":38}
{"completed":0,"elapsed_ms":3153.134484,"event":"progress","stage":"validating","total":38}
{"completed":0,"elapsed_ms":3483.758901,"event":"progress","stage":"validating","total":38}
{"completed":0,"elapsed_ms":3825.473594,"event":"progress","stage":"validating","total":38}
{"completed":0,"elapsed_ms":4163.238331,"event":"progress","stage":"validating","total":38}
{"completed":0,"elapsed_ms":4495.338504,"event":"progress","stage":"validating","total":38}
{"completed":0,"elapsed_ms":4857.853957,"event":"progress","stage":"validating","total":38}
{"completed":0,"elapsed_ms":5228.840351,"event":"progress","stage":"validating","total":38}
{"completed":0,"elapsed_ms":5599.807418,"event":"progress","stage":"validating","total":38}
{"completed":0,"elapsed_ms":5972.043432,"event":"progress","stage":"validating","total":38}
{"completed":0,"elapsed_ms":6335.884126,"event":"progress","stage":"validating","total":38}
{"completed":0,"elapsed_ms":6700.49308,"event":"progress","stage":"validating","total":38}
{"completed":0,"elapsed_ms":7059.427953,"event":"progress","stage":"validating","total":38}
{"completed":0,"elapsed_ms":7404.998857,"event":"progress","stage":"validating","total":38}
{"completed":0,"elapsed_ms":7750.240739,"event":"progress","stage":"validating","total":38}
{"completed":0,"elapsed_ms":8102.031846,"event":"progress","stage":"validating","total":38}
{"completed":0,"elapsed_ms":8448.247376,"event":"progress","stage":"validating","total":38}
{"completed":0,"elapsed_ms":8798.380943,"event":"progress","stage":"validating","total":38}
{"completed":0,"elapsed_ms":9151.005123,"event":"progress","stage":"validating","total":38}
{"completed":0,"elapsed_ms":9503.891587,"event":"progress","stage":"validating","total":38}
{"completed":0,"elapsed_ms":9862.282663,"event":"progress","stage":"validating","total":38}
{"completed":0,"elapsed_ms":10217.461885,"event":"progress","stage":"validating","total":38}
{"completed":0,"elapsed_ms":10578.464352,"event":"progress","stage":"validating","total":38}
{"completed":0,"elapsed_ms":10933.018734,"event":"progress","stage":"validating","total":38}
{"completed":0,"elapsed_ms":11283.798311,"event":"progress","stage":"validating","total":38}
{"completed":0,"elapsed_ms":11637.250173,"event":"progress","stage":"validating","total":38}
{"completed":0,"elapsed_ms":11868.516087,"event":"progress","stage":"validating","total":38}
{"completed":0,"elapsed_ms":11869.843152,"event":"progress","stage":"validating","total":38}
[libx264 @ 0x3026a780] using cpu capabilities: MMX2 SSE2Fast SSSE3 SSE4.2 AVX FMA3 BMI2 AVX2 AVX512
[libx264 @ 0x3026a780] profile High, level 1.0, 4:2:0, 8-bit
[libx264 @ 0x3026a780] 264 - core 165 r3222 b35605a - H.264/MPEG-4 AVC codec - Copyleft 2003-2025 - http://www.videolan.org/x264.html - options: cabac=1 ref=2 deblock=1:0:0 analyse=0x3:0x113 me=hex subme=6 psy=1 psy_rd=1.00:0.00 mixed_ref=1 me_range=16 chroma_me=1 trellis=1 8x8dct=1 cqm=0 deadzone=21,11 fast_pskip=1 chroma_qp_offset=-2 threads=4 lookahead_threads=1 sliced_threads=0 nr=0 decimate=1 interlaced=0 bluray_compat=0 constrained_intra=0 bframes=0 weightp=1 keyint=250 keyint_min=8 scenecut=40 intra_refresh=0 rc_lookahead=30 rc=crf mbtree=1 crf=18.0 qcomp=0.60 qpmin=0 qpmax=69 qpstep=4 ip_ratio=1.40 aq=1:1.00
[mp4 @ 0x3016de40] Starting second pass: moving the moov atom to the beginning of the file
[libx264 @ 0x3026a780] frame I:1     Avg QP:18.55  size:  1174
[libx264 @ 0x3026a780] frame P:8     Avg QP:18.89  size:   723
[libx264 @ 0x3026a780] mb I  I16..4:  0.0% 90.0% 10.0%
[libx264 @ 0x3026a780] mb P  I16..4:  0.0%  8.1%  1.9%  P16..4: 35.0% 35.3% 17.8%  0.0%  0.0%    skip: 1.9%
[libx264 @ 0x3026a780] 8x8 transform intra:86.1% inter:62.1%
[libx264 @ 0x3026a780] coded y,uvDC,uvAC intra: 96.5% 72.2% 22.2% inter: 67.7% 32.6% 1.4%
[libx264 @ 0x3026a780] i8 v,h,dc,ddl,ddr,vr,hd,vl,hu: 28% 15% 13%  3%  6% 23%  3%  3%  5%
[libx264 @ 0x3026a780] i4 v,h,dc,ddl,ddr,vr,hd,vl,hu: 46% 18% 10%  2%  4%  7%  5%  4%  4%
[libx264 @ 0x3026a780] i8c dc,h,v,p: 64% 22% 12%  1%
[libx264 @ 0x3026a780] Weighted P-Frames: Y:12.5% UV:0.0%
[libx264 @ 0x3026a780] ref P L0: 80.1% 19.9%
[libx264 @ 0x3026a780] kb/s:49.49
{"completed":1,"elapsed_ms":12168.878414,"event":"progress","stage":"encoding","total":38}
overwrite built-in layer type Swish
{"completed":2,"elapsed_ms":13002.188603,"event":"progress","stage":"sampling","total":38}
{"completed":3,"elapsed_ms":13002.705879,"event":"progress","stage":"projecting","total":38}
overwrite built-in layer type Swish
{"completed":4,"elapsed_ms":13019.682228,"event":"progress","stage":"block-00","total":38}
overwrite built-in layer type Swish
overwrite built-in layer type RMSNorm
{"completed":5,"elapsed_ms":13421.599565,"event":"progress","stage":"block-01","total":38}
overwrite built-in layer type Swish
overwrite built-in layer type RMSNorm
{"completed":6,"elapsed_ms":13746.96832,"event":"progress","stage":"block-02","total":38}
overwrite built-in layer type Swish
overwrite built-in layer type RMSNorm
{"completed":7,"elapsed_ms":14069.724162,"event":"progress","stage":"block-03","total":38}
overwrite built-in layer type Swish
overwrite built-in layer type RMSNorm
{"completed":8,"elapsed_ms":14432.786177,"event":"progress","stage":"block-04","total":38}
overwrite built-in layer type Swish
overwrite built-in layer type RMSNorm
{"completed":9,"elapsed_ms":14789.345465,"event":"progress","stage":"block-05","total":38}
overwrite built-in layer type Swish
overwrite built-in layer type RMSNorm
{"completed":10,"elapsed_ms":15107.222246,"event":"progress","stage":"block-06","total":38}
overwrite built-in layer type Swish
overwrite built-in layer type RMSNorm
{"completed":11,"elapsed_ms":15405.742666,"event":"progress","stage":"block-07","total":38}
overwrite built-in layer type Swish
overwrite built-in layer type RMSNorm
{"completed":12,"elapsed_ms":15734.986026,"event":"progress","stage":"block-08","total":38}
overwrite built-in layer type Swish
overwrite built-in layer type RMSNorm
{"completed":13,"elapsed_ms":16091.148624,"event":"progress","stage":"block-09","total":38}
overwrite built-in layer type Swish
overwrite built-in layer type RMSNorm
{"completed":14,"elapsed_ms":16436.226337,"event":"progress","stage":"block-10","total":38}
overwrite built-in layer type Swish
overwrite built-in layer type RMSNorm
{"completed":15,"elapsed_ms":16770.823534,"event":"progress","stage":"block-11","total":38}
overwrite built-in layer type Swish
overwrite built-in layer type RMSNorm
{"completed":16,"elapsed_ms":17124.326112,"event":"progress","stage":"block-12","total":38}
overwrite built-in layer type Swish
overwrite built-in layer type RMSNorm
{"completed":17,"elapsed_ms":17469.214155999998,"event":"progress","stage":"block-13","total":38}
overwrite built-in layer type Swish
overwrite built-in layer type RMSNorm
{"completed":18,"elapsed_ms":17808.636242,"event":"progress","stage":"block-14","total":38}
overwrite built-in layer type Swish
overwrite built-in layer type RMSNorm
{"completed":19,"elapsed_ms":18148.593228,"event":"progress","stage":"block-15","total":38}
overwrite built-in layer type Swish
overwrite built-in layer type RMSNorm
{"completed":20,"elapsed_ms":18498.204058,"event":"progress","stage":"block-16","total":38}
overwrite built-in layer type Swish
overwrite built-in layer type RMSNorm
{"completed":21,"elapsed_ms":18852.147047,"event":"progress","stage":"block-17","total":38}
overwrite built-in layer type Swish
overwrite built-in layer type RMSNorm
{"completed":22,"elapsed_ms":19204.152428,"event":"progress","stage":"block-18","total":38}
overwrite built-in layer type Swish
overwrite built-in layer type RMSNorm
{"completed":23,"elapsed_ms":19540.050641,"event":"progress","stage":"block-19","total":38}
overwrite built-in layer type Swish
overwrite built-in layer type RMSNorm
{"completed":24,"elapsed_ms":19898.602601,"event":"progress","stage":"block-20","total":38}
overwrite built-in layer type Swish
overwrite built-in layer type RMSNorm
{"completed":25,"elapsed_ms":20247.647944,"event":"progress","stage":"block-21","total":38}
overwrite built-in layer type Swish
overwrite built-in layer type RMSNorm
{"completed":26,"elapsed_ms":20593.714564,"event":"progress","stage":"block-22","total":38}
overwrite built-in layer type Swish
overwrite built-in layer type RMSNorm
{"completed":27,"elapsed_ms":20937.096114,"event":"progress","stage":"block-23","total":38}
overwrite built-in layer type Swish
overwrite built-in layer type RMSNorm
{"completed":28,"elapsed_ms":21276.738305,"event":"progress","stage":"block-24","total":38}
overwrite built-in layer type Swish
overwrite built-in layer type RMSNorm
{"completed":29,"elapsed_ms":21610.97442,"event":"progress","stage":"block-25","total":38}
overwrite built-in layer type Swish
overwrite built-in layer type RMSNorm
{"completed":30,"elapsed_ms":21945.375477,"event":"progress","stage":"block-26","total":38}
overwrite built-in layer type Swish
overwrite built-in layer type RMSNorm
{"completed":31,"elapsed_ms":22298.816098,"event":"progress","stage":"block-27","total":38}
overwrite built-in layer type Swish
overwrite built-in layer type RMSNorm
{"completed":32,"elapsed_ms":22642.999923,"event":"progress","stage":"block-28","total":38}
overwrite built-in layer type Swish
overwrite built-in layer type RMSNorm
{"completed":33,"elapsed_ms":22983.82109,"event":"progress","stage":"block-29","total":38}
overwrite built-in layer type Swish
overwrite built-in layer type RMSNorm
{"completed":34,"elapsed_ms":23329.566683,"event":"progress","stage":"block-30","total":38}
overwrite built-in layer type Swish
overwrite built-in layer type RMSNorm
{"completed":35,"elapsed_ms":23692.105379,"event":"progress","stage":"block-31","total":38}
overwrite built-in layer type Swish
overwrite built-in layer type RMSNorm
{"completed":36,"elapsed_ms":23938.628817,"event":"progress","stage":"denoising","total":38}
overwrite built-in layer type Swish
{"completed":37,"elapsed_ms":23964.851291,"event":"progress","stage":"decoding","total":38}
overwrite built-in layer type Swish
[libx264 @ 0x7fa54cf43e80] using cpu capabilities: MMX2 SSE2Fast SSSE3 SSE4.2 AVX FMA3 BMI2 AVX2 AVX512
[libx264 @ 0x7fa54cf43e80] profile High, level 1.0, 4:2:0, 8-bit
[libx264 @ 0x7fa54cf43e80] 264 - core 165 r3222 b35605a - H.264/MPEG-4 AVC codec - Copyleft 2003-2025 - http://www.videolan.org/x264.html - options: cabac=1 ref=2 deblock=1:0:0 analyse=0x3:0x113 me=hex subme=6 psy=1 psy_rd=1.00:0.00 mixed_ref=1 me_range=16 chroma_me=1 trellis=1 8x8dct=1 cqm=0 deadzone=21,11 fast_pskip=1 chroma_qp_offset=-2 threads=4 lookahead_threads=1 sliced_threads=0 nr=0 decimate=1 interlaced=0 bluray_compat=0 constrained_intra=0 bframes=0 weightp=1 keyint=250 keyint_min=8 scenecut=40 intra_refresh=0 rc_lookahead=30 rc=crf mbtree=1 crf=18.0 qcomp=0.60 qpmin=0 qpmax=69 qpstep=4 ip_ratio=1.40 aq=1:1.00
[mp4 @ 0x330d86c0] Starting second pass: moving the moov atom to the beginning of the file
[libx264 @ 0x7fa54cf43e80] frame I:1     Avg QP:20.92  size:  1801
[libx264 @ 0x7fa54cf43e80] frame P:8     Avg QP:20.05  size:  1447
[libx264 @ 0x7fa54cf43e80] mb I  I16..4:  2.5% 55.0% 42.5%
[libx264 @ 0x7fa54cf43e80] mb P  I16..4:  0.0% 12.5% 19.4%  P16..4: 18.1% 34.4% 12.8%  0.0%  0.0%    skip: 2.8%
[libx264 @ 0x7fa54cf43e80] 8x8 transform intra:43.7% inter:52.8%
[libx264 @ 0x7fa54cf43e80] coded y,uvDC,uvAC intra: 97.7% 90.8% 51.4% inter: 75.0% 57.3% 0.0%
[libx264 @ 0x7fa54cf43e80] i16 v,h,dc,p:  0%  0%  0% 100%
[libx264 @ 0x7fa54cf43e80] i8 v,h,dc,ddl,ddr,vr,hd,vl,hu: 18% 14% 17%  3%  6% 21%  4%  5% 12%
[libx264 @ 0x7fa54cf43e80] i4 v,h,dc,ddl,ddr,vr,hd,vl,hu: 33% 11%  9%  2%  8% 17%  5%  9%  6%
[libx264 @ 0x7fa54cf43e80] i8c dc,h,v,p: 47% 21% 23%  9%
[libx264 @ 0x7fa54cf43e80] Weighted P-Frames: Y:25.0% UV:0.0%
[libx264 @ 0x7fa54cf43e80] ref P L0: 89.7% 10.3%
[libx264 @ 0x7fa54cf43e80] kb/s:95.12
{"completed":38,"elapsed_ms":25069.815802,"event":"progress","stage":"completed","total":38}
