[0 NVIDIA GeForce RTX 4060 Laptop GPU]  queueC=2[8]  queueT=1[2]  rebar=1  r-score=76
[0 NVIDIA GeForce RTX 4060 Laptop GPU]  fp16-p/s/u/a=1/1/1/1  int8-p/s/u/a=1/1/1/1  bf16-p/s=1/1
[0 NVIDIA GeForce RTX 4060 Laptop GPU]  subgroup=32(32~32)  ops=1/1/1/1/1/1/1/1/1/1
[0 NVIDIA GeForce RTX 4060 Laptop GPU]  fp16-cm=16x16x16/16x8x16/16x8x8  int8-cm=16x16x32/16x8x32  bf16-cm=16x16x16  fp8-cm=16x16x32  fp6-cm=0  fp4-cm=0
[1 llvmpipe (LLVM 22.1.8, 256 bits)]  queueC=0[1]  queueT=0[1]  rebar=1  r-score=14
[1 llvmpipe (LLVM 22.1.8, 256 bits)]  fp16-p/s/u/a=1/1/1/1  int8-p/s/u/a=1/1/1/1  bf16-p/s=1/0
[1 llvmpipe (LLVM 22.1.8, 256 bits)]  subgroup=8(8~8)  ops=1/1/1/1/1/1/1/1/1/1
[1 llvmpipe (LLVM 22.1.8, 256 bits)]  fp16-cm=8x8x8  int8-cm=8x8x8  bf16-cm=0  fp8-cm=0  fp6-cm=0  fp4-cm=0
[2 llvmpipe (LLVM 17.0.6, 256 bits)]  queueC=0[1]  queueT=0[1]  rebar=1  r-score=4
[2 llvmpipe (LLVM 17.0.6, 256 bits)]  fp16-p/s/u/a=1/1/1/1  int8-p/s/u/a=1/1/1/1  bf16-p/s=1/0
[2 llvmpipe (LLVM 17.0.6, 256 bits)]  subgroup=8(8~8)  ops=1/1/1/1/1/1/0/1/0/0
[2 llvmpipe (LLVM 17.0.6, 256 bits)]  fp16-cm=0  int8-cm=0  bf16-cm=0  fp8-cm=0  fp6-cm=0  fp4-cm=0
{"completed":0,"elapsed_ms":185.355081,"event":"progress","stage":"validating","total":38}
{"completed":0,"elapsed_ms":190.760466,"event":"progress","stage":"validating","total":38}
{"completed":0,"elapsed_ms":414.931365,"event":"progress","stage":"validating","total":38}
{"completed":0,"elapsed_ms":689.272038,"event":"progress","stage":"validating","total":38}
{"completed":0,"elapsed_ms":1020.827733,"event":"progress","stage":"validating","total":38}
{"completed":0,"elapsed_ms":1352.502473,"event":"progress","stage":"validating","total":38}
{"completed":0,"elapsed_ms":1702.484794,"event":"progress","stage":"validating","total":38}
{"completed":0,"elapsed_ms":2056.465494,"event":"progress","stage":"validating","total":38}
{"completed":0,"elapsed_ms":2420.483914,"event":"progress","stage":"validating","total":38}
{"completed":0,"elapsed_ms":2754.596346,"event":"progress","stage":"validating","total":38}
{"completed":0,"elapsed_ms":3064.194579,"event":"progress","stage":"validating","total":38}
{"completed":0,"elapsed_ms":3417.0794,"event":"progress","stage":"validating","total":38}
{"completed":0,"elapsed_ms":3772.907177,"event":"progress","stage":"validating","total":38}
{"completed":0,"elapsed_ms":4122.368405,"event":"progress","stage":"validating","total":38}
{"completed":0,"elapsed_ms":4470.771054,"event":"progress","stage":"validating","total":38}
{"completed":0,"elapsed_ms":4835.562624,"event":"progress","stage":"validating","total":38}
{"completed":0,"elapsed_ms":5196.630463,"event":"progress","stage":"validating","total":38}
{"completed":0,"elapsed_ms":5564.368385,"event":"progress","stage":"validating","total":38}
{"completed":0,"elapsed_ms":5926.450799,"event":"progress","stage":"validating","total":38}
{"completed":0,"elapsed_ms":6285.343603,"event":"progress","stage":"validating","total":38}
{"completed":0,"elapsed_ms":6645.150051,"event":"progress","stage":"validating","total":38}
{"completed":0,"elapsed_ms":6998.130803,"event":"progress","stage":"validating","total":38}
{"completed":0,"elapsed_ms":7354.695171,"event":"progress","stage":"validating","total":38}
{"completed":0,"elapsed_ms":7715.663372,"event":"progress","stage":"validating","total":38}
{"completed":0,"elapsed_ms":8071.247659,"event":"progress","stage":"validating","total":38}
{"completed":0,"elapsed_ms":8432.33176,"event":"progress","stage":"validating","total":38}
{"completed":0,"elapsed_ms":8790.163189,"event":"progress","stage":"validating","total":38}
{"completed":0,"elapsed_ms":9159.746685,"event":"progress","stage":"validating","total":38}
{"completed":0,"elapsed_ms":9509.243951,"event":"progress","stage":"validating","total":38}
{"completed":0,"elapsed_ms":9860.208507,"event":"progress","stage":"validating","total":38}
{"completed":0,"elapsed_ms":10213.607529,"event":"progress","stage":"validating","total":38}
{"completed":0,"elapsed_ms":10569.795656,"event":"progress","stage":"validating","total":38}
{"completed":0,"elapsed_ms":10927.247389,"event":"progress","stage":"validating","total":38}
{"completed":0,"elapsed_ms":11284.288286,"event":"progress","stage":"validating","total":38}
{"completed":0,"elapsed_ms":11639.020805,"event":"progress","stage":"validating","total":38}
{"completed":0,"elapsed_ms":11875.407737,"event":"progress","stage":"validating","total":38}
{"completed":0,"elapsed_ms":11876.673697,"event":"progress","stage":"validating","total":38}
[libx264 @ 0x346ad300] using cpu capabilities: MMX2 SSE2Fast SSSE3 SSE4.2 AVX FMA3 BMI2 AVX2 AVX512
[libx264 @ 0x346ad300] profile High, level 1.0, 4:2:0, 8-bit
[libx264 @ 0x346ad300] 264 - core 165 r3222 b35605a - H.264/MPEG-4 AVC codec - Copyleft 2003-2025 - http://www.videolan.org/x264.html - options: cabac=1 ref=2 deblock=1:0:0 analyse=0x3:0x113 me=hex subme=6 psy=1 psy_rd=1.00:0.00 mixed_ref=1 me_range=16 chroma_me=1 trellis=1 8x8dct=1 cqm=0 deadzone=21,11 fast_pskip=1 chroma_qp_offset=-2 threads=4 lookahead_threads=1 sliced_threads=0 nr=0 decimate=1 interlaced=0 bluray_compat=0 constrained_intra=0 bframes=0 weightp=1 keyint=250 keyint_min=8 scenecut=40 intra_refresh=0 rc_lookahead=30 rc=crf mbtree=1 crf=18.0 qcomp=0.60 qpmin=0 qpmax=69 qpstep=4 ip_ratio=1.40 aq=1:1.00
[mp4 @ 0x345b5c80] Starting second pass: moving the moov atom to the beginning of the file
[libx264 @ 0x346ad300] frame I:1     Avg QP:18.55  size:  1174
[libx264 @ 0x346ad300] frame P:7     Avg QP:18.87  size:   699
[libx264 @ 0x346ad300] mb I  I16..4:  0.0% 90.0% 10.0%
[libx264 @ 0x346ad300] mb P  I16..4:  0.0%  6.4%  2.5%  P16..4: 36.4% 35.4% 18.2%  0.0%  0.0%    skip: 1.1%
[libx264 @ 0x346ad300] 8x8 transform intra:83.1% inter:59.0%
[libx264 @ 0x346ad300] coded y,uvDC,uvAC intra: 95.8% 67.7% 18.5% inter: 65.4% 28.6% 2.7%
[libx264 @ 0x346ad300] i8 v,h,dc,ddl,ddr,vr,hd,vl,hu: 25% 15% 14%  4%  6% 25%  3%  3%  5%
[libx264 @ 0x346ad300] i4 v,h,dc,ddl,ddr,vr,hd,vl,hu: 52% 13%  7%  3%  2%  7%  6%  6%  4%
[libx264 @ 0x346ad300] i8c dc,h,v,p: 62% 26% 11%  2%
[libx264 @ 0x346ad300] Weighted P-Frames: Y:14.3% UV:0.0%
[libx264 @ 0x346ad300] ref P L0: 79.1% 20.9%
[libx264 @ 0x346ad300] kb/s:48.54
{"completed":1,"elapsed_ms":12191.001518,"event":"progress","stage":"encoding","total":38}
overwrite built-in layer type Swish
{"completed":2,"elapsed_ms":13009.936539,"event":"progress","stage":"sampling","total":38}
{"completed":3,"elapsed_ms":13010.480696,"event":"progress","stage":"projecting","total":38}
overwrite built-in layer type Swish
{"completed":4,"elapsed_ms":13028.740818,"event":"progress","stage":"block-00","total":38}
overwrite built-in layer type Swish
overwrite built-in layer type RMSNorm
{"completed":5,"elapsed_ms":13522.942433,"event":"progress","stage":"block-01","total":38}
overwrite built-in layer type Swish
overwrite built-in layer type RMSNorm
{"completed":6,"elapsed_ms":13881.617515,"event":"progress","stage":"block-02","total":38}
overwrite built-in layer type Swish
overwrite built-in layer type RMSNorm
{"completed":7,"elapsed_ms":14229.830487,"event":"progress","stage":"block-03","total":38}
overwrite built-in layer type Swish
overwrite built-in layer type RMSNorm
{"completed":8,"elapsed_ms":14589.764255,"event":"progress","stage":"block-04","total":38}
overwrite built-in layer type Swish
overwrite built-in layer type RMSNorm
{"completed":9,"elapsed_ms":14942.985531,"event":"progress","stage":"block-05","total":38}
overwrite built-in layer type Swish
overwrite built-in layer type RMSNorm
{"completed":10,"elapsed_ms":15265.032606,"event":"progress","stage":"block-06","total":38}
overwrite built-in layer type Swish
overwrite built-in layer type RMSNorm
{"completed":11,"elapsed_ms":15569.668861,"event":"progress","stage":"block-07","total":38}
overwrite built-in layer type Swish
overwrite built-in layer type RMSNorm
{"completed":12,"elapsed_ms":15886.738649,"event":"progress","stage":"block-08","total":38}
overwrite built-in layer type Swish
overwrite built-in layer type RMSNorm
{"completed":13,"elapsed_ms":16223.38794,"event":"progress","stage":"block-09","total":38}
overwrite built-in layer type Swish
overwrite built-in layer type RMSNorm
{"completed":14,"elapsed_ms":16568.605407,"event":"progress","stage":"block-10","total":38}
overwrite built-in layer type Swish
overwrite built-in layer type RMSNorm
{"completed":15,"elapsed_ms":16906.030532,"event":"progress","stage":"block-11","total":38}
overwrite built-in layer type Swish
overwrite built-in layer type RMSNorm
{"completed":16,"elapsed_ms":17259.124829,"event":"progress","stage":"block-12","total":38}
overwrite built-in layer type Swish
overwrite built-in layer type RMSNorm
{"completed":17,"elapsed_ms":17625.440175,"event":"progress","stage":"block-13","total":38}
overwrite built-in layer type Swish
overwrite built-in layer type RMSNorm
{"completed":18,"elapsed_ms":17973.700716,"event":"progress","stage":"block-14","total":38}
overwrite built-in layer type Swish
overwrite built-in layer type RMSNorm
{"completed":19,"elapsed_ms":18329.174635,"event":"progress","stage":"block-15","total":38}
overwrite built-in layer type Swish
overwrite built-in layer type RMSNorm
{"completed":20,"elapsed_ms":18683.641743,"event":"progress","stage":"block-16","total":38}
overwrite built-in layer type Swish
overwrite built-in layer type RMSNorm
{"completed":21,"elapsed_ms":19041.770895,"event":"progress","stage":"block-17","total":38}
overwrite built-in layer type Swish
overwrite built-in layer type RMSNorm
{"completed":22,"elapsed_ms":19390.20328,"event":"progress","stage":"block-18","total":38}
overwrite built-in layer type Swish
overwrite built-in layer type RMSNorm
{"completed":23,"elapsed_ms":19718.44022,"event":"progress","stage":"block-19","total":38}
overwrite built-in layer type Swish
overwrite built-in layer type RMSNorm
{"completed":24,"elapsed_ms":20053.25618,"event":"progress","stage":"block-20","total":38}
overwrite built-in layer type Swish
overwrite built-in layer type RMSNorm
{"completed":25,"elapsed_ms":20401.738651,"event":"progress","stage":"block-21","total":38}
overwrite built-in layer type Swish
overwrite built-in layer type RMSNorm
{"completed":26,"elapsed_ms":20756.20634,"event":"progress","stage":"block-22","total":38}
overwrite built-in layer type Swish
overwrite built-in layer type RMSNorm
{"completed":27,"elapsed_ms":21108.158641,"event":"progress","stage":"block-23","total":38}
overwrite built-in layer type Swish
overwrite built-in layer type RMSNorm
{"completed":28,"elapsed_ms":21462.899085,"event":"progress","stage":"block-24","total":38}
overwrite built-in layer type Swish
overwrite built-in layer type RMSNorm
{"completed":29,"elapsed_ms":21814.407698,"event":"progress","stage":"block-25","total":38}
overwrite built-in layer type Swish
overwrite built-in layer type RMSNorm
{"completed":30,"elapsed_ms":22156.945445,"event":"progress","stage":"block-26","total":38}
overwrite built-in layer type Swish
overwrite built-in layer type RMSNorm
{"completed":31,"elapsed_ms":22513.774984,"event":"progress","stage":"block-27","total":38}
overwrite built-in layer type Swish
overwrite built-in layer type RMSNorm
{"completed":32,"elapsed_ms":22857.524168,"event":"progress","stage":"block-28","total":38}
overwrite built-in layer type Swish
overwrite built-in layer type RMSNorm
{"completed":33,"elapsed_ms":23206.292237,"event":"progress","stage":"block-29","total":38}
overwrite built-in layer type Swish
overwrite built-in layer type RMSNorm
{"completed":34,"elapsed_ms":23555.149716,"event":"progress","stage":"block-30","total":38}
overwrite built-in layer type Swish
overwrite built-in layer type RMSNorm
{"completed":35,"elapsed_ms":23911.880988,"event":"progress","stage":"block-31","total":38}
overwrite built-in layer type Swish
overwrite built-in layer type RMSNorm
{"completed":36,"elapsed_ms":24154.006604,"event":"progress","stage":"denoising","total":38}
overwrite built-in layer type Swish
{"completed":37,"elapsed_ms":24180.091377,"event":"progress","stage":"decoding","total":38}
overwrite built-in layer type Swish
[libx264 @ 0x35b60dc0] using cpu capabilities: MMX2 SSE2Fast SSSE3 SSE4.2 AVX FMA3 BMI2 AVX2 AVX512
[libx264 @ 0x35b60dc0] profile High, level 1.0, 4:2:0, 8-bit
[libx264 @ 0x35b60dc0] 264 - core 165 r3222 b35605a - H.264/MPEG-4 AVC codec - Copyleft 2003-2025 - http://www.videolan.org/x264.html - options: cabac=1 ref=2 deblock=1:0:0 analyse=0x3:0x113 me=hex subme=6 psy=1 psy_rd=1.00:0.00 mixed_ref=1 me_range=16 chroma_me=1 trellis=1 8x8dct=1 cqm=0 deadzone=21,11 fast_pskip=1 chroma_qp_offset=-2 threads=4 lookahead_threads=1 sliced_threads=0 nr=0 decimate=1 interlaced=0 bluray_compat=0 constrained_intra=0 bframes=0 weightp=1 keyint=250 keyint_min=8 scenecut=40 intra_refresh=0 rc_lookahead=30 rc=crf mbtree=1 crf=18.0 qcomp=0.60 qpmin=0 qpmax=69 qpstep=4 ip_ratio=1.40 aq=1:1.00
[mp4 @ 0x35b4da40] Starting second pass: moving the moov atom to the beginning of the file
[libx264 @ 0x35b60dc0] frame I:1     Avg QP:20.90  size:  1777
[libx264 @ 0x35b60dc0] frame P:7     Avg QP:19.99  size:  1390
[libx264 @ 0x35b60dc0] mb I  I16..4:  0.0% 62.5% 37.5%
[libx264 @ 0x35b60dc0] mb P  I16..4:  0.4% 11.1% 14.3%  P16..4: 22.1% 33.9% 13.2%  0.0%  0.0%    skip: 5.0%
[libx264 @ 0x35b60dc0] 8x8 transform intra:50.0% inter:51.7%
[libx264 @ 0x35b60dc0] coded y,uvDC,uvAC intra: 98.7% 95.5% 56.2% inter: 72.5% 52.4% 0.5%
[libx264 @ 0x35b60dc0] i16 v,h,dc,p: 100%  0%  0%  0%
[libx264 @ 0x35b60dc0] i8 v,h,dc,ddl,ddr,vr,hd,vl,hu: 17% 13% 16%  5%  6% 23%  4%  4% 12%
[libx264 @ 0x35b60dc0] i4 v,h,dc,ddl,ddr,vr,hd,vl,hu: 36%  7%  9%  3%  9% 18%  5%  8%  5%
[libx264 @ 0x35b60dc0] i8c dc,h,v,p: 49% 24% 23%  4%
[libx264 @ 0x35b60dc0] Weighted P-Frames: Y:42.9% UV:0.0%
[libx264 @ 0x35b60dc0] ref P L0: 87.8% 12.2%
[libx264 @ 0x35b60dc0] kb/s:92.06
{"completed":38,"elapsed_ms":25331.981155,"event":"progress","stage":"completed","total":38}
