{
  "backend": "ncnn-vulkan",
  "build": "0.7.0",
  "comparison_input": "comparison-input.png",
  "converter_ncnn_commit": "6a1bf000f363714839a36793addc8c879d3d899e",
  "device": {
    "api_version": 4211017,
    "device_id": 10464,
    "driver_version": 2497102272,
    "index": 0,
    "name": "NVIDIA GeForce RTX 4060 Laptop GPU",
    "subgroup_size": 32,
    "vendor_id": 4318
  },
  "diagnostics": {
    "block-00-text": {
      "dtype": "f32le",
      "elements": 148480,
      "path": "block-00-text.f32",
      "sha256": "b828ecb0e482d292cfad34ada1f6309509c4fe4960d91fcb92930048dcf52581",
      "shape": [
        58,
        2560
      ]
    },
    "block-00-video": {
      "dtype": "f32le",
      "elements": 655360,
      "path": "block-00-video.f32",
      "sha256": "1ac15cd4e614ac03719d35a8ddf742171c2eebfb36ec0e5e9cf3e0eb741a90db",
      "shape": [
        256,
        2560
      ]
    },
    "block-01-text": {
      "dtype": "f32le",
      "elements": 148480,
      "path": "block-01-text.f32",
      "sha256": "2d3077a304dfe7361b42a33c36e74a39ba57a71ef2aae30f91a40a0e71b34cb8",
      "shape": [
        58,
        2560
      ]
    },
    "block-01-video": {
      "dtype": "f32le",
      "elements": 655360,
      "path": "block-01-video.f32",
      "sha256": "802ac3b94fae207a48bdcd1b98dcfbcb6eb05477b62bfab61a21380290334b07",
      "shape": [
        256,
        2560
      ]
    },
    "block-02-text": {
      "dtype": "f32le",
      "elements": 148480,
      "path": "block-02-text.f32",
      "sha256": "85ec10dc2f4ad3779cbf87180485de8495ecfa0aa85b77dd62589d934f272d02",
      "shape": [
        58,
        2560
      ]
    },
    "block-02-video": {
      "dtype": "f32le",
      "elements": 655360,
      "path": "block-02-video.f32",
      "sha256": "ad7b854afd98088573196d2e2058520c97c06b8b3c703c56ddf394ed84ec7b81",
      "shape": [
        256,
        2560
      ]
    },
    "block-03-text": {
      "dtype": "f32le",
      "elements": 148480,
      "path": "block-03-text.f32",
      "sha256": "0486eed7af5c1bc341bc6b644cbed54b86e1aec0acbffb5388ed6018f59de708",
      "shape": [
        58,
        2560
      ]
    },
    "block-03-video": {
      "dtype": "f32le",
      "elements": 655360,
      "path": "block-03-video.f32",
      "sha256": "a5bd2ac020898aa4449fe8f4ad8e5a8fca01140a6d6f1bbe00395b447e4f7bf0",
      "shape": [
        256,
        2560
      ]
    },
    "block-04-text": {
      "dtype": "f32le",
      "elements": 148480,
      "path": "block-04-text.f32",
      "sha256": "c64021dc0b950187e433ac152cdad8d395a19269fb9667b7da8cd8be137f0691",
      "shape": [
        58,
        2560
      ]
    },
    "block-04-video": {
      "dtype": "f32le",
      "elements": 655360,
      "path": "block-04-video.f32",
      "sha256": "52acc01473f732d97e66dd120b10ba9815cb589588708986227e943fc1d875ef",
      "shape": [
        256,
        2560
      ]
    },
    "block-05-text": {
      "dtype": "f32le",
      "elements": 148480,
      "path": "block-05-text.f32",
      "sha256": "fa4a9c57bd443bd512f15571297818e18ce929d78929b652f164546c67c9f70d",
      "shape": [
        58,
        2560
      ]
    },
    "block-05-video": {
      "dtype": "f32le",
      "elements": 655360,
      "path": "block-05-video.f32",
      "sha256": "085b4df543439acb5f8724f5da2ce7530206d184e661513fb1d735ff4be22d18",
      "shape": [
        256,
        2560
      ]
    },
    "block-06-text": {
      "dtype": "f32le",
      "elements": 148480,
      "path": "block-06-text.f32",
      "sha256": "e63f468f5134f6e9406a89d38b0ea8b65c59e40e77e5f2cb0efe1f6428d77d86",
      "shape": [
        58,
        2560
      ]
    },
    "block-06-video": {
      "dtype": "f32le",
      "elements": 655360,
      "path": "block-06-video.f32",
      "sha256": "5ec3d051974567bd16429cb0d67671d0d5107dd4ece4bd77262439f5541e5325",
      "shape": [
        256,
        2560
      ]
    },
    "block-07-text": {
      "dtype": "f32le",
      "elements": 148480,
      "path": "block-07-text.f32",
      "sha256": "b08fc88a576095fee17a0cb5595e2a09e92a23805da98619c3c1d73bc0ebda27",
      "shape": [
        58,
        2560
      ]
    },
    "block-07-video": {
      "dtype": "f32le",
      "elements": 655360,
      "path": "block-07-video.f32",
      "sha256": "0fb24fa6e3cbfcb3c12c7f28a720d17dd6b37b0d6c4adfef446c5903d5a941b5",
      "shape": [
        256,
        2560
      ]
    },
    "block-08-text": {
      "dtype": "f32le",
      "elements": 148480,
      "path": "block-08-text.f32",
      "sha256": "68b96a7bc20ed194acf4e68d3aa18496da3f241329e8487f8ad5206a92657559",
      "shape": [
        58,
        2560
      ]
    },
    "block-08-video": {
      "dtype": "f32le",
      "elements": 655360,
      "path": "block-08-video.f32",
      "sha256": "58140a64b903ab4330490944e01b4029c1488324212fb8a5d8981fc5cdd177a2",
      "shape": [
        256,
        2560
      ]
    },
    "block-09-text": {
      "dtype": "f32le",
      "elements": 148480,
      "path": "block-09-text.f32",
      "sha256": "3532b6b3755d1787cbcf95abdd5992f6a6d2b2ab2f5751c45ef6c87d4c37752a",
      "shape": [
        58,
        2560
      ]
    },
    "block-09-video": {
      "dtype": "f32le",
      "elements": 655360,
      "path": "block-09-video.f32",
      "sha256": "bf64341494392951987ee350728aa3d5c5b2340648c132fc5709b65de5937d31",
      "shape": [
        256,
        2560
      ]
    },
    "block-10-text": {
      "dtype": "f32le",
      "elements": 148480,
      "path": "block-10-text.f32",
      "sha256": "933d28c9dd7706cc5b2c97405ec794a90563fbad590b26fd1bfb15a2e3fc5056",
      "shape": [
        58,
        2560
      ]
    },
    "block-10-video": {
      "dtype": "f32le",
      "elements": 655360,
      "path": "block-10-video.f32",
      "sha256": "38aac37f701448740845484f6df3997dbbb5c1d76b9e9cebdec9b065bf732b8a",
      "shape": [
        256,
        2560
      ]
    },
    "block-11-text": {
      "dtype": "f32le",
      "elements": 148480,
      "path": "block-11-text.f32",
      "sha256": "693d44f3af589908fb5a4a6e554db18dfe2079068862f358cc85b86678827df4",
      "shape": [
        58,
        2560
      ]
    },
    "block-11-video": {
      "dtype": "f32le",
      "elements": 655360,
      "path": "block-11-video.f32",
      "sha256": "9a0fc77ca91bfdc41d9aa23053934d5e61cd2a963938bbe21197db49d3503268",
      "shape": [
        256,
        2560
      ]
    },
    "block-12-text": {
      "dtype": "f32le",
      "elements": 148480,
      "path": "block-12-text.f32",
      "sha256": "6e6da189d05b5366110b5901700d4bfb5d59922d5be7fbb737f91eb702eab07a",
      "shape": [
        58,
        2560
      ]
    },
    "block-12-video": {
      "dtype": "f32le",
      "elements": 655360,
      "path": "block-12-video.f32",
      "sha256": "c45b4a8d19430491ba994bbfa496ecade2c58dd9ef518114367356435d23738d",
      "shape": [
        256,
        2560
      ]
    },
    "block-13-text": {
      "dtype": "f32le",
      "elements": 148480,
      "path": "block-13-text.f32",
      "sha256": "ea4bf5378ab21f2352ddea0b439d750f9cc84f7821d3fc293d479e213ac4d61c",
      "shape": [
        58,
        2560
      ]
    },
    "block-13-video": {
      "dtype": "f32le",
      "elements": 655360,
      "path": "block-13-video.f32",
      "sha256": "153d0d8245eda7169a33018d1a9e1696d413899f21ef5f2345914297cdcae4dd",
      "shape": [
        256,
        2560
      ]
    },
    "block-14-text": {
      "dtype": "f32le",
      "elements": 148480,
      "path": "block-14-text.f32",
      "sha256": "9701b2b5ff3525a998ca0e7fa06b658a0ca936be41f345451a0141551fe45935",
      "shape": [
        58,
        2560
      ]
    },
    "block-14-video": {
      "dtype": "f32le",
      "elements": 655360,
      "path": "block-14-video.f32",
      "sha256": "aaf85f1b8840d4053bd29617d27370d15be67d24043a46f2b9f244ede50531eb",
      "shape": [
        256,
        2560
      ]
    },
    "block-15-text": {
      "dtype": "f32le",
      "elements": 148480,
      "path": "block-15-text.f32",
      "sha256": "36f10227962fc091320ca4173107955192f75652e883adb69dc92ce51c92a0cd",
      "shape": [
        58,
        2560
      ]
    },
    "block-15-video": {
      "dtype": "f32le",
      "elements": 655360,
      "path": "block-15-video.f32",
      "sha256": "9d789d744bc0dc3d4c4c6b2af1d154141929ec785ba5776cbec0014ef5caf362",
      "shape": [
        256,
        2560
      ]
    },
    "block-16-text": {
      "dtype": "f32le",
      "elements": 148480,
      "path": "block-16-text.f32",
      "sha256": "882c61c7c43539927aa81c44a345ec1f65bd7605c92c9a14a7fdf27cba2a3291",
      "shape": [
        58,
        2560
      ]
    },
    "block-16-video": {
      "dtype": "f32le",
      "elements": 655360,
      "path": "block-16-video.f32",
      "sha256": "dca19b37cdb3427dabe346f33808abac39793638e22de0405718ff163245e035",
      "shape": [
        256,
        2560
      ]
    },
    "block-17-text": {
      "dtype": "f32le",
      "elements": 148480,
      "path": "block-17-text.f32",
      "sha256": "a1499a7fb8b9a9741a89ed7fc89cbd94d9e5f99597bc9a0c492c84431ae747ac",
      "shape": [
        58,
        2560
      ]
    },
    "block-17-video": {
      "dtype": "f32le",
      "elements": 655360,
      "path": "block-17-video.f32",
      "sha256": "7734a9dc41b4deea56d066fad72aa8668c6cd5daa88ccb216499449a835b489e",
      "shape": [
        256,
        2560
      ]
    },
    "block-18-text": {
      "dtype": "f32le",
      "elements": 148480,
      "path": "block-18-text.f32",
      "sha256": "8a20682d3b7329a5d2285cbdcbbea1503fa628a7bff589a310c94a72bad12db0",
      "shape": [
        58,
        2560
      ]
    },
    "block-18-video": {
      "dtype": "f32le",
      "elements": 655360,
      "path": "block-18-video.f32",
      "sha256": "36a6db69faa795a564d02709300c941330fd9a98d2f4839d27b7d181b009cffc",
      "shape": [
        256,
        2560
      ]
    },
    "block-19-text": {
      "dtype": "f32le",
      "elements": 148480,
      "path": "block-19-text.f32",
      "sha256": "90531ae5a64276587a8ec33d8e470ba7d988db7673f072953c53d7831f6de3be",
      "shape": [
        58,
        2560
      ]
    },
    "block-19-video": {
      "dtype": "f32le",
      "elements": 655360,
      "path": "block-19-video.f32",
      "sha256": "4199f6e5b9b3c3c9bedea318d0bf6a24b15c051266f6b41d99ed38c50d9b623f",
      "shape": [
        256,
        2560
      ]
    },
    "block-20-text": {
      "dtype": "f32le",
      "elements": 148480,
      "path": "block-20-text.f32",
      "sha256": "59ed2e08e2d0ed8ac9403c114e4f2e7a22ff8a3444d5aa29f1752e0df8c6e243",
      "shape": [
        58,
        2560
      ]
    },
    "block-20-video": {
      "dtype": "f32le",
      "elements": 655360,
      "path": "block-20-video.f32",
      "sha256": "a146da2fb264ed238452435d363e03af9db75129d27b296db6b413b8d62e89f0",
      "shape": [
        256,
        2560
      ]
    },
    "block-21-text": {
      "dtype": "f32le",
      "elements": 148480,
      "path": "block-21-text.f32",
      "sha256": "3458876f8e5c4cf25fe046c4d20de0f345a7084ba53fbd54390d4c501a78b930",
      "shape": [
        58,
        2560
      ]
    },
    "block-21-video": {
      "dtype": "f32le",
      "elements": 655360,
      "path": "block-21-video.f32",
      "sha256": "01c678ca1bbdf5bed4f0e7118e16ac3c0873abf720625f6255ba67bccba93ebd",
      "shape": [
        256,
        2560
      ]
    },
    "block-22-text": {
      "dtype": "f32le",
      "elements": 148480,
      "path": "block-22-text.f32",
      "sha256": "df6b172dfbcef77073136a154c4511bb3118c35b8e018feccfea6134856f9ceb",
      "shape": [
        58,
        2560
      ]
    },
    "block-22-video": {
      "dtype": "f32le",
      "elements": 655360,
      "path": "block-22-video.f32",
      "sha256": "f3ae739858e7fcd006cf76f3cd7c1604363969d030e1a52d1fe2d341059a7084",
      "shape": [
        256,
        2560
      ]
    },
    "block-23-text": {
      "dtype": "f32le",
      "elements": 148480,
      "path": "block-23-text.f32",
      "sha256": "0b17daa54cddcea2e83522363de24454e71a26c515d24575628c9ed2828d76ee",
      "shape": [
        58,
        2560
      ]
    },
    "block-23-video": {
      "dtype": "f32le",
      "elements": 655360,
      "path": "block-23-video.f32",
      "sha256": "18c51797eafd1f62947df9862bf352523848a77aa40cb5547a80c40b8a95289c",
      "shape": [
        256,
        2560
      ]
    },
    "block-24-text": {
      "dtype": "f32le",
      "elements": 148480,
      "path": "block-24-text.f32",
      "sha256": "8ab30a237a1d2512de16895c61e1ba4839fd5c2fe76df4bfde3d04f555f5c3ec",
      "shape": [
        58,
        2560
      ]
    },
    "block-24-video": {
      "dtype": "f32le",
      "elements": 655360,
      "path": "block-24-video.f32",
      "sha256": "79d737b22033f7ad645ae4d08f0fb147c0767a826fc8ee2dd172f0ce20c37836",
      "shape": [
        256,
        2560
      ]
    },
    "block-25-text": {
      "dtype": "f32le",
      "elements": 148480,
      "path": "block-25-text.f32",
      "sha256": "bd9899999d66f13f9a82a1b7fccc979c2d5f79f81b8cf2d231396f1bda5d4a25",
      "shape": [
        58,
        2560
      ]
    },
    "block-25-video": {
      "dtype": "f32le",
      "elements": 655360,
      "path": "block-25-video.f32",
      "sha256": "d6d219d9f0a37cb102adcdd8f53441ad1b629eb14111e88747358ebde1f59a22",
      "shape": [
        256,
        2560
      ]
    },
    "block-26-text": {
      "dtype": "f32le",
      "elements": 148480,
      "path": "block-26-text.f32",
      "sha256": "4315a3b40c7d3b5a5a9a34ea7ca3dcb7d8b9ec564fa16f0953e1562b6d859173",
      "shape": [
        58,
        2560
      ]
    },
    "block-26-video": {
      "dtype": "f32le",
      "elements": 655360,
      "path": "block-26-video.f32",
      "sha256": "e6784f40fa2709c6d42da838a637e39be26e9dfec9d30e09162743c49d9701d0",
      "shape": [
        256,
        2560
      ]
    },
    "block-27-text": {
      "dtype": "f32le",
      "elements": 148480,
      "path": "block-27-text.f32",
      "sha256": "53757ade18c6337001616559a83bc9cc94c2adf177194b963699b0a92672d9fb",
      "shape": [
        58,
        2560
      ]
    },
    "block-27-video": {
      "dtype": "f32le",
      "elements": 655360,
      "path": "block-27-video.f32",
      "sha256": "788a28d1963732d2a6da1f2c2d306aee71cd148da6203c8564b693a9d463fdf7",
      "shape": [
        256,
        2560
      ]
    },
    "block-28-text": {
      "dtype": "f32le",
      "elements": 148480,
      "path": "block-28-text.f32",
      "sha256": "34cfa36c5d80dd4ebbc581e21f405b502400c2aa3a918a176cecede92d42b848",
      "shape": [
        58,
        2560
      ]
    },
    "block-28-video": {
      "dtype": "f32le",
      "elements": 655360,
      "path": "block-28-video.f32",
      "sha256": "6b5e121ea747348515dab77d49f0a6cf81063745ab3380f9673742cd8dcaaf17",
      "shape": [
        256,
        2560
      ]
    },
    "block-29-text": {
      "dtype": "f32le",
      "elements": 148480,
      "path": "block-29-text.f32",
      "sha256": "6e1b68b053509973ff9a7eb4067c1e070f5221ceb3661cfda83ea1c6c953a87f",
      "shape": [
        58,
        2560
      ]
    },
    "block-29-video": {
      "dtype": "f32le",
      "elements": 655360,
      "path": "block-29-video.f32",
      "sha256": "859ee96493613644ad73e52a267307380c6686c0aa5c77caa2e241a4cf2a8943",
      "shape": [
        256,
        2560
      ]
    },
    "block-30-text": {
      "dtype": "f32le",
      "elements": 148480,
      "path": "block-30-text.f32",
      "sha256": "30776c0b30522b97926571566d7a775df75af323fbbd39e4d51f8158e48b487a",
      "shape": [
        58,
        2560
      ]
    },
    "block-30-video": {
      "dtype": "f32le",
      "elements": 655360,
      "path": "block-30-video.f32",
      "sha256": "e6efc3eff92b77f48d4c7bede07c0e3c9a6b15626841164b83dc53ba11fbb6dd",
      "shape": [
        256,
        2560
      ]
    },
    "block-31-text": {
      "dtype": "f32le",
      "elements": 148480,
      "path": "block-31-text.f32",
      "sha256": "620ed0c4b7c2d5460734d8719336e1ca67677ec330aeabf1ccf8ed370cbff369",
      "shape": [
        58,
        2560
      ]
    },
    "block-31-video": {
      "dtype": "f32le",
      "elements": 655360,
      "path": "block-31-video.f32",
      "sha256": "d4fc78534a64eb9318702799e91152962a06b741cf2e3fe7ef797b4a7dc37a2a",
      "shape": [
        256,
        2560
      ]
    },
    "conditioned": {
      "dtype": "f32le",
      "elements": 16384,
      "path": "conditioned.f32",
      "sha256": "1a14a1b85e7acd70ead92d08ef69f86f5cea4816efde77eb4aa6a0e9261c287e",
      "shape": [
        16,
        32,
        32
      ]
    },
    "decoded": {
      "dtype": "f32le",
      "elements": 196608,
      "path": "decoded.f32",
      "sha256": "726f817b05c2ccaaf31a184b488032ab56df0e09023675aceb451329e2a984a5",
      "shape": [
        3,
        256,
        256
      ]
    },
    "latent": {
      "dtype": "f32le",
      "elements": 16384,
      "path": "latent.f32",
      "sha256": "a9c55e6d7aac55d88400a9a0a80fe12052529485ef1be56fc0d46b3f1073d7cc",
      "shape": [
        16,
        32,
        32
      ]
    },
    "noise": {
      "dtype": "f32le",
      "elements": 16384,
      "path": "noise.f32",
      "sha256": "9d8b022f42698051ee169c4e44ee24e90ef13fa6dadc51b37e7b79a1a7920084",
      "shape": [
        16,
        32,
        32
      ]
    },
    "patch-in": {
      "dtype": "f32le",
      "elements": 655360,
      "path": "patch-in.f32",
      "sha256": "c0fe46c9f9830844537bd9758cb014ef51c50156403e08d93076a8f917f7f894",
      "shape": [
        256,
        2560
      ]
    },
    "patch-out": {
      "dtype": "f32le",
      "elements": 16384,
      "path": "patch-out.f32",
      "sha256": "e82471f17b582a94739246588180ff9849b80a9f1a8553f6fa24fdde3d0baae3",
      "shape": [
        256,
        64
      ]
    },
    "patches": {
      "dtype": "f32le",
      "elements": 33792,
      "path": "patches.f32",
      "sha256": "f5e1e0935885b9e90188608b4582a6c702e2ae6deedd6b1b60ac75214cfeccef",
      "shape": [
        256,
        132
      ]
    },
    "posterior": {
      "dtype": "f32le",
      "elements": 32768,
      "path": "posterior.f32",
      "sha256": "0208edfbf85de00de1044ec24402f6e311a37fe02bf4219fc0a2baead42c9f6e",
      "shape": [
        32,
        32,
        32
      ]
    },
    "posterior-noise": {
      "dtype": "f32le",
      "elements": 16384,
      "path": "posterior-noise.f32",
      "sha256": "99c79c0d6ffed73385a1fd762e83ce1d624c35dc08869e5afd468e51a1888401",
      "shape": [
        16,
        32,
        32
      ]
    },
    "prepared": {
      "dtype": "f32le",
      "elements": 196608,
      "path": "prepared.f32",
      "sha256": "0e2d65ec6af623838e2b87dcdab1a63dbb120cc0559f6dd1386751096f506dad",
      "shape": [
        3,
        256,
        256
      ]
    },
    "text-in": {
      "dtype": "f32le",
      "elements": 148480,
      "path": "text-in.f32",
      "sha256": "c7cecae53e4f83d60cab1ebddeca3bdf028c630ef33feb0cfd58d8c1ab50e42d",
      "shape": [
        58,
        2560
      ]
    },
    "time-in": {
      "dtype": "f32le",
      "elements": 15360,
      "path": "time-in.f32",
      "sha256": "bd542b62115dab2f055c2ec0ff47df9ebdbe25a9bf1d287b7557c08d20c6e719",
      "shape": [
        2560,
        6
      ]
    },
    "velocity": {
      "dtype": "f32le",
      "elements": 16384,
      "path": "velocity.f32",
      "sha256": "c92fa0b1ce099b891849baedad10846ba1ce1348171d4c8df534403424223d07",
      "shape": [
        16,
        32,
        32
      ]
    }
  },
  "dispatch": "EXPLICIT_PER_LAYER_NO_BACKEND_FALLBACK",
  "executable_sha256": "2b7e5e7a629909bd2b9c288c3992a14ac211e1f9e8cc0b0c3821fa8398963016",
  "host_operations": [
    "image IO",
    "resizing",
    "layouts",
    "posterior sampling",
    "Euler endpoint"
  ],
  "implementation": {
    "executable_sha256": "2b7e5e7a629909bd2b9c288c3992a14ac211e1f9e8cc0b0c3821fa8398963016",
    "ncnn_runtime_patches": [
      {
        "compiled_allocator_sha256": "b8398e0d5ef5a367f80c5d2f13af1c8f170a83a39d0a1b458a40100924a55320",
        "id": "host-buffer-v1",
        "original_allocator_sha256": "601d69dab40823366fa6aa2be00c8e37bb0f1e960fe96323c36daed887c4fda2",
        "scope": "Imported-host buffer declaration and weight-buffer transfer-source usage"
      }
    ],
    "sdk_library_sha256": "ff86dcd0b05ea66f5ab384701701aced273582e0ee95fc0cfa12c9c4608f30f2"
  },
  "input": {
    "height": 128,
    "sha256": "60718db042617c501aa453ed16453f31b39a6400f71e938e09bc30b5e25520aa",
    "width": 128
  },
  "model_certificate": null,
  "model_manifest_sha256": "64c7c5a48bf6fffc193435535c39c6f559be71059e8510778c7eb3068b851298",
  "model_verified": false,
  "ncnn_commit": "3b7bdba7fc8aea8fd46779533eee027df77c639d",
  "noise_algorithm": "splitmix64-box-muller-v1",
  "numerical_validation": "NOT_PERFORMED_BY_RUNNER",
  "output": {
    "height": 256,
    "path": "output.png",
    "sha256": "b08acc5d3abb1388595bfee42e731593bd7d8893fc2ee61e7d0b65f7ec98a995",
    "width": 256
  },
  "package_authenticated": true,
  "preprocessing": "RGB8 / bicubic antialias / center crop 16 / normalize [-1,1]",
  "profile": "seedvr2-3b-image-fp32-b-v1",
  "resources": {
    "activation_peak_bytes": null,
    "autoregressive_kv_cache": false,
    "file_cache_peak_bytes": null,
    "largest_graph_weight_bytes": 634534028,
    "package_bytes": 20439064743,
    "pipeline_cache": "per-run Vulkan shader pipelines; no model weights or autoregressive keys",
    "process_lifetime_peak_rss_bytes": 624271360,
    "process_system_cpu_seconds": 26.70545,
    "process_user_cpu_seconds": 14.479438,
    "temporal_vae_cache": false,
    "unmeasured_scope": "Allocator categories are not inferred from process RSS or whole-card VRAM",
    "weight_placement": {
      "budget_unavailable": 0,
      "cache_enabled": false,
      "cpu_graphs": 0,
      "device_requests": 36,
      "host_requests": 0,
      "scope": "placement requests, not measured allocator residency"
    },
    "weight_residency": "one graph at a time",
    "workspace_peak_bytes": null
  },
  "sampling": {
    "cfg": 1,
    "color_fix": "none",
    "latent_scale": 0.9152,
    "steps": 1,
    "timestep": 1000
  },
  "schema_version": "seedvr2-image-run-v1",
  "seed": 666,
  "stages": [
    {
      "awa_cpu": 0,
      "awa_vulkan": 0,
      "awa_windows": 0,
      "backend": "ncnn-vulkan",
      "compute_ms": 107.193138,
      "cpu_layers": 0,
      "cpu_temporal_encoder_direct_convolution": false,
      "id": "encoder",
      "layers": 110,
      "load_ms": 1309.606836,
      "memory": {
        "activation_offload": false,
        "actual_weight_memory": "not_instrumented",
        "after_load": {
          "budget_bytes": 6045761536,
          "heap_index": 0,
          "source": "VK_EXT_memory_budget_estimate",
          "usage_bytes": 155975680
        },
        "after_release": {
          "budget_bytes": 6047858688,
          "heap_index": 0,
          "source": "VK_EXT_memory_budget_estimate",
          "usage_bytes": 152371200
        },
        "available_bytes": 6031867904,
        "before_load": {
          "budget_bytes": 6048972800,
          "heap_index": 0,
          "source": "VK_EXT_memory_budget_estimate",
          "usage_bytes": 17104896
        },
        "estimated_weight_bytes": 274193912,
        "oom_recovery": false,
        "policy": "auto",
        "reason": "budget_available",
        "requested_memory": "device",
        "reserve_bytes": 1512243200,
        "reserve_policy": "quarter_heap_budget",
        "scope": "weight placement before graph loading"
      },
      "vulkan_layers": 110,
      "weight_io": "buffered"
    },
    {
      "awa_cpu": 0,
      "awa_vulkan": 0,
      "awa_windows": 0,
      "backend": "ncnn-vulkan",
      "compute_ms": 5.084081,
      "cpu_layers": 0,
      "cpu_temporal_encoder_direct_convolution": false,
      "id": "patch-in",
      "layers": 1,
      "load_ms": 46.072557,
      "memory": {
        "activation_offload": false,
        "actual_weight_memory": "not_instrumented",
        "after_load": {
          "budget_bytes": 6047858688,
          "heap_index": 0,
          "source": "VK_EXT_memory_budget_estimate",
          "usage_bytes": 160759808
        },
        "after_release": {
          "budget_bytes": 6047858688,
          "heap_index": 0,
          "source": "VK_EXT_memory_budget_estimate",
          "usage_bytes": 152371200
        },
        "available_bytes": 5895487488,
        "before_load": {
          "budget_bytes": 6047858688,
          "heap_index": 0,
          "source": "VK_EXT_memory_budget_estimate",
          "usage_bytes": 152371200
        },
        "estimated_weight_bytes": 2723856,
        "oom_recovery": false,
        "policy": "auto",
        "reason": "budget_available",
        "requested_memory": "device",
        "reserve_bytes": 1511964672,
        "reserve_policy": "quarter_heap_budget",
        "scope": "weight placement before graph loading"
      },
      "vulkan_layers": 1,
      "weight_io": "buffered"
    },
    {
      "awa_cpu": 0,
      "awa_vulkan": 1,
      "awa_windows": 1,
      "backend": "ncnn-vulkan",
      "compute_ms": 162.054197,
      "cpu_layers": 0,
      "cpu_temporal_encoder_direct_convolution": false,
      "id": "block-00",
      "layers": 83,
      "load_ms": 1217.765675,
      "memory": {
        "activation_offload": false,
        "actual_weight_memory": "not_instrumented",
        "after_load": {
          "budget_bytes": 6047727616,
          "heap_index": 0,
          "source": "VK_EXT_memory_budget_estimate",
          "usage_bytes": 801701888
        },
        "after_release": {
          "budget_bytes": 6047858688,
          "heap_index": 0,
          "source": "VK_EXT_memory_budget_estimate",
          "usage_bytes": 152895488
        },
        "available_bytes": 5895487488,
        "before_load": {
          "budget_bytes": 6047858688,
          "heap_index": 0,
          "source": "VK_EXT_memory_budget_estimate",
          "usage_bytes": 152371200
        },
        "estimated_weight_bytes": 1269068056,
        "oom_recovery": false,
        "policy": "auto",
        "reason": "budget_available",
        "requested_memory": "device",
        "reserve_bytes": 1511964672,
        "reserve_policy": "quarter_heap_budget",
        "scope": "weight placement before graph loading"
      },
      "vulkan_layers": 83,
      "weight_io": "buffered"
    },
    {
      "awa_cpu": 0,
      "awa_vulkan": 1,
      "awa_windows": 1,
      "backend": "ncnn-vulkan",
      "compute_ms": 151.763742,
      "cpu_layers": 0,
      "cpu_temporal_encoder_direct_convolution": false,
      "id": "block-01",
      "layers": 83,
      "load_ms": 738.764964,
      "memory": {
        "activation_offload": false,
        "actual_weight_memory": "not_instrumented",
        "after_load": {
          "budget_bytes": 6048186368,
          "heap_index": 0,
          "source": "VK_EXT_memory_budget_estimate",
          "usage_bytes": 801701888
        },
        "after_release": {
          "budget_bytes": 6048317440,
          "heap_index": 0,
          "source": "VK_EXT_memory_budget_estimate",
          "usage_bytes": 152895488
        },
        "available_bytes": 5894963200,
        "before_load": {
          "budget_bytes": 6047858688,
          "heap_index": 0,
          "source": "VK_EXT_memory_budget_estimate",
          "usage_bytes": 152895488
        },
        "estimated_weight_bytes": 1269068056,
        "oom_recovery": false,
        "policy": "auto",
        "reason": "budget_available",
        "requested_memory": "device",
        "reserve_bytes": 1511964672,
        "reserve_policy": "quarter_heap_budget",
        "scope": "weight placement before graph loading"
      },
      "vulkan_layers": 83,
      "weight_io": "buffered"
    },
    {
      "awa_cpu": 0,
      "awa_vulkan": 1,
      "awa_windows": 1,
      "backend": "ncnn-vulkan",
      "compute_ms": 154.194174,
      "cpu_layers": 0,
      "cpu_temporal_encoder_direct_convolution": false,
      "id": "block-02",
      "layers": 83,
      "load_ms": 722.267228,
      "memory": {
        "activation_offload": false,
        "actual_weight_memory": "not_instrumented",
        "after_load": {
          "budget_bytes": 6048186368,
          "heap_index": 0,
          "source": "VK_EXT_memory_budget_estimate",
          "usage_bytes": 801701888
        },
        "after_release": {
          "budget_bytes": 6051069952,
          "heap_index": 0,
          "source": "VK_EXT_memory_budget_estimate",
          "usage_bytes": 152895488
        },
        "available_bytes": 5895421952,
        "before_load": {
          "budget_bytes": 6048317440,
          "heap_index": 0,
          "source": "VK_EXT_memory_budget_estimate",
          "usage_bytes": 152895488
        },
        "estimated_weight_bytes": 1269068056,
        "oom_recovery": false,
        "policy": "auto",
        "reason": "budget_available",
        "requested_memory": "device",
        "reserve_bytes": 1512079360,
        "reserve_policy": "quarter_heap_budget",
        "scope": "weight placement before graph loading"
      },
      "vulkan_layers": 83,
      "weight_io": "buffered"
    },
    {
      "awa_cpu": 0,
      "awa_vulkan": 1,
      "awa_windows": 1,
      "backend": "ncnn-vulkan",
      "compute_ms": 155.417109,
      "cpu_layers": 0,
      "cpu_temporal_encoder_direct_convolution": false,
      "id": "block-03",
      "layers": 83,
      "load_ms": 756.554499,
      "memory": {
        "activation_offload": false,
        "actual_weight_memory": "not_instrumented",
        "after_load": {
          "budget_bytes": 6050938880,
          "heap_index": 0,
          "source": "VK_EXT_memory_budget_estimate",
          "usage_bytes": 801701888
        },
        "after_release": {
          "budget_bytes": 6053167104,
          "heap_index": 0,
          "source": "VK_EXT_memory_budget_estimate",
          "usage_bytes": 152895488
        },
        "available_bytes": 5898174464,
        "before_load": {
          "budget_bytes": 6051069952,
          "heap_index": 0,
          "source": "VK_EXT_memory_budget_estimate",
          "usage_bytes": 152895488
        },
        "estimated_weight_bytes": 1269068056,
        "oom_recovery": false,
        "policy": "auto",
        "reason": "budget_available",
        "requested_memory": "device",
        "reserve_bytes": 1512767488,
        "reserve_policy": "quarter_heap_budget",
        "scope": "weight placement before graph loading"
      },
      "vulkan_layers": 83,
      "weight_io": "buffered"
    },
    {
      "awa_cpu": 0,
      "awa_vulkan": 1,
      "awa_windows": 1,
      "backend": "ncnn-vulkan",
      "compute_ms": 142.723528,
      "cpu_layers": 0,
      "cpu_temporal_encoder_direct_convolution": false,
      "id": "block-04",
      "layers": 83,
      "load_ms": 741.754623,
      "memory": {
        "activation_offload": false,
        "actual_weight_memory": "not_instrumented",
        "after_load": {
          "budget_bytes": 6048514048,
          "heap_index": 0,
          "source": "VK_EXT_memory_budget_estimate",
          "usage_bytes": 801701888
        },
        "after_release": {
          "budget_bytes": 6048710656,
          "heap_index": 0,
          "source": "VK_EXT_memory_budget_estimate",
          "usage_bytes": 152895488
        },
        "available_bytes": 5900271616,
        "before_load": {
          "budget_bytes": 6053167104,
          "heap_index": 0,
          "source": "VK_EXT_memory_budget_estimate",
          "usage_bytes": 152895488
        },
        "estimated_weight_bytes": 1269068056,
        "oom_recovery": false,
        "policy": "auto",
        "reason": "budget_available",
        "requested_memory": "device",
        "reserve_bytes": 1513291776,
        "reserve_policy": "quarter_heap_budget",
        "scope": "weight placement before graph loading"
      },
      "vulkan_layers": 83,
      "weight_io": "buffered"
    },
    {
      "awa_cpu": 0,
      "awa_vulkan": 1,
      "awa_windows": 1,
      "backend": "ncnn-vulkan",
      "compute_ms": 147.541651,
      "cpu_layers": 0,
      "cpu_temporal_encoder_direct_convolution": false,
      "id": "block-05",
      "layers": 83,
      "load_ms": 695.464788,
      "memory": {
        "activation_offload": false,
        "actual_weight_memory": "not_instrumented",
        "after_load": {
          "budget_bytes": 6048448512,
          "heap_index": 0,
          "source": "VK_EXT_memory_budget_estimate",
          "usage_bytes": 801701888
        },
        "after_release": {
          "budget_bytes": 6048579584,
          "heap_index": 0,
          "source": "VK_EXT_memory_budget_estimate",
          "usage_bytes": 152895488
        },
        "available_bytes": 5895815168,
        "before_load": {
          "budget_bytes": 6048710656,
          "heap_index": 0,
          "source": "VK_EXT_memory_budget_estimate",
          "usage_bytes": 152895488
        },
        "estimated_weight_bytes": 1269068056,
        "oom_recovery": false,
        "policy": "auto",
        "reason": "budget_available",
        "requested_memory": "device",
        "reserve_bytes": 1512177664,
        "reserve_policy": "quarter_heap_budget",
        "scope": "weight placement before graph loading"
      },
      "vulkan_layers": 83,
      "weight_io": "buffered"
    },
    {
      "awa_cpu": 0,
      "awa_vulkan": 1,
      "awa_windows": 1,
      "backend": "ncnn-vulkan",
      "compute_ms": 151.668757,
      "cpu_layers": 0,
      "cpu_temporal_encoder_direct_convolution": false,
      "id": "block-06",
      "layers": 83,
      "load_ms": 692.849134,
      "memory": {
        "activation_offload": false,
        "actual_weight_memory": "not_instrumented",
        "after_load": {
          "budget_bytes": 6048448512,
          "heap_index": 0,
          "source": "VK_EXT_memory_budget_estimate",
          "usage_bytes": 801701888
        },
        "after_release": {
          "budget_bytes": 6048579584,
          "heap_index": 0,
          "source": "VK_EXT_memory_budget_estimate",
          "usage_bytes": 152895488
        },
        "available_bytes": 5895684096,
        "before_load": {
          "budget_bytes": 6048579584,
          "heap_index": 0,
          "source": "VK_EXT_memory_budget_estimate",
          "usage_bytes": 152895488
        },
        "estimated_weight_bytes": 1269068056,
        "oom_recovery": false,
        "policy": "auto",
        "reason": "budget_available",
        "requested_memory": "device",
        "reserve_bytes": 1512144896,
        "reserve_policy": "quarter_heap_budget",
        "scope": "weight placement before graph loading"
      },
      "vulkan_layers": 83,
      "weight_io": "buffered"
    },
    {
      "awa_cpu": 0,
      "awa_vulkan": 1,
      "awa_windows": 1,
      "backend": "ncnn-vulkan",
      "compute_ms": 153.10897,
      "cpu_layers": 0,
      "cpu_temporal_encoder_direct_convolution": false,
      "id": "block-07",
      "layers": 83,
      "load_ms": 770.336847,
      "memory": {
        "activation_offload": false,
        "actual_weight_memory": "not_instrumented",
        "after_load": {
          "budget_bytes": 6048579584,
          "heap_index": 0,
          "source": "VK_EXT_memory_budget_estimate",
          "usage_bytes": 801701888
        },
        "after_release": {
          "budget_bytes": 6048710656,
          "heap_index": 0,
          "source": "VK_EXT_memory_budget_estimate",
          "usage_bytes": 152895488
        },
        "available_bytes": 5895684096,
        "before_load": {
          "budget_bytes": 6048579584,
          "heap_index": 0,
          "source": "VK_EXT_memory_budget_estimate",
          "usage_bytes": 152895488
        },
        "estimated_weight_bytes": 1269068056,
        "oom_recovery": false,
        "policy": "auto",
        "reason": "budget_available",
        "requested_memory": "device",
        "reserve_bytes": 1512144896,
        "reserve_policy": "quarter_heap_budget",
        "scope": "weight placement before graph loading"
      },
      "vulkan_layers": 83,
      "weight_io": "buffered"
    },
    {
      "awa_cpu": 0,
      "awa_vulkan": 1,
      "awa_windows": 1,
      "backend": "ncnn-vulkan",
      "compute_ms": 140.233729,
      "cpu_layers": 0,
      "cpu_temporal_encoder_direct_convolution": false,
      "id": "block-08",
      "layers": 83,
      "load_ms": 745.24889,
      "memory": {
        "activation_offload": false,
        "actual_weight_memory": "not_instrumented",
        "after_load": {
          "budget_bytes": 6051135488,
          "heap_index": 0,
          "source": "VK_EXT_memory_budget_estimate",
          "usage_bytes": 801701888
        },
        "after_release": {
          "budget_bytes": 6051266560,
          "heap_index": 0,
          "source": "VK_EXT_memory_budget_estimate",
          "usage_bytes": 152895488
        },
        "available_bytes": 5895815168,
        "before_load": {
          "budget_bytes": 6048710656,
          "heap_index": 0,
          "source": "VK_EXT_memory_budget_estimate",
          "usage_bytes": 152895488
        },
        "estimated_weight_bytes": 1269068056,
        "oom_recovery": false,
        "policy": "auto",
        "reason": "budget_available",
        "requested_memory": "device",
        "reserve_bytes": 1512177664,
        "reserve_policy": "quarter_heap_budget",
        "scope": "weight placement before graph loading"
      },
      "vulkan_layers": 83,
      "weight_io": "buffered"
    },
    {
      "awa_cpu": 0,
      "awa_vulkan": 1,
      "awa_windows": 1,
      "backend": "ncnn-vulkan",
      "compute_ms": 139.662631,
      "cpu_layers": 0,
      "cpu_temporal_encoder_direct_convolution": false,
      "id": "block-09",
      "layers": 83,
      "load_ms": 769.885668,
      "memory": {
        "activation_offload": false,
        "actual_weight_memory": "not_instrumented",
        "after_load": {
          "budget_bytes": 6048448512,
          "heap_index": 0,
          "source": "VK_EXT_memory_budget_estimate",
          "usage_bytes": 801701888
        },
        "after_release": {
          "budget_bytes": 6048579584,
          "heap_index": 0,
          "source": "VK_EXT_memory_budget_estimate",
          "usage_bytes": 152895488
        },
        "available_bytes": 5898371072,
        "before_load": {
          "budget_bytes": 6051266560,
          "heap_index": 0,
          "source": "VK_EXT_memory_budget_estimate",
          "usage_bytes": 152895488
        },
        "estimated_weight_bytes": 1269068056,
        "oom_recovery": false,
        "policy": "auto",
        "reason": "budget_available",
        "requested_memory": "device",
        "reserve_bytes": 1512816640,
        "reserve_policy": "quarter_heap_budget",
        "scope": "weight placement before graph loading"
      },
      "vulkan_layers": 83,
      "weight_io": "buffered"
    },
    {
      "awa_cpu": 0,
      "awa_vulkan": 1,
      "awa_windows": 1,
      "backend": "ncnn-vulkan",
      "compute_ms": 152.729028,
      "cpu_layers": 0,
      "cpu_temporal_encoder_direct_convolution": false,
      "id": "block-10",
      "layers": 83,
      "load_ms": 731.242139,
      "memory": {
        "activation_offload": false,
        "actual_weight_memory": "not_instrumented",
        "after_load": {
          "budget_bytes": 6048448512,
          "heap_index": 0,
          "source": "VK_EXT_memory_budget_estimate",
          "usage_bytes": 801308672
        },
        "after_release": {
          "budget_bytes": 6048579584,
          "heap_index": 0,
          "source": "VK_EXT_memory_budget_estimate",
          "usage_bytes": 152895488
        },
        "available_bytes": 5895684096,
        "before_load": {
          "budget_bytes": 6048579584,
          "heap_index": 0,
          "source": "VK_EXT_memory_budget_estimate",
          "usage_bytes": 152895488
        },
        "estimated_weight_bytes": 1268945176,
        "oom_recovery": false,
        "policy": "auto",
        "reason": "budget_available",
        "requested_memory": "device",
        "reserve_bytes": 1512144896,
        "reserve_policy": "quarter_heap_budget",
        "scope": "weight placement before graph loading"
      },
      "vulkan_layers": 83,
      "weight_io": "buffered"
    },
    {
      "awa_cpu": 0,
      "awa_vulkan": 1,
      "awa_windows": 1,
      "backend": "ncnn-vulkan",
      "compute_ms": 151.98102,
      "cpu_layers": 0,
      "cpu_temporal_encoder_direct_convolution": false,
      "id": "block-11",
      "layers": 83,
      "load_ms": 749.964903,
      "memory": {
        "activation_offload": false,
        "actual_weight_memory": "not_instrumented",
        "after_load": {
          "budget_bytes": 6047858688,
          "heap_index": 0,
          "source": "VK_EXT_memory_budget_estimate",
          "usage_bytes": 801308672
        },
        "after_release": {
          "budget_bytes": 6047989760,
          "heap_index": 0,
          "source": "VK_EXT_memory_budget_estimate",
          "usage_bytes": 152895488
        },
        "available_bytes": 5895684096,
        "before_load": {
          "budget_bytes": 6048579584,
          "heap_index": 0,
          "source": "VK_EXT_memory_budget_estimate",
          "usage_bytes": 152895488
        },
        "estimated_weight_bytes": 1268945176,
        "oom_recovery": false,
        "policy": "auto",
        "reason": "budget_available",
        "requested_memory": "device",
        "reserve_bytes": 1512144896,
        "reserve_policy": "quarter_heap_budget",
        "scope": "weight placement before graph loading"
      },
      "vulkan_layers": 83,
      "weight_io": "buffered"
    },
    {
      "awa_cpu": 0,
      "awa_vulkan": 1,
      "awa_windows": 1,
      "backend": "ncnn-vulkan",
      "compute_ms": 148.14362,
      "cpu_layers": 0,
      "cpu_temporal_encoder_direct_convolution": false,
      "id": "block-12",
      "layers": 83,
      "load_ms": 747.484603,
      "memory": {
        "activation_offload": false,
        "actual_weight_memory": "not_instrumented",
        "after_load": {
          "budget_bytes": 6035079168,
          "heap_index": 0,
          "source": "VK_EXT_memory_budget_estimate",
          "usage_bytes": 801308672
        },
        "after_release": {
          "budget_bytes": 6035144704,
          "heap_index": 0,
          "source": "VK_EXT_memory_budget_estimate",
          "usage_bytes": 152895488
        },
        "available_bytes": 5895094272,
        "before_load": {
          "budget_bytes": 6047989760,
          "heap_index": 0,
          "source": "VK_EXT_memory_budget_estimate",
          "usage_bytes": 152895488
        },
        "estimated_weight_bytes": 1268945176,
        "oom_recovery": false,
        "policy": "auto",
        "reason": "budget_available",
        "requested_memory": "device",
        "reserve_bytes": 1511997440,
        "reserve_policy": "quarter_heap_budget",
        "scope": "weight placement before graph loading"
      },
      "vulkan_layers": 83,
      "weight_io": "buffered"
    },
    {
      "awa_cpu": 0,
      "awa_vulkan": 1,
      "awa_windows": 1,
      "backend": "ncnn-vulkan",
      "compute_ms": 149.78805,
      "cpu_layers": 0,
      "cpu_temporal_encoder_direct_convolution": false,
      "id": "block-13",
      "layers": 83,
      "load_ms": 737.139531,
      "memory": {
        "activation_offload": false,
        "actual_weight_memory": "not_instrumented",
        "after_load": {
          "budget_bytes": 6035013632,
          "heap_index": 0,
          "source": "VK_EXT_memory_budget_estimate",
          "usage_bytes": 801308672
        },
        "after_release": {
          "budget_bytes": 6037831680,
          "heap_index": 0,
          "source": "VK_EXT_memory_budget_estimate",
          "usage_bytes": 152895488
        },
        "available_bytes": 5882249216,
        "before_load": {
          "budget_bytes": 6035144704,
          "heap_index": 0,
          "source": "VK_EXT_memory_budget_estimate",
          "usage_bytes": 152895488
        },
        "estimated_weight_bytes": 1268945176,
        "oom_recovery": false,
        "policy": "auto",
        "reason": "budget_available",
        "requested_memory": "device",
        "reserve_bytes": 1508786176,
        "reserve_policy": "quarter_heap_budget",
        "scope": "weight placement before graph loading"
      },
      "vulkan_layers": 83,
      "weight_io": "buffered"
    },
    {
      "awa_cpu": 0,
      "awa_vulkan": 1,
      "awa_windows": 1,
      "backend": "ncnn-vulkan",
      "compute_ms": 162.841387,
      "cpu_layers": 0,
      "cpu_temporal_encoder_direct_convolution": false,
      "id": "block-14",
      "layers": 83,
      "load_ms": 684.416825,
      "memory": {
        "activation_offload": false,
        "actual_weight_memory": "not_instrumented",
        "after_load": {
          "budget_bytes": 6037700608,
          "heap_index": 0,
          "source": "VK_EXT_memory_budget_estimate",
          "usage_bytes": 801308672
        },
        "after_release": {
          "budget_bytes": 6037831680,
          "heap_index": 0,
          "source": "VK_EXT_memory_budget_estimate",
          "usage_bytes": 152895488
        },
        "available_bytes": 5884936192,
        "before_load": {
          "budget_bytes": 6037831680,
          "heap_index": 0,
          "source": "VK_EXT_memory_budget_estimate",
          "usage_bytes": 152895488
        },
        "estimated_weight_bytes": 1268945176,
        "oom_recovery": false,
        "policy": "auto",
        "reason": "budget_available",
        "requested_memory": "device",
        "reserve_bytes": 1509457920,
        "reserve_policy": "quarter_heap_budget",
        "scope": "weight placement before graph loading"
      },
      "vulkan_layers": 83,
      "weight_io": "buffered"
    },
    {
      "awa_cpu": 0,
      "awa_vulkan": 1,
      "awa_windows": 1,
      "backend": "ncnn-vulkan",
      "compute_ms": 145.814108,
      "cpu_layers": 0,
      "cpu_temporal_encoder_direct_convolution": false,
      "id": "block-15",
      "layers": 83,
      "load_ms": 702.403454,
      "memory": {
        "activation_offload": false,
        "actual_weight_memory": "not_instrumented",
        "after_load": {
          "budget_bytes": 6035341312,
          "heap_index": 0,
          "source": "VK_EXT_memory_budget_estimate",
          "usage_bytes": 801308672
        },
        "after_release": {
          "budget_bytes": 6035472384,
          "heap_index": 0,
          "source": "VK_EXT_memory_budget_estimate",
          "usage_bytes": 152895488
        },
        "available_bytes": 5884936192,
        "before_load": {
          "budget_bytes": 6037831680,
          "heap_index": 0,
          "source": "VK_EXT_memory_budget_estimate",
          "usage_bytes": 152895488
        },
        "estimated_weight_bytes": 1268945176,
        "oom_recovery": false,
        "policy": "auto",
        "reason": "budget_available",
        "requested_memory": "device",
        "reserve_bytes": 1509457920,
        "reserve_policy": "quarter_heap_budget",
        "scope": "weight placement before graph loading"
      },
      "vulkan_layers": 83,
      "weight_io": "buffered"
    },
    {
      "awa_cpu": 0,
      "awa_vulkan": 1,
      "awa_windows": 1,
      "backend": "ncnn-vulkan",
      "compute_ms": 153.620701,
      "cpu_layers": 0,
      "cpu_temporal_encoder_direct_convolution": false,
      "id": "block-16",
      "layers": 83,
      "load_ms": 772.275733,
      "memory": {
        "activation_offload": false,
        "actual_weight_memory": "not_instrumented",
        "after_load": {
          "budget_bytes": 6035603456,
          "heap_index": 0,
          "source": "VK_EXT_memory_budget_estimate",
          "usage_bytes": 801308672
        },
        "after_release": {
          "budget_bytes": 6035734528,
          "heap_index": 0,
          "source": "VK_EXT_memory_budget_estimate",
          "usage_bytes": 152895488
        },
        "available_bytes": 5882576896,
        "before_load": {
          "budget_bytes": 6035472384,
          "heap_index": 0,
          "source": "VK_EXT_memory_budget_estimate",
          "usage_bytes": 152895488
        },
        "estimated_weight_bytes": 1268945176,
        "oom_recovery": false,
        "policy": "auto",
        "reason": "budget_available",
        "requested_memory": "device",
        "reserve_bytes": 1508868096,
        "reserve_policy": "quarter_heap_budget",
        "scope": "weight placement before graph loading"
      },
      "vulkan_layers": 83,
      "weight_io": "buffered"
    },
    {
      "awa_cpu": 0,
      "awa_vulkan": 1,
      "awa_windows": 1,
      "backend": "ncnn-vulkan",
      "compute_ms": 139.414483,
      "cpu_layers": 0,
      "cpu_temporal_encoder_direct_convolution": false,
      "id": "block-17",
      "layers": 83,
      "load_ms": 748.142375,
      "memory": {
        "activation_offload": false,
        "actual_weight_memory": "not_instrumented",
        "after_load": {
          "budget_bytes": 6048382976,
          "heap_index": 0,
          "source": "VK_EXT_memory_budget_estimate",
          "usage_bytes": 801308672
        },
        "after_release": {
          "budget_bytes": 6048514048,
          "heap_index": 0,
          "source": "VK_EXT_memory_budget_estimate",
          "usage_bytes": 152895488
        },
        "available_bytes": 5882839040,
        "before_load": {
          "budget_bytes": 6035734528,
          "heap_index": 0,
          "source": "VK_EXT_memory_budget_estimate",
          "usage_bytes": 152895488
        },
        "estimated_weight_bytes": 1268945176,
        "oom_recovery": false,
        "policy": "auto",
        "reason": "budget_available",
        "requested_memory": "device",
        "reserve_bytes": 1508933632,
        "reserve_policy": "quarter_heap_budget",
        "scope": "weight placement before graph loading"
      },
      "vulkan_layers": 83,
      "weight_io": "buffered"
    },
    {
      "awa_cpu": 0,
      "awa_vulkan": 1,
      "awa_windows": 1,
      "backend": "ncnn-vulkan",
      "compute_ms": 156.749276,
      "cpu_layers": 0,
      "cpu_temporal_encoder_direct_convolution": false,
      "id": "block-18",
      "layers": 83,
      "load_ms": 762.597931,
      "memory": {
        "activation_offload": false,
        "actual_weight_memory": "not_instrumented",
        "after_load": {
          "budget_bytes": 6048317440,
          "heap_index": 0,
          "source": "VK_EXT_memory_budget_estimate",
          "usage_bytes": 801308672
        },
        "after_release": {
          "budget_bytes": 6048448512,
          "heap_index": 0,
          "source": "VK_EXT_memory_budget_estimate",
          "usage_bytes": 152895488
        },
        "available_bytes": 5895618560,
        "before_load": {
          "budget_bytes": 6048514048,
          "heap_index": 0,
          "source": "VK_EXT_memory_budget_estimate",
          "usage_bytes": 152895488
        },
        "estimated_weight_bytes": 1268945176,
        "oom_recovery": false,
        "policy": "auto",
        "reason": "budget_available",
        "requested_memory": "device",
        "reserve_bytes": 1512128512,
        "reserve_policy": "quarter_heap_budget",
        "scope": "weight placement before graph loading"
      },
      "vulkan_layers": 83,
      "weight_io": "buffered"
    },
    {
      "awa_cpu": 0,
      "awa_vulkan": 1,
      "awa_windows": 1,
      "backend": "ncnn-vulkan",
      "compute_ms": 147.34337,
      "cpu_layers": 0,
      "cpu_temporal_encoder_direct_convolution": false,
      "id": "block-19",
      "layers": 83,
      "load_ms": 746.547812,
      "memory": {
        "activation_offload": false,
        "actual_weight_memory": "not_instrumented",
        "after_load": {
          "budget_bytes": 6050938880,
          "heap_index": 0,
          "source": "VK_EXT_memory_budget_estimate",
          "usage_bytes": 801308672
        },
        "after_release": {
          "budget_bytes": 6051069952,
          "heap_index": 0,
          "source": "VK_EXT_memory_budget_estimate",
          "usage_bytes": 152895488
        },
        "available_bytes": 5895553024,
        "before_load": {
          "budget_bytes": 6048448512,
          "heap_index": 0,
          "source": "VK_EXT_memory_budget_estimate",
          "usage_bytes": 152895488
        },
        "estimated_weight_bytes": 1268945176,
        "oom_recovery": false,
        "policy": "auto",
        "reason": "budget_available",
        "requested_memory": "device",
        "reserve_bytes": 1512112128,
        "reserve_policy": "quarter_heap_budget",
        "scope": "weight placement before graph loading"
      },
      "vulkan_layers": 83,
      "weight_io": "buffered"
    },
    {
      "awa_cpu": 0,
      "awa_vulkan": 1,
      "awa_windows": 1,
      "backend": "ncnn-vulkan",
      "compute_ms": 138.348274,
      "cpu_layers": 0,
      "cpu_temporal_encoder_direct_convolution": false,
      "id": "block-20",
      "layers": 83,
      "load_ms": 745.345062,
      "memory": {
        "activation_offload": false,
        "actual_weight_memory": "not_instrumented",
        "after_load": {
          "budget_bytes": 6045040640,
          "heap_index": 0,
          "source": "VK_EXT_memory_budget_estimate",
          "usage_bytes": 801308672
        },
        "after_release": {
          "budget_bytes": 6040387584,
          "heap_index": 0,
          "source": "VK_EXT_memory_budget_estimate",
          "usage_bytes": 152895488
        },
        "available_bytes": 5898174464,
        "before_load": {
          "budget_bytes": 6051069952,
          "heap_index": 0,
          "source": "VK_EXT_memory_budget_estimate",
          "usage_bytes": 152895488
        },
        "estimated_weight_bytes": 1268945176,
        "oom_recovery": false,
        "policy": "auto",
        "reason": "budget_available",
        "requested_memory": "device",
        "reserve_bytes": 1512767488,
        "reserve_policy": "quarter_heap_budget",
        "scope": "weight placement before graph loading"
      },
      "vulkan_layers": 83,
      "weight_io": "buffered"
    },
    {
      "awa_cpu": 0,
      "awa_vulkan": 1,
      "awa_windows": 1,
      "backend": "ncnn-vulkan",
      "compute_ms": 142.310343,
      "cpu_layers": 0,
      "cpu_temporal_encoder_direct_convolution": false,
      "id": "block-21",
      "layers": 83,
      "load_ms": 755.326816,
      "memory": {
        "activation_offload": false,
        "actual_weight_memory": "not_instrumented",
        "after_load": {
          "budget_bytes": 6040190976,
          "heap_index": 0,
          "source": "VK_EXT_memory_budget_estimate",
          "usage_bytes": 801308672
        },
        "after_release": {
          "budget_bytes": 6040322048,
          "heap_index": 0,
          "source": "VK_EXT_memory_budget_estimate",
          "usage_bytes": 152895488
        },
        "available_bytes": 5887492096,
        "before_load": {
          "budget_bytes": 6040387584,
          "heap_index": 0,
          "source": "VK_EXT_memory_budget_estimate",
          "usage_bytes": 152895488
        },
        "estimated_weight_bytes": 1268945176,
        "oom_recovery": false,
        "policy": "auto",
        "reason": "budget_available",
        "requested_memory": "device",
        "reserve_bytes": 1510096896,
        "reserve_policy": "quarter_heap_budget",
        "scope": "weight placement before graph loading"
      },
      "vulkan_layers": 83,
      "weight_io": "buffered"
    },
    {
      "awa_cpu": 0,
      "awa_vulkan": 1,
      "awa_windows": 1,
      "backend": "ncnn-vulkan",
      "compute_ms": 147.32081,
      "cpu_layers": 0,
      "cpu_temporal_encoder_direct_convolution": false,
      "id": "block-22",
      "layers": 83,
      "load_ms": 748.699226,
      "memory": {
        "activation_offload": false,
        "actual_weight_memory": "not_instrumented",
        "after_load": {
          "budget_bytes": 6040256512,
          "heap_index": 0,
          "source": "VK_EXT_memory_budget_estimate",
          "usage_bytes": 801308672
        },
        "after_release": {
          "budget_bytes": 6040256512,
          "heap_index": 0,
          "source": "VK_EXT_memory_budget_estimate",
          "usage_bytes": 152895488
        },
        "available_bytes": 5887426560,
        "before_load": {
          "budget_bytes": 6040322048,
          "heap_index": 0,
          "source": "VK_EXT_memory_budget_estimate",
          "usage_bytes": 152895488
        },
        "estimated_weight_bytes": 1268945176,
        "oom_recovery": false,
        "policy": "auto",
        "reason": "budget_available",
        "requested_memory": "device",
        "reserve_bytes": 1510080512,
        "reserve_policy": "quarter_heap_budget",
        "scope": "weight placement before graph loading"
      },
      "vulkan_layers": 83,
      "weight_io": "buffered"
    },
    {
      "awa_cpu": 0,
      "awa_vulkan": 1,
      "awa_windows": 1,
      "backend": "ncnn-vulkan",
      "compute_ms": 135.210202,
      "cpu_layers": 0,
      "cpu_temporal_encoder_direct_convolution": false,
      "id": "block-23",
      "layers": 83,
      "load_ms": 707.009048,
      "memory": {
        "activation_offload": false,
        "actual_weight_memory": "not_instrumented",
        "after_load": {
          "budget_bytes": 6040125440,
          "heap_index": 0,
          "source": "VK_EXT_memory_budget_estimate",
          "usage_bytes": 801308672
        },
        "after_release": {
          "budget_bytes": 6040256512,
          "heap_index": 0,
          "source": "VK_EXT_memory_budget_estimate",
          "usage_bytes": 152895488
        },
        "available_bytes": 5887361024,
        "before_load": {
          "budget_bytes": 6040256512,
          "heap_index": 0,
          "source": "VK_EXT_memory_budget_estimate",
          "usage_bytes": 152895488
        },
        "estimated_weight_bytes": 1268945176,
        "oom_recovery": false,
        "policy": "auto",
        "reason": "budget_available",
        "requested_memory": "device",
        "reserve_bytes": 1510064128,
        "reserve_policy": "quarter_heap_budget",
        "scope": "weight placement before graph loading"
      },
      "vulkan_layers": 83,
      "weight_io": "buffered"
    },
    {
      "awa_cpu": 0,
      "awa_vulkan": 1,
      "awa_windows": 1,
      "backend": "ncnn-vulkan",
      "compute_ms": 140.540056,
      "cpu_layers": 0,
      "cpu_temporal_encoder_direct_convolution": false,
      "id": "block-24",
      "layers": 83,
      "load_ms": 704.970429,
      "memory": {
        "activation_offload": false,
        "actual_weight_memory": "not_instrumented",
        "after_load": {
          "budget_bytes": 6040125440,
          "heap_index": 0,
          "source": "VK_EXT_memory_budget_estimate",
          "usage_bytes": 801308672
        },
        "after_release": {
          "budget_bytes": 6040256512,
          "heap_index": 0,
          "source": "VK_EXT_memory_budget_estimate",
          "usage_bytes": 152895488
        },
        "available_bytes": 5887361024,
        "before_load": {
          "budget_bytes": 6040256512,
          "heap_index": 0,
          "source": "VK_EXT_memory_budget_estimate",
          "usage_bytes": 152895488
        },
        "estimated_weight_bytes": 1268945176,
        "oom_recovery": false,
        "policy": "auto",
        "reason": "budget_available",
        "requested_memory": "device",
        "reserve_bytes": 1510064128,
        "reserve_policy": "quarter_heap_budget",
        "scope": "weight placement before graph loading"
      },
      "vulkan_layers": 83,
      "weight_io": "buffered"
    },
    {
      "awa_cpu": 0,
      "awa_vulkan": 1,
      "awa_windows": 1,
      "backend": "ncnn-vulkan",
      "compute_ms": 134.910998,
      "cpu_layers": 0,
      "cpu_temporal_encoder_direct_convolution": false,
      "id": "block-25",
      "layers": 83,
      "load_ms": 759.038362,
      "memory": {
        "activation_offload": false,
        "actual_weight_memory": "not_instrumented",
        "after_load": {
          "budget_bytes": 6049955840,
          "heap_index": 0,
          "source": "VK_EXT_memory_budget_estimate",
          "usage_bytes": 801308672
        },
        "after_release": {
          "budget_bytes": 6050086912,
          "heap_index": 0,
          "source": "VK_EXT_memory_budget_estimate",
          "usage_bytes": 152895488
        },
        "available_bytes": 5887361024,
        "before_load": {
          "budget_bytes": 6040256512,
          "heap_index": 0,
          "source": "VK_EXT_memory_budget_estimate",
          "usage_bytes": 152895488
        },
        "estimated_weight_bytes": 1268945176,
        "oom_recovery": false,
        "policy": "auto",
        "reason": "budget_available",
        "requested_memory": "device",
        "reserve_bytes": 1510064128,
        "reserve_policy": "quarter_heap_budget",
        "scope": "weight placement before graph loading"
      },
      "vulkan_layers": 83,
      "weight_io": "buffered"
    },
    {
      "awa_cpu": 0,
      "awa_vulkan": 1,
      "awa_windows": 1,
      "backend": "ncnn-vulkan",
      "compute_ms": 143.264944,
      "cpu_layers": 0,
      "cpu_temporal_encoder_direct_convolution": false,
      "id": "block-26",
      "layers": 83,
      "load_ms": 738.829079,
      "memory": {
        "activation_offload": false,
        "actual_weight_memory": "not_instrumented",
        "after_load": {
          "budget_bytes": 6048382976,
          "heap_index": 0,
          "source": "VK_EXT_memory_budget_estimate",
          "usage_bytes": 801308672
        },
        "after_release": {
          "budget_bytes": 6048514048,
          "heap_index": 0,
          "source": "VK_EXT_memory_budget_estimate",
          "usage_bytes": 152895488
        },
        "available_bytes": 5897191424,
        "before_load": {
          "budget_bytes": 6050086912,
          "heap_index": 0,
          "source": "VK_EXT_memory_budget_estimate",
          "usage_bytes": 152895488
        },
        "estimated_weight_bytes": 1268945176,
        "oom_recovery": false,
        "policy": "auto",
        "reason": "budget_available",
        "requested_memory": "device",
        "reserve_bytes": 1512521728,
        "reserve_policy": "quarter_heap_budget",
        "scope": "weight placement before graph loading"
      },
      "vulkan_layers": 83,
      "weight_io": "buffered"
    },
    {
      "awa_cpu": 0,
      "awa_vulkan": 1,
      "awa_windows": 1,
      "backend": "ncnn-vulkan",
      "compute_ms": 142.638041,
      "cpu_layers": 0,
      "cpu_temporal_encoder_direct_convolution": false,
      "id": "block-27",
      "layers": 83,
      "load_ms": 743.999835,
      "memory": {
        "activation_offload": false,
        "actual_weight_memory": "not_instrumented",
        "after_load": {
          "budget_bytes": 6048317440,
          "heap_index": 0,
          "source": "VK_EXT_memory_budget_estimate",
          "usage_bytes": 801308672
        },
        "after_release": {
          "budget_bytes": 6048448512,
          "heap_index": 0,
          "source": "VK_EXT_memory_budget_estimate",
          "usage_bytes": 152895488
        },
        "available_bytes": 5895618560,
        "before_load": {
          "budget_bytes": 6048514048,
          "heap_index": 0,
          "source": "VK_EXT_memory_budget_estimate",
          "usage_bytes": 152895488
        },
        "estimated_weight_bytes": 1268945176,
        "oom_recovery": false,
        "policy": "auto",
        "reason": "budget_available",
        "requested_memory": "device",
        "reserve_bytes": 1512128512,
        "reserve_policy": "quarter_heap_budget",
        "scope": "weight placement before graph loading"
      },
      "vulkan_layers": 83,
      "weight_io": "buffered"
    },
    {
      "awa_cpu": 0,
      "awa_vulkan": 1,
      "awa_windows": 1,
      "backend": "ncnn-vulkan",
      "compute_ms": 148.631606,
      "cpu_layers": 0,
      "cpu_temporal_encoder_direct_convolution": false,
      "id": "block-28",
      "layers": 83,
      "load_ms": 732.371275,
      "memory": {
        "activation_offload": false,
        "actual_weight_memory": "not_instrumented",
        "after_load": {
          "budget_bytes": 6048317440,
          "heap_index": 0,
          "source": "VK_EXT_memory_budget_estimate",
          "usage_bytes": 801308672
        },
        "after_release": {
          "budget_bytes": 6048448512,
          "heap_index": 0,
          "source": "VK_EXT_memory_budget_estimate",
          "usage_bytes": 152895488
        },
        "available_bytes": 5895553024,
        "before_load": {
          "budget_bytes": 6048448512,
          "heap_index": 0,
          "source": "VK_EXT_memory_budget_estimate",
          "usage_bytes": 152895488
        },
        "estimated_weight_bytes": 1268945176,
        "oom_recovery": false,
        "policy": "auto",
        "reason": "budget_available",
        "requested_memory": "device",
        "reserve_bytes": 1512112128,
        "reserve_policy": "quarter_heap_budget",
        "scope": "weight placement before graph loading"
      },
      "vulkan_layers": 83,
      "weight_io": "buffered"
    },
    {
      "awa_cpu": 0,
      "awa_vulkan": 1,
      "awa_windows": 1,
      "backend": "ncnn-vulkan",
      "compute_ms": 152.045135,
      "cpu_layers": 0,
      "cpu_temporal_encoder_direct_convolution": false,
      "id": "block-29",
      "layers": 83,
      "load_ms": 741.677448,
      "memory": {
        "activation_offload": false,
        "actual_weight_memory": "not_instrumented",
        "after_load": {
          "budget_bytes": 6048448512,
          "heap_index": 0,
          "source": "VK_EXT_memory_budget_estimate",
          "usage_bytes": 801308672
        },
        "after_release": {
          "budget_bytes": 6048579584,
          "heap_index": 0,
          "source": "VK_EXT_memory_budget_estimate",
          "usage_bytes": 152895488
        },
        "available_bytes": 5895553024,
        "before_load": {
          "budget_bytes": 6048448512,
          "heap_index": 0,
          "source": "VK_EXT_memory_budget_estimate",
          "usage_bytes": 152895488
        },
        "estimated_weight_bytes": 1268945176,
        "oom_recovery": false,
        "policy": "auto",
        "reason": "budget_available",
        "requested_memory": "device",
        "reserve_bytes": 1512112128,
        "reserve_policy": "quarter_heap_budget",
        "scope": "weight placement before graph loading"
      },
      "vulkan_layers": 83,
      "weight_io": "buffered"
    },
    {
      "awa_cpu": 0,
      "awa_vulkan": 1,
      "awa_windows": 1,
      "backend": "ncnn-vulkan",
      "compute_ms": 139.501157,
      "cpu_layers": 0,
      "cpu_temporal_encoder_direct_convolution": false,
      "id": "block-30",
      "layers": 83,
      "load_ms": 731.292006,
      "memory": {
        "activation_offload": false,
        "actual_weight_memory": "not_instrumented",
        "after_load": {
          "budget_bytes": 6051004416,
          "heap_index": 0,
          "source": "VK_EXT_memory_budget_estimate",
          "usage_bytes": 801308672
        },
        "after_release": {
          "budget_bytes": 6051135488,
          "heap_index": 0,
          "source": "VK_EXT_memory_budget_estimate",
          "usage_bytes": 152895488
        },
        "available_bytes": 5895684096,
        "before_load": {
          "budget_bytes": 6048579584,
          "heap_index": 0,
          "source": "VK_EXT_memory_budget_estimate",
          "usage_bytes": 152895488
        },
        "estimated_weight_bytes": 1268945176,
        "oom_recovery": false,
        "policy": "auto",
        "reason": "budget_available",
        "requested_memory": "device",
        "reserve_bytes": 1512144896,
        "reserve_policy": "quarter_heap_budget",
        "scope": "weight placement before graph loading"
      },
      "vulkan_layers": 83,
      "weight_io": "buffered"
    },
    {
      "awa_cpu": 0,
      "awa_vulkan": 1,
      "awa_windows": 1,
      "backend": "ncnn-vulkan",
      "compute_ms": 126.057193,
      "cpu_layers": 0,
      "cpu_temporal_encoder_direct_convolution": false,
      "id": "block-31",
      "layers": 51,
      "load_ms": 495.754907,
      "memory": {
        "activation_offload": false,
        "actual_weight_memory": "not_instrumented",
        "after_load": {
          "budget_bytes": 6051004416,
          "heap_index": 0,
          "source": "VK_EXT_memory_budget_estimate",
          "usage_bytes": 587399168
        },
        "after_release": {
          "budget_bytes": 6051135488,
          "heap_index": 0,
          "source": "VK_EXT_memory_budget_estimate",
          "usage_bytes": 152895488
        },
        "available_bytes": 5898240000,
        "before_load": {
          "budget_bytes": 6051135488,
          "heap_index": 0,
          "source": "VK_EXT_memory_budget_estimate",
          "usage_bytes": 152895488
        },
        "estimated_weight_bytes": 844271872,
        "oom_recovery": false,
        "policy": "auto",
        "reason": "budget_available",
        "requested_memory": "device",
        "reserve_bytes": 1512783872,
        "reserve_policy": "quarter_heap_budget",
        "scope": "weight placement before graph loading"
      },
      "vulkan_layers": 51,
      "weight_io": "buffered"
    },
    {
      "awa_cpu": 0,
      "awa_vulkan": 0,
      "awa_windows": 0,
      "backend": "ncnn-vulkan",
      "compute_ms": 1.847461,
      "cpu_layers": 0,
      "cpu_temporal_encoder_direct_convolution": false,
      "id": "patch-out",
      "layers": 6,
      "load_ms": 41.576196,
      "memory": {
        "activation_offload": false,
        "actual_weight_memory": "not_instrumented",
        "after_load": {
          "budget_bytes": 6051201024,
          "heap_index": 0,
          "source": "VK_EXT_memory_budget_estimate",
          "usage_bytes": 161415168
        },
        "after_release": {
          "budget_bytes": 6051201024,
          "heap_index": 0,
          "source": "VK_EXT_memory_budget_estimate",
          "usage_bytes": 152895488
        },
        "available_bytes": 5898240000,
        "before_load": {
          "budget_bytes": 6051135488,
          "heap_index": 0,
          "source": "VK_EXT_memory_budget_estimate",
          "usage_bytes": 152895488
        },
        "estimated_weight_bytes": 1372680,
        "oom_recovery": false,
        "policy": "auto",
        "reason": "budget_available",
        "requested_memory": "device",
        "reserve_bytes": 1512783872,
        "reserve_policy": "quarter_heap_budget",
        "scope": "weight placement before graph loading"
      },
      "vulkan_layers": 6,
      "weight_io": "buffered"
    },
    {
      "awa_cpu": 0,
      "awa_vulkan": 0,
      "awa_windows": 0,
      "backend": "ncnn-vulkan",
      "compute_ms": 187.63964000000001,
      "cpu_layers": 0,
      "cpu_temporal_encoder_direct_convolution": false,
      "id": "decoder",
      "layers": 148,
      "load_ms": 452.301567,
      "memory": {
        "activation_offload": false,
        "actual_weight_memory": "not_instrumented",
        "after_load": {
          "budget_bytes": 6048448512,
          "heap_index": 0,
          "source": "VK_EXT_memory_budget_estimate",
          "usage_bytes": 364707840
        },
        "after_release": {
          "budget_bytes": 6048448512,
          "heap_index": 0,
          "source": "VK_EXT_memory_budget_estimate",
          "usage_bytes": 390004736
        },
        "available_bytes": 5898305536,
        "before_load": {
          "budget_bytes": 6051201024,
          "heap_index": 0,
          "source": "VK_EXT_memory_budget_estimate",
          "usage_bytes": 152895488
        },
        "estimated_weight_bytes": 415279464,
        "oom_recovery": false,
        "policy": "auto",
        "reason": "budget_available",
        "requested_memory": "device",
        "reserve_bytes": 1512800256,
        "reserve_policy": "quarter_heap_budget",
        "scope": "weight placement before graph loading"
      },
      "vulkan_layers": 148,
      "weight_io": "buffered"
    }
  ],
  "status": "SUCCEEDED",
  "timing": {
    "graph_compute_ms": 4999.336609999999,
    "graph_load_ms": 25686.978271,
    "other_host_wait_and_cleanup_ms": 1038.2270840000047,
    "package_validation_ms": 14232.713135
  },
  "total_ms": 45957.2551,
  "weight_io": "buffered"
}
