-- Install configuration: "Release"
-- Installing: /home/mingshi/Project/AI/pnnx_torchdynamo/seedvr2-ncnn-vulkan/dist/seedvr2-0.7.0/bin/seedvr2-web
-- Set non-toolchain portion of runtime path of "dist/seedvr2-0.7.0/bin/seedvr2-web" to "$ORIGIN/../lib64:$ORIGIN"
-- Installing: /home/mingshi/Project/AI/pnnx_torchdynamo/seedvr2-ncnn-vulkan/dist/seedvr2-0.7.0/bin/seedvr2-studio
-- Installing: /home/mingshi/Project/AI/pnnx_torchdynamo/seedvr2-ncnn-vulkan/dist/seedvr2-0.7.0/share/seedvr2/licenses/Studio-NOTICES.txt
-- Installing: /home/mingshi/Project/AI/pnnx_torchdynamo/seedvr2-ncnn-vulkan/dist/seedvr2-0.7.0/bin/seedvr2-worker
-- Set non-toolchain portion of runtime path of "dist/seedvr2-0.7.0/bin/seedvr2-worker" to "$ORIGIN/../lib64:$ORIGIN"
-- Installing: /home/mingshi/Project/AI/pnnx_torchdynamo/seedvr2-ncnn-vulkan/dist/seedvr2-0.7.0/bin/seedvr2
-- Set non-toolchain portion of runtime path of "dist/seedvr2-0.7.0/bin/seedvr2" to "$ORIGIN/../lib64:$ORIGIN"
-- Installing: /home/mingshi/Project/AI/pnnx_torchdynamo/seedvr2-ncnn-vulkan/dist/seedvr2-0.7.0/lib64/libseedvr2.so.0.7.0
-- Installing: /home/mingshi/Project/AI/pnnx_torchdynamo/seedvr2-ncnn-vulkan/dist/seedvr2-0.7.0/lib64/libseedvr2.so.0.7
-- Set non-toolchain portion of runtime path of "dist/seedvr2-0.7.0/lib64/libseedvr2.so.0.7.0" to "$ORIGIN/../lib64:$ORIGIN"
-- Installing: /home/mingshi/Project/AI/pnnx_torchdynamo/seedvr2-ncnn-vulkan/dist/seedvr2-0.7.0/lib64/libseedvr2.so
-- Installing: /home/mingshi/Project/AI/pnnx_torchdynamo/seedvr2-ncnn-vulkan/dist/seedvr2-0.7.0/include/seedvr2/pipeline.hpp
-- Installing: /home/mingshi/Project/AI/pnnx_torchdynamo/seedvr2-ncnn-vulkan/dist/seedvr2-0.7.0/include/seedvr2/result.hpp
-- Installing: /home/mingshi/Project/AI/pnnx_torchdynamo/seedvr2-ncnn-vulkan/dist/seedvr2-0.7.0/include/seedvr2/path.hpp
-- Installing: /home/mingshi/Project/AI/pnnx_torchdynamo/seedvr2-ncnn-vulkan/dist/seedvr2-0.7.0/include/seedvr2/media.hpp
-- Installing: /home/mingshi/Project/AI/pnnx_torchdynamo/seedvr2-ncnn-vulkan/dist/seedvr2-0.7.0/include/seedvr2/memory.hpp
-- Installing: /home/mingshi/Project/AI/pnnx_torchdynamo/seedvr2-ncnn-vulkan/dist/seedvr2-0.7.0/include/seedvr2/image.hpp
-- Installing: /home/mingshi/Project/AI/pnnx_torchdynamo/seedvr2-ncnn-vulkan/dist/seedvr2-0.7.0/include/seedvr2/video.hpp
-- Installing: /home/mingshi/Project/AI/pnnx_torchdynamo/seedvr2-ncnn-vulkan/dist/seedvr2-0.7.0/include/seedvr2/engine.hpp
-- Installing: /home/mingshi/Project/AI/pnnx_torchdynamo/seedvr2-ncnn-vulkan/dist/seedvr2-0.7.0/lib64/cmake/seedvr2/seedvr2Targets.cmake
-- Installing: /home/mingshi/Project/AI/pnnx_torchdynamo/seedvr2-ncnn-vulkan/dist/seedvr2-0.7.0/lib64/cmake/seedvr2/seedvr2Targets-release.cmake
-- Installing: /home/mingshi/Project/AI/pnnx_torchdynamo/seedvr2-ncnn-vulkan/dist/seedvr2-0.7.0/lib64/cmake/seedvr2/seedvr2Config.cmake
-- Installing: /home/mingshi/Project/AI/pnnx_torchdynamo/seedvr2-ncnn-vulkan/dist/seedvr2-0.7.0/lib64/cmake/seedvr2/seedvr2ConfigVersion.cmake
-- Installing: /home/mingshi/Project/AI/pnnx_torchdynamo/seedvr2-ncnn-vulkan/dist/seedvr2-0.7.0/share/seedvr2/examples
-- Installing: /home/mingshi/Project/AI/pnnx_torchdynamo/seedvr2-ncnn-vulkan/dist/seedvr2-0.7.0/share/seedvr2/examples/plan-720p.json
-- Installing: /home/mingshi/Project/AI/pnnx_torchdynamo/seedvr2-ncnn-vulkan/dist/seedvr2-0.7.0/share/seedvr2/examples/model-evidence-empty
-- Installing: /home/mingshi/Project/AI/pnnx_torchdynamo/seedvr2-ncnn-vulkan/dist/seedvr2-0.7.0/share/seedvr2/examples/model-evidence-empty/manifest.json
-- Installing: /home/mingshi/Project/AI/pnnx_torchdynamo/seedvr2-ncnn-vulkan/dist/seedvr2-0.7.0/share/seedvr2/examples/sdk
-- Installing: /home/mingshi/Project/AI/pnnx_torchdynamo/seedvr2-ncnn-vulkan/dist/seedvr2-0.7.0/share/seedvr2/examples/sdk/CMakeLists.txt
-- Installing: /home/mingshi/Project/AI/pnnx_torchdynamo/seedvr2-ncnn-vulkan/dist/seedvr2-0.7.0/share/seedvr2/examples/sdk/main.cpp
-- Installing: /home/mingshi/Project/AI/pnnx_torchdynamo/seedvr2-ncnn-vulkan/dist/seedvr2-0.7.0/share/seedvr2/schemas
-- Installing: /home/mingshi/Project/AI/pnnx_torchdynamo/seedvr2-ncnn-vulkan/dist/seedvr2-0.7.0/share/seedvr2/schemas/planning-request.v1.schema.json
-- Installing: /home/mingshi/Project/AI/pnnx_torchdynamo/seedvr2-ncnn-vulkan/dist/seedvr2-0.7.0/share/seedvr2/schemas/model-evidence-bundle.v1.schema.json
-- Installing: /home/mingshi/Project/AI/pnnx_torchdynamo/seedvr2-ncnn-vulkan/dist/seedvr2-0.7.0/share/seedvr2/schemas/local-api.v1.openapi.json
-- Installing: /home/mingshi/Project/AI/pnnx_torchdynamo/seedvr2-ncnn-vulkan/dist/seedvr2-0.7.0/share/seedvr2/schemas/image-job-request.v1.schema.json
-- Installing: /home/mingshi/Project/AI/pnnx_torchdynamo/seedvr2-ncnn-vulkan/dist/seedvr2-0.7.0/share/seedvr2/schemas/image-package.v1.schema.json
-- Installing: /home/mingshi/Project/AI/pnnx_torchdynamo/seedvr2-ncnn-vulkan/dist/seedvr2-0.7.0/share/seedvr2/schemas/video-job-request.v1.schema.json
-- Installing: /home/mingshi/Project/AI/pnnx_torchdynamo/seedvr2-ncnn-vulkan/dist/seedvr2-0.7.0/share/seedvr2/schemas/video-package.v1.schema.json
-- Installing: /home/mingshi/Project/AI/pnnx_torchdynamo/seedvr2-ncnn-vulkan/dist/seedvr2-0.7.0/share/seedvr2/policies
-- Installing: /home/mingshi/Project/AI/pnnx_torchdynamo/seedvr2-ncnn-vulkan/dist/seedvr2-0.7.0/share/seedvr2/policies/seedvr2-3b.v1.json
-- Installing: /home/mingshi/Project/AI/pnnx_torchdynamo/seedvr2-ncnn-vulkan/dist/seedvr2-0.7.0/share/seedvr2/policies/reviewed-packages.json
-- Installing: /home/mingshi/Project/AI/pnnx_torchdynamo/seedvr2-ncnn-vulkan/dist/seedvr2-0.7.0/share/seedvr2/licenses/nlohmann-json-MIT.txt
-- Installing: /home/mingshi/Project/AI/pnnx_torchdynamo/seedvr2-ncnn-vulkan/dist/seedvr2-0.7.0/share/seedvr2/licenses/SeedVR-Apache-2.0.txt
-- Installing: /home/mingshi/Project/AI/pnnx_torchdynamo/seedvr2-ncnn-vulkan/dist/seedvr2-0.7.0/share/seedvr2/provenance.md
-- Installing: /home/mingshi/Project/AI/pnnx_torchdynamo/seedvr2-ncnn-vulkan/dist/seedvr2-0.7.0/share/seedvr2/docs
-- Installing: /home/mingshi/Project/AI/pnnx_torchdynamo/seedvr2-ncnn-vulkan/dist/seedvr2-0.7.0/share/seedvr2/docs/architecture.md
-- Installing: /home/mingshi/Project/AI/pnnx_torchdynamo/seedvr2-ncnn-vulkan/dist/seedvr2-0.7.0/share/seedvr2/docs/provenance.md
-- Installing: /home/mingshi/Project/AI/pnnx_torchdynamo/seedvr2-ncnn-vulkan/dist/seedvr2-0.7.0/share/seedvr2/docs/example-plan-result.json
-- Installing: /home/mingshi/Project/AI/pnnx_torchdynamo/seedvr2-ncnn-vulkan/dist/seedvr2-0.7.0/share/seedvr2/docs/cli-validation.json
-- Installing: /home/mingshi/Project/AI/pnnx_torchdynamo/seedvr2-ncnn-vulkan/dist/seedvr2-0.7.0/share/seedvr2/docs/status.json
-- Installing: /home/mingshi/Project/AI/pnnx_torchdynamo/seedvr2-ncnn-vulkan/dist/seedvr2-0.7.0/share/seedvr2/docs/validation.md
-- Installing: /home/mingshi/Project/AI/pnnx_torchdynamo/seedvr2-ncnn-vulkan/dist/seedvr2-0.7.0/share/seedvr2/docs/foundation-manifest.json
-- Installing: /home/mingshi/Project/AI/pnnx_torchdynamo/seedvr2-ncnn-vulkan/dist/seedvr2-0.7.0/share/seedvr2/docs/web-validation.json
-- Installing: /home/mingshi/Project/AI/pnnx_torchdynamo/seedvr2-ncnn-vulkan/dist/seedvr2-0.7.0/share/seedvr2/docs/web-sanitize-validation.json
-- Installing: /home/mingshi/Project/AI/pnnx_torchdynamo/seedvr2-ncnn-vulkan/dist/seedvr2-0.7.0/share/seedvr2/docs/local-web.md
-- Installing: /home/mingshi/Project/AI/pnnx_torchdynamo/seedvr2-ncnn-vulkan/dist/seedvr2-0.7.0/share/seedvr2/docs/web-install-validation.json
-- Installing: /home/mingshi/Project/AI/pnnx_torchdynamo/seedvr2-ncnn-vulkan/dist/seedvr2-0.7.0/share/seedvr2/docs/web-browser-validation.json
-- Installing: /home/mingshi/Project/AI/pnnx_torchdynamo/seedvr2-ncnn-vulkan/dist/seedvr2-0.7.0/share/seedvr2/docs/web-validation.md
-- Installing: /home/mingshi/Project/AI/pnnx_torchdynamo/seedvr2-ncnn-vulkan/dist/seedvr2-0.7.0/share/seedvr2/docs/web-manifest.json
-- Installing: /home/mingshi/Project/AI/pnnx_torchdynamo/seedvr2-ncnn-vulkan/dist/seedvr2-0.7.0/share/seedvr2/docs/framework-cli-validation.json
-- Installing: /home/mingshi/Project/AI/pnnx_torchdynamo/seedvr2-ncnn-vulkan/dist/seedvr2-0.7.0/share/seedvr2/docs/framework-audit-validation.json
-- Installing: /home/mingshi/Project/AI/pnnx_torchdynamo/seedvr2-ncnn-vulkan/dist/seedvr2-0.7.0/share/seedvr2/docs/framework-web-validation.json
-- Installing: /home/mingshi/Project/AI/pnnx_torchdynamo/seedvr2-ncnn-vulkan/dist/seedvr2-0.7.0/share/seedvr2/docs/full-stack-framework.md
-- Installing: /home/mingshi/Project/AI/pnnx_torchdynamo/seedvr2-ncnn-vulkan/dist/seedvr2-0.7.0/share/seedvr2/docs/model-validation.md
-- Installing: /home/mingshi/Project/AI/pnnx_torchdynamo/seedvr2-ncnn-vulkan/dist/seedvr2-0.7.0/share/seedvr2/docs/framework-sanitize-audit-validation.json
-- Installing: /home/mingshi/Project/AI/pnnx_torchdynamo/seedvr2-ncnn-vulkan/dist/seedvr2-0.7.0/share/seedvr2/docs/framework-sanitize-web-validation.json
-- Installing: /home/mingshi/Project/AI/pnnx_torchdynamo/seedvr2-ncnn-vulkan/dist/seedvr2-0.7.0/share/seedvr2/docs/framework-empty-model-audit.json
-- Installing: /home/mingshi/Project/AI/pnnx_torchdynamo/seedvr2-ncnn-vulkan/dist/seedvr2-0.7.0/share/seedvr2/docs/framework-install-validation.json
-- Installing: /home/mingshi/Project/AI/pnnx_torchdynamo/seedvr2-ncnn-vulkan/dist/seedvr2-0.7.0/share/seedvr2/docs/framework-browser-validation.json
-- Installing: /home/mingshi/Project/AI/pnnx_torchdynamo/seedvr2-ncnn-vulkan/dist/seedvr2-0.7.0/share/seedvr2/docs/framework-validation.md
-- Installing: /home/mingshi/Project/AI/pnnx_torchdynamo/seedvr2-ncnn-vulkan/dist/seedvr2-0.7.0/share/seedvr2/docs/framework-manifest.json
-- Installing: /home/mingshi/Project/AI/pnnx_torchdynamo/seedvr2-ncnn-vulkan/dist/seedvr2-0.7.0/share/seedvr2/docs/awa-validation.json
-- Installing: /home/mingshi/Project/AI/pnnx_torchdynamo/seedvr2-ncnn-vulkan/dist/seedvr2-0.7.0/share/seedvr2/docs/awa-export-validation.json
-- Installing: /home/mingshi/Project/AI/pnnx_torchdynamo/seedvr2-ncnn-vulkan/dist/seedvr2-0.7.0/share/seedvr2/docs/vae-image-validation.json
-- Installing: /home/mingshi/Project/AI/pnnx_torchdynamo/seedvr2-ncnn-vulkan/dist/seedvr2-0.7.0/share/seedvr2/docs/dit-block-validation.json
-- Installing: /home/mingshi/Project/AI/pnnx_torchdynamo/seedvr2-ncnn-vulkan/dist/seedvr2-0.7.0/share/seedvr2/docs/native-web-validation.json
-- Installing: /home/mingshi/Project/AI/pnnx_torchdynamo/seedvr2-ncnn-vulkan/dist/seedvr2-0.7.0/share/seedvr2/docs/native-engine-boundary-validation.json
-- Installing: /home/mingshi/Project/AI/pnnx_torchdynamo/seedvr2-ncnn-vulkan/dist/seedvr2-0.7.0/share/seedvr2/docs/native-cli-validation.json
-- Installing: /home/mingshi/Project/AI/pnnx_torchdynamo/seedvr2-ncnn-vulkan/dist/seedvr2-0.7.0/share/seedvr2/docs/native-audit-validation.json
-- Installing: /home/mingshi/Project/AI/pnnx_torchdynamo/seedvr2-ncnn-vulkan/dist/seedvr2-0.7.0/share/seedvr2/docs/native-backend.md
-- Installing: /home/mingshi/Project/AI/pnnx_torchdynamo/seedvr2-ncnn-vulkan/dist/seedvr2-0.7.0/share/seedvr2/docs/native-install-http-validation.json
-- Installing: /home/mingshi/Project/AI/pnnx_torchdynamo/seedvr2-ncnn-vulkan/dist/seedvr2-0.7.0/share/seedvr2/docs/native-install-validation.json
-- Installing: /home/mingshi/Project/AI/pnnx_torchdynamo/seedvr2-ncnn-vulkan/dist/seedvr2-0.7.0/share/seedvr2/docs/native-browser-validation.json
-- Installing: /home/mingshi/Project/AI/pnnx_torchdynamo/seedvr2-ncnn-vulkan/dist/seedvr2-0.7.0/share/seedvr2/docs/native-build-capabilities.json
-- Installing: /home/mingshi/Project/AI/pnnx_torchdynamo/seedvr2-ncnn-vulkan/dist/seedvr2-0.7.0/share/seedvr2/docs/native-model-status.json
-- Installing: /home/mingshi/Project/AI/pnnx_torchdynamo/seedvr2-ncnn-vulkan/dist/seedvr2-0.7.0/share/seedvr2/docs/native-validation.md
-- Installing: /home/mingshi/Project/AI/pnnx_torchdynamo/seedvr2-ncnn-vulkan/dist/seedvr2-0.7.0/share/seedvr2/docs/native-pnnx-build.json
-- Installing: /home/mingshi/Project/AI/pnnx_torchdynamo/seedvr2-ncnn-vulkan/dist/seedvr2-0.7.0/share/seedvr2/docs/awa-pnnx-export.json
-- Installing: /home/mingshi/Project/AI/pnnx_torchdynamo/seedvr2-ncnn-vulkan/dist/seedvr2-0.7.0/share/seedvr2/docs/native-manifest.json
-- Installing: /home/mingshi/Project/AI/pnnx_torchdynamo/seedvr2-ncnn-vulkan/dist/seedvr2-0.7.0/share/seedvr2/docs/adr
-- Installing: /home/mingshi/Project/AI/pnnx_torchdynamo/seedvr2-ncnn-vulkan/dist/seedvr2-0.7.0/share/seedvr2/docs/adr/0007-image-runtime-and-jobs.md
-- Installing: /home/mingshi/Project/AI/pnnx_torchdynamo/seedvr2-ncnn-vulkan/dist/seedvr2-0.7.0/share/seedvr2/docs/adr/0008-whole-clip-video.md
-- Installing: /home/mingshi/Project/AI/pnnx_torchdynamo/seedvr2-ncnn-vulkan/dist/seedvr2-0.7.0/share/seedvr2/docs/image-runtime.md
-- Installing: /home/mingshi/Project/AI/pnnx_torchdynamo/seedvr2-ncnn-vulkan/dist/seedvr2-0.7.0/share/seedvr2/docs/image-validation.md
-- Installing: /home/mingshi/Project/AI/pnnx_torchdynamo/seedvr2-ncnn-vulkan/dist/seedvr2-0.7.0/share/seedvr2/docs/image-reference-128.json
-- Installing: /home/mingshi/Project/AI/pnnx_torchdynamo/seedvr2-ncnn-vulkan/dist/seedvr2-0.7.0/share/seedvr2/docs/image-reference-256.json
-- Installing: /home/mingshi/Project/AI/pnnx_torchdynamo/seedvr2-ncnn-vulkan/dist/seedvr2-0.7.0/share/seedvr2/docs/image-parity-128-cpu.json
-- Installing: /home/mingshi/Project/AI/pnnx_torchdynamo/seedvr2-ncnn-vulkan/dist/seedvr2-0.7.0/share/seedvr2/docs/image-parity-final-256-vulkan.json
-- Installing: /home/mingshi/Project/AI/pnnx_torchdynamo/seedvr2-ncnn-vulkan/dist/seedvr2-0.7.0/share/seedvr2/docs/image-jobs-validation.json
-- Installing: /home/mingshi/Project/AI/pnnx_torchdynamo/seedvr2-ncnn-vulkan/dist/seedvr2-0.7.0/share/seedvr2/docs/image-boundaries-validation.json
-- Installing: /home/mingshi/Project/AI/pnnx_torchdynamo/seedvr2-ncnn-vulkan/dist/seedvr2-0.7.0/share/seedvr2/docs/image-install-http-validation.json
-- Installing: /home/mingshi/Project/AI/pnnx_torchdynamo/seedvr2-ncnn-vulkan/dist/seedvr2-0.7.0/share/seedvr2/docs/image-cli-only-validation.json
-- Installing: /home/mingshi/Project/AI/pnnx_torchdynamo/seedvr2-ncnn-vulkan/dist/seedvr2-0.7.0/share/seedvr2/docs/image-engine-validation.json
-- Installing: /home/mingshi/Project/AI/pnnx_torchdynamo/seedvr2-ncnn-vulkan/dist/seedvr2-0.7.0/share/seedvr2/docs/image-audit-validation.json
-- Installing: /home/mingshi/Project/AI/pnnx_torchdynamo/seedvr2-ncnn-vulkan/dist/seedvr2-0.7.0/share/seedvr2/docs/image-install-validation.json
-- Installing: /home/mingshi/Project/AI/pnnx_torchdynamo/seedvr2-ncnn-vulkan/dist/seedvr2-0.7.0/share/seedvr2/docs/image-contract-validation.json
-- Installing: /home/mingshi/Project/AI/pnnx_torchdynamo/seedvr2-ncnn-vulkan/dist/seedvr2-0.7.0/share/seedvr2/docs/image-workspace-migration.json
-- Installing: /home/mingshi/Project/AI/pnnx_torchdynamo/seedvr2-ncnn-vulkan/dist/seedvr2-0.7.0/share/seedvr2/docs/image-build-capabilities.json
-- Installing: /home/mingshi/Project/AI/pnnx_torchdynamo/seedvr2-ncnn-vulkan/dist/seedvr2-0.7.0/share/seedvr2/docs/image-dit-remaining-export.json
-- Installing: /home/mingshi/Project/AI/pnnx_torchdynamo/seedvr2-ncnn-vulkan/dist/seedvr2-0.7.0/share/seedvr2/docs/image-run-128-vulkan-2.json
-- Installing: /home/mingshi/Project/AI/pnnx_torchdynamo/seedvr2-ncnn-vulkan/dist/seedvr2-0.7.0/share/seedvr2/docs/image-run-256-vulkan.json
-- Installing: /home/mingshi/Project/AI/pnnx_torchdynamo/seedvr2-ncnn-vulkan/dist/seedvr2-0.7.0/share/seedvr2/docs/image-run-512-vulkan.json
-- Installing: /home/mingshi/Project/AI/pnnx_torchdynamo/seedvr2-ncnn-vulkan/dist/seedvr2-0.7.0/share/seedvr2/docs/image-run-128-cpu.json
-- Installing: /home/mingshi/Project/AI/pnnx_torchdynamo/seedvr2-ncnn-vulkan/dist/seedvr2-0.7.0/share/seedvr2/docs/image-run-final-256-vulkan.json
-- Installing: /home/mingshi/Project/AI/pnnx_torchdynamo/seedvr2-ncnn-vulkan/dist/seedvr2-0.7.0/share/seedvr2/docs/examples
-- Installing: /home/mingshi/Project/AI/pnnx_torchdynamo/seedvr2-ncnn-vulkan/dist/seedvr2-0.7.0/share/seedvr2/docs/examples/image-demo-job.json
-- Installing: /home/mingshi/Project/AI/pnnx_torchdynamo/seedvr2-ncnn-vulkan/dist/seedvr2-0.7.0/share/seedvr2/docs/examples/image-demo-run.json
-- Installing: /home/mingshi/Project/AI/pnnx_torchdynamo/seedvr2-ncnn-vulkan/dist/seedvr2-0.7.0/share/seedvr2/docs/examples/image-demo-output.png
-- Installing: /home/mingshi/Project/AI/pnnx_torchdynamo/seedvr2-ncnn-vulkan/dist/seedvr2-0.7.0/share/seedvr2/docs/examples/image-demo-comparison-input.png
-- Installing: /home/mingshi/Project/AI/pnnx_torchdynamo/seedvr2-ncnn-vulkan/dist/seedvr2-0.7.0/share/seedvr2/docs/examples/image-demo-input.png
-- Installing: /home/mingshi/Project/AI/pnnx_torchdynamo/seedvr2-ncnn-vulkan/dist/seedvr2-0.7.0/share/seedvr2/docs/examples/image-demo-input-provenance.json
-- Installing: /home/mingshi/Project/AI/pnnx_torchdynamo/seedvr2-ncnn-vulkan/dist/seedvr2-0.7.0/share/seedvr2/docs/examples/video-demo-input.mp4
-- Installing: /home/mingshi/Project/AI/pnnx_torchdynamo/seedvr2-ncnn-vulkan/dist/seedvr2-0.7.0/share/seedvr2/docs/examples/video-demo-input-provenance.json
-- Installing: /home/mingshi/Project/AI/pnnx_torchdynamo/seedvr2-ncnn-vulkan/dist/seedvr2-0.7.0/share/seedvr2/docs/examples/video-demo-output.mp4
-- Installing: /home/mingshi/Project/AI/pnnx_torchdynamo/seedvr2-ncnn-vulkan/dist/seedvr2-0.7.0/share/seedvr2/docs/examples/video-demo-comparison-input.mp4
-- Installing: /home/mingshi/Project/AI/pnnx_torchdynamo/seedvr2-ncnn-vulkan/dist/seedvr2-0.7.0/share/seedvr2/docs/examples/video-demo-output.png
-- Installing: /home/mingshi/Project/AI/pnnx_torchdynamo/seedvr2-ncnn-vulkan/dist/seedvr2-0.7.0/share/seedvr2/docs/examples/video-demo-comparison-input.png
-- Installing: /home/mingshi/Project/AI/pnnx_torchdynamo/seedvr2-ncnn-vulkan/dist/seedvr2-0.7.0/share/seedvr2/docs/examples/video-demo-run.json
-- Installing: /home/mingshi/Project/AI/pnnx_torchdynamo/seedvr2-ncnn-vulkan/dist/seedvr2-0.7.0/share/seedvr2/docs/examples/video-demo-job.json
-- Installing: /home/mingshi/Project/AI/pnnx_torchdynamo/seedvr2-ncnn-vulkan/dist/seedvr2-0.7.0/share/seedvr2/docs/examples/video-compare-desktop.png
-- Installing: /home/mingshi/Project/AI/pnnx_torchdynamo/seedvr2-ncnn-vulkan/dist/seedvr2-0.7.0/share/seedvr2/docs/examples/video-compare-mobile.png
-- Installing: /home/mingshi/Project/AI/pnnx_torchdynamo/seedvr2-ncnn-vulkan/dist/seedvr2-0.7.0/share/seedvr2/docs/examples/video-discussion.png
-- Installing: /home/mingshi/Project/AI/pnnx_torchdynamo/seedvr2-ncnn-vulkan/dist/seedvr2-0.7.0/share/seedvr2/docs/image-discussion-draft.md
-- Installing: /home/mingshi/Project/AI/pnnx_torchdynamo/seedvr2-ncnn-vulkan/dist/seedvr2-0.7.0/share/seedvr2/docs/image-model-status.json
-- Installing: /home/mingshi/Project/AI/pnnx_torchdynamo/seedvr2-ncnn-vulkan/dist/seedvr2-0.7.0/share/seedvr2/docs/image-browser-validation.json
-- Installing: /home/mingshi/Project/AI/pnnx_torchdynamo/seedvr2-ncnn-vulkan/dist/seedvr2-0.7.0/share/seedvr2/docs/image-package-manifest.json
-- Installing: /home/mingshi/Project/AI/pnnx_torchdynamo/seedvr2-ncnn-vulkan/dist/seedvr2-0.7.0/share/seedvr2/docs/image-manifest.json
-- Installing: /home/mingshi/Project/AI/pnnx_torchdynamo/seedvr2-ncnn-vulkan/dist/seedvr2-0.7.0/share/seedvr2/docs/video-web-validation.json
-- Installing: /home/mingshi/Project/AI/pnnx_torchdynamo/seedvr2-ncnn-vulkan/dist/seedvr2-0.7.0/share/seedvr2/docs/video-vae-native-validation.json
-- Installing: /home/mingshi/Project/AI/pnnx_torchdynamo/seedvr2-ncnn-vulkan/dist/seedvr2-0.7.0/share/seedvr2/docs/video-parity-final-six.json
-- Installing: /home/mingshi/Project/AI/pnnx_torchdynamo/seedvr2-ncnn-vulkan/dist/seedvr2-0.7.0/share/seedvr2/docs/video-parity-final-seventeen.json
-- Installing: /home/mingshi/Project/AI/pnnx_torchdynamo/seedvr2-ncnn-vulkan/dist/seedvr2-0.7.0/share/seedvr2/docs/video-image-parity-final.json
-- Installing: /home/mingshi/Project/AI/pnnx_torchdynamo/seedvr2-ncnn-vulkan/dist/seedvr2-0.7.0/share/seedvr2/docs/video-runtime.md
-- Installing: /home/mingshi/Project/AI/pnnx_torchdynamo/seedvr2-ncnn-vulkan/dist/seedvr2-0.7.0/share/seedvr2/docs/video-validation.md
-- Installing: /home/mingshi/Project/AI/pnnx_torchdynamo/seedvr2-ncnn-vulkan/dist/seedvr2-0.7.0/share/seedvr2/docs/video-install-http-validation.json
-- Installing: /home/mingshi/Project/AI/pnnx_torchdynamo/seedvr2-ncnn-vulkan/dist/seedvr2-0.7.0/share/seedvr2/docs/video-vae-export-suite.json
-- Installing: /home/mingshi/Project/AI/pnnx_torchdynamo/seedvr2-ncnn-vulkan/dist/seedvr2-0.7.0/share/seedvr2/docs/video-reference-six.json
-- Installing: /home/mingshi/Project/AI/pnnx_torchdynamo/seedvr2-ncnn-vulkan/dist/seedvr2-0.7.0/share/seedvr2/docs/video-reference-seventeen.json
-- Installing: /home/mingshi/Project/AI/pnnx_torchdynamo/seedvr2-ncnn-vulkan/dist/seedvr2-0.7.0/share/seedvr2/docs/video-parity-cpu-seventeen.json
-- Installing: /home/mingshi/Project/AI/pnnx_torchdynamo/seedvr2-ncnn-vulkan/dist/seedvr2-0.7.0/share/seedvr2/docs/video-jobs-validation.json
-- Installing: /home/mingshi/Project/AI/pnnx_torchdynamo/seedvr2-ncnn-vulkan/dist/seedvr2-0.7.0/share/seedvr2/docs/video-image-jobs-validation.json
-- Installing: /home/mingshi/Project/AI/pnnx_torchdynamo/seedvr2-ncnn-vulkan/dist/seedvr2-0.7.0/share/seedvr2/docs/video-run-final-six.json
-- Installing: /home/mingshi/Project/AI/pnnx_torchdynamo/seedvr2-ncnn-vulkan/dist/seedvr2-0.7.0/share/seedvr2/docs/video-run-final-seventeen.json
-- Installing: /home/mingshi/Project/AI/pnnx_torchdynamo/seedvr2-ncnn-vulkan/dist/seedvr2-0.7.0/share/seedvr2/docs/video-image-run-final.json
-- Installing: /home/mingshi/Project/AI/pnnx_torchdynamo/seedvr2-ncnn-vulkan/dist/seedvr2-0.7.0/share/seedvr2/docs/video-run-cpu-seventeen.json
-- Installing: /home/mingshi/Project/AI/pnnx_torchdynamo/seedvr2-ncnn-vulkan/dist/seedvr2-0.7.0/share/seedvr2/docs/video-package-manifest.json
-- Installing: /home/mingshi/Project/AI/pnnx_torchdynamo/seedvr2-ncnn-vulkan/dist/seedvr2-0.7.0/share/seedvr2/docs/video-workspace-upgrade.json
-- Installing: /home/mingshi/Project/AI/pnnx_torchdynamo/seedvr2-ncnn-vulkan/dist/seedvr2-0.7.0/share/seedvr2/docs/video-contract-validation.json
-- Installing: /home/mingshi/Project/AI/pnnx_torchdynamo/seedvr2-ncnn-vulkan/dist/seedvr2-0.7.0/share/seedvr2/docs/video-cli-validation.json
-- Installing: /home/mingshi/Project/AI/pnnx_torchdynamo/seedvr2-ncnn-vulkan/dist/seedvr2-0.7.0/share/seedvr2/docs/video-engine-validation.json
-- Installing: /home/mingshi/Project/AI/pnnx_torchdynamo/seedvr2-ncnn-vulkan/dist/seedvr2-0.7.0/share/seedvr2/docs/video-discussion-draft.md
-- Installing: /home/mingshi/Project/AI/pnnx_torchdynamo/seedvr2-ncnn-vulkan/dist/seedvr2-0.7.0/share/seedvr2/docs/video-cli-only-parity.json
-- Installing: /home/mingshi/Project/AI/pnnx_torchdynamo/seedvr2-ncnn-vulkan/dist/seedvr2-0.7.0/share/seedvr2/docs/video-install-validation.json
-- Installing: /home/mingshi/Project/AI/pnnx_torchdynamo/seedvr2-ncnn-vulkan/dist/seedvr2-0.7.0/share/seedvr2/docs/video-browser-validation.json
-- Installing: /home/mingshi/Project/AI/pnnx_torchdynamo/seedvr2-ncnn-vulkan/dist/seedvr2-0.7.0/share/seedvr2/docs/video-cli-only-run.json
-- Installing: /home/mingshi/Project/AI/pnnx_torchdynamo/seedvr2-ncnn-vulkan/dist/seedvr2-0.7.0/share/seedvr2/docs/video-build-capabilities.json
-- Installing: /home/mingshi/Project/AI/pnnx_torchdynamo/seedvr2-ncnn-vulkan/dist/seedvr2-0.7.0/share/seedvr2/docs/video-model-status.json
-- Installing: /home/mingshi/Project/AI/pnnx_torchdynamo/seedvr2-ncnn-vulkan/dist/seedvr2-0.7.0/share/seedvr2/docs/video-manifest.json
-- Installing: /home/mingshi/Project/AI/pnnx_torchdynamo/seedvr2-ncnn-vulkan/dist/seedvr2-0.7.0/share/seedvr2/docs/DELIVERY-PLAN.md
-- Installing: /home/mingshi/Project/AI/pnnx_torchdynamo/seedvr2-ncnn-vulkan/dist/seedvr2-0.7.0/share/seedvr2/docs/FIRST-RUN.md
-- Installing: /home/mingshi/Project/AI/pnnx_torchdynamo/seedvr2-ncnn-vulkan/dist/seedvr2-0.7.0/share/seedvr2/docs/ARCHITECTURE.md
-- Installing: /home/mingshi/Project/AI/pnnx_torchdynamo/seedvr2-ncnn-vulkan/dist/seedvr2-0.7.0/share/seedvr2/docs/DELIVERY-RESULTS.md
-- Installing: /home/mingshi/Project/AI/pnnx_torchdynamo/seedvr2-ncnn-vulkan/dist/seedvr2-0.7.0/share/seedvr2/docs/DISCUSSION-DRAFT.md
-- Installing: /home/mingshi/Project/AI/pnnx_torchdynamo/seedvr2-ncnn-vulkan/dist/seedvr2-0.7.0/share/seedvr2/docs/PRECISION-VALIDATION.md
-- Installing: /home/mingshi/Project/AI/pnnx_torchdynamo/seedvr2-ncnn-vulkan/dist/seedvr2-0.7.0/share/seedvr2/docs/VIDEO-NUMERICS.md
-- Installing: /home/mingshi/Project/AI/pnnx_torchdynamo/seedvr2-ncnn-vulkan/dist/seedvr2-0.7.0/share/seedvr2/docs/MEMORY-VALIDATION.md
-- Installing: /home/mingshi/Project/AI/pnnx_torchdynamo/seedvr2-ncnn-vulkan/dist/seedvr2-0.7.0/share/seedvr2/README.md
-- Installing: /home/mingshi/Project/AI/pnnx_torchdynamo/seedvr2-ncnn-vulkan/dist/seedvr2-0.7.0/share/seedvr2/artifacts/2026-09-08/delivery-v1
-- Installing: /home/mingshi/Project/AI/pnnx_torchdynamo/seedvr2-ncnn-vulkan/dist/seedvr2-0.7.0/share/seedvr2/artifacts/2026-09-08/delivery-v1/ncnn-upstream-comparison.json
-- Installing: /home/mingshi/Project/AI/pnnx_torchdynamo/seedvr2-ncnn-vulkan/dist/seedvr2-0.7.0/share/seedvr2/artifacts/2026-09-08/delivery-v1/official-model-current.json
-- Installing: /home/mingshi/Project/AI/pnnx_torchdynamo/seedvr2-ncnn-vulkan/dist/seedvr2-0.7.0/share/seedvr2/artifacts/2026-09-08/delivery-v1/video-run-final-seventeen-reviewed-replay.json
-- Installing: /home/mingshi/Project/AI/pnnx_torchdynamo/seedvr2-ncnn-vulkan/dist/seedvr2-0.7.0/share/seedvr2/artifacts/2026-09-08/delivery-v1/video-run-final-six-reviewed-replay.json
-- Installing: /home/mingshi/Project/AI/pnnx_torchdynamo/seedvr2-ncnn-vulkan/dist/seedvr2-0.7.0/share/seedvr2/artifacts/2026-09-08/delivery-v1/image-run-final-256-vulkan-reviewed-replay.json
-- Installing: /home/mingshi/Project/AI/pnnx_torchdynamo/seedvr2-ncnn-vulkan/dist/seedvr2-0.7.0/share/seedvr2/artifacts/2026-09-08/delivery-v1/video-run-cpu-v1-reviewed-replay.json
-- Installing: /home/mingshi/Project/AI/pnnx_torchdynamo/seedvr2-ncnn-vulkan/dist/seedvr2-0.7.0/share/seedvr2/artifacts/2026-09-08/delivery-v1/validator-replay-summary.json
-- Installing: /home/mingshi/Project/AI/pnnx_torchdynamo/seedvr2-ncnn-vulkan/dist/seedvr2-0.7.0/share/seedvr2/artifacts/2026-09-08/delivery-v1/same-input-blocks-baseline.json
-- Installing: /home/mingshi/Project/AI/pnnx_torchdynamo/seedvr2-ncnn-vulkan/dist/seedvr2-0.7.0/share/seedvr2/artifacts/2026-09-08/delivery-v1/same-input-cases
-- Installing: /home/mingshi/Project/AI/pnnx_torchdynamo/seedvr2-ncnn-vulkan/dist/seedvr2-0.7.0/share/seedvr2/artifacts/2026-09-08/delivery-v1/same-input-cases/suite.json
-- Installing: /home/mingshi/Project/AI/pnnx_torchdynamo/seedvr2-ncnn-vulkan/dist/seedvr2-0.7.0/share/seedvr2/artifacts/2026-09-08/delivery-v1/same-input-cases/official-trajectory-block-19
-- Installing: /home/mingshi/Project/AI/pnnx_torchdynamo/seedvr2-ncnn-vulkan/dist/seedvr2-0.7.0/share/seedvr2/artifacts/2026-09-08/delivery-v1/same-input-cases/official-trajectory-block-19/case.json
-- Installing: /home/mingshi/Project/AI/pnnx_torchdynamo/seedvr2-ncnn-vulkan/dist/seedvr2-0.7.0/share/seedvr2/artifacts/2026-09-08/delivery-v1/same-input-cases/official-trajectory-block-31
-- Installing: /home/mingshi/Project/AI/pnnx_torchdynamo/seedvr2-ncnn-vulkan/dist/seedvr2-0.7.0/share/seedvr2/artifacts/2026-09-08/delivery-v1/same-input-cases/official-trajectory-block-31/case.json
-- Installing: /home/mingshi/Project/AI/pnnx_torchdynamo/seedvr2-ncnn-vulkan/dist/seedvr2-0.7.0/share/seedvr2/artifacts/2026-09-08/delivery-v1/verification-hardening.json
-- Installing: /home/mingshi/Project/AI/pnnx_torchdynamo/seedvr2-ncnn-vulkan/dist/seedvr2-0.7.0/share/seedvr2/artifacts/2026-09-08/delivery-v1/cli.json
-- Installing: /home/mingshi/Project/AI/pnnx_torchdynamo/seedvr2-ncnn-vulkan/dist/seedvr2-0.7.0/share/seedvr2/artifacts/2026-09-08/delivery-v1/engine-boundaries.json
-- Installing: /home/mingshi/Project/AI/pnnx_torchdynamo/seedvr2-ncnn-vulkan/dist/seedvr2-0.7.0/share/seedvr2/artifacts/2026-09-08/delivery-v1/sdk-smoke.json
-- Installing: /home/mingshi/Project/AI/pnnx_torchdynamo/seedvr2-ncnn-vulkan/dist/seedvr2-0.7.0/share/seedvr2/artifacts/2026-09-08/delivery-v1/native-first-use.json
-- Installing: /home/mingshi/Project/AI/pnnx_torchdynamo/seedvr2-ncnn-vulkan/dist/seedvr2-0.7.0/share/seedvr2/artifacts/2026-09-08/delivery-v1/install-layout-failure-buffered.json
-- Installing: /home/mingshi/Project/AI/pnnx_torchdynamo/seedvr2-ncnn-vulkan/dist/seedvr2-0.7.0/share/seedvr2/artifacts/2026-09-08/delivery-v1/install-layout-failure-mapped.json
-- Installing: /home/mingshi/Project/AI/pnnx_torchdynamo/seedvr2-ncnn-vulkan/dist/seedvr2-0.7.0/share/seedvr2/artifacts/2026-09-08/delivery-v1/installed-cpu-self-test.json
-- Installing: /home/mingshi/Project/AI/pnnx_torchdynamo/seedvr2-ncnn-vulkan/dist/seedvr2-0.7.0/share/seedvr2/artifacts/2026-09-08/delivery-v1/same-input-blocks-new-buffered.json
-- Installing: /home/mingshi/Project/AI/pnnx_torchdynamo/seedvr2-ncnn-vulkan/dist/seedvr2-0.7.0/share/seedvr2/artifacts/2026-09-08/delivery-v1/same-input-blocks-new-mapped.json
-- Installing: /home/mingshi/Project/AI/pnnx_torchdynamo/seedvr2-ncnn-vulkan/dist/seedvr2-0.7.0/share/seedvr2/artifacts/2026-09-08/delivery-v1/measurements
-- Installing: /home/mingshi/Project/AI/pnnx_torchdynamo/seedvr2-ncnn-vulkan/dist/seedvr2-0.7.0/share/seedvr2/artifacts/2026-09-08/delivery-v1/measurements/video17-buffered-a.stdout
-- Installing: /home/mingshi/Project/AI/pnnx_torchdynamo/seedvr2-ncnn-vulkan/dist/seedvr2-0.7.0/share/seedvr2/artifacts/2026-09-08/delivery-v1/measurements/video17-buffered-a.stderr
-- Installing: /home/mingshi/Project/AI/pnnx_torchdynamo/seedvr2-ncnn-vulkan/dist/seedvr2-0.7.0/share/seedvr2/artifacts/2026-09-08/delivery-v1/measurements/video17-buffered-a.json
-- Installing: /home/mingshi/Project/AI/pnnx_torchdynamo/seedvr2-ncnn-vulkan/dist/seedvr2-0.7.0/share/seedvr2/artifacts/2026-09-08/delivery-v1/measurements/video17-mapped-a.stdout
-- Installing: /home/mingshi/Project/AI/pnnx_torchdynamo/seedvr2-ncnn-vulkan/dist/seedvr2-0.7.0/share/seedvr2/artifacts/2026-09-08/delivery-v1/measurements/video17-mapped-a.stderr
-- Installing: /home/mingshi/Project/AI/pnnx_torchdynamo/seedvr2-ncnn-vulkan/dist/seedvr2-0.7.0/share/seedvr2/artifacts/2026-09-08/delivery-v1/measurements/video17-mapped-a.json
-- Installing: /home/mingshi/Project/AI/pnnx_torchdynamo/seedvr2-ncnn-vulkan/dist/seedvr2-0.7.0/share/seedvr2/artifacts/2026-09-08/delivery-v1/measurements/video17-mapped-b.stdout
-- Installing: /home/mingshi/Project/AI/pnnx_torchdynamo/seedvr2-ncnn-vulkan/dist/seedvr2-0.7.0/share/seedvr2/artifacts/2026-09-08/delivery-v1/measurements/video17-mapped-b.stderr
-- Installing: /home/mingshi/Project/AI/pnnx_torchdynamo/seedvr2-ncnn-vulkan/dist/seedvr2-0.7.0/share/seedvr2/artifacts/2026-09-08/delivery-v1/measurements/video17-mapped-b.json
-- Installing: /home/mingshi/Project/AI/pnnx_torchdynamo/seedvr2-ncnn-vulkan/dist/seedvr2-0.7.0/share/seedvr2/artifacts/2026-09-08/delivery-v1/measurements/video17-buffered-b.stdout
-- Installing: /home/mingshi/Project/AI/pnnx_torchdynamo/seedvr2-ncnn-vulkan/dist/seedvr2-0.7.0/share/seedvr2/artifacts/2026-09-08/delivery-v1/measurements/video17-buffered-b.stderr
-- Installing: /home/mingshi/Project/AI/pnnx_torchdynamo/seedvr2-ncnn-vulkan/dist/seedvr2-0.7.0/share/seedvr2/artifacts/2026-09-08/delivery-v1/measurements/video17-buffered-b.json
-- Installing: /home/mingshi/Project/AI/pnnx_torchdynamo/seedvr2-ncnn-vulkan/dist/seedvr2-0.7.0/share/seedvr2/artifacts/2026-09-08/delivery-v1/web.json
-- Installing: /home/mingshi/Project/AI/pnnx_torchdynamo/seedvr2-ncnn-vulkan/dist/seedvr2-0.7.0/share/seedvr2/artifacts/2026-09-08/delivery-v1/video17-buffered-a-parity.json
-- Installing: /home/mingshi/Project/AI/pnnx_torchdynamo/seedvr2-ncnn-vulkan/dist/seedvr2-0.7.0/share/seedvr2/artifacts/2026-09-08/delivery-v1/video17-mapped-a-parity.json
-- Installing: /home/mingshi/Project/AI/pnnx_torchdynamo/seedvr2-ncnn-vulkan/dist/seedvr2-0.7.0/share/seedvr2/artifacts/2026-09-08/delivery-v1/video17-mapped-b-parity.json
-- Installing: /home/mingshi/Project/AI/pnnx_torchdynamo/seedvr2-ncnn-vulkan/dist/seedvr2-0.7.0/share/seedvr2/artifacts/2026-09-08/delivery-v1/video17-buffered-b-parity.json
-- Installing: /home/mingshi/Project/AI/pnnx_torchdynamo/seedvr2-ncnn-vulkan/dist/seedvr2-0.7.0/share/seedvr2/artifacts/2026-09-08/delivery-v1/weight-io-experiment.json
-- Installing: /home/mingshi/Project/AI/pnnx_torchdynamo/seedvr2-ncnn-vulkan/dist/seedvr2-0.7.0/share/seedvr2/artifacts/2026-09-08/delivery-v1/copy-image-model.json
-- Installing: /home/mingshi/Project/AI/pnnx_torchdynamo/seedvr2-ncnn-vulkan/dist/seedvr2-0.7.0/share/seedvr2/artifacts/2026-09-08/delivery-v1/copy-video-model.json
-- Installing: /home/mingshi/Project/AI/pnnx_torchdynamo/seedvr2-ncnn-vulkan/dist/seedvr2-0.7.0/share/seedvr2/artifacts/2026-09-08/delivery-v1/offline-namespace-first-attempt.json
-- Installing: /home/mingshi/Project/AI/pnnx_torchdynamo/seedvr2-ncnn-vulkan/dist/seedvr2-0.7.0/share/seedvr2/artifacts/2026-09-08/delivery-v1/local-native-ci
-- Installing: /home/mingshi/Project/AI/pnnx_torchdynamo/seedvr2-ncnn-vulkan/dist/seedvr2-0.7.0/share/seedvr2/artifacts/2026-09-08/delivery-v1/local-native-ci/ctest.log
-- Installing: /home/mingshi/Project/AI/pnnx_torchdynamo/seedvr2-ncnn-vulkan/dist/seedvr2-0.7.0/share/seedvr2/artifacts/2026-09-08/delivery-v1/local-native-ci/evidence-contract.log
-- Installing: /home/mingshi/Project/AI/pnnx_torchdynamo/seedvr2-ncnn-vulkan/dist/seedvr2-0.7.0/share/seedvr2/artifacts/2026-09-08/delivery-v1/local-native-ci/cli.json
-- Installing: /home/mingshi/Project/AI/pnnx_torchdynamo/seedvr2-ncnn-vulkan/dist/seedvr2-0.7.0/share/seedvr2/artifacts/2026-09-08/delivery-v1/local-native-ci/engine-boundaries.json
-- Installing: /home/mingshi/Project/AI/pnnx_torchdynamo/seedvr2-ncnn-vulkan/dist/seedvr2-0.7.0/share/seedvr2/artifacts/2026-09-08/delivery-v1/local-native-ci/first-use.json
-- Installing: /home/mingshi/Project/AI/pnnx_torchdynamo/seedvr2-ncnn-vulkan/dist/seedvr2-0.7.0/share/seedvr2/artifacts/2026-09-08/delivery-v1/local-native-ci/sdk-build.log
-- Installing: /home/mingshi/Project/AI/pnnx_torchdynamo/seedvr2-ncnn-vulkan/dist/seedvr2-0.7.0/share/seedvr2/artifacts/2026-09-08/delivery-v1/local-native-ci/sdk-smoke.json
-- Installing: /home/mingshi/Project/AI/pnnx_torchdynamo/seedvr2-ncnn-vulkan/dist/seedvr2-0.7.0/share/seedvr2/artifacts/2026-09-08/delivery-v1/local-native-ci/mesa.json
-- Installing: /home/mingshi/Project/AI/pnnx_torchdynamo/seedvr2-ncnn-vulkan/dist/seedvr2-0.7.0/share/seedvr2/artifacts/2026-09-08/delivery-v1/local-native-ci/mesa.stderr
-- Installing: /home/mingshi/Project/AI/pnnx_torchdynamo/seedvr2-ncnn-vulkan/dist/seedvr2-0.7.0/share/seedvr2/artifacts/2026-09-08/delivery-v1/local-native-ci/mesa-wrong-architecture.json
-- Installing: /home/mingshi/Project/AI/pnnx_torchdynamo/seedvr2-ncnn-vulkan/dist/seedvr2-0.7.0/share/seedvr2/artifacts/2026-09-08/delivery-v1/local-native-ci/mesa-wrong-architecture.stderr
-- Installing: /home/mingshi/Project/AI/pnnx_torchdynamo/seedvr2-ncnn-vulkan/dist/seedvr2-0.7.0/share/seedvr2/artifacts/2026-09-08/delivery-v1/natural-jpeg-before-fix-reference.json
-- Installing: /home/mingshi/Project/AI/pnnx_torchdynamo/seedvr2-ncnn-vulkan/dist/seedvr2-0.7.0/share/seedvr2/artifacts/2026-09-08/delivery-v1/offline-before-jpeg-fix.json
-- Installing: /home/mingshi/Project/AI/pnnx_torchdynamo/seedvr2-ncnn-vulkan/dist/seedvr2-0.7.0/share/seedvr2/artifacts/2026-09-08/delivery-v1/natural-jpeg-before-fix-run.json
-- Installing: /home/mingshi/Project/AI/pnnx_torchdynamo/seedvr2-ncnn-vulkan/dist/seedvr2-0.7.0/share/seedvr2/artifacts/2026-09-08/delivery-v1/local-native-ci-final
-- Installing: /home/mingshi/Project/AI/pnnx_torchdynamo/seedvr2-ncnn-vulkan/dist/seedvr2-0.7.0/share/seedvr2/artifacts/2026-09-08/delivery-v1/local-native-ci-final/ctest.log
-- Installing: /home/mingshi/Project/AI/pnnx_torchdynamo/seedvr2-ncnn-vulkan/dist/seedvr2-0.7.0/share/seedvr2/artifacts/2026-09-08/delivery-v1/local-native-ci-final/evidence-contract.log
-- Installing: /home/mingshi/Project/AI/pnnx_torchdynamo/seedvr2-ncnn-vulkan/dist/seedvr2-0.7.0/share/seedvr2/artifacts/2026-09-08/delivery-v1/local-native-ci-final/cli.json
-- Installing: /home/mingshi/Project/AI/pnnx_torchdynamo/seedvr2-ncnn-vulkan/dist/seedvr2-0.7.0/share/seedvr2/artifacts/2026-09-08/delivery-v1/local-native-ci-final/engine-boundaries.json
-- Installing: /home/mingshi/Project/AI/pnnx_torchdynamo/seedvr2-ncnn-vulkan/dist/seedvr2-0.7.0/share/seedvr2/artifacts/2026-09-08/delivery-v1/local-native-ci-final/first-use.json
-- Installing: /home/mingshi/Project/AI/pnnx_torchdynamo/seedvr2-ncnn-vulkan/dist/seedvr2-0.7.0/share/seedvr2/artifacts/2026-09-08/delivery-v1/local-native-ci-final/sdk-build.log
-- Installing: /home/mingshi/Project/AI/pnnx_torchdynamo/seedvr2-ncnn-vulkan/dist/seedvr2-0.7.0/share/seedvr2/artifacts/2026-09-08/delivery-v1/local-native-ci-final/sdk-smoke.json
-- Installing: /home/mingshi/Project/AI/pnnx_torchdynamo/seedvr2-ncnn-vulkan/dist/seedvr2-0.7.0/share/seedvr2/artifacts/2026-09-08/delivery-v1/local-native-ci-final/mesa.json
-- Installing: /home/mingshi/Project/AI/pnnx_torchdynamo/seedvr2-ncnn-vulkan/dist/seedvr2-0.7.0/share/seedvr2/artifacts/2026-09-08/delivery-v1/local-native-ci-final/mesa.stderr
-- Installing: /home/mingshi/Project/AI/pnnx_torchdynamo/seedvr2-ncnn-vulkan/dist/seedvr2-0.7.0/share/seedvr2/artifacts/2026-09-08/delivery-v1/local-native-ci-final/scope.json
-- Installing: /home/mingshi/Project/AI/pnnx_torchdynamo/seedvr2-ncnn-vulkan/dist/seedvr2-0.7.0/share/seedvr2/artifacts/2026-09-08/delivery-v1/natural-jpeg-fixed-parity.json
-- Installing: /home/mingshi/Project/AI/pnnx_torchdynamo/seedvr2-ncnn-vulkan/dist/seedvr2-0.7.0/share/seedvr2/artifacts/2026-09-08/delivery-v1/natural-photo-quality
-- Installing: /home/mingshi/Project/AI/pnnx_torchdynamo/seedvr2-ncnn-vulkan/dist/seedvr2-0.7.0/share/seedvr2/artifacts/2026-09-08/delivery-v1/natural-photo-quality/report.json
-- Installing: /home/mingshi/Project/AI/pnnx_torchdynamo/seedvr2-ncnn-vulkan/dist/seedvr2-0.7.0/share/seedvr2/artifacts/2026-09-08/delivery-v1/natural-photo-quality/comparison.png
-- Installing: /home/mingshi/Project/AI/pnnx_torchdynamo/seedvr2-ncnn-vulkan/dist/seedvr2-0.7.0/share/seedvr2/artifacts/2026-09-08/delivery-v1/natural-photo-quality/output.png
-- Installing: /home/mingshi/Project/AI/pnnx_torchdynamo/seedvr2-ncnn-vulkan/dist/seedvr2-0.7.0/share/seedvr2/artifacts/2026-09-08/delivery-v1/natural-photo-quality/comparison-input.png
-- Installing: /home/mingshi/Project/AI/pnnx_torchdynamo/seedvr2-ncnn-vulkan/dist/seedvr2-0.7.0/share/seedvr2/artifacts/2026-09-08/delivery-v1/natural-photo-quality/official-reference.png
-- Installing: /home/mingshi/Project/AI/pnnx_torchdynamo/seedvr2-ncnn-vulkan/dist/seedvr2-0.7.0/share/seedvr2/artifacts/2026-09-08/delivery-v1/offline-delivery.json
-- Installing: /home/mingshi/Project/AI/pnnx_torchdynamo/seedvr2-ncnn-vulkan/dist/seedvr2-0.7.0/share/seedvr2/artifacts/2026-09-08/delivery-v1/natural-jpeg-fixed-run.json
-- Installing: /home/mingshi/Project/AI/pnnx_torchdynamo/seedvr2-ncnn-vulkan/dist/seedvr2-0.7.0/share/seedvr2/artifacts/2026-09-08/delivery-v1/image-jobs.json
-- Installing: /home/mingshi/Project/AI/pnnx_torchdynamo/seedvr2-ncnn-vulkan/dist/seedvr2-0.7.0/share/seedvr2/artifacts/2026-09-08/delivery-v1/image-job.json
-- Installing: /home/mingshi/Project/AI/pnnx_torchdynamo/seedvr2-ncnn-vulkan/dist/seedvr2-0.7.0/share/seedvr2/artifacts/2026-09-08/delivery-v1/offline
-- Installing: /home/mingshi/Project/AI/pnnx_torchdynamo/seedvr2-ncnn-vulkan/dist/seedvr2-0.7.0/share/seedvr2/artifacts/2026-09-08/delivery-v1/offline/stderr
-- Installing: /home/mingshi/Project/AI/pnnx_torchdynamo/seedvr2-ncnn-vulkan/dist/seedvr2-0.7.0/share/seedvr2/artifacts/2026-09-08/delivery-v1/offline/sdk-build.log
-- Installing: /home/mingshi/Project/AI/pnnx_torchdynamo/seedvr2-ncnn-vulkan/dist/seedvr2-0.7.0/share/seedvr2/artifacts/2026-09-08/delivery-v1/offline/sdk-smoke.json
-- Installing: /home/mingshi/Project/AI/pnnx_torchdynamo/seedvr2-ncnn-vulkan/dist/seedvr2-0.7.0/share/seedvr2/artifacts/2026-09-08/delivery-v1/offline/network-routes.txt
-- Installing: /home/mingshi/Project/AI/pnnx_torchdynamo/seedvr2-ncnn-vulkan/dist/seedvr2-0.7.0/share/seedvr2/artifacts/2026-09-08/delivery-v1/offline/network-namespace.txt
-- Installing: /home/mingshi/Project/AI/pnnx_torchdynamo/seedvr2-ncnn-vulkan/dist/seedvr2-0.7.0/share/seedvr2/artifacts/2026-09-08/delivery-v1/offline/cpu.json
-- Installing: /home/mingshi/Project/AI/pnnx_torchdynamo/seedvr2-ncnn-vulkan/dist/seedvr2-0.7.0/share/seedvr2/artifacts/2026-09-08/delivery-v1/offline/check.sh
-- Installing: /home/mingshi/Project/AI/pnnx_torchdynamo/seedvr2-ncnn-vulkan/dist/seedvr2-0.7.0/share/seedvr2/artifacts/2026-09-08/delivery-v1/video-jobs.json
-- Installing: /home/mingshi/Project/AI/pnnx_torchdynamo/seedvr2-ncnn-vulkan/dist/seedvr2-0.7.0/share/seedvr2/artifacts/2026-09-08/delivery-v1/video-job.json
-- Installing: /home/mingshi/Project/AI/pnnx_torchdynamo/seedvr2-ncnn-vulkan/dist/seedvr2-0.7.0/share/seedvr2/artifacts/2026-09-08/delivery-v1/video-mp4-probe.json
-- Installing: /home/mingshi/Project/AI/pnnx_torchdynamo/seedvr2-ncnn-vulkan/dist/seedvr2-0.7.0/share/seedvr2/artifacts/2026-09-08/delivery-v1/live-capabilities.json
-- Installing: /home/mingshi/Project/AI/pnnx_torchdynamo/seedvr2-ncnn-vulkan/dist/seedvr2-0.7.0/share/seedvr2/artifacts/2026-09-08/delivery-v1/live-models.json
-- Installing: /home/mingshi/Project/AI/pnnx_torchdynamo/seedvr2-ncnn-vulkan/dist/seedvr2-0.7.0/share/seedvr2/artifacts/2026-09-08/delivery-v1/live-app.json
-- Installing: /home/mingshi/Project/AI/pnnx_torchdynamo/seedvr2-ncnn-vulkan/dist/seedvr2-0.7.0/share/seedvr2/artifacts/2026-09-08/delivery-v1/worker-validation-logs.json
-- Installing: /home/mingshi/Project/AI/pnnx_torchdynamo/seedvr2-ncnn-vulkan/dist/seedvr2-0.7.0/share/seedvr2/artifacts/2026-09-08/delivery-v1/delivery-basis.json
-- Installing: /home/mingshi/Project/AI/pnnx_torchdynamo/seedvr2-ncnn-vulkan/dist/seedvr2-0.7.0/share/seedvr2/artifacts/2026-09-08/delivery-v1/browser-review.json
-- Installing: /home/mingshi/Project/AI/pnnx_torchdynamo/seedvr2-ncnn-vulkan/dist/seedvr2-0.7.0/share/seedvr2/artifacts/2026-09-08/video-numerics-v1
-- Installing: /home/mingshi/Project/AI/pnnx_torchdynamo/seedvr2-ncnn-vulkan/dist/seedvr2-0.7.0/share/seedvr2/artifacts/2026-09-08/video-numerics-v1/runs
-- Installing: /home/mingshi/Project/AI/pnnx_torchdynamo/seedvr2-ncnn-vulkan/dist/seedvr2-0.7.0/share/seedvr2/artifacts/2026-09-08/video-numerics-v1/runs/video17-rope-v1
-- Installing: /home/mingshi/Project/AI/pnnx_torchdynamo/seedvr2-ncnn-vulkan/dist/seedvr2-0.7.0/share/seedvr2/artifacts/2026-09-08/video-numerics-v1/runs/video17-rope-v1/run.json
-- Installing: /home/mingshi/Project/AI/pnnx_torchdynamo/seedvr2-ncnn-vulkan/dist/seedvr2-0.7.0/share/seedvr2/artifacts/2026-09-08/video-numerics-v1/runs/video17-rope-v1/parity.json
-- Installing: /home/mingshi/Project/AI/pnnx_torchdynamo/seedvr2-ncnn-vulkan/dist/seedvr2-0.7.0/share/seedvr2/artifacts/2026-09-08/video-numerics-v1/runs/video17-rope-v1/video17-rope-v1.stdout
-- Installing: /home/mingshi/Project/AI/pnnx_torchdynamo/seedvr2-ncnn-vulkan/dist/seedvr2-0.7.0/share/seedvr2/artifacts/2026-09-08/video-numerics-v1/runs/video17-rope-v1/video17-rope-v1.stderr
-- Installing: /home/mingshi/Project/AI/pnnx_torchdynamo/seedvr2-ncnn-vulkan/dist/seedvr2-0.7.0/share/seedvr2/artifacts/2026-09-08/video-numerics-v1/runs/video17-prescale-v1
-- Installing: /home/mingshi/Project/AI/pnnx_torchdynamo/seedvr2-ncnn-vulkan/dist/seedvr2-0.7.0/share/seedvr2/artifacts/2026-09-08/video-numerics-v1/runs/video17-prescale-v1/run.json
-- Installing: /home/mingshi/Project/AI/pnnx_torchdynamo/seedvr2-ncnn-vulkan/dist/seedvr2-0.7.0/share/seedvr2/artifacts/2026-09-08/video-numerics-v1/runs/video17-prescale-v1/parity.json
-- Installing: /home/mingshi/Project/AI/pnnx_torchdynamo/seedvr2-ncnn-vulkan/dist/seedvr2-0.7.0/share/seedvr2/artifacts/2026-09-08/video-numerics-v1/runs/video17-prescale-v1/video17-prescale-v1.stdout
-- Installing: /home/mingshi/Project/AI/pnnx_torchdynamo/seedvr2-ncnn-vulkan/dist/seedvr2-0.7.0/share/seedvr2/artifacts/2026-09-08/video-numerics-v1/runs/video17-prescale-v1/video17-prescale-v1.stderr
-- Installing: /home/mingshi/Project/AI/pnnx_torchdynamo/seedvr2-ncnn-vulkan/dist/seedvr2-0.7.0/share/seedvr2/artifacts/2026-09-08/video-numerics-v1/runs/video17-prescale-cpu-v1
-- Installing: /home/mingshi/Project/AI/pnnx_torchdynamo/seedvr2-ncnn-vulkan/dist/seedvr2-0.7.0/share/seedvr2/artifacts/2026-09-08/video-numerics-v1/runs/video17-prescale-cpu-v1/run.json
-- Installing: /home/mingshi/Project/AI/pnnx_torchdynamo/seedvr2-ncnn-vulkan/dist/seedvr2-0.7.0/share/seedvr2/artifacts/2026-09-08/video-numerics-v1/runs/video17-prescale-cpu-v1/parity.json
-- Installing: /home/mingshi/Project/AI/pnnx_torchdynamo/seedvr2-ncnn-vulkan/dist/seedvr2-0.7.0/share/seedvr2/artifacts/2026-09-08/video-numerics-v1/runs/video17-prescale-cpu-v1/video17-prescale-cpu-v1.stdout
-- Installing: /home/mingshi/Project/AI/pnnx_torchdynamo/seedvr2-ncnn-vulkan/dist/seedvr2-0.7.0/share/seedvr2/artifacts/2026-09-08/video-numerics-v1/runs/video17-prescale-cpu-v1/video17-prescale-cpu-v1.stderr
-- Installing: /home/mingshi/Project/AI/pnnx_torchdynamo/seedvr2-ncnn-vulkan/dist/seedvr2-0.7.0/share/seedvr2/artifacts/2026-09-08/video-numerics-v1/runs/video17-fma-cpu-v1
-- Installing: /home/mingshi/Project/AI/pnnx_torchdynamo/seedvr2-ncnn-vulkan/dist/seedvr2-0.7.0/share/seedvr2/artifacts/2026-09-08/video-numerics-v1/runs/video17-fma-cpu-v1/run.json
-- Installing: /home/mingshi/Project/AI/pnnx_torchdynamo/seedvr2-ncnn-vulkan/dist/seedvr2-0.7.0/share/seedvr2/artifacts/2026-09-08/video-numerics-v1/runs/video17-fma-cpu-v1/parity.json
-- Installing: /home/mingshi/Project/AI/pnnx_torchdynamo/seedvr2-ncnn-vulkan/dist/seedvr2-0.7.0/share/seedvr2/artifacts/2026-09-08/video-numerics-v1/runs/video17-fma-cpu-v1/video17-fma-cpu-v1.stdout
-- Installing: /home/mingshi/Project/AI/pnnx_torchdynamo/seedvr2-ncnn-vulkan/dist/seedvr2-0.7.0/share/seedvr2/artifacts/2026-09-08/video-numerics-v1/runs/video17-fma-cpu-v1/video17-fma-cpu-v1.stderr
-- Installing: /home/mingshi/Project/AI/pnnx_torchdynamo/seedvr2-ncnn-vulkan/dist/seedvr2-0.7.0/share/seedvr2/artifacts/2026-09-08/video-numerics-v1/runs/video17-direct-vae-cpu-v1
-- Installing: /home/mingshi/Project/AI/pnnx_torchdynamo/seedvr2-ncnn-vulkan/dist/seedvr2-0.7.0/share/seedvr2/artifacts/2026-09-08/video-numerics-v1/runs/video17-direct-vae-cpu-v1/run.json
-- Installing: /home/mingshi/Project/AI/pnnx_torchdynamo/seedvr2-ncnn-vulkan/dist/seedvr2-0.7.0/share/seedvr2/artifacts/2026-09-08/video-numerics-v1/runs/video17-direct-vae-cpu-v1/parity.json
-- Installing: /home/mingshi/Project/AI/pnnx_torchdynamo/seedvr2-ncnn-vulkan/dist/seedvr2-0.7.0/share/seedvr2/artifacts/2026-09-08/video-numerics-v1/runs/video17-direct-vae-cpu-v1/video17-direct-vae-cpu-v1.stdout
-- Installing: /home/mingshi/Project/AI/pnnx_torchdynamo/seedvr2-ncnn-vulkan/dist/seedvr2-0.7.0/share/seedvr2/artifacts/2026-09-08/video-numerics-v1/runs/video17-direct-vae-cpu-v1/video17-direct-vae-cpu-v1.stderr
-- Installing: /home/mingshi/Project/AI/pnnx_torchdynamo/seedvr2-ncnn-vulkan/dist/seedvr2-0.7.0/share/seedvr2/artifacts/2026-09-08/video-numerics-v1/runs/video17-final-cpu-v1
-- Installing: /home/mingshi/Project/AI/pnnx_torchdynamo/seedvr2-ncnn-vulkan/dist/seedvr2-0.7.0/share/seedvr2/artifacts/2026-09-08/video-numerics-v1/runs/video17-final-cpu-v1/run.json
-- Installing: /home/mingshi/Project/AI/pnnx_torchdynamo/seedvr2-ncnn-vulkan/dist/seedvr2-0.7.0/share/seedvr2/artifacts/2026-09-08/video-numerics-v1/runs/video17-final-cpu-v1/parity.json
-- Installing: /home/mingshi/Project/AI/pnnx_torchdynamo/seedvr2-ncnn-vulkan/dist/seedvr2-0.7.0/share/seedvr2/artifacts/2026-09-08/video-numerics-v1/runs/video17-final-cpu-v1/video17-final-cpu-v1.stdout
-- Installing: /home/mingshi/Project/AI/pnnx_torchdynamo/seedvr2-ncnn-vulkan/dist/seedvr2-0.7.0/share/seedvr2/artifacts/2026-09-08/video-numerics-v1/runs/video17-final-cpu-v1/video17-final-cpu-v1.stderr
-- Installing: /home/mingshi/Project/AI/pnnx_torchdynamo/seedvr2-ncnn-vulkan/dist/seedvr2-0.7.0/share/seedvr2/artifacts/2026-09-08/video-numerics-v1/runs/video17-final-vulkan-v1
-- Installing: /home/mingshi/Project/AI/pnnx_torchdynamo/seedvr2-ncnn-vulkan/dist/seedvr2-0.7.0/share/seedvr2/artifacts/2026-09-08/video-numerics-v1/runs/video17-final-vulkan-v1/run.json
-- Installing: /home/mingshi/Project/AI/pnnx_torchdynamo/seedvr2-ncnn-vulkan/dist/seedvr2-0.7.0/share/seedvr2/artifacts/2026-09-08/video-numerics-v1/runs/video17-final-vulkan-v1/parity.json
-- Installing: /home/mingshi/Project/AI/pnnx_torchdynamo/seedvr2-ncnn-vulkan/dist/seedvr2-0.7.0/share/seedvr2/artifacts/2026-09-08/video-numerics-v1/runs/video17-final-vulkan-v1/video17-final-vulkan-v1.stdout
-- Installing: /home/mingshi/Project/AI/pnnx_torchdynamo/seedvr2-ncnn-vulkan/dist/seedvr2-0.7.0/share/seedvr2/artifacts/2026-09-08/video-numerics-v1/runs/video17-final-vulkan-v1/video17-final-vulkan-v1.stderr
-- Installing: /home/mingshi/Project/AI/pnnx_torchdynamo/seedvr2-ncnn-vulkan/dist/seedvr2-0.7.0/share/seedvr2/artifacts/2026-09-08/video-numerics-v1/runs/video6-final-vulkan-v1
-- Installing: /home/mingshi/Project/AI/pnnx_torchdynamo/seedvr2-ncnn-vulkan/dist/seedvr2-0.7.0/share/seedvr2/artifacts/2026-09-08/video-numerics-v1/runs/video6-final-vulkan-v1/run.json
-- Installing: /home/mingshi/Project/AI/pnnx_torchdynamo/seedvr2-ncnn-vulkan/dist/seedvr2-0.7.0/share/seedvr2/artifacts/2026-09-08/video-numerics-v1/runs/video6-final-vulkan-v1/parity.json
-- Installing: /home/mingshi/Project/AI/pnnx_torchdynamo/seedvr2-ncnn-vulkan/dist/seedvr2-0.7.0/share/seedvr2/artifacts/2026-09-08/video-numerics-v1/runs/video6-final-vulkan-v1/video6-final-vulkan-v1.stdout
-- Installing: /home/mingshi/Project/AI/pnnx_torchdynamo/seedvr2-ncnn-vulkan/dist/seedvr2-0.7.0/share/seedvr2/artifacts/2026-09-08/video-numerics-v1/runs/video6-final-vulkan-v1/video6-final-vulkan-v1.stderr
-- Installing: /home/mingshi/Project/AI/pnnx_torchdynamo/seedvr2-ncnn-vulkan/dist/seedvr2-0.7.0/share/seedvr2/artifacts/2026-09-08/video-numerics-v1/runs/natural-final-vulkan-v1
-- Installing: /home/mingshi/Project/AI/pnnx_torchdynamo/seedvr2-ncnn-vulkan/dist/seedvr2-0.7.0/share/seedvr2/artifacts/2026-09-08/video-numerics-v1/runs/natural-final-vulkan-v1/run.json
-- Installing: /home/mingshi/Project/AI/pnnx_torchdynamo/seedvr2-ncnn-vulkan/dist/seedvr2-0.7.0/share/seedvr2/artifacts/2026-09-08/video-numerics-v1/runs/natural-final-vulkan-v1/parity.json
-- Installing: /home/mingshi/Project/AI/pnnx_torchdynamo/seedvr2-ncnn-vulkan/dist/seedvr2-0.7.0/share/seedvr2/artifacts/2026-09-08/video-numerics-v1/runs/natural-final-vulkan-v1/natural-final-vulkan-v1.stdout
-- Installing: /home/mingshi/Project/AI/pnnx_torchdynamo/seedvr2-ncnn-vulkan/dist/seedvr2-0.7.0/share/seedvr2/artifacts/2026-09-08/video-numerics-v1/runs/natural-final-vulkan-v1/natural-final-vulkan-v1.stderr
-- Installing: /home/mingshi/Project/AI/pnnx_torchdynamo/seedvr2-ncnn-vulkan/dist/seedvr2-0.7.0/share/seedvr2/artifacts/2026-09-08/video-numerics-v1/traces
-- Installing: /home/mingshi/Project/AI/pnnx_torchdynamo/seedvr2-ncnn-vulkan/dist/seedvr2-0.7.0/share/seedvr2/artifacts/2026-09-08/video-numerics-v1/traces/dit-isolation-official-v1
-- Installing: /home/mingshi/Project/AI/pnnx_torchdynamo/seedvr2-ncnn-vulkan/dist/seedvr2-0.7.0/share/seedvr2/artifacts/2026-09-08/video-numerics-v1/traces/dit-isolation-official-v1/report.json
-- Installing: /home/mingshi/Project/AI/pnnx_torchdynamo/seedvr2-ncnn-vulkan/dist/seedvr2-0.7.0/share/seedvr2/artifacts/2026-09-08/video-numerics-v1/traces/dit-isolation-native-block0-v1
-- Installing: /home/mingshi/Project/AI/pnnx_torchdynamo/seedvr2-ncnn-vulkan/dist/seedvr2-0.7.0/share/seedvr2/artifacts/2026-09-08/video-numerics-v1/traces/dit-isolation-native-block0-v1/report.json
-- Installing: /home/mingshi/Project/AI/pnnx_torchdynamo/seedvr2-ncnn-vulkan/dist/seedvr2-0.7.0/share/seedvr2/artifacts/2026-09-08/video-numerics-v1/traces/dit-isolation-official-rope-v1
-- Installing: /home/mingshi/Project/AI/pnnx_torchdynamo/seedvr2-ncnn-vulkan/dist/seedvr2-0.7.0/share/seedvr2/artifacts/2026-09-08/video-numerics-v1/traces/dit-isolation-official-rope-v1/report.json
-- Installing: /home/mingshi/Project/AI/pnnx_torchdynamo/seedvr2-ncnn-vulkan/dist/seedvr2-0.7.0/share/seedvr2/artifacts/2026-09-08/video-numerics-v1/traces/dit-isolation-cpu-official-v1
-- Installing: /home/mingshi/Project/AI/pnnx_torchdynamo/seedvr2-ncnn-vulkan/dist/seedvr2-0.7.0/share/seedvr2/artifacts/2026-09-08/video-numerics-v1/traces/dit-isolation-cpu-official-v1/report.json
-- Installing: /home/mingshi/Project/AI/pnnx_torchdynamo/seedvr2-ncnn-vulkan/dist/seedvr2-0.7.0/share/seedvr2/artifacts/2026-09-08/video-numerics-v1/traces/dit-layer-native16-v1
-- Installing: /home/mingshi/Project/AI/pnnx_torchdynamo/seedvr2-ncnn-vulkan/dist/seedvr2-0.7.0/share/seedvr2/artifacts/2026-09-08/video-numerics-v1/traces/dit-layer-native16-v1/report.json
-- Installing: /home/mingshi/Project/AI/pnnx_torchdynamo/seedvr2-ncnn-vulkan/dist/seedvr2-0.7.0/share/seedvr2/artifacts/2026-09-08/video-numerics-v1/traces/dit-layer-native16-v2
-- Installing: /home/mingshi/Project/AI/pnnx_torchdynamo/seedvr2-ncnn-vulkan/dist/seedvr2-0.7.0/share/seedvr2/artifacts/2026-09-08/video-numerics-v1/traces/dit-layer-native16-v2/report.json
-- Installing: /home/mingshi/Project/AI/pnnx_torchdynamo/seedvr2-ncnn-vulkan/dist/seedvr2-0.7.0/share/seedvr2/artifacts/2026-09-08/video-numerics-v1/traces/dit-layer-native16-v2/isolation.json
-- Installing: /home/mingshi/Project/AI/pnnx_torchdynamo/seedvr2-ncnn-vulkan/dist/seedvr2-0.7.0/share/seedvr2/artifacts/2026-09-08/video-numerics-v1/traces/dit-layer-native16-v2/isolation-axis.json
-- Installing: /home/mingshi/Project/AI/pnnx_torchdynamo/seedvr2-ncnn-vulkan/dist/seedvr2-0.7.0/share/seedvr2/artifacts/2026-09-08/video-numerics-v1/traces/dit-layer-official16-v1
-- Installing: /home/mingshi/Project/AI/pnnx_torchdynamo/seedvr2-ncnn-vulkan/dist/seedvr2-0.7.0/share/seedvr2/artifacts/2026-09-08/video-numerics-v1/traces/dit-layer-official16-v1/report.json
-- Installing: /home/mingshi/Project/AI/pnnx_torchdynamo/seedvr2-ncnn-vulkan/dist/seedvr2-0.7.0/share/seedvr2/artifacts/2026-09-08/video-numerics-v1/traces/dit-layer-native16-rope-v1
-- Installing: /home/mingshi/Project/AI/pnnx_torchdynamo/seedvr2-ncnn-vulkan/dist/seedvr2-0.7.0/share/seedvr2/artifacts/2026-09-08/video-numerics-v1/traces/dit-layer-native16-rope-v1/report.json
-- Installing: /home/mingshi/Project/AI/pnnx_torchdynamo/seedvr2-ncnn-vulkan/dist/seedvr2-0.7.0/share/seedvr2/artifacts/2026-09-08/video-numerics-v1/traces/dit-layer-native16-rope-v1/isolation.json
-- Installing: /home/mingshi/Project/AI/pnnx_torchdynamo/seedvr2-ncnn-vulkan/dist/seedvr2-0.7.0/share/seedvr2/artifacts/2026-09-08/video-numerics-v1/traces/dit-layer-native16-prescale-v1
-- Installing: /home/mingshi/Project/AI/pnnx_torchdynamo/seedvr2-ncnn-vulkan/dist/seedvr2-0.7.0/share/seedvr2/artifacts/2026-09-08/video-numerics-v1/traces/dit-layer-native16-prescale-v1/report.json
-- Installing: /home/mingshi/Project/AI/pnnx_torchdynamo/seedvr2-ncnn-vulkan/dist/seedvr2-0.7.0/share/seedvr2/artifacts/2026-09-08/video-numerics-v1/traces/dit-layer-native16-prescale-v1/isolation-complete.json
-- Installing: /home/mingshi/Project/AI/pnnx_torchdynamo/seedvr2-ncnn-vulkan/dist/seedvr2-0.7.0/share/seedvr2/artifacts/2026-09-08/video-numerics-v1/traces/dit-layer-cpu16-prescale-v1
-- Installing: /home/mingshi/Project/AI/pnnx_torchdynamo/seedvr2-ncnn-vulkan/dist/seedvr2-0.7.0/share/seedvr2/artifacts/2026-09-08/video-numerics-v1/traces/dit-layer-cpu16-prescale-v1/report.json
-- Installing: /home/mingshi/Project/AI/pnnx_torchdynamo/seedvr2-ncnn-vulkan/dist/seedvr2-0.7.0/share/seedvr2/artifacts/2026-09-08/video-numerics-v1/traces/dit-layer-cpu16-prescale-v1/isolation.json
-- Installing: /home/mingshi/Project/AI/pnnx_torchdynamo/seedvr2-ncnn-vulkan/dist/seedvr2-0.7.0/share/seedvr2/artifacts/2026-09-08/video-numerics-v1/traces/vae-encoder-sgemm-v1
-- Installing: /home/mingshi/Project/AI/pnnx_torchdynamo/seedvr2-ncnn-vulkan/dist/seedvr2-0.7.0/share/seedvr2/artifacts/2026-09-08/video-numerics-v1/traces/vae-encoder-sgemm-v1/report.json
-- Installing: /home/mingshi/Project/AI/pnnx_torchdynamo/seedvr2-ncnn-vulkan/dist/seedvr2-0.7.0/share/seedvr2/artifacts/2026-09-08/video-numerics-v1/traces/vae-encoder-sgemm-v1/isolation.json
-- Installing: /home/mingshi/Project/AI/pnnx_torchdynamo/seedvr2-ncnn-vulkan/dist/seedvr2-0.7.0/share/seedvr2/artifacts/2026-09-08/video-numerics-v1/traces/vae-encoder-direct-v1
-- Installing: /home/mingshi/Project/AI/pnnx_torchdynamo/seedvr2-ncnn-vulkan/dist/seedvr2-0.7.0/share/seedvr2/artifacts/2026-09-08/video-numerics-v1/traces/vae-encoder-direct-v1/report.json
-- Installing: /home/mingshi/Project/AI/pnnx_torchdynamo/seedvr2-ncnn-vulkan/dist/seedvr2-0.7.0/share/seedvr2/artifacts/2026-09-08/video-numerics-v1/implementations
-- Installing: /home/mingshi/Project/AI/pnnx_torchdynamo/seedvr2-ncnn-vulkan/dist/seedvr2-0.7.0/share/seedvr2/artifacts/2026-09-08/video-numerics-v1/implementations/rope-implementation-v1
-- Installing: /home/mingshi/Project/AI/pnnx_torchdynamo/seedvr2-ncnn-vulkan/dist/seedvr2-0.7.0/share/seedvr2/artifacts/2026-09-08/video-numerics-v1/implementations/rope-implementation-v1/identity.json
-- Installing: /home/mingshi/Project/AI/pnnx_torchdynamo/seedvr2-ncnn-vulkan/dist/seedvr2-0.7.0/share/seedvr2/artifacts/2026-09-08/video-numerics-v1/implementations/rope-implementation-v1/source
-- Installing: /home/mingshi/Project/AI/pnnx_torchdynamo/seedvr2-ncnn-vulkan/dist/seedvr2-0.7.0/share/seedvr2/artifacts/2026-09-08/video-numerics-v1/implementations/rope-implementation-v1/source/tests
-- Installing: /home/mingshi/Project/AI/pnnx_torchdynamo/seedvr2-ncnn-vulkan/dist/seedvr2-0.7.0/share/seedvr2/artifacts/2026-09-08/video-numerics-v1/implementations/rope-implementation-v1/source/tests/awa_rope_tests.cpp
-- Installing: /home/mingshi/Project/AI/pnnx_torchdynamo/seedvr2-ncnn-vulkan/dist/seedvr2-0.7.0/share/seedvr2/artifacts/2026-09-08/video-numerics-v1/implementations/rope-implementation-v1/source/tools
-- Installing: /home/mingshi/Project/AI/pnnx_torchdynamo/seedvr2-ncnn-vulkan/dist/seedvr2-0.7.0/share/seedvr2/artifacts/2026-09-08/video-numerics-v1/implementations/rope-implementation-v1/source/tools/trace_dit_layers.cpp
-- Installing: /home/mingshi/Project/AI/pnnx_torchdynamo/seedvr2-ncnn-vulkan/dist/seedvr2-0.7.0/share/seedvr2/artifacts/2026-09-08/video-numerics-v1/implementations/rope-implementation-v1/source/src
-- Installing: /home/mingshi/Project/AI/pnnx_torchdynamo/seedvr2-ncnn-vulkan/dist/seedvr2-0.7.0/share/seedvr2/artifacts/2026-09-08/video-numerics-v1/implementations/rope-implementation-v1/source/src/engine
-- Installing: /home/mingshi/Project/AI/pnnx_torchdynamo/seedvr2-ncnn-vulkan/dist/seedvr2-0.7.0/share/seedvr2/artifacts/2026-09-08/video-numerics-v1/implementations/rope-implementation-v1/source/src/engine/ncnn
-- Installing: /home/mingshi/Project/AI/pnnx_torchdynamo/seedvr2-ncnn-vulkan/dist/seedvr2-0.7.0/share/seedvr2/artifacts/2026-09-08/video-numerics-v1/implementations/rope-implementation-v1/source/src/engine/ncnn/awa.cpp
-- Installing: /home/mingshi/Project/AI/pnnx_torchdynamo/seedvr2-ncnn-vulkan/dist/seedvr2-0.7.0/share/seedvr2/artifacts/2026-09-08/video-numerics-v1/implementations/rope-implementation-v1/source/src/engine/ncnn/awa.hpp
-- Installing: /home/mingshi/Project/AI/pnnx_torchdynamo/seedvr2-ncnn-vulkan/dist/seedvr2-0.7.0/share/seedvr2/artifacts/2026-09-08/video-numerics-v1/implementations/rope-implementation-v1/source/src/engine/ncnn/graph.hpp
-- Installing: /home/mingshi/Project/AI/pnnx_torchdynamo/seedvr2-ncnn-vulkan/dist/seedvr2-0.7.0/share/seedvr2/artifacts/2026-09-08/video-numerics-v1/implementations/rope-implementation-v1/source/src/engine/ncnn/shaders
-- Installing: /home/mingshi/Project/AI/pnnx_torchdynamo/seedvr2-ncnn-vulkan/dist/seedvr2-0.7.0/share/seedvr2/artifacts/2026-09-08/video-numerics-v1/implementations/rope-implementation-v1/source/src/engine/ncnn/shaders/awa_gather.comp
-- Installing: /home/mingshi/Project/AI/pnnx_torchdynamo/seedvr2-ncnn-vulkan/dist/seedvr2-0.7.0/share/seedvr2/artifacts/2026-09-08/video-numerics-v1/implementations/prescale-implementation-v1
-- Installing: /home/mingshi/Project/AI/pnnx_torchdynamo/seedvr2-ncnn-vulkan/dist/seedvr2-0.7.0/share/seedvr2/artifacts/2026-09-08/video-numerics-v1/implementations/prescale-implementation-v1/identity.json
-- Installing: /home/mingshi/Project/AI/pnnx_torchdynamo/seedvr2-ncnn-vulkan/dist/seedvr2-0.7.0/share/seedvr2/artifacts/2026-09-08/video-numerics-v1/implementations/prescale-implementation-v1/source
-- Installing: /home/mingshi/Project/AI/pnnx_torchdynamo/seedvr2-ncnn-vulkan/dist/seedvr2-0.7.0/share/seedvr2/artifacts/2026-09-08/video-numerics-v1/implementations/prescale-implementation-v1/source/tests
-- Installing: /home/mingshi/Project/AI/pnnx_torchdynamo/seedvr2-ncnn-vulkan/dist/seedvr2-0.7.0/share/seedvr2/artifacts/2026-09-08/video-numerics-v1/implementations/prescale-implementation-v1/source/tests/awa_rope_tests.cpp
-- Installing: /home/mingshi/Project/AI/pnnx_torchdynamo/seedvr2-ncnn-vulkan/dist/seedvr2-0.7.0/share/seedvr2/artifacts/2026-09-08/video-numerics-v1/implementations/prescale-implementation-v1/source/src
-- Installing: /home/mingshi/Project/AI/pnnx_torchdynamo/seedvr2-ncnn-vulkan/dist/seedvr2-0.7.0/share/seedvr2/artifacts/2026-09-08/video-numerics-v1/implementations/prescale-implementation-v1/source/src/engine
-- Installing: /home/mingshi/Project/AI/pnnx_torchdynamo/seedvr2-ncnn-vulkan/dist/seedvr2-0.7.0/share/seedvr2/artifacts/2026-09-08/video-numerics-v1/implementations/prescale-implementation-v1/source/src/engine/ncnn
-- Installing: /home/mingshi/Project/AI/pnnx_torchdynamo/seedvr2-ncnn-vulkan/dist/seedvr2-0.7.0/share/seedvr2/artifacts/2026-09-08/video-numerics-v1/implementations/prescale-implementation-v1/source/src/engine/ncnn/awa.cpp
-- Installing: /home/mingshi/Project/AI/pnnx_torchdynamo/seedvr2-ncnn-vulkan/dist/seedvr2-0.7.0/share/seedvr2/artifacts/2026-09-08/video-numerics-v1/implementations/prescale-implementation-v1/source/src/engine/ncnn/shaders
-- Installing: /home/mingshi/Project/AI/pnnx_torchdynamo/seedvr2-ncnn-vulkan/dist/seedvr2-0.7.0/share/seedvr2/artifacts/2026-09-08/video-numerics-v1/implementations/prescale-implementation-v1/source/src/engine/ncnn/shaders/awa_gather.comp
-- Installing: /home/mingshi/Project/AI/pnnx_torchdynamo/seedvr2-ncnn-vulkan/dist/seedvr2-0.7.0/share/seedvr2/artifacts/2026-09-08/video-numerics-v1/implementations/fma-implementation-v1
-- Installing: /home/mingshi/Project/AI/pnnx_torchdynamo/seedvr2-ncnn-vulkan/dist/seedvr2-0.7.0/share/seedvr2/artifacts/2026-09-08/video-numerics-v1/implementations/fma-implementation-v1/identity.json
-- Installing: /home/mingshi/Project/AI/pnnx_torchdynamo/seedvr2-ncnn-vulkan/dist/seedvr2-0.7.0/share/seedvr2/artifacts/2026-09-08/video-numerics-v1/implementations/fma-implementation-v1/source
-- Installing: /home/mingshi/Project/AI/pnnx_torchdynamo/seedvr2-ncnn-vulkan/dist/seedvr2-0.7.0/share/seedvr2/artifacts/2026-09-08/video-numerics-v1/implementations/fma-implementation-v1/source/tests
-- Installing: /home/mingshi/Project/AI/pnnx_torchdynamo/seedvr2-ncnn-vulkan/dist/seedvr2-0.7.0/share/seedvr2/artifacts/2026-09-08/video-numerics-v1/implementations/fma-implementation-v1/source/tests/preprocessing_tests.cpp
-- Installing: /home/mingshi/Project/AI/pnnx_torchdynamo/seedvr2-ncnn-vulkan/dist/seedvr2-0.7.0/share/seedvr2/artifacts/2026-09-08/video-numerics-v1/implementations/fma-implementation-v1/source/src
-- Installing: /home/mingshi/Project/AI/pnnx_torchdynamo/seedvr2-ncnn-vulkan/dist/seedvr2-0.7.0/share/seedvr2/artifacts/2026-09-08/video-numerics-v1/implementations/fma-implementation-v1/source/src/engine
-- Installing: /home/mingshi/Project/AI/pnnx_torchdynamo/seedvr2-ncnn-vulkan/dist/seedvr2-0.7.0/share/seedvr2/artifacts/2026-09-08/video-numerics-v1/implementations/fma-implementation-v1/source/src/engine/ncnn
-- Installing: /home/mingshi/Project/AI/pnnx_torchdynamo/seedvr2-ncnn-vulkan/dist/seedvr2-0.7.0/share/seedvr2/artifacts/2026-09-08/video-numerics-v1/implementations/fma-implementation-v1/source/src/engine/ncnn/awa.cpp
-- Installing: /home/mingshi/Project/AI/pnnx_torchdynamo/seedvr2-ncnn-vulkan/dist/seedvr2-0.7.0/share/seedvr2/artifacts/2026-09-08/video-numerics-v1/implementations/fma-implementation-v1/source/src/engine/ncnn/awa.hpp
-- Installing: /home/mingshi/Project/AI/pnnx_torchdynamo/seedvr2-ncnn-vulkan/dist/seedvr2-0.7.0/share/seedvr2/artifacts/2026-09-08/video-numerics-v1/implementations/fma-implementation-v1/source/src/engine/ncnn/image_io.cpp
-- Installing: /home/mingshi/Project/AI/pnnx_torchdynamo/seedvr2-ncnn-vulkan/dist/seedvr2-0.7.0/share/seedvr2/artifacts/2026-09-08/video-numerics-v1/implementations/fma-implementation-v1/source/src/engine/ncnn/graph.hpp
-- Installing: /home/mingshi/Project/AI/pnnx_torchdynamo/seedvr2-ncnn-vulkan/dist/seedvr2-0.7.0/share/seedvr2/artifacts/2026-09-08/video-numerics-v1/implementations/fma-implementation-v1/source/src/engine/ncnn/shaders
-- Installing: /home/mingshi/Project/AI/pnnx_torchdynamo/seedvr2-ncnn-vulkan/dist/seedvr2-0.7.0/share/seedvr2/artifacts/2026-09-08/video-numerics-v1/implementations/fma-implementation-v1/source/src/engine/ncnn/shaders/awa_gather.comp
-- Installing: /home/mingshi/Project/AI/pnnx_torchdynamo/seedvr2-ncnn-vulkan/dist/seedvr2-0.7.0/share/seedvr2/artifacts/2026-09-08/video-numerics-v1/implementations/direct-vae-implementation-v1
-- Installing: /home/mingshi/Project/AI/pnnx_torchdynamo/seedvr2-ncnn-vulkan/dist/seedvr2-0.7.0/share/seedvr2/artifacts/2026-09-08/video-numerics-v1/implementations/direct-vae-implementation-v1/video_layers.cpp
-- Installing: /home/mingshi/Project/AI/pnnx_torchdynamo/seedvr2-ncnn-vulkan/dist/seedvr2-0.7.0/share/seedvr2/artifacts/2026-09-08/video-numerics-v1/implementations/direct-vae-implementation-v1/image_io.cpp
-- Installing: /home/mingshi/Project/AI/pnnx_torchdynamo/seedvr2-ncnn-vulkan/dist/seedvr2-0.7.0/share/seedvr2/artifacts/2026-09-08/video-numerics-v1/implementations/direct-vae-implementation-v1/awa.cpp
-- Installing: /home/mingshi/Project/AI/pnnx_torchdynamo/seedvr2-ncnn-vulkan/dist/seedvr2-0.7.0/share/seedvr2/artifacts/2026-09-08/video-numerics-v1/implementations/direct-vae-implementation-v1/awa_gather.comp
-- Installing: /home/mingshi/Project/AI/pnnx_torchdynamo/seedvr2-ncnn-vulkan/dist/seedvr2-0.7.0/share/seedvr2/artifacts/2026-09-08/video-numerics-v1/implementations/direct-vae-implementation-v1/awa.hpp
-- Installing: /home/mingshi/Project/AI/pnnx_torchdynamo/seedvr2-ncnn-vulkan/dist/seedvr2-0.7.0/share/seedvr2/artifacts/2026-09-08/video-numerics-v1/implementations/direct-vae-implementation-v1/graph.hpp
-- Installing: /home/mingshi/Project/AI/pnnx_torchdynamo/seedvr2-ncnn-vulkan/dist/seedvr2-0.7.0/share/seedvr2/artifacts/2026-09-08/video-numerics-v1/implementations/direct-vae-implementation-v1/identity.json
-- Installing: /home/mingshi/Project/AI/pnnx_torchdynamo/seedvr2-ncnn-vulkan/dist/seedvr2-0.7.0/share/seedvr2/artifacts/2026-09-08/video-numerics-v1/implementations/vae-trace-implementation-v1
-- Installing: /home/mingshi/Project/AI/pnnx_torchdynamo/seedvr2-ncnn-vulkan/dist/seedvr2-0.7.0/share/seedvr2/artifacts/2026-09-08/video-numerics-v1/implementations/vae-trace-implementation-v1/trace_vae_encoder.cpp
-- Installing: /home/mingshi/Project/AI/pnnx_torchdynamo/seedvr2-ncnn-vulkan/dist/seedvr2-0.7.0/share/seedvr2/artifacts/2026-09-08/video-numerics-v1/implementations/vae-trace-implementation-v1/video_layers.cpp
-- Installing: /home/mingshi/Project/AI/pnnx_torchdynamo/seedvr2-ncnn-vulkan/dist/seedvr2-0.7.0/share/seedvr2/artifacts/2026-09-08/video-numerics-v1/implementations/vae-trace-implementation-v1/graph.hpp
-- Installing: /home/mingshi/Project/AI/pnnx_torchdynamo/seedvr2-ncnn-vulkan/dist/seedvr2-0.7.0/share/seedvr2/artifacts/2026-09-08/video-numerics-v1/implementations/vae-trace-implementation-v1/identity.json
-- Installing: /home/mingshi/Project/AI/pnnx_torchdynamo/seedvr2-ncnn-vulkan/dist/seedvr2-0.7.0/share/seedvr2/artifacts/2026-09-08/video-numerics-v1/implementations/numerics-final-implementation-v1
-- Installing: /home/mingshi/Project/AI/pnnx_torchdynamo/seedvr2-ncnn-vulkan/dist/seedvr2-0.7.0/share/seedvr2/artifacts/2026-09-08/video-numerics-v1/implementations/numerics-final-implementation-v1/awa.cpp
-- Installing: /home/mingshi/Project/AI/pnnx_torchdynamo/seedvr2-ncnn-vulkan/dist/seedvr2-0.7.0/share/seedvr2/artifacts/2026-09-08/video-numerics-v1/implementations/numerics-final-implementation-v1/awa.hpp
-- Installing: /home/mingshi/Project/AI/pnnx_torchdynamo/seedvr2-ncnn-vulkan/dist/seedvr2-0.7.0/share/seedvr2/artifacts/2026-09-08/video-numerics-v1/implementations/numerics-final-implementation-v1/graph.hpp
-- Installing: /home/mingshi/Project/AI/pnnx_torchdynamo/seedvr2-ncnn-vulkan/dist/seedvr2-0.7.0/share/seedvr2/artifacts/2026-09-08/video-numerics-v1/implementations/numerics-final-implementation-v1/awa_gather.comp
-- Installing: /home/mingshi/Project/AI/pnnx_torchdynamo/seedvr2-ncnn-vulkan/dist/seedvr2-0.7.0/share/seedvr2/artifacts/2026-09-08/video-numerics-v1/implementations/numerics-final-implementation-v1/inference.hpp
-- Installing: /home/mingshi/Project/AI/pnnx_torchdynamo/seedvr2-ncnn-vulkan/dist/seedvr2-0.7.0/share/seedvr2/artifacts/2026-09-08/video-numerics-v1/implementations/numerics-final-implementation-v1/runtime.cpp
-- Installing: /home/mingshi/Project/AI/pnnx_torchdynamo/seedvr2-ncnn-vulkan/dist/seedvr2-0.7.0/share/seedvr2/artifacts/2026-09-08/video-numerics-v1/implementations/numerics-final-implementation-v1/video_layers.cpp
-- Installing: /home/mingshi/Project/AI/pnnx_torchdynamo/seedvr2-ncnn-vulkan/dist/seedvr2-0.7.0/share/seedvr2/artifacts/2026-09-08/video-numerics-v1/implementations/numerics-final-implementation-v1/image_io.cpp
-- Installing: /home/mingshi/Project/AI/pnnx_torchdynamo/seedvr2-ncnn-vulkan/dist/seedvr2-0.7.0/share/seedvr2/artifacts/2026-09-08/video-numerics-v1/implementations/numerics-final-implementation-v1/awa_rope_tests.cpp
-- Installing: /home/mingshi/Project/AI/pnnx_torchdynamo/seedvr2-ncnn-vulkan/dist/seedvr2-0.7.0/share/seedvr2/artifacts/2026-09-08/video-numerics-v1/implementations/numerics-final-implementation-v1/identity.json
-- Installing: /home/mingshi/Project/AI/pnnx_torchdynamo/seedvr2-ncnn-vulkan/dist/seedvr2-0.7.0/share/seedvr2/artifacts/2026-09-08/video-numerics-v1/regressions
-- Installing: /home/mingshi/Project/AI/pnnx_torchdynamo/seedvr2-ncnn-vulkan/dist/seedvr2-0.7.0/share/seedvr2/artifacts/2026-09-08/video-numerics-v1/regressions/awa-rope-test-build-v1.log
-- Installing: /home/mingshi/Project/AI/pnnx_torchdynamo/seedvr2-ncnn-vulkan/dist/seedvr2-0.7.0/share/seedvr2/artifacts/2026-09-08/video-numerics-v1/regressions/awa-rope-before-cpu.log
-- Installing: /home/mingshi/Project/AI/pnnx_torchdynamo/seedvr2-ncnn-vulkan/dist/seedvr2-0.7.0/share/seedvr2/artifacts/2026-09-08/video-numerics-v1/regressions/awa-rope-before-vulkan.log
-- Installing: /home/mingshi/Project/AI/pnnx_torchdynamo/seedvr2-ncnn-vulkan/dist/seedvr2-0.7.0/share/seedvr2/artifacts/2026-09-08/video-numerics-v1/regressions/awa-rope-before-debug.log
-- Installing: /home/mingshi/Project/AI/pnnx_torchdynamo/seedvr2-ncnn-vulkan/dist/seedvr2-0.7.0/share/seedvr2/artifacts/2026-09-08/video-numerics-v1/regressions/awa-rope-before-validation-debug.log
-- Installing: /home/mingshi/Project/AI/pnnx_torchdynamo/seedvr2-ncnn-vulkan/dist/seedvr2-0.7.0/share/seedvr2/artifacts/2026-09-08/video-numerics-v1/regressions/awa-rope-fix-build-v1.log
-- Installing: /home/mingshi/Project/AI/pnnx_torchdynamo/seedvr2-ncnn-vulkan/dist/seedvr2-0.7.0/share/seedvr2/artifacts/2026-09-08/video-numerics-v1/regressions/awa-rope-fix-build-v2.log
-- Installing: /home/mingshi/Project/AI/pnnx_torchdynamo/seedvr2-ncnn-vulkan/dist/seedvr2-0.7.0/share/seedvr2/artifacts/2026-09-08/video-numerics-v1/regressions/awa-rope-after-vulkan.log
-- Installing: /home/mingshi/Project/AI/pnnx_torchdynamo/seedvr2-ncnn-vulkan/dist/seedvr2-0.7.0/share/seedvr2/artifacts/2026-09-08/video-numerics-v1/regressions/awa-sdpa-test-build-v1.log
-- Installing: /home/mingshi/Project/AI/pnnx_torchdynamo/seedvr2-ncnn-vulkan/dist/seedvr2-0.7.0/share/seedvr2/artifacts/2026-09-08/video-numerics-v1/regressions/awa-sdpa-before-vulkan.log
-- Installing: /home/mingshi/Project/AI/pnnx_torchdynamo/seedvr2-ncnn-vulkan/dist/seedvr2-0.7.0/share/seedvr2/artifacts/2026-09-08/video-numerics-v1/regressions/awa-sdpa-before-cpu.log
-- Installing: /home/mingshi/Project/AI/pnnx_torchdynamo/seedvr2-ncnn-vulkan/dist/seedvr2-0.7.0/share/seedvr2/artifacts/2026-09-08/video-numerics-v1/regressions/awa-sdpa-fix-build-v1.log
-- Installing: /home/mingshi/Project/AI/pnnx_torchdynamo/seedvr2-ncnn-vulkan/dist/seedvr2-0.7.0/share/seedvr2/artifacts/2026-09-08/video-numerics-v1/regressions/awa-prescale-regression.log
-- Installing: /home/mingshi/Project/AI/pnnx_torchdynamo/seedvr2-ncnn-vulkan/dist/seedvr2-0.7.0/share/seedvr2/artifacts/2026-09-08/video-numerics-v1/regressions/preprocessing-before.log
-- Installing: /home/mingshi/Project/AI/pnnx_torchdynamo/seedvr2-ncnn-vulkan/dist/seedvr2-0.7.0/share/seedvr2/artifacts/2026-09-08/video-numerics-v1/regressions/preprocessing-after.log
-- Installing: /home/mingshi/Project/AI/pnnx_torchdynamo/seedvr2-ncnn-vulkan/dist/seedvr2-0.7.0/share/seedvr2/artifacts/2026-09-08/video-numerics-v1/rejected-preprocessing
-- Installing: /home/mingshi/Project/AI/pnnx_torchdynamo/seedvr2-ncnn-vulkan/dist/seedvr2-0.7.0/share/seedvr2/artifacts/2026-09-08/video-numerics-v1/rejected-preprocessing/preprocessing_tests.cpp
-- Installing: /home/mingshi/Project/AI/pnnx_torchdynamo/seedvr2-ncnn-vulkan/dist/seedvr2-0.7.0/share/seedvr2/artifacts/2026-09-08/video-numerics-v1/rejected-preprocessing/generate_preprocessing_fixtures.py
-- Installing: /home/mingshi/Project/AI/pnnx_torchdynamo/seedvr2-ncnn-vulkan/dist/seedvr2-0.7.0/share/seedvr2/artifacts/2026-09-08/video-numerics-v1/rejected-preprocessing/image_io.cpp
-- Installing: /home/mingshi/Project/AI/pnnx_torchdynamo/seedvr2-ncnn-vulkan/dist/seedvr2-0.7.0/share/seedvr2/artifacts/2026-09-08/video-numerics-v1/rejected-preprocessing/fixtures
-- Installing: /home/mingshi/Project/AI/pnnx_torchdynamo/seedvr2-ncnn-vulkan/dist/seedvr2-0.7.0/share/seedvr2/artifacts/2026-09-08/video-numerics-v1/rejected-preprocessing/fixtures/64-to-128.rgb8
-- Installing: /home/mingshi/Project/AI/pnnx_torchdynamo/seedvr2-ncnn-vulkan/dist/seedvr2-0.7.0/share/seedvr2/artifacts/2026-09-08/video-numerics-v1/rejected-preprocessing/fixtures/64-to-128.f32
-- Installing: /home/mingshi/Project/AI/pnnx_torchdynamo/seedvr2-ncnn-vulkan/dist/seedvr2-0.7.0/share/seedvr2/artifacts/2026-09-08/video-numerics-v1/rejected-preprocessing/fixtures/128-to-64.rgb8
-- Installing: /home/mingshi/Project/AI/pnnx_torchdynamo/seedvr2-ncnn-vulkan/dist/seedvr2-0.7.0/share/seedvr2/artifacts/2026-09-08/video-numerics-v1/rejected-preprocessing/fixtures/128-to-64.f32
-- Installing: /home/mingshi/Project/AI/pnnx_torchdynamo/seedvr2-ncnn-vulkan/dist/seedvr2-0.7.0/share/seedvr2/artifacts/2026-09-08/video-numerics-v1/rejected-preprocessing/fixtures/provenance.json
-- Installing: /home/mingshi/Project/AI/pnnx_torchdynamo/seedvr2-ncnn-vulkan/dist/seedvr2-0.7.0/share/seedvr2/artifacts/2026-09-08/video-numerics-v1/rejected-preprocessing/resize-isolation-v1.py
-- Installing: /home/mingshi/Project/AI/pnnx_torchdynamo/seedvr2-ncnn-vulkan/dist/seedvr2-0.7.0/share/seedvr2/artifacts/2026-09-08/video-numerics-v1/index.json
-- Installing: /home/mingshi/Project/AI/pnnx_torchdynamo/seedvr2-ncnn-vulkan/dist/seedvr2-0.7.0/share/seedvr2/artifacts/2026-09-08/video-numerics-v1/preview
-- Installing: /home/mingshi/Project/AI/pnnx_torchdynamo/seedvr2-ncnn-vulkan/dist/seedvr2-0.7.0/share/seedvr2/artifacts/2026-09-08/video-numerics-v1/preview/video-vulkan.mp4
-- Installing: /home/mingshi/Project/AI/pnnx_torchdynamo/seedvr2-ncnn-vulkan/dist/seedvr2-0.7.0/share/seedvr2/artifacts/2026-09-08/video-numerics-v1/preview/video-cpu.mp4
-- Installing: /home/mingshi/Project/AI/pnnx_torchdynamo/seedvr2-ncnn-vulkan/dist/seedvr2-0.7.0/share/seedvr2/artifacts/2026-09-08/video-numerics-v1/preview/input.mp4
-- Installing: /home/mingshi/Project/AI/pnnx_torchdynamo/seedvr2-ncnn-vulkan/dist/seedvr2-0.7.0/share/seedvr2/artifacts/2026-09-08/video-numerics-v1/preview/video-poster.png
-- Installing: /home/mingshi/Project/AI/pnnx_torchdynamo/seedvr2-ncnn-vulkan/dist/seedvr2-0.7.0/share/seedvr2/artifacts/2026-09-08/video-numerics-v1/preview/natural-output.png
-- Installing: /home/mingshi/Project/AI/pnnx_torchdynamo/seedvr2-ncnn-vulkan/dist/seedvr2-0.7.0/share/seedvr2/artifacts/2026-09-08/video-numerics-v1/awa-regression.json
-- Installing: /home/mingshi/Project/AI/pnnx_torchdynamo/seedvr2-ncnn-vulkan/dist/seedvr2-0.7.0/share/seedvr2/artifacts/2026-09-08/video-numerics-v1/install-provenance.json
-- Installing: /home/mingshi/Project/AI/pnnx_torchdynamo/seedvr2-ncnn-vulkan/dist/seedvr2-0.7.0/share/seedvr2/artifacts/2026-09-08/video-numerics-v1/vae-cpu-regression.json
-- Installing: /home/mingshi/Project/AI/pnnx_torchdynamo/seedvr2-ncnn-vulkan/dist/seedvr2-0.7.0/share/seedvr2/artifacts/2026-09-08/video-numerics-v1/native-ci
-- Installing: /home/mingshi/Project/AI/pnnx_torchdynamo/seedvr2-ncnn-vulkan/dist/seedvr2-0.7.0/share/seedvr2/artifacts/2026-09-08/video-numerics-v1/native-ci/ctest.log
-- Installing: /home/mingshi/Project/AI/pnnx_torchdynamo/seedvr2-ncnn-vulkan/dist/seedvr2-0.7.0/share/seedvr2/artifacts/2026-09-08/video-numerics-v1/native-ci/evidence-contract.log
-- Installing: /home/mingshi/Project/AI/pnnx_torchdynamo/seedvr2-ncnn-vulkan/dist/seedvr2-0.7.0/share/seedvr2/artifacts/2026-09-08/video-numerics-v1/native-ci/cli.json
-- Installing: /home/mingshi/Project/AI/pnnx_torchdynamo/seedvr2-ncnn-vulkan/dist/seedvr2-0.7.0/share/seedvr2/artifacts/2026-09-08/video-numerics-v1/native-ci/engine-boundaries.json
-- Installing: /home/mingshi/Project/AI/pnnx_torchdynamo/seedvr2-ncnn-vulkan/dist/seedvr2-0.7.0/share/seedvr2/artifacts/2026-09-08/video-numerics-v1/native-ci/first-use.json
-- Installing: /home/mingshi/Project/AI/pnnx_torchdynamo/seedvr2-ncnn-vulkan/dist/seedvr2-0.7.0/share/seedvr2/artifacts/2026-09-08/video-numerics-v1/native-ci/sdk-build.log
-- Installing: /home/mingshi/Project/AI/pnnx_torchdynamo/seedvr2-ncnn-vulkan/dist/seedvr2-0.7.0/share/seedvr2/artifacts/2026-09-08/video-numerics-v1/native-ci/sdk-smoke.json
-- Installing: /home/mingshi/Project/AI/pnnx_torchdynamo/seedvr2-ncnn-vulkan/dist/seedvr2-0.7.0/share/seedvr2/artifacts/2026-09-08/video-numerics-v1/native-ci/mesa.json
-- Installing: /home/mingshi/Project/AI/pnnx_torchdynamo/seedvr2-ncnn-vulkan/dist/seedvr2-0.7.0/share/seedvr2/artifacts/2026-09-08/video-numerics-v1/native-ci/mesa.stderr
-- Installing: /home/mingshi/Project/AI/pnnx_torchdynamo/seedvr2-ncnn-vulkan/dist/seedvr2-0.7.0/share/seedvr2/artifacts/2026-09-08/video-numerics-v1/native-ci/mesa-regressions.log
-- Installing: /home/mingshi/Project/AI/pnnx_torchdynamo/seedvr2-ncnn-vulkan/dist/seedvr2-0.7.0/share/seedvr2/artifacts/2026-09-08/video-numerics-v1/native-ci/scope.json
-- Installing: /home/mingshi/Project/AI/pnnx_torchdynamo/seedvr2-ncnn-vulkan/dist/seedvr2-0.7.0/share/seedvr2/artifacts/2026-09-08/video-numerics-v1/installed-web
-- Installing: /home/mingshi/Project/AI/pnnx_torchdynamo/seedvr2-ncnn-vulkan/dist/seedvr2-0.7.0/share/seedvr2/artifacts/2026-09-08/video-numerics-v1/installed-web/media.json
-- Installing: /home/mingshi/Project/AI/pnnx_torchdynamo/seedvr2-ncnn-vulkan/dist/seedvr2-0.7.0/share/seedvr2/artifacts/2026-09-08/video-numerics-v1/installed-web/submitted.json
-- Installing: /home/mingshi/Project/AI/pnnx_torchdynamo/seedvr2-ncnn-vulkan/dist/seedvr2-0.7.0/share/seedvr2/artifacts/2026-09-08/video-numerics-v1/installed-web/job.json
-- Installing: /home/mingshi/Project/AI/pnnx_torchdynamo/seedvr2-ncnn-vulkan/dist/seedvr2-0.7.0/share/seedvr2/artifacts/2026-09-08/video-numerics-v1/installed-web/run.json
-- Installing: /home/mingshi/Project/AI/pnnx_torchdynamo/seedvr2-ncnn-vulkan/dist/seedvr2-0.7.0/share/seedvr2/artifacts/2026-09-08/video-numerics-v1/installed-web/output.mp4
-- Installing: /home/mingshi/Project/AI/pnnx_torchdynamo/seedvr2-ncnn-vulkan/dist/seedvr2-0.7.0/share/seedvr2/artifacts/2026-09-08/video-numerics-v1/installed-web/events.json
-- Installing: /home/mingshi/Project/AI/pnnx_torchdynamo/seedvr2-ncnn-vulkan/dist/seedvr2-0.7.0/share/seedvr2/artifacts/2026-09-08/video-numerics-v1/installed-web/ffprobe.json
-- Installing: /home/mingshi/Project/AI/pnnx_torchdynamo/seedvr2-ncnn-vulkan/dist/seedvr2-0.7.0/share/seedvr2/artifacts/2026-09-08/video-numerics-v1/installed-web/execution-and-checker-path-error.log
-- Installing: /home/mingshi/Project/AI/pnnx_torchdynamo/seedvr2-ncnn-vulkan/dist/seedvr2-0.7.0/share/seedvr2/artifacts/2026-09-08/video-numerics-v1/installed-web/initial-checker.py
-- Installing: /home/mingshi/Project/AI/pnnx_torchdynamo/seedvr2-ncnn-vulkan/dist/seedvr2-0.7.0/share/seedvr2/artifacts/2026-09-08/video-numerics-v1/installed-web/previous-job-ids.json
-- Installing: /home/mingshi/Project/AI/pnnx_torchdynamo/seedvr2-ncnn-vulkan/dist/seedvr2-0.7.0/share/seedvr2/artifacts/2026-09-08/video-numerics-v1/installed-web/verify_result.py
-- Installing: /home/mingshi/Project/AI/pnnx_torchdynamo/seedvr2-ncnn-vulkan/dist/seedvr2-0.7.0/share/seedvr2/artifacts/2026-09-08/video-numerics-v1/installed-web/verification.json
-- Installing: /home/mingshi/Project/AI/pnnx_torchdynamo/seedvr2-ncnn-vulkan/dist/seedvr2-0.7.0/share/seedvr2/artifacts/2026-09-08/video-numerics-v1/installed-web/browser-observation.json
-- Installing: /home/mingshi/Project/AI/pnnx_torchdynamo/seedvr2-ncnn-vulkan/dist/seedvr2-0.7.0/share/seedvr2/artifacts/2026-09-08/video-numerics-v1/logs
-- Installing: /home/mingshi/Project/AI/pnnx_torchdynamo/seedvr2-ncnn-vulkan/dist/seedvr2-0.7.0/share/seedvr2/artifacts/2026-09-08/video-numerics-v1/logs/numerics-final-build.log
-- Installing: /home/mingshi/Project/AI/pnnx_torchdynamo/seedvr2-ncnn-vulkan/dist/seedvr2-0.7.0/share/seedvr2/artifacts/2026-09-08/video-numerics-v1/logs/numerics-ui-build.log
-- Installing: /home/mingshi/Project/AI/pnnx_torchdynamo/seedvr2-ncnn-vulkan/dist/seedvr2-0.7.0/share/seedvr2/artifacts/2026-09-08/video-numerics-v1/logs/numerics-app-build.log
-- Installing: /home/mingshi/Project/AI/pnnx_torchdynamo/seedvr2-ncnn-vulkan/dist/seedvr2-0.7.0/share/seedvr2/artifacts/2026-09-08/video-numerics-v1/logs/numerics-install.log
-- Installing: /home/mingshi/Project/AI/pnnx_torchdynamo/seedvr2-ncnn-vulkan/dist/seedvr2-0.7.0/share/seedvr2/artifacts/2026-09-08/video-numerics-v1/logs/numerics-native-ci.log
-- Installing: /home/mingshi/Project/AI/pnnx_torchdynamo/seedvr2-ncnn-vulkan/dist/seedvr2-0.7.0/share/seedvr2/artifacts/2026-09-08/video-numerics-v1/logs/numerics-awa-regression-v1.log
-- Installing: /home/mingshi/Project/AI/pnnx_torchdynamo/seedvr2-ncnn-vulkan/dist/seedvr2-0.7.0/share/seedvr2/artifacts/2026-09-08/video-numerics-v1/logs/numerics-vae-regression-v1.log
-- Installing: /home/mingshi/Project/AI/pnnx_torchdynamo/seedvr2-ncnn-vulkan/dist/seedvr2-0.7.0/share/seedvr2/artifacts/2026-09-08/video-numerics-v1/logs/numerics-awa-isolation-complete.log
-- Installing: /home/mingshi/Project/AI/pnnx_torchdynamo/seedvr2-ncnn-vulkan/dist/seedvr2-0.7.0/share/seedvr2/artifacts/2026-09-08/video-numerics-v1/logs/numerics-installed-web-verification.log
-- Installing: /home/mingshi/Project/AI/pnnx_torchdynamo/seedvr2-ncnn-vulkan/dist/seedvr2-0.7.0/share/seedvr2/artifacts/2026-09-08/video-numerics-v1/logs/numerics-final-packaging-build.log
-- Installing: /home/mingshi/Project/AI/pnnx_torchdynamo/seedvr2-ncnn-vulkan/dist/seedvr2-0.7.0/share/seedvr2/artifacts/2026-09-08/video-numerics-v1/summary.json
-- Installing: /home/mingshi/Project/AI/pnnx_torchdynamo/seedvr2-ncnn-vulkan/dist/seedvr2-0.7.0/share/seedvr2/artifacts/2026-09-08/video-numerics-v1/README.md
-- Installing: /home/mingshi/Project/AI/pnnx_torchdynamo/seedvr2-ncnn-vulkan/dist/seedvr2-0.7.0/share/seedvr2/artifacts/2026-09-08/video-numerics-v1/source-identity.json
-- Installing: /home/mingshi/Project/AI/pnnx_torchdynamo/seedvr2-ncnn-vulkan/dist/seedvr2-0.7.0/share/seedvr2/artifacts/2026-09-08/video-numerics-v1/manifest.json
-- Installing: /home/mingshi/Project/AI/pnnx_torchdynamo/seedvr2-ncnn-vulkan/dist/seedvr2-0.7.0/share/seedvr2/artifacts/2026-09-08/video-numerics-v1/locked-source-verification.json
-- Installing: /home/mingshi/Project/AI/pnnx_torchdynamo/seedvr2-ncnn-vulkan/dist/seedvr2-0.7.0/share/seedvr2/licenses/engine
-- Installing: /home/mingshi/Project/AI/pnnx_torchdynamo/seedvr2-ncnn-vulkan/dist/seedvr2-0.7.0/share/seedvr2/licenses/engine/glslang-LICENSE.txt
-- Installing: /home/mingshi/Project/AI/pnnx_torchdynamo/seedvr2-ncnn-vulkan/dist/seedvr2-0.7.0/share/seedvr2/licenses/engine/SPIRV-Tools-LICENSE.txt
-- Installing: /home/mingshi/Project/AI/pnnx_torchdynamo/seedvr2-ncnn-vulkan/dist/seedvr2-0.7.0/share/seedvr2/licenses/engine/ncnn-LICENSE.txt
-- Installing: /home/mingshi/Project/AI/pnnx_torchdynamo/seedvr2-ncnn-vulkan/dist/seedvr2-0.7.0/share/seedvr2/licenses/engine/sources.json
-- Installing: /home/mingshi/Project/AI/pnnx_torchdynamo/seedvr2-ncnn-vulkan/dist/seedvr2-0.7.0/share/seedvr2/licenses/engine/stb-MIT.txt
-- Installing: /home/mingshi/Project/AI/pnnx_torchdynamo/seedvr2-ncnn-vulkan/dist/seedvr2-0.7.0/share/seedvr2/licenses/media
-- Installing: /home/mingshi/Project/AI/pnnx_torchdynamo/seedvr2-ncnn-vulkan/dist/seedvr2-0.7.0/share/seedvr2/licenses/media/COPYING.GPLv3
-- Installing: /home/mingshi/Project/AI/pnnx_torchdynamo/seedvr2-ncnn-vulkan/dist/seedvr2-0.7.0/share/seedvr2/licenses/media/COPYING.GPLv2
-- Installing: /home/mingshi/Project/AI/pnnx_torchdynamo/seedvr2-ncnn-vulkan/dist/seedvr2-0.7.0/share/seedvr2/licenses/media/COPYING.LGPLv3
-- Installing: /home/mingshi/Project/AI/pnnx_torchdynamo/seedvr2-ncnn-vulkan/dist/seedvr2-0.7.0/share/seedvr2/licenses/media/COPYING.LGPLv2.1
-- Installing: /home/mingshi/Project/AI/pnnx_torchdynamo/seedvr2-ncnn-vulkan/dist/seedvr2-0.7.0/share/seedvr2/licenses/media/sources.json
-- Installing: /home/mingshi/Project/AI/pnnx_torchdynamo/seedvr2-ncnn-vulkan/dist/seedvr2-0.7.0/share/seedvr2/licenses/media/NOTICE.txt
-- Installing: /home/mingshi/Project/AI/pnnx_torchdynamo/seedvr2-ncnn-vulkan/dist/seedvr2-0.7.0/share/seedvr2/licenses/media/libjpeg
-- Installing: /home/mingshi/Project/AI/pnnx_torchdynamo/seedvr2-ncnn-vulkan/dist/seedvr2-0.7.0/share/seedvr2/licenses/media/libjpeg/LICENSE.md
-- Installing: /home/mingshi/Project/AI/pnnx_torchdynamo/seedvr2-ncnn-vulkan/dist/seedvr2-0.7.0/share/seedvr2/licenses/media/libjpeg/README.ijg
-- Installing: /home/mingshi/Project/AI/pnnx_torchdynamo/seedvr2-ncnn-vulkan/dist/seedvr2-0.7.0/share/seedvr2/licenses/media/libjpeg/sources.json
-- Installing: /home/mingshi/Project/AI/pnnx_torchdynamo/seedvr2-ncnn-vulkan/dist/seedvr2-0.7.0/share/seedvr2/engine-dependencies.lock.json
-- Installing: /home/mingshi/Project/AI/pnnx_torchdynamo/seedvr2-ncnn-vulkan/dist/seedvr2-0.7.0/share/seedvr2/converter-dependencies.lock.json
-- Installing: /home/mingshi/Project/AI/pnnx_torchdynamo/seedvr2-ncnn-vulkan/dist/seedvr2-0.7.0/share/seedvr2/model-sources.lock.json
-- Installing: /home/mingshi/Project/AI/pnnx_torchdynamo/seedvr2-ncnn-vulkan/dist/seedvr2-0.7.0/share/seedvr2/licenses/CLI11-BSD.txt
-- Installing: /home/mingshi/Project/AI/pnnx_torchdynamo/seedvr2-ncnn-vulkan/dist/seedvr2-0.7.0/share/seedvr2/licenses/Drogon-MIT.txt
-- Installing: /home/mingshi/Project/AI/pnnx_torchdynamo/seedvr2-ncnn-vulkan/dist/seedvr2-0.7.0/share/seedvr2/licenses/Trantor-BSD.txt
-- Installing: /home/mingshi/Project/AI/pnnx_torchdynamo/seedvr2-ncnn-vulkan/dist/seedvr2-0.7.0/share/seedvr2/licenses/JsonCpp-MIT.txt
