[0 NVIDIA GeForce RTX 4060 Laptop GPU]  queueC=2[8]  queueT=1[2]  rebar=1  r-score=76
[0 NVIDIA GeForce RTX 4060 Laptop GPU]  fp16-p/s/u/a=1/1/1/1  int8-p/s/u/a=1/1/1/1  bf16-p/s=1/1
[0 NVIDIA GeForce RTX 4060 Laptop GPU]  subgroup=32(32~32)  ops=1/1/1/1/1/1/1/1/1/1
[0 NVIDIA GeForce RTX 4060 Laptop GPU]  fp16-cm=16x16x16/16x8x16/16x8x8  int8-cm=16x16x32/16x8x32  bf16-cm=16x16x16  fp8-cm=16x16x32  fp6-cm=0  fp4-cm=0
[1 llvmpipe (LLVM 22.1.8, 256 bits)]  queueC=0[1]  queueT=0[1]  rebar=1  r-score=14
[1 llvmpipe (LLVM 22.1.8, 256 bits)]  fp16-p/s/u/a=1/1/1/1  int8-p/s/u/a=1/1/1/1  bf16-p/s=1/0
[1 llvmpipe (LLVM 22.1.8, 256 bits)]  subgroup=8(8~8)  ops=1/1/1/1/1/1/1/1/1/1
[1 llvmpipe (LLVM 22.1.8, 256 bits)]  fp16-cm=8x8x8  int8-cm=8x8x8  bf16-cm=0  fp8-cm=0  fp6-cm=0  fp4-cm=0
[2 llvmpipe (LLVM 17.0.6, 256 bits)]  queueC=0[1]  queueT=0[1]  rebar=1  r-score=4
[2 llvmpipe (LLVM 17.0.6, 256 bits)]  fp16-p/s/u/a=1/1/1/1  int8-p/s/u/a=1/1/1/1  bf16-p/s=1/0
[2 llvmpipe (LLVM 17.0.6, 256 bits)]  subgroup=8(8~8)  ops=1/1/1/1/1/1/0/1/0/0
[2 llvmpipe (LLVM 17.0.6, 256 bits)]  fp16-cm=0  int8-cm=0  bf16-cm=0  fp8-cm=0  fp6-cm=0  fp4-cm=0
{"completed":0,"elapsed_ms":370.375968,"event":"progress","stage":"validating","total":38}
{"completed":0,"elapsed_ms":378.243147,"event":"progress","stage":"validating","total":38}
{"completed":0,"elapsed_ms":582.635428,"event":"progress","stage":"validating","total":38}
{"completed":0,"elapsed_ms":883.796613,"event":"progress","stage":"validating","total":38}
{"completed":0,"elapsed_ms":1331.090692,"event":"progress","stage":"validating","total":38}
{"completed":0,"elapsed_ms":1797.702457,"event":"progress","stage":"validating","total":38}
{"completed":0,"elapsed_ms":2268.011535,"event":"progress","stage":"validating","total":38}
{"completed":0,"elapsed_ms":2741.437326,"event":"progress","stage":"validating","total":38}
{"completed":0,"elapsed_ms":3228.168218,"event":"progress","stage":"validating","total":38}
{"completed":0,"elapsed_ms":3600.016462,"event":"progress","stage":"validating","total":38}
{"completed":0,"elapsed_ms":4041.435685,"event":"progress","stage":"validating","total":38}
{"completed":0,"elapsed_ms":4507.862229,"event":"progress","stage":"validating","total":38}
{"completed":0,"elapsed_ms":4962.032074,"event":"progress","stage":"validating","total":38}
{"completed":0,"elapsed_ms":5403.234017,"event":"progress","stage":"validating","total":38}
{"completed":0,"elapsed_ms":5857.329062,"event":"progress","stage":"validating","total":38}
{"completed":0,"elapsed_ms":6332.197446,"event":"progress","stage":"validating","total":38}
{"completed":0,"elapsed_ms":6781.344931,"event":"progress","stage":"validating","total":38}
{"completed":0,"elapsed_ms":7222.861514,"event":"progress","stage":"validating","total":38}
{"completed":0,"elapsed_ms":7666.208943,"event":"progress","stage":"validating","total":38}
{"completed":0,"elapsed_ms":8090.83947,"event":"progress","stage":"validating","total":38}
{"completed":0,"elapsed_ms":8401.657123,"event":"progress","stage":"validating","total":38}
{"completed":0,"elapsed_ms":8825.82697,"event":"progress","stage":"validating","total":38}
{"completed":0,"elapsed_ms":9254.26998,"event":"progress","stage":"validating","total":38}
{"completed":0,"elapsed_ms":9714.657817,"event":"progress","stage":"validating","total":38}
{"completed":0,"elapsed_ms":10177.676754,"event":"progress","stage":"validating","total":38}
{"completed":0,"elapsed_ms":10619.815492,"event":"progress","stage":"validating","total":38}
{"completed":0,"elapsed_ms":11055.686371,"event":"progress","stage":"validating","total":38}
{"completed":0,"elapsed_ms":11486.480273,"event":"progress","stage":"validating","total":38}
{"completed":0,"elapsed_ms":11921.866726,"event":"progress","stage":"validating","total":38}
{"completed":0,"elapsed_ms":12357.906205,"event":"progress","stage":"validating","total":38}
{"completed":0,"elapsed_ms":12749.197991,"event":"progress","stage":"validating","total":38}
{"completed":0,"elapsed_ms":13211.360871,"event":"progress","stage":"validating","total":38}
{"completed":0,"elapsed_ms":13667.835303,"event":"progress","stage":"validating","total":38}
{"completed":0,"elapsed_ms":14133.360671,"event":"progress","stage":"validating","total":38}
{"completed":0,"elapsed_ms":14578.478394,"event":"progress","stage":"validating","total":38}
{"completed":0,"elapsed_ms":14863.145338,"event":"progress","stage":"validating","total":38}
{"completed":0,"elapsed_ms":14864.54875,"event":"progress","stage":"validating","total":38}
[libx264 @ 0x1b445180] using cpu capabilities: MMX2 SSE2Fast SSSE3 SSE4.2 AVX FMA3 BMI2 AVX2 AVX512
[libx264 @ 0x1b445180] profile High, level 1.0, 4:2:0, 8-bit
[libx264 @ 0x1b445180] 264 - core 165 r3222 b35605a - H.264/MPEG-4 AVC codec - Copyleft 2003-2025 - http://www.videolan.org/x264.html - options: cabac=1 ref=2 deblock=1:0:0 analyse=0x3:0x113 me=hex subme=6 psy=1 psy_rd=1.00:0.00 mixed_ref=1 me_range=16 chroma_me=1 trellis=1 8x8dct=1 cqm=0 deadzone=21,11 fast_pskip=1 chroma_qp_offset=-2 threads=4 lookahead_threads=1 sliced_threads=0 nr=0 decimate=1 interlaced=0 bluray_compat=0 constrained_intra=0 bframes=0 weightp=1 keyint=250 keyint_min=8 scenecut=40 intra_refresh=0 rc_lookahead=30 rc=crf mbtree=1 crf=18.0 qcomp=0.60 qpmin=0 qpmax=69 qpstep=4 ip_ratio=1.40 aq=1:1.00
[mp4 @ 0x1b609980] Starting second pass: moving the moov atom to the beginning of the file
[libx264 @ 0x1b445180] frame I:1     Avg QP:17.17  size:  3880
[libx264 @ 0x1b445180] frame P:16    Avg QP:18.93  size:  1396
[libx264 @ 0x1b445180] mb I  I16..4:  6.2% 17.2% 76.6%
[libx264 @ 0x1b445180] mb P  I16..4:  1.7%  6.7%  6.1%  P16..4: 22.3% 19.5% 13.0%  0.0%  0.0%    skip:30.8%
[libx264 @ 0x1b445180] 8x8 transform intra:37.7% inter:37.7%
[libx264 @ 0x1b445180] coded y,uvDC,uvAC intra: 72.6% 97.6% 94.8% inter: 32.0% 53.1% 46.3%
[libx264 @ 0x1b445180] i16 v,h,dc,p: 81% 14%  5%  0%
[libx264 @ 0x1b445180] i8 v,h,dc,ddl,ddr,vr,hd,vl,hu: 36% 15% 18%  4%  4%  4%  4%  8%  7%
[libx264 @ 0x1b445180] i4 v,h,dc,ddl,ddr,vr,hd,vl,hu: 55% 24% 10%  2%  2%  1%  2%  2%  2%
[libx264 @ 0x1b445180] i8c dc,h,v,p: 19% 29% 48%  4%
[libx264 @ 0x1b445180] Weighted P-Frames: Y:0.0% UV:0.0%
[libx264 @ 0x1b445180] ref P L0: 75.9% 24.1%
[libx264 @ 0x1b445180] kb/s:98.70
{"completed":1,"elapsed_ms":15229.530726,"event":"progress","stage":"encoding","total":38}
{"completed":2,"elapsed_ms":17309.627597,"event":"progress","stage":"sampling","total":38}
{"completed":3,"elapsed_ms":17310.860035,"event":"progress","stage":"projecting","total":38}
{"completed":4,"elapsed_ms":17362.772012,"event":"progress","stage":"block-00","total":38}
{"completed":5,"elapsed_ms":19775.311185,"event":"progress","stage":"block-01","total":38}
{"completed":6,"elapsed_ms":21960.635424,"event":"progress","stage":"block-02","total":38}
{"completed":7,"elapsed_ms":23797.912423,"event":"progress","stage":"block-03","total":38}
{"completed":8,"elapsed_ms":26009.336316,"event":"progress","stage":"block-04","total":38}
{"completed":9,"elapsed_ms":28092.665071,"event":"progress","stage":"block-05","total":38}
{"completed":10,"elapsed_ms":29897.066383,"event":"progress","stage":"block-06","total":38}
{"completed":11,"elapsed_ms":32582.102477,"event":"progress","stage":"block-07","total":38}
{"completed":12,"elapsed_ms":34371.525756,"event":"progress","stage":"block-08","total":38}
{"completed":13,"elapsed_ms":36693.775227,"event":"progress","stage":"block-09","total":38}
{"completed":14,"elapsed_ms":38484.043877,"event":"progress","stage":"block-10","total":38}
{"completed":15,"elapsed_ms":41212.063306,"event":"progress","stage":"block-11","total":38}
{"completed":16,"elapsed_ms":43034.536807,"event":"progress","stage":"block-12","total":38}
{"completed":17,"elapsed_ms":45373.883677,"event":"progress","stage":"block-13","total":38}
{"completed":18,"elapsed_ms":47668.041171,"event":"progress","stage":"block-14","total":38}
{"completed":19,"elapsed_ms":49676.898881,"event":"progress","stage":"block-15","total":38}
{"completed":20,"elapsed_ms":52464.172671,"event":"progress","stage":"block-16","total":38}
{"completed":21,"elapsed_ms":54145.99988,"event":"progress","stage":"block-17","total":38}
{"completed":22,"elapsed_ms":56730.456962,"event":"progress","stage":"block-18","total":38}
{"completed":23,"elapsed_ms":58462.516093,"event":"progress","stage":"block-19","total":38}
{"completed":24,"elapsed_ms":61130.12115,"event":"progress","stage":"block-20","total":38}
{"completed":25,"elapsed_ms":62974.208613,"event":"progress","stage":"block-21","total":38}
{"completed":26,"elapsed_ms":65306.772327,"event":"progress","stage":"block-22","total":38}
{"completed":27,"elapsed_ms":67588.876156,"event":"progress","stage":"block-23","total":38}
{"completed":28,"elapsed_ms":69458.76763,"event":"progress","stage":"block-24","total":38}
{"completed":29,"elapsed_ms":71285.947665,"event":"progress","stage":"block-25","total":38}
{"completed":30,"elapsed_ms":73088.408898,"event":"progress","stage":"block-26","total":38}
{"completed":31,"elapsed_ms":75213.553854,"event":"progress","stage":"block-27","total":38}
{"completed":32,"elapsed_ms":77608.580066,"event":"progress","stage":"block-28","total":38}
{"completed":33,"elapsed_ms":79530.775334,"event":"progress","stage":"block-29","total":38}
{"completed":34,"elapsed_ms":81859.525378,"event":"progress","stage":"block-30","total":38}
{"completed":35,"elapsed_ms":83734.686177,"event":"progress","stage":"block-31","total":38}
{"completed":36,"elapsed_ms":85676.951891,"event":"progress","stage":"denoising","total":38}
{"completed":37,"elapsed_ms":85722.831099,"event":"progress","stage":"decoding","total":38}
[libx264 @ 0x1b445180] using cpu capabilities: MMX2 SSE2Fast SSSE3 SSE4.2 AVX FMA3 BMI2 AVX2 AVX512
[libx264 @ 0x1b445180] profile High, level 1.0, 4:2:0, 8-bit
[libx264 @ 0x1b445180] 264 - core 165 r3222 b35605a - H.264/MPEG-4 AVC codec - Copyleft 2003-2025 - http://www.videolan.org/x264.html - options: cabac=1 ref=2 deblock=1:0:0 analyse=0x3:0x113 me=hex subme=6 psy=1 psy_rd=1.00:0.00 mixed_ref=1 me_range=16 chroma_me=1 trellis=1 8x8dct=1 cqm=0 deadzone=21,11 fast_pskip=1 chroma_qp_offset=-2 threads=4 lookahead_threads=1 sliced_threads=0 nr=0 decimate=1 interlaced=0 bluray_compat=0 constrained_intra=0 bframes=0 weightp=1 keyint=250 keyint_min=8 scenecut=40 intra_refresh=0 rc_lookahead=30 rc=crf mbtree=1 crf=18.0 qcomp=0.60 qpmin=0 qpmax=69 qpstep=4 ip_ratio=1.40 aq=1:1.00
[mp4 @ 0x1dde4a40] Starting second pass: moving the moov atom to the beginning of the file
[libx264 @ 0x1b445180] frame I:1     Avg QP:17.81  size:  4495
[libx264 @ 0x1b445180] frame P:16    Avg QP:19.34  size:  1978
[libx264 @ 0x1b445180] mb I  I16..4:  7.8% 10.9% 81.2%
[libx264 @ 0x1b445180] mb P  I16..4:  0.6%  2.7%  5.4%  P16..4: 35.7% 24.4% 26.0%  0.0%  0.0%    skip: 5.2%
[libx264 @ 0x1b445180] 8x8 transform intra:22.9% inter:28.5%
[libx264 @ 0x1b445180] coded y,uvDC,uvAC intra: 84.6% 100.0% 98.7% inter: 59.1% 87.2% 74.0%
[libx264 @ 0x1b445180] i16 v,h,dc,p: 73%  0% 27%  0%
[libx264 @ 0x1b445180] i8 v,h,dc,ddl,ddr,vr,hd,vl,hu: 35%  5% 18%  7%  7%  4% 13%  5%  6%
[libx264 @ 0x1b445180] i4 v,h,dc,ddl,ddr,vr,hd,vl,hu: 40% 23% 12%  4%  5%  3%  6%  3%  4%
[libx264 @ 0x1b445180] i8c dc,h,v,p: 31% 28% 40%  1%
[libx264 @ 0x1b445180] Weighted P-Frames: Y:0.0% UV:0.0%
[libx264 @ 0x1b445180] ref P L0: 92.7%  7.3%
[libx264 @ 0x1b445180] kb/s:136.09
{"completed":38,"elapsed_ms":88584.85733,"event":"progress","stage":"completed","total":38}
