{
  "backend": "ncnn-vulkan",
  "build": "0.7.0",
  "clip": {
    "decoded_frames": 17,
    "latent_frames": 5,
    "padded_frames": 17,
    "padding": "repeat last frame to 4n+1; crop output to decoded frame count",
    "requested_max_frames": 17,
    "streaming_cache": false,
    "temporal_mode": "joint clip VAE + 3D adaptive window attention",
    "truncated": false
  },
  "comparison_input": "comparison-input.mp4",
  "converter_ncnn_commit": "6a1bf000f363714839a36793addc8c879d3d899e",
  "device": {
    "api_version": 4211017,
    "device_id": 10464,
    "driver_version": 2497102272,
    "index": 0,
    "name": "NVIDIA GeForce RTX 4060 Laptop GPU",
    "subgroup_size": 32,
    "vendor_id": 4318
  },
  "diagnostics": {
    "block-00-text": {
      "dtype": "f32le",
      "elements": 148480,
      "path": "block-00-text.f32",
      "sha256": "f4f06417cec3d60e32420e187e888fe4eb8b836fc7f76d98aee6b82b1892c049",
      "shape": [
        58,
        2560
      ]
    },
    "block-00-video": {
      "dtype": "f32le",
      "elements": 819200,
      "path": "block-00-video.f32",
      "sha256": "b2c82e4604942e139f702ae14f97c0ded7e2705b495e88ed43070f66970eb88a",
      "shape": [
        320,
        2560
      ]
    },
    "block-01-text": {
      "dtype": "f32le",
      "elements": 148480,
      "path": "block-01-text.f32",
      "sha256": "b68c5563fa0ae48bd723cebf25a95e746c893656ee65198bb51a619289e274c9",
      "shape": [
        58,
        2560
      ]
    },
    "block-01-video": {
      "dtype": "f32le",
      "elements": 819200,
      "path": "block-01-video.f32",
      "sha256": "82d8d8d78a67b2a108ad4669f0bf997c3ea4a9d9146af7eb00462c9f789b0f31",
      "shape": [
        320,
        2560
      ]
    },
    "block-02-text": {
      "dtype": "f32le",
      "elements": 148480,
      "path": "block-02-text.f32",
      "sha256": "350cd19f975e80e682de606de48688e0531440e51a24b53d18655153960f3e59",
      "shape": [
        58,
        2560
      ]
    },
    "block-02-video": {
      "dtype": "f32le",
      "elements": 819200,
      "path": "block-02-video.f32",
      "sha256": "ba3c5eb979431113488678e3dd182fa7f0e3f7bba4d057bfd8b6818b2f0c8747",
      "shape": [
        320,
        2560
      ]
    },
    "block-03-text": {
      "dtype": "f32le",
      "elements": 148480,
      "path": "block-03-text.f32",
      "sha256": "5def9e75222ee145ce9b340a2cedd24f48dc9d2098422b3b090fe3262ea2cdbb",
      "shape": [
        58,
        2560
      ]
    },
    "block-03-video": {
      "dtype": "f32le",
      "elements": 819200,
      "path": "block-03-video.f32",
      "sha256": "e201a4c5e161e7490761239212690b621c83a8e39240f907367485d22ee7b423",
      "shape": [
        320,
        2560
      ]
    },
    "block-04-text": {
      "dtype": "f32le",
      "elements": 148480,
      "path": "block-04-text.f32",
      "sha256": "1c716cfb59431e681d052a7c5c24c9e6907e8b01c41ae42ea09ba0de9e72368f",
      "shape": [
        58,
        2560
      ]
    },
    "block-04-video": {
      "dtype": "f32le",
      "elements": 819200,
      "path": "block-04-video.f32",
      "sha256": "222d0c4afc35e2ad13fcd88f5ed658b40b38b861139c8eba99867bc644623c97",
      "shape": [
        320,
        2560
      ]
    },
    "block-05-text": {
      "dtype": "f32le",
      "elements": 148480,
      "path": "block-05-text.f32",
      "sha256": "dbaa8a2e2f9ce9025ab617d80a854c187cf9a0a91d05601f5270cb3d84315c5e",
      "shape": [
        58,
        2560
      ]
    },
    "block-05-video": {
      "dtype": "f32le",
      "elements": 819200,
      "path": "block-05-video.f32",
      "sha256": "82c47c3292120c80e7e9a7ca4c51c407ba38feeec69933b67e6e5fc6c2647fa0",
      "shape": [
        320,
        2560
      ]
    },
    "block-06-text": {
      "dtype": "f32le",
      "elements": 148480,
      "path": "block-06-text.f32",
      "sha256": "8e28c590acb7296e1d9bc56803c1abed79d7a5b4f53bb30981183a680c8f1f92",
      "shape": [
        58,
        2560
      ]
    },
    "block-06-video": {
      "dtype": "f32le",
      "elements": 819200,
      "path": "block-06-video.f32",
      "sha256": "bfefa28f4ebeb7234a82ba77dee31cbb972f625edd57911841e8a4571373ecaa",
      "shape": [
        320,
        2560
      ]
    },
    "block-07-text": {
      "dtype": "f32le",
      "elements": 148480,
      "path": "block-07-text.f32",
      "sha256": "131da61788821d0ec532750114d00ca4613c34ee17f2728a72e7ca3ebc45fe87",
      "shape": [
        58,
        2560
      ]
    },
    "block-07-video": {
      "dtype": "f32le",
      "elements": 819200,
      "path": "block-07-video.f32",
      "sha256": "e7fdb2e6be93507f699bce6fa2de6fd4fb1e2985c68b404ceed926369728218f",
      "shape": [
        320,
        2560
      ]
    },
    "block-08-text": {
      "dtype": "f32le",
      "elements": 148480,
      "path": "block-08-text.f32",
      "sha256": "b74faf594aa1c65c2e187388d34602a924c2ca4e3ba99d27bc14a316ddf4ad8d",
      "shape": [
        58,
        2560
      ]
    },
    "block-08-video": {
      "dtype": "f32le",
      "elements": 819200,
      "path": "block-08-video.f32",
      "sha256": "c15b6b0fae9afc14ed609818bc99cc0c2acbcd6f7a06aa1b1df6c9a6351c279a",
      "shape": [
        320,
        2560
      ]
    },
    "block-09-text": {
      "dtype": "f32le",
      "elements": 148480,
      "path": "block-09-text.f32",
      "sha256": "c7d73694909032f65b2b505a28a5362b632eae4afd143c78cd132c7e99fc5737",
      "shape": [
        58,
        2560
      ]
    },
    "block-09-video": {
      "dtype": "f32le",
      "elements": 819200,
      "path": "block-09-video.f32",
      "sha256": "f0f7ef3184db7200115bd5d7956ea9d3866e745d2e4e35e25602cbbf7830f810",
      "shape": [
        320,
        2560
      ]
    },
    "block-10-text": {
      "dtype": "f32le",
      "elements": 148480,
      "path": "block-10-text.f32",
      "sha256": "d25dcd6edb330e7273b3b72b7bae41aa1866230943a1309c1909098bf10e2712",
      "shape": [
        58,
        2560
      ]
    },
    "block-10-video": {
      "dtype": "f32le",
      "elements": 819200,
      "path": "block-10-video.f32",
      "sha256": "fb8b40bc5bd9873c2a17f78dfefa233a5ca1bb6cee5c552725347b8f247c4970",
      "shape": [
        320,
        2560
      ]
    },
    "block-11-text": {
      "dtype": "f32le",
      "elements": 148480,
      "path": "block-11-text.f32",
      "sha256": "75d14901b4358731dca13f8307d08fb03403659f4ae91c1154334ec2a4bf9dcc",
      "shape": [
        58,
        2560
      ]
    },
    "block-11-video": {
      "dtype": "f32le",
      "elements": 819200,
      "path": "block-11-video.f32",
      "sha256": "1f83a97ed662f83d62b84a2fcc8219c7d32f52488ba2ef68900c975d431105fd",
      "shape": [
        320,
        2560
      ]
    },
    "block-12-text": {
      "dtype": "f32le",
      "elements": 148480,
      "path": "block-12-text.f32",
      "sha256": "4dc6a452ecbdb7cdb6235718f92cce42779ce493200f138b8bc415ee4853f719",
      "shape": [
        58,
        2560
      ]
    },
    "block-12-video": {
      "dtype": "f32le",
      "elements": 819200,
      "path": "block-12-video.f32",
      "sha256": "2eb4fffa5f6e7dd5d9959bda0d5c8eeacd6a99f3be4a76760a852a460b3730a2",
      "shape": [
        320,
        2560
      ]
    },
    "block-13-text": {
      "dtype": "f32le",
      "elements": 148480,
      "path": "block-13-text.f32",
      "sha256": "aee38e08698f5fd8d4ac8bca6b5f98d2107dba4dca0f8a27f194c1131be4f626",
      "shape": [
        58,
        2560
      ]
    },
    "block-13-video": {
      "dtype": "f32le",
      "elements": 819200,
      "path": "block-13-video.f32",
      "sha256": "b06b86243954eb7f492a6877f9fa41fe418b7b2642d66a053a94cc5c6d57d2b1",
      "shape": [
        320,
        2560
      ]
    },
    "block-14-text": {
      "dtype": "f32le",
      "elements": 148480,
      "path": "block-14-text.f32",
      "sha256": "70c9c5ceb6975902ecb69101cbd98ca30b969737777683628f45a21eb91eb27f",
      "shape": [
        58,
        2560
      ]
    },
    "block-14-video": {
      "dtype": "f32le",
      "elements": 819200,
      "path": "block-14-video.f32",
      "sha256": "ca0de54af23a48c1539611d09d24c3590e8f77e304aa0eb2e5296bba30791475",
      "shape": [
        320,
        2560
      ]
    },
    "block-15-text": {
      "dtype": "f32le",
      "elements": 148480,
      "path": "block-15-text.f32",
      "sha256": "2a160459cdcf09cdffe0dbd6200ff9ee41edd4e6a68d930ff702bceb073cbd3d",
      "shape": [
        58,
        2560
      ]
    },
    "block-15-video": {
      "dtype": "f32le",
      "elements": 819200,
      "path": "block-15-video.f32",
      "sha256": "17b42c1df15118cf05de10f2bb2d8b476cb08b266aa7fdfacd0fa437559bdf4e",
      "shape": [
        320,
        2560
      ]
    },
    "block-16-text": {
      "dtype": "f32le",
      "elements": 148480,
      "path": "block-16-text.f32",
      "sha256": "44422108bfee96571d9067deeee28f9b2cb6d2176cf983e225c1074539a27570",
      "shape": [
        58,
        2560
      ]
    },
    "block-16-video": {
      "dtype": "f32le",
      "elements": 819200,
      "path": "block-16-video.f32",
      "sha256": "7ae9d685ba349c801daca592370cfded57ce9d7bd2078c149ec5f8ea01b5975e",
      "shape": [
        320,
        2560
      ]
    },
    "block-17-text": {
      "dtype": "f32le",
      "elements": 148480,
      "path": "block-17-text.f32",
      "sha256": "b8ab0fa9228453f5aaa0da73bca6500fe06491e4aa859bddcb3025c55a4d099b",
      "shape": [
        58,
        2560
      ]
    },
    "block-17-video": {
      "dtype": "f32le",
      "elements": 819200,
      "path": "block-17-video.f32",
      "sha256": "7a20cb5ecaeb0e1f1867c060cb09e613f5fa04601d5f11cbd83eff64e2ab2e69",
      "shape": [
        320,
        2560
      ]
    },
    "block-18-text": {
      "dtype": "f32le",
      "elements": 148480,
      "path": "block-18-text.f32",
      "sha256": "b504d546c4fbefc2146185a2bd023ebc123d4e683b8d5a2acee0f7afc86c4b63",
      "shape": [
        58,
        2560
      ]
    },
    "block-18-video": {
      "dtype": "f32le",
      "elements": 819200,
      "path": "block-18-video.f32",
      "sha256": "a912211fbc1525a98914d18b2c6553f600a45939af6e201eb1f5c38b8cdcc64e",
      "shape": [
        320,
        2560
      ]
    },
    "block-19-text": {
      "dtype": "f32le",
      "elements": 148480,
      "path": "block-19-text.f32",
      "sha256": "74dcfc23cb145a2ac5b3c760e2e88ba803ecc6ae155287a0e5f7c82e0fc7836d",
      "shape": [
        58,
        2560
      ]
    },
    "block-19-video": {
      "dtype": "f32le",
      "elements": 819200,
      "path": "block-19-video.f32",
      "sha256": "3adb2967570a95744f5bfd15e4cb2d9f6d12af07ea7b77e412eb238d92ae1fa5",
      "shape": [
        320,
        2560
      ]
    },
    "block-20-text": {
      "dtype": "f32le",
      "elements": 148480,
      "path": "block-20-text.f32",
      "sha256": "f06e2567ac5bda259550b1b190a5c5174a6a8c22f57605fe6f007c6fd19b6219",
      "shape": [
        58,
        2560
      ]
    },
    "block-20-video": {
      "dtype": "f32le",
      "elements": 819200,
      "path": "block-20-video.f32",
      "sha256": "fd299d9ca64f376e4fcf94fbc109d3d493ad2148ebbf7fb490ee20d31834b10a",
      "shape": [
        320,
        2560
      ]
    },
    "block-21-text": {
      "dtype": "f32le",
      "elements": 148480,
      "path": "block-21-text.f32",
      "sha256": "6b9280859c786a08539f9d25f0a7dc5fcb227049c5e738fc162ec31981fe5b5c",
      "shape": [
        58,
        2560
      ]
    },
    "block-21-video": {
      "dtype": "f32le",
      "elements": 819200,
      "path": "block-21-video.f32",
      "sha256": "78e35e8c1fc3acd95849ee71c78d40ce7ceb518fb1cb5fa0cc10c7aa7bd94728",
      "shape": [
        320,
        2560
      ]
    },
    "block-22-text": {
      "dtype": "f32le",
      "elements": 148480,
      "path": "block-22-text.f32",
      "sha256": "35b23a7854bbf394d040a41617f22e67bb00579f117f43041912adc9cfda74e6",
      "shape": [
        58,
        2560
      ]
    },
    "block-22-video": {
      "dtype": "f32le",
      "elements": 819200,
      "path": "block-22-video.f32",
      "sha256": "a941920bddf1ceefcdf46f482d1ba3620624ffbee7d3f7bbb96f1733a26220c7",
      "shape": [
        320,
        2560
      ]
    },
    "block-23-text": {
      "dtype": "f32le",
      "elements": 148480,
      "path": "block-23-text.f32",
      "sha256": "8d4dff7130c023aa77cc62ebf56f956d5cfdf72ca3cf2e49ab086a6d1781036b",
      "shape": [
        58,
        2560
      ]
    },
    "block-23-video": {
      "dtype": "f32le",
      "elements": 819200,
      "path": "block-23-video.f32",
      "sha256": "a156451a5998af05f96673ef1892098579c52a68c77e88f7eecad6a93d6cde78",
      "shape": [
        320,
        2560
      ]
    },
    "block-24-text": {
      "dtype": "f32le",
      "elements": 148480,
      "path": "block-24-text.f32",
      "sha256": "8535316e8f150b2c16a72a51eddc34273166f4a44a018e032f8d7048bfb2d8fc",
      "shape": [
        58,
        2560
      ]
    },
    "block-24-video": {
      "dtype": "f32le",
      "elements": 819200,
      "path": "block-24-video.f32",
      "sha256": "5748149accf8f92a18f31fd488e1ebff377b5ac2da31ab24cd05fa1c9fa92589",
      "shape": [
        320,
        2560
      ]
    },
    "block-25-text": {
      "dtype": "f32le",
      "elements": 148480,
      "path": "block-25-text.f32",
      "sha256": "98c6d3dcdddc2cb5b2684976bbde311f6060e040d678233e6ccebb3d6bb0be6a",
      "shape": [
        58,
        2560
      ]
    },
    "block-25-video": {
      "dtype": "f32le",
      "elements": 819200,
      "path": "block-25-video.f32",
      "sha256": "aa234c36fd06b684cd6125278861234ebf2cab3759dcfd44f022482c955007c2",
      "shape": [
        320,
        2560
      ]
    },
    "block-26-text": {
      "dtype": "f32le",
      "elements": 148480,
      "path": "block-26-text.f32",
      "sha256": "cd41c5f041dbafe7cd3b0d8ebe990d1ee77eefdf2f16af19c97c12b5d6d5997f",
      "shape": [
        58,
        2560
      ]
    },
    "block-26-video": {
      "dtype": "f32le",
      "elements": 819200,
      "path": "block-26-video.f32",
      "sha256": "5b34896ccf71c21903e9af07db549226cc7daea3cb1395e8459bbf800cc9678d",
      "shape": [
        320,
        2560
      ]
    },
    "block-27-text": {
      "dtype": "f32le",
      "elements": 148480,
      "path": "block-27-text.f32",
      "sha256": "68f5ca2055f49e75c1dbca601ed17eafec05f90cb909fe4fc1992277a40bcd1d",
      "shape": [
        58,
        2560
      ]
    },
    "block-27-video": {
      "dtype": "f32le",
      "elements": 819200,
      "path": "block-27-video.f32",
      "sha256": "76d697f05be92e1cc3f6afe1853150ece736945e516403c680b96fee2af80ff3",
      "shape": [
        320,
        2560
      ]
    },
    "block-28-text": {
      "dtype": "f32le",
      "elements": 148480,
      "path": "block-28-text.f32",
      "sha256": "2c79f4a56c4efb18a9150ce31fcc97c453337bf7709ea78fbb598b65baeb8ded",
      "shape": [
        58,
        2560
      ]
    },
    "block-28-video": {
      "dtype": "f32le",
      "elements": 819200,
      "path": "block-28-video.f32",
      "sha256": "64fe67f5b9ba965c4988e0cbd1b3afdc6f3052382c1ee798d852852cb64eb1da",
      "shape": [
        320,
        2560
      ]
    },
    "block-29-text": {
      "dtype": "f32le",
      "elements": 148480,
      "path": "block-29-text.f32",
      "sha256": "7b139fe84137a1d0b591465179d14dc25e76d208aca37c6a3f58783f636eb547",
      "shape": [
        58,
        2560
      ]
    },
    "block-29-video": {
      "dtype": "f32le",
      "elements": 819200,
      "path": "block-29-video.f32",
      "sha256": "5fea5a83d0793a5476b30fc4ad9a0a8dd704ab7b8e8d88141b1afb6593e5b5ce",
      "shape": [
        320,
        2560
      ]
    },
    "block-30-text": {
      "dtype": "f32le",
      "elements": 148480,
      "path": "block-30-text.f32",
      "sha256": "309f9a3e26aaab3349b1f4d895456c5094308e3bc4db1a4b9b945b8309258a9a",
      "shape": [
        58,
        2560
      ]
    },
    "block-30-video": {
      "dtype": "f32le",
      "elements": 819200,
      "path": "block-30-video.f32",
      "sha256": "a5185c8019320275c505bfdeefe676d54c34fa1bb426f95b7a663ba66a84de83",
      "shape": [
        320,
        2560
      ]
    },
    "block-31-text": {
      "dtype": "f32le",
      "elements": 148480,
      "path": "block-31-text.f32",
      "sha256": "465893c4cddd7f577bf9056fd55b27f912a2fdbf6d62ba95882264ab9584e482",
      "shape": [
        58,
        2560
      ]
    },
    "block-31-video": {
      "dtype": "f32le",
      "elements": 819200,
      "path": "block-31-video.f32",
      "sha256": "2b94dbb9e65a5bdbc61eb05dab682e70ccfb27cfb72673eb4562ded716f0f123",
      "shape": [
        320,
        2560
      ]
    },
    "conditioned": {
      "dtype": "f32le",
      "elements": 20480,
      "path": "conditioned.f32",
      "sha256": "fbdc50d4e31ed5caa8fc757370a5580ec1c6ec72992f05827ea95aaf6c91b043",
      "shape": [
        16,
        5,
        16,
        16
      ]
    },
    "decoded": {
      "dtype": "f32le",
      "elements": 835584,
      "path": "decoded.f32",
      "sha256": "c8cf7e7d5b2e0ba9f7384f6b4d7a723c9515c32ab5acef97196a52983b2deeeb",
      "shape": [
        3,
        17,
        128,
        128
      ]
    },
    "latent": {
      "dtype": "f32le",
      "elements": 20480,
      "path": "latent.f32",
      "sha256": "7c12946325e9b9ae07fffd7af59eec3a00995506a5174d0042e8fac46b91b425",
      "shape": [
        16,
        5,
        16,
        16
      ]
    },
    "noise": {
      "dtype": "f32le",
      "elements": 20480,
      "path": "noise.f32",
      "sha256": "b8c9000f8857070adc98e3e3079e275b35ba084c7910324c342ca652c2002cf0",
      "shape": [
        16,
        5,
        16,
        16
      ]
    },
    "patch-in": {
      "dtype": "f32le",
      "elements": 819200,
      "path": "patch-in.f32",
      "sha256": "1ea4a2fcd414aec0c25e3714bb76d88aa06cce3906aa6f0720eb701cb1828a45",
      "shape": [
        320,
        2560
      ]
    },
    "patch-out": {
      "dtype": "f32le",
      "elements": 20480,
      "path": "patch-out.f32",
      "sha256": "ea4a612adb0c83a34b0a33cc26c79c18ca7d279ff30fb6a88257cfc1d52c8c5d",
      "shape": [
        320,
        64
      ]
    },
    "patches": {
      "dtype": "f32le",
      "elements": 42240,
      "path": "patches.f32",
      "sha256": "51ba31f65d55c87df4fabe952a5e9b42f72b8c696cc5b11222113e3b568c53e1",
      "shape": [
        320,
        132
      ]
    },
    "posterior": {
      "dtype": "f32le",
      "elements": 40960,
      "path": "posterior.f32",
      "sha256": "85fc99e85a35c17fbcfaaad4ec1772a7828231ffa71fbdd165a9ebdac38c2b6d",
      "shape": [
        32,
        5,
        16,
        16
      ]
    },
    "posterior-noise": {
      "dtype": "f32le",
      "elements": 20480,
      "path": "posterior-noise.f32",
      "sha256": "bf9550dbf087516eccd34f1e3e70eae52760c1413b5ea0a40450e27233a3c007",
      "shape": [
        16,
        5,
        16,
        16
      ]
    },
    "prepared": {
      "dtype": "f32le",
      "elements": 835584,
      "path": "prepared.f32",
      "sha256": "2b67a81b5dedcd7d42e5b263620562764b4c2e6b71ea849f99fbc1e37b167ba0",
      "shape": [
        3,
        17,
        128,
        128
      ]
    },
    "text-in": {
      "dtype": "f32le",
      "elements": 148480,
      "path": "text-in.f32",
      "sha256": "c7cecae53e4f83d60cab1ebddeca3bdf028c630ef33feb0cfd58d8c1ab50e42d",
      "shape": [
        58,
        2560
      ]
    },
    "time-in": {
      "dtype": "f32le",
      "elements": 15360,
      "path": "time-in.f32",
      "sha256": "bd542b62115dab2f055c2ec0ff47df9ebdbe25a9bf1d287b7557c08d20c6e719",
      "shape": [
        2560,
        6
      ]
    },
    "velocity": {
      "dtype": "f32le",
      "elements": 20480,
      "path": "velocity.f32",
      "sha256": "3366336553e654439e7a26a958089769d57505ae06b6f68873cd035f11f2da65",
      "shape": [
        16,
        5,
        16,
        16
      ]
    }
  },
  "dispatch": "EXPLICIT_PER_LAYER_NO_BACKEND_FALLBACK",
  "executable_sha256": "2c2d08ac27d1a35ce2f2a8a92d32c307f7774ab00398999b6173d672893112b6",
  "host_operations": [
    "video codecs",
    "resizing",
    "layouts",
    "posterior sampling",
    "Euler endpoint"
  ],
  "implementation": {
    "executable_sha256": "2c2d08ac27d1a35ce2f2a8a92d32c307f7774ab00398999b6173d672893112b6",
    "ncnn_runtime_patches": [
      {
        "compiled_allocator_sha256": "b8398e0d5ef5a367f80c5d2f13af1c8f170a83a39d0a1b458a40100924a55320",
        "id": "host-buffer-v1",
        "original_allocator_sha256": "601d69dab40823366fa6aa2be00c8e37bb0f1e960fe96323c36daed887c4fda2",
        "scope": "Imported-host buffer declaration and weight-buffer transfer-source usage"
      }
    ],
    "sdk_library_sha256": "ff86dcd0b05ea66f5ab384701701aced273582e0ee95fc0cfa12c9c4608f30f2"
  },
  "input": {
    "duration_seconds": 2.125,
    "has_audio": false,
    "height": 64,
    "sha256": "71b061fb9277cfeccad53c9d739003929ac7004a24c5925707c144d0ffeabc67",
    "width": 64
  },
  "media_version": "8.0.1",
  "model_certificate": null,
  "model_manifest_sha256": "fe38835c367a2a389c689d89ce85c952b0e347d1edfd879b008d796a65374028",
  "model_verified": false,
  "ncnn_commit": "3b7bdba7fc8aea8fd46779533eee027df77c639d",
  "noise_algorithm": "splitmix64-box-muller-v1",
  "numerical_validation": "NOT_PERFORMED_BY_RUNNER",
  "output": {
    "audio": false,
    "codec": "H.264 / yuv420p / CRF 18",
    "fps": 8.0,
    "frames": 17,
    "height": 128,
    "path": "output.mp4",
    "sha256": "43a15cd3eea6da3db932ef3bc20c0206bda4def0d484cc978806d8b302189550",
    "timestamps_90khz": [
      0,
      11250,
      22500,
      33750,
      45000,
      56250,
      67500,
      78750,
      90000,
      101250,
      112500,
      123750,
      135000,
      146250,
      157500,
      168750,
      180000
    ],
    "width": 128
  },
  "package_authenticated": true,
  "poster": "output.png",
  "preprocessing": "FFmpeg RGB8 / bicubic antialias / center crop 16 / normalize [-1,1]",
  "profile": "seedvr2-3b-video-fp32-b-v1",
  "resources": {
    "activation_peak_bytes": null,
    "autoregressive_kv_cache": false,
    "file_cache_peak_bytes": null,
    "largest_graph_weight_bytes": 634534028,
    "package_bytes": 21096916141,
    "pipeline_cache": "per-run Vulkan shader pipelines; no model weights or autoregressive keys",
    "process_lifetime_peak_rss_bytes": 1654898688,
    "process_system_cpu_seconds": 30.669341,
    "process_user_cpu_seconds": 14.519916,
    "temporal_vae_cache": false,
    "unmeasured_scope": "Allocator categories are not inferred from process RSS or whole-card VRAM",
    "weight_placement": {
      "budget_unavailable": 0,
      "cache_enabled": false,
      "cpu_graphs": 0,
      "device_requests": 0,
      "host_requests": 36,
      "scope": "placement requests, not measured allocator residency"
    },
    "weight_residency": "one graph at a time",
    "workspace_peak_bytes": null
  },
  "sampling": {
    "cfg": 1,
    "color_fix": "none",
    "latent_scale": 0.9152,
    "steps": 1,
    "timestep": 1000
  },
  "schema_version": "seedvr2-video-run-v1",
  "seed": 666,
  "stages": [
    {
      "awa_cpu": 0,
      "awa_vulkan": 0,
      "awa_windows": 0,
      "backend": "ncnn-vulkan",
      "compute_ms": 765.034992,
      "cpu_layers": 0,
      "cpu_temporal_encoder_direct_convolution": false,
      "id": "encoder",
      "layers": 98,
      "load_ms": 1276.012133,
      "memory": {
        "activation_offload": false,
        "actual_weight_memory": "not_instrumented",
        "after_load": {
          "budget_bytes": 6051921920,
          "heap_index": 0,
          "source": "VK_EXT_memory_budget_estimate",
          "usage_bytes": 17563648
        },
        "after_release": {
          "budget_bytes": 6051266560,
          "heap_index": 0,
          "source": "VK_EXT_memory_budget_estimate",
          "usage_bytes": 1764229120
        },
        "available_bytes": 6032064512,
        "before_load": {
          "budget_bytes": 6049169408,
          "heap_index": 0,
          "source": "VK_EXT_memory_budget_estimate",
          "usage_bytes": 17104896
        },
        "estimated_weight_bytes": 800371968,
        "oom_recovery": false,
        "policy": "auto",
        "reason": "budget_pressure",
        "requested_memory": "host",
        "reserve_bytes": 1099511627776,
        "reserve_policy": "explicit_bytes",
        "scope": "weight placement before graph loading"
      },
      "vulkan_layers": 98,
      "weight_io": "buffered"
    },
    {
      "awa_cpu": 0,
      "awa_vulkan": 0,
      "awa_windows": 0,
      "backend": "ncnn-vulkan",
      "compute_ms": 1.617129,
      "cpu_layers": 0,
      "cpu_temporal_encoder_direct_convolution": false,
      "id": "patch-in",
      "layers": 1,
      "load_ms": 45.590689,
      "memory": {
        "activation_offload": false,
        "actual_weight_memory": "not_instrumented",
        "after_load": {
          "budget_bytes": 6051266560,
          "heap_index": 0,
          "source": "VK_EXT_memory_budget_estimate",
          "usage_bytes": 1764229120
        },
        "after_release": {
          "budget_bytes": 6051266560,
          "heap_index": 0,
          "source": "VK_EXT_memory_budget_estimate",
          "usage_bytes": 1764229120
        },
        "available_bytes": 4287037440,
        "before_load": {
          "budget_bytes": 6051266560,
          "heap_index": 0,
          "source": "VK_EXT_memory_budget_estimate",
          "usage_bytes": 1764229120
        },
        "estimated_weight_bytes": 2723856,
        "oom_recovery": false,
        "policy": "auto",
        "reason": "budget_pressure",
        "requested_memory": "host",
        "reserve_bytes": 1099511627776,
        "reserve_policy": "explicit_bytes",
        "scope": "weight placement before graph loading"
      },
      "vulkan_layers": 1,
      "weight_io": "buffered"
    },
    {
      "awa_cpu": 0,
      "awa_vulkan": 1,
      "awa_windows": 3,
      "backend": "ncnn-vulkan",
      "compute_ms": 1128.163562,
      "cpu_layers": 0,
      "cpu_temporal_encoder_direct_convolution": false,
      "id": "block-00",
      "layers": 83,
      "load_ms": 1240.544529,
      "memory": {
        "activation_offload": false,
        "actual_weight_memory": "not_instrumented",
        "after_load": {
          "budget_bytes": 6049890304,
          "heap_index": 0,
          "source": "VK_EXT_memory_budget_estimate",
          "usage_bytes": 1765539840
        },
        "after_release": {
          "budget_bytes": 6051069952,
          "heap_index": 0,
          "source": "VK_EXT_memory_budget_estimate",
          "usage_bytes": 1764753408
        },
        "available_bytes": 4287037440,
        "before_load": {
          "budget_bytes": 6051266560,
          "heap_index": 0,
          "source": "VK_EXT_memory_budget_estimate",
          "usage_bytes": 1764229120
        },
        "estimated_weight_bytes": 1269068056,
        "oom_recovery": false,
        "policy": "auto",
        "reason": "budget_pressure",
        "requested_memory": "host",
        "reserve_bytes": 1099511627776,
        "reserve_policy": "explicit_bytes",
        "scope": "weight placement before graph loading"
      },
      "vulkan_layers": 83,
      "weight_io": "buffered"
    },
    {
      "awa_cpu": 0,
      "awa_vulkan": 1,
      "awa_windows": 3,
      "backend": "ncnn-vulkan",
      "compute_ms": 1349.272113,
      "cpu_layers": 0,
      "cpu_temporal_encoder_direct_convolution": false,
      "id": "block-01",
      "layers": 83,
      "load_ms": 788.852619,
      "memory": {
        "activation_offload": false,
        "actual_weight_memory": "not_instrumented",
        "after_load": {
          "budget_bytes": 6050021376,
          "heap_index": 0,
          "source": "VK_EXT_memory_budget_estimate",
          "usage_bytes": 1765539840
        },
        "after_release": {
          "budget_bytes": 6055919616,
          "heap_index": 0,
          "source": "VK_EXT_memory_budget_estimate",
          "usage_bytes": 1764753408
        },
        "available_bytes": 4286316544,
        "before_load": {
          "budget_bytes": 6051069952,
          "heap_index": 0,
          "source": "VK_EXT_memory_budget_estimate",
          "usage_bytes": 1764753408
        },
        "estimated_weight_bytes": 1269068056,
        "oom_recovery": false,
        "policy": "auto",
        "reason": "budget_pressure",
        "requested_memory": "host",
        "reserve_bytes": 1099511627776,
        "reserve_policy": "explicit_bytes",
        "scope": "weight placement before graph loading"
      },
      "vulkan_layers": 83,
      "weight_io": "buffered"
    },
    {
      "awa_cpu": 0,
      "awa_vulkan": 1,
      "awa_windows": 3,
      "backend": "ncnn-vulkan",
      "compute_ms": 998.364621,
      "cpu_layers": 0,
      "cpu_temporal_encoder_direct_convolution": false,
      "id": "block-02",
      "layers": 83,
      "load_ms": 791.907591,
      "memory": {
        "activation_offload": false,
        "actual_weight_memory": "not_instrumented",
        "after_load": {
          "budget_bytes": 6049890304,
          "heap_index": 0,
          "source": "VK_EXT_memory_budget_estimate",
          "usage_bytes": 1765539840
        },
        "after_release": {
          "budget_bytes": 6051069952,
          "heap_index": 0,
          "source": "VK_EXT_memory_budget_estimate",
          "usage_bytes": 1764753408
        },
        "available_bytes": 4291166208,
        "before_load": {
          "budget_bytes": 6055919616,
          "heap_index": 0,
          "source": "VK_EXT_memory_budget_estimate",
          "usage_bytes": 1764753408
        },
        "estimated_weight_bytes": 1269068056,
        "oom_recovery": false,
        "policy": "auto",
        "reason": "budget_pressure",
        "requested_memory": "host",
        "reserve_bytes": 1099511627776,
        "reserve_policy": "explicit_bytes",
        "scope": "weight placement before graph loading"
      },
      "vulkan_layers": 83,
      "weight_io": "buffered"
    },
    {
      "awa_cpu": 0,
      "awa_vulkan": 1,
      "awa_windows": 3,
      "backend": "ncnn-vulkan",
      "compute_ms": 1328.630566,
      "cpu_layers": 0,
      "cpu_temporal_encoder_direct_convolution": false,
      "id": "block-03",
      "layers": 83,
      "load_ms": 833.467331,
      "memory": {
        "activation_offload": false,
        "actual_weight_memory": "not_instrumented",
        "after_load": {
          "budget_bytes": 6048972800,
          "heap_index": 0,
          "source": "VK_EXT_memory_budget_estimate",
          "usage_bytes": 1765539840
        },
        "after_release": {
          "budget_bytes": 6050086912,
          "heap_index": 0,
          "source": "VK_EXT_memory_budget_estimate",
          "usage_bytes": 1764753408
        },
        "available_bytes": 4286316544,
        "before_load": {
          "budget_bytes": 6051069952,
          "heap_index": 0,
          "source": "VK_EXT_memory_budget_estimate",
          "usage_bytes": 1764753408
        },
        "estimated_weight_bytes": 1269068056,
        "oom_recovery": false,
        "policy": "auto",
        "reason": "budget_pressure",
        "requested_memory": "host",
        "reserve_bytes": 1099511627776,
        "reserve_policy": "explicit_bytes",
        "scope": "weight placement before graph loading"
      },
      "vulkan_layers": 83,
      "weight_io": "buffered"
    },
    {
      "awa_cpu": 0,
      "awa_vulkan": 1,
      "awa_windows": 3,
      "backend": "ncnn-vulkan",
      "compute_ms": 1224.592893,
      "cpu_layers": 0,
      "cpu_temporal_encoder_direct_convolution": false,
      "id": "block-04",
      "layers": 83,
      "load_ms": 810.473704,
      "memory": {
        "activation_offload": false,
        "actual_weight_memory": "not_instrumented",
        "after_load": {
          "budget_bytes": 6051725312,
          "heap_index": 0,
          "source": "VK_EXT_memory_budget_estimate",
          "usage_bytes": 1765539840
        },
        "after_release": {
          "budget_bytes": 6050414592,
          "heap_index": 0,
          "source": "VK_EXT_memory_budget_estimate",
          "usage_bytes": 1764753408
        },
        "available_bytes": 4285333504,
        "before_load": {
          "budget_bytes": 6050086912,
          "heap_index": 0,
          "source": "VK_EXT_memory_budget_estimate",
          "usage_bytes": 1764753408
        },
        "estimated_weight_bytes": 1269068056,
        "oom_recovery": false,
        "policy": "auto",
        "reason": "budget_pressure",
        "requested_memory": "host",
        "reserve_bytes": 1099511627776,
        "reserve_policy": "explicit_bytes",
        "scope": "weight placement before graph loading"
      },
      "vulkan_layers": 83,
      "weight_io": "buffered"
    },
    {
      "awa_cpu": 0,
      "awa_vulkan": 1,
      "awa_windows": 3,
      "backend": "ncnn-vulkan",
      "compute_ms": 1040.888464,
      "cpu_layers": 0,
      "cpu_temporal_encoder_direct_convolution": false,
      "id": "block-05",
      "layers": 83,
      "load_ms": 714.487244,
      "memory": {
        "activation_offload": false,
        "actual_weight_memory": "not_instrumented",
        "after_load": {
          "budget_bytes": 6049234944,
          "heap_index": 0,
          "source": "VK_EXT_memory_budget_estimate",
          "usage_bytes": 1765539840
        },
        "after_release": {
          "budget_bytes": 6050873344,
          "heap_index": 0,
          "source": "VK_EXT_memory_budget_estimate",
          "usage_bytes": 1764753408
        },
        "available_bytes": 4285661184,
        "before_load": {
          "budget_bytes": 6050414592,
          "heap_index": 0,
          "source": "VK_EXT_memory_budget_estimate",
          "usage_bytes": 1764753408
        },
        "estimated_weight_bytes": 1269068056,
        "oom_recovery": false,
        "policy": "auto",
        "reason": "budget_pressure",
        "requested_memory": "host",
        "reserve_bytes": 1099511627776,
        "reserve_policy": "explicit_bytes",
        "scope": "weight placement before graph loading"
      },
      "vulkan_layers": 83,
      "weight_io": "buffered"
    },
    {
      "awa_cpu": 0,
      "awa_vulkan": 1,
      "awa_windows": 3,
      "backend": "ncnn-vulkan",
      "compute_ms": 1855.351562,
      "cpu_layers": 0,
      "cpu_temporal_encoder_direct_convolution": false,
      "id": "block-06",
      "layers": 83,
      "load_ms": 777.077972,
      "memory": {
        "activation_offload": false,
        "actual_weight_memory": "not_instrumented",
        "after_load": {
          "budget_bytes": 6049628160,
          "heap_index": 0,
          "source": "VK_EXT_memory_budget_estimate",
          "usage_bytes": 1765539840
        },
        "after_release": {
          "budget_bytes": 6050938880,
          "heap_index": 0,
          "source": "VK_EXT_memory_budget_estimate",
          "usage_bytes": 1764753408
        },
        "available_bytes": 4286119936,
        "before_load": {
          "budget_bytes": 6050873344,
          "heap_index": 0,
          "source": "VK_EXT_memory_budget_estimate",
          "usage_bytes": 1764753408
        },
        "estimated_weight_bytes": 1269068056,
        "oom_recovery": false,
        "policy": "auto",
        "reason": "budget_pressure",
        "requested_memory": "host",
        "reserve_bytes": 1099511627776,
        "reserve_policy": "explicit_bytes",
        "scope": "weight placement before graph loading"
      },
      "vulkan_layers": 83,
      "weight_io": "buffered"
    },
    {
      "awa_cpu": 0,
      "awa_vulkan": 1,
      "awa_windows": 3,
      "backend": "ncnn-vulkan",
      "compute_ms": 919.090868,
      "cpu_layers": 0,
      "cpu_temporal_encoder_direct_convolution": false,
      "id": "block-07",
      "layers": 83,
      "load_ms": 817.240238,
      "memory": {
        "activation_offload": false,
        "actual_weight_memory": "not_instrumented",
        "after_load": {
          "budget_bytes": 6049759232,
          "heap_index": 0,
          "source": "VK_EXT_memory_budget_estimate",
          "usage_bytes": 1765539840
        },
        "after_release": {
          "budget_bytes": 6049693696,
          "heap_index": 0,
          "source": "VK_EXT_memory_budget_estimate",
          "usage_bytes": 1764753408
        },
        "available_bytes": 4286185472,
        "before_load": {
          "budget_bytes": 6050938880,
          "heap_index": 0,
          "source": "VK_EXT_memory_budget_estimate",
          "usage_bytes": 1764753408
        },
        "estimated_weight_bytes": 1269068056,
        "oom_recovery": false,
        "policy": "auto",
        "reason": "budget_pressure",
        "requested_memory": "host",
        "reserve_bytes": 1099511627776,
        "reserve_policy": "explicit_bytes",
        "scope": "weight placement before graph loading"
      },
      "vulkan_layers": 83,
      "weight_io": "buffered"
    },
    {
      "awa_cpu": 0,
      "awa_vulkan": 1,
      "awa_windows": 3,
      "backend": "ncnn-vulkan",
      "compute_ms": 1441.055463,
      "cpu_layers": 0,
      "cpu_temporal_encoder_direct_convolution": false,
      "id": "block-08",
      "layers": 83,
      "load_ms": 833.296357,
      "memory": {
        "activation_offload": false,
        "actual_weight_memory": "not_instrumented",
        "after_load": {
          "budget_bytes": 6035275776,
          "heap_index": 0,
          "source": "VK_EXT_memory_budget_estimate",
          "usage_bytes": 1765539840
        },
        "after_release": {
          "budget_bytes": 6037307392,
          "heap_index": 0,
          "source": "VK_EXT_memory_budget_estimate",
          "usage_bytes": 1764753408
        },
        "available_bytes": 4284940288,
        "before_load": {
          "budget_bytes": 6049693696,
          "heap_index": 0,
          "source": "VK_EXT_memory_budget_estimate",
          "usage_bytes": 1764753408
        },
        "estimated_weight_bytes": 1269068056,
        "oom_recovery": false,
        "policy": "auto",
        "reason": "budget_pressure",
        "requested_memory": "host",
        "reserve_bytes": 1099511627776,
        "reserve_policy": "explicit_bytes",
        "scope": "weight placement before graph loading"
      },
      "vulkan_layers": 83,
      "weight_io": "buffered"
    },
    {
      "awa_cpu": 0,
      "awa_vulkan": 1,
      "awa_windows": 3,
      "backend": "ncnn-vulkan",
      "compute_ms": 928.786518,
      "cpu_layers": 0,
      "cpu_temporal_encoder_direct_convolution": false,
      "id": "block-09",
      "layers": 83,
      "load_ms": 811.316701,
      "memory": {
        "activation_offload": false,
        "actual_weight_memory": "not_instrumented",
        "after_load": {
          "budget_bytes": 6034620416,
          "heap_index": 0,
          "source": "VK_EXT_memory_budget_estimate",
          "usage_bytes": 1765539840
        },
        "after_release": {
          "budget_bytes": 6036389888,
          "heap_index": 0,
          "source": "VK_EXT_memory_budget_estimate",
          "usage_bytes": 1764753408
        },
        "available_bytes": 4272553984,
        "before_load": {
          "budget_bytes": 6037307392,
          "heap_index": 0,
          "source": "VK_EXT_memory_budget_estimate",
          "usage_bytes": 1764753408
        },
        "estimated_weight_bytes": 1269068056,
        "oom_recovery": false,
        "policy": "auto",
        "reason": "budget_pressure",
        "requested_memory": "host",
        "reserve_bytes": 1099511627776,
        "reserve_policy": "explicit_bytes",
        "scope": "weight placement before graph loading"
      },
      "vulkan_layers": 83,
      "weight_io": "buffered"
    },
    {
      "awa_cpu": 0,
      "awa_vulkan": 1,
      "awa_windows": 3,
      "backend": "ncnn-vulkan",
      "compute_ms": 1851.095022,
      "cpu_layers": 0,
      "cpu_temporal_encoder_direct_convolution": false,
      "id": "block-10",
      "layers": 83,
      "load_ms": 830.033603,
      "memory": {
        "activation_offload": false,
        "actual_weight_memory": "not_instrumented",
        "after_load": {
          "budget_bytes": 6035865600,
          "heap_index": 0,
          "source": "VK_EXT_memory_budget_estimate",
          "usage_bytes": 1765146624
        },
        "after_release": {
          "budget_bytes": 6040584192,
          "heap_index": 0,
          "source": "VK_EXT_memory_budget_estimate",
          "usage_bytes": 1764753408
        },
        "available_bytes": 4271636480,
        "before_load": {
          "budget_bytes": 6036389888,
          "heap_index": 0,
          "source": "VK_EXT_memory_budget_estimate",
          "usage_bytes": 1764753408
        },
        "estimated_weight_bytes": 1268945176,
        "oom_recovery": false,
        "policy": "auto",
        "reason": "budget_pressure",
        "requested_memory": "host",
        "reserve_bytes": 1099511627776,
        "reserve_policy": "explicit_bytes",
        "scope": "weight placement before graph loading"
      },
      "vulkan_layers": 83,
      "weight_io": "buffered"
    },
    {
      "awa_cpu": 0,
      "awa_vulkan": 1,
      "awa_windows": 3,
      "backend": "ncnn-vulkan",
      "compute_ms": 955.353976,
      "cpu_layers": 0,
      "cpu_temporal_encoder_direct_convolution": false,
      "id": "block-11",
      "layers": 83,
      "load_ms": 817.356595,
      "memory": {
        "activation_offload": false,
        "actual_weight_memory": "not_instrumented",
        "after_load": {
          "budget_bytes": 6039207936,
          "heap_index": 0,
          "source": "VK_EXT_memory_budget_estimate",
          "usage_bytes": 1765146624
        },
        "after_release": {
          "budget_bytes": 6037962752,
          "heap_index": 0,
          "source": "VK_EXT_memory_budget_estimate",
          "usage_bytes": 1764753408
        },
        "available_bytes": 4275830784,
        "before_load": {
          "budget_bytes": 6040584192,
          "heap_index": 0,
          "source": "VK_EXT_memory_budget_estimate",
          "usage_bytes": 1764753408
        },
        "estimated_weight_bytes": 1268945176,
        "oom_recovery": false,
        "policy": "auto",
        "reason": "budget_pressure",
        "requested_memory": "host",
        "reserve_bytes": 1099511627776,
        "reserve_policy": "explicit_bytes",
        "scope": "weight placement before graph loading"
      },
      "vulkan_layers": 83,
      "weight_io": "buffered"
    },
    {
      "awa_cpu": 0,
      "awa_vulkan": 1,
      "awa_windows": 3,
      "backend": "ncnn-vulkan",
      "compute_ms": 1501.596878,
      "cpu_layers": 0,
      "cpu_temporal_encoder_direct_convolution": false,
      "id": "block-12",
      "layers": 83,
      "load_ms": 790.221598,
      "memory": {
        "activation_offload": false,
        "actual_weight_memory": "not_instrumented",
        "after_load": {
          "budget_bytes": 6036914176,
          "heap_index": 0,
          "source": "VK_EXT_memory_budget_estimate",
          "usage_bytes": 1765146624
        },
        "after_release": {
          "budget_bytes": 6050938880,
          "heap_index": 0,
          "source": "VK_EXT_memory_budget_estimate",
          "usage_bytes": 1764753408
        },
        "available_bytes": 4273209344,
        "before_load": {
          "budget_bytes": 6037962752,
          "heap_index": 0,
          "source": "VK_EXT_memory_budget_estimate",
          "usage_bytes": 1764753408
        },
        "estimated_weight_bytes": 1268945176,
        "oom_recovery": false,
        "policy": "auto",
        "reason": "budget_pressure",
        "requested_memory": "host",
        "reserve_bytes": 1099511627776,
        "reserve_policy": "explicit_bytes",
        "scope": "weight placement before graph loading"
      },
      "vulkan_layers": 83,
      "weight_io": "buffered"
    },
    {
      "awa_cpu": 0,
      "awa_vulkan": 1,
      "awa_windows": 3,
      "backend": "ncnn-vulkan",
      "compute_ms": 1376.700378,
      "cpu_layers": 0,
      "cpu_temporal_encoder_direct_convolution": false,
      "id": "block-13",
      "layers": 83,
      "load_ms": 856.896705,
      "memory": {
        "activation_offload": false,
        "actual_weight_memory": "not_instrumented",
        "after_load": {
          "budget_bytes": 6052315136,
          "heap_index": 0,
          "source": "VK_EXT_memory_budget_estimate",
          "usage_bytes": 1765146624
        },
        "after_release": {
          "budget_bytes": 6050807808,
          "heap_index": 0,
          "source": "VK_EXT_memory_budget_estimate",
          "usage_bytes": 1764753408
        },
        "available_bytes": 4286185472,
        "before_load": {
          "budget_bytes": 6050938880,
          "heap_index": 0,
          "source": "VK_EXT_memory_budget_estimate",
          "usage_bytes": 1764753408
        },
        "estimated_weight_bytes": 1268945176,
        "oom_recovery": false,
        "policy": "auto",
        "reason": "budget_pressure",
        "requested_memory": "host",
        "reserve_bytes": 1099511627776,
        "reserve_policy": "explicit_bytes",
        "scope": "weight placement before graph loading"
      },
      "vulkan_layers": 83,
      "weight_io": "buffered"
    },
    {
      "awa_cpu": 0,
      "awa_vulkan": 1,
      "awa_windows": 3,
      "backend": "ncnn-vulkan",
      "compute_ms": 1107.072021,
      "cpu_layers": 0,
      "cpu_temporal_encoder_direct_convolution": false,
      "id": "block-14",
      "layers": 83,
      "load_ms": 852.634228,
      "memory": {
        "activation_offload": false,
        "actual_weight_memory": "not_instrumented",
        "after_load": {
          "budget_bytes": 6049759232,
          "heap_index": 0,
          "source": "VK_EXT_memory_budget_estimate",
          "usage_bytes": 1765146624
        },
        "after_release": {
          "budget_bytes": 6050807808,
          "heap_index": 0,
          "source": "VK_EXT_memory_budget_estimate",
          "usage_bytes": 1764753408
        },
        "available_bytes": 4286054400,
        "before_load": {
          "budget_bytes": 6050807808,
          "heap_index": 0,
          "source": "VK_EXT_memory_budget_estimate",
          "usage_bytes": 1764753408
        },
        "estimated_weight_bytes": 1268945176,
        "oom_recovery": false,
        "policy": "auto",
        "reason": "budget_pressure",
        "requested_memory": "host",
        "reserve_bytes": 1099511627776,
        "reserve_policy": "explicit_bytes",
        "scope": "weight placement before graph loading"
      },
      "vulkan_layers": 83,
      "weight_io": "buffered"
    },
    {
      "awa_cpu": 0,
      "awa_vulkan": 1,
      "awa_windows": 3,
      "backend": "ncnn-vulkan",
      "compute_ms": 1921.400951,
      "cpu_layers": 0,
      "cpu_temporal_encoder_direct_convolution": false,
      "id": "block-15",
      "layers": 83,
      "load_ms": 808.372149,
      "memory": {
        "activation_offload": false,
        "actual_weight_memory": "not_instrumented",
        "after_load": {
          "budget_bytes": 6049562624,
          "heap_index": 0,
          "source": "VK_EXT_memory_budget_estimate",
          "usage_bytes": 1765146624
        },
        "after_release": {
          "budget_bytes": 6050873344,
          "heap_index": 0,
          "source": "VK_EXT_memory_budget_estimate",
          "usage_bytes": 1764753408
        },
        "available_bytes": 4286054400,
        "before_load": {
          "budget_bytes": 6050807808,
          "heap_index": 0,
          "source": "VK_EXT_memory_budget_estimate",
          "usage_bytes": 1764753408
        },
        "estimated_weight_bytes": 1268945176,
        "oom_recovery": false,
        "policy": "auto",
        "reason": "budget_pressure",
        "requested_memory": "host",
        "reserve_bytes": 1099511627776,
        "reserve_policy": "explicit_bytes",
        "scope": "weight placement before graph loading"
      },
      "vulkan_layers": 83,
      "weight_io": "buffered"
    },
    {
      "awa_cpu": 0,
      "awa_vulkan": 1,
      "awa_windows": 3,
      "backend": "ncnn-vulkan",
      "compute_ms": 950.434912,
      "cpu_layers": 0,
      "cpu_temporal_encoder_direct_convolution": false,
      "id": "block-16",
      "layers": 83,
      "load_ms": 673.804933,
      "memory": {
        "activation_offload": false,
        "actual_weight_memory": "not_instrumented",
        "after_load": {
          "budget_bytes": 6049693696,
          "heap_index": 0,
          "source": "VK_EXT_memory_budget_estimate",
          "usage_bytes": 1765146624
        },
        "after_release": {
          "budget_bytes": 6050807808,
          "heap_index": 0,
          "source": "VK_EXT_memory_budget_estimate",
          "usage_bytes": 1764753408
        },
        "available_bytes": 4286119936,
        "before_load": {
          "budget_bytes": 6050873344,
          "heap_index": 0,
          "source": "VK_EXT_memory_budget_estimate",
          "usage_bytes": 1764753408
        },
        "estimated_weight_bytes": 1268945176,
        "oom_recovery": false,
        "policy": "auto",
        "reason": "budget_pressure",
        "requested_memory": "host",
        "reserve_bytes": 1099511627776,
        "reserve_policy": "explicit_bytes",
        "scope": "weight placement before graph loading"
      },
      "vulkan_layers": 83,
      "weight_io": "buffered"
    },
    {
      "awa_cpu": 0,
      "awa_vulkan": 1,
      "awa_windows": 3,
      "backend": "ncnn-vulkan",
      "compute_ms": 1777.362488,
      "cpu_layers": 0,
      "cpu_temporal_encoder_direct_convolution": false,
      "id": "block-17",
      "layers": 83,
      "load_ms": 760.042314,
      "memory": {
        "activation_offload": false,
        "actual_weight_memory": "not_instrumented",
        "after_load": {
          "budget_bytes": 6049562624,
          "heap_index": 0,
          "source": "VK_EXT_memory_budget_estimate",
          "usage_bytes": 1765146624
        },
        "after_release": {
          "budget_bytes": 6053494784,
          "heap_index": 0,
          "source": "VK_EXT_memory_budget_estimate",
          "usage_bytes": 1764753408
        },
        "available_bytes": 4286054400,
        "before_load": {
          "budget_bytes": 6050807808,
          "heap_index": 0,
          "source": "VK_EXT_memory_budget_estimate",
          "usage_bytes": 1764753408
        },
        "estimated_weight_bytes": 1268945176,
        "oom_recovery": false,
        "policy": "auto",
        "reason": "budget_pressure",
        "requested_memory": "host",
        "reserve_bytes": 1099511627776,
        "reserve_policy": "explicit_bytes",
        "scope": "weight placement before graph loading"
      },
      "vulkan_layers": 83,
      "weight_io": "buffered"
    },
    {
      "awa_cpu": 0,
      "awa_vulkan": 1,
      "awa_windows": 3,
      "backend": "ncnn-vulkan",
      "compute_ms": 929.620016,
      "cpu_layers": 0,
      "cpu_temporal_encoder_direct_convolution": false,
      "id": "block-18",
      "layers": 83,
      "load_ms": 747.365305,
      "memory": {
        "activation_offload": false,
        "actual_weight_memory": "not_instrumented",
        "after_load": {
          "budget_bytes": 6049628160,
          "heap_index": 0,
          "source": "VK_EXT_memory_budget_estimate",
          "usage_bytes": 1765146624
        },
        "after_release": {
          "budget_bytes": 6049824768,
          "heap_index": 0,
          "source": "VK_EXT_memory_budget_estimate",
          "usage_bytes": 1764753408
        },
        "available_bytes": 4288741376,
        "before_load": {
          "budget_bytes": 6053494784,
          "heap_index": 0,
          "source": "VK_EXT_memory_budget_estimate",
          "usage_bytes": 1764753408
        },
        "estimated_weight_bytes": 1268945176,
        "oom_recovery": false,
        "policy": "auto",
        "reason": "budget_pressure",
        "requested_memory": "host",
        "reserve_bytes": 1099511627776,
        "reserve_policy": "explicit_bytes",
        "scope": "weight placement before graph loading"
      },
      "vulkan_layers": 83,
      "weight_io": "buffered"
    },
    {
      "awa_cpu": 0,
      "awa_vulkan": 1,
      "awa_windows": 3,
      "backend": "ncnn-vulkan",
      "compute_ms": 1838.979615,
      "cpu_layers": 0,
      "cpu_temporal_encoder_direct_convolution": false,
      "id": "block-19",
      "layers": 83,
      "load_ms": 777.010295,
      "memory": {
        "activation_offload": false,
        "actual_weight_memory": "not_instrumented",
        "after_load": {
          "budget_bytes": 6048645120,
          "heap_index": 0,
          "source": "VK_EXT_memory_budget_estimate",
          "usage_bytes": 1765146624
        },
        "after_release": {
          "budget_bytes": 6053232640,
          "heap_index": 0,
          "source": "VK_EXT_memory_budget_estimate",
          "usage_bytes": 1764753408
        },
        "available_bytes": 4285071360,
        "before_load": {
          "budget_bytes": 6049824768,
          "heap_index": 0,
          "source": "VK_EXT_memory_budget_estimate",
          "usage_bytes": 1764753408
        },
        "estimated_weight_bytes": 1268945176,
        "oom_recovery": false,
        "policy": "auto",
        "reason": "budget_pressure",
        "requested_memory": "host",
        "reserve_bytes": 1099511627776,
        "reserve_policy": "explicit_bytes",
        "scope": "weight placement before graph loading"
      },
      "vulkan_layers": 83,
      "weight_io": "buffered"
    },
    {
      "awa_cpu": 0,
      "awa_vulkan": 1,
      "awa_windows": 3,
      "backend": "ncnn-vulkan",
      "compute_ms": 971.932517,
      "cpu_layers": 0,
      "cpu_temporal_encoder_direct_convolution": false,
      "id": "block-20",
      "layers": 83,
      "load_ms": 818.752882,
      "memory": {
        "activation_offload": false,
        "actual_weight_memory": "not_instrumented",
        "after_load": {
          "budget_bytes": 6054150144,
          "heap_index": 0,
          "source": "VK_EXT_memory_budget_estimate",
          "usage_bytes": 1765146624
        },
        "after_release": {
          "budget_bytes": 6051004416,
          "heap_index": 0,
          "source": "VK_EXT_memory_budget_estimate",
          "usage_bytes": 1764753408
        },
        "available_bytes": 4288479232,
        "before_load": {
          "budget_bytes": 6053232640,
          "heap_index": 0,
          "source": "VK_EXT_memory_budget_estimate",
          "usage_bytes": 1764753408
        },
        "estimated_weight_bytes": 1268945176,
        "oom_recovery": false,
        "policy": "auto",
        "reason": "budget_pressure",
        "requested_memory": "host",
        "reserve_bytes": 1099511627776,
        "reserve_policy": "explicit_bytes",
        "scope": "weight placement before graph loading"
      },
      "vulkan_layers": 83,
      "weight_io": "buffered"
    },
    {
      "awa_cpu": 0,
      "awa_vulkan": 1,
      "awa_windows": 3,
      "backend": "ncnn-vulkan",
      "compute_ms": 1450.118272,
      "cpu_layers": 0,
      "cpu_temporal_encoder_direct_convolution": false,
      "id": "block-21",
      "layers": 83,
      "load_ms": 832.984092,
      "memory": {
        "activation_offload": false,
        "actual_weight_memory": "not_instrumented",
        "after_load": {
          "budget_bytes": 6049824768,
          "heap_index": 0,
          "source": "VK_EXT_memory_budget_estimate",
          "usage_bytes": 1765146624
        },
        "after_release": {
          "budget_bytes": 6054019072,
          "heap_index": 0,
          "source": "VK_EXT_memory_budget_estimate",
          "usage_bytes": 1764753408
        },
        "available_bytes": 4286251008,
        "before_load": {
          "budget_bytes": 6051004416,
          "heap_index": 0,
          "source": "VK_EXT_memory_budget_estimate",
          "usage_bytes": 1764753408
        },
        "estimated_weight_bytes": 1268945176,
        "oom_recovery": false,
        "policy": "auto",
        "reason": "budget_pressure",
        "requested_memory": "host",
        "reserve_bytes": 1099511627776,
        "reserve_policy": "explicit_bytes",
        "scope": "weight placement before graph loading"
      },
      "vulkan_layers": 83,
      "weight_io": "buffered"
    },
    {
      "awa_cpu": 0,
      "awa_vulkan": 1,
      "awa_windows": 3,
      "backend": "ncnn-vulkan",
      "compute_ms": 1400.058512,
      "cpu_layers": 0,
      "cpu_temporal_encoder_direct_convolution": false,
      "id": "block-22",
      "layers": 83,
      "load_ms": 831.806271,
      "memory": {
        "activation_offload": false,
        "actual_weight_memory": "not_instrumented",
        "after_load": {
          "budget_bytes": 6052511744,
          "heap_index": 0,
          "source": "VK_EXT_memory_budget_estimate",
          "usage_bytes": 1765146624
        },
        "after_release": {
          "budget_bytes": 6051004416,
          "heap_index": 0,
          "source": "VK_EXT_memory_budget_estimate",
          "usage_bytes": 1764753408
        },
        "available_bytes": 4289265664,
        "before_load": {
          "budget_bytes": 6054019072,
          "heap_index": 0,
          "source": "VK_EXT_memory_budget_estimate",
          "usage_bytes": 1764753408
        },
        "estimated_weight_bytes": 1268945176,
        "oom_recovery": false,
        "policy": "auto",
        "reason": "budget_pressure",
        "requested_memory": "host",
        "reserve_bytes": 1099511627776,
        "reserve_policy": "explicit_bytes",
        "scope": "weight placement before graph loading"
      },
      "vulkan_layers": 83,
      "weight_io": "buffered"
    },
    {
      "awa_cpu": 0,
      "awa_vulkan": 1,
      "awa_windows": 3,
      "backend": "ncnn-vulkan",
      "compute_ms": 992.48739,
      "cpu_layers": 0,
      "cpu_temporal_encoder_direct_convolution": false,
      "id": "block-23",
      "layers": 83,
      "load_ms": 824.583808,
      "memory": {
        "activation_offload": false,
        "actual_weight_memory": "not_instrumented",
        "after_load": {
          "budget_bytes": 6049955840,
          "heap_index": 0,
          "source": "VK_EXT_memory_budget_estimate",
          "usage_bytes": 1765146624
        },
        "after_release": {
          "budget_bytes": 6042877952,
          "heap_index": 0,
          "source": "VK_EXT_memory_budget_estimate",
          "usage_bytes": 1764753408
        },
        "available_bytes": 4286251008,
        "before_load": {
          "budget_bytes": 6051004416,
          "heap_index": 0,
          "source": "VK_EXT_memory_budget_estimate",
          "usage_bytes": 1764753408
        },
        "estimated_weight_bytes": 1268945176,
        "oom_recovery": false,
        "policy": "auto",
        "reason": "budget_pressure",
        "requested_memory": "host",
        "reserve_bytes": 1099511627776,
        "reserve_policy": "explicit_bytes",
        "scope": "weight placement before graph loading"
      },
      "vulkan_layers": 83,
      "weight_io": "buffered"
    },
    {
      "awa_cpu": 0,
      "awa_vulkan": 1,
      "awa_windows": 3,
      "backend": "ncnn-vulkan",
      "compute_ms": 926.674277,
      "cpu_layers": 0,
      "cpu_temporal_encoder_direct_convolution": false,
      "id": "block-24",
      "layers": 83,
      "load_ms": 842.803223,
      "memory": {
        "activation_offload": false,
        "actual_weight_memory": "not_instrumented",
        "after_load": {
          "budget_bytes": 6044385280,
          "heap_index": 0,
          "source": "VK_EXT_memory_budget_estimate",
          "usage_bytes": 1765146624
        },
        "after_release": {
          "budget_bytes": 6045433856,
          "heap_index": 0,
          "source": "VK_EXT_memory_budget_estimate",
          "usage_bytes": 1764753408
        },
        "available_bytes": 4278124544,
        "before_load": {
          "budget_bytes": 6042877952,
          "heap_index": 0,
          "source": "VK_EXT_memory_budget_estimate",
          "usage_bytes": 1764753408
        },
        "estimated_weight_bytes": 1268945176,
        "oom_recovery": false,
        "policy": "auto",
        "reason": "budget_pressure",
        "requested_memory": "host",
        "reserve_bytes": 1099511627776,
        "reserve_policy": "explicit_bytes",
        "scope": "weight placement before graph loading"
      },
      "vulkan_layers": 83,
      "weight_io": "buffered"
    },
    {
      "awa_cpu": 0,
      "awa_vulkan": 1,
      "awa_windows": 3,
      "backend": "ncnn-vulkan",
      "compute_ms": 938.213834,
      "cpu_layers": 0,
      "cpu_temporal_encoder_direct_convolution": false,
      "id": "block-25",
      "layers": 83,
      "load_ms": 814.08078,
      "memory": {
        "activation_offload": false,
        "actual_weight_memory": "not_instrumented",
        "after_load": {
          "budget_bytes": 6046679040,
          "heap_index": 0,
          "source": "VK_EXT_memory_budget_estimate",
          "usage_bytes": 1765146624
        },
        "after_release": {
          "budget_bytes": 6042943488,
          "heap_index": 0,
          "source": "VK_EXT_memory_budget_estimate",
          "usage_bytes": 1764753408
        },
        "available_bytes": 4280680448,
        "before_load": {
          "budget_bytes": 6045433856,
          "heap_index": 0,
          "source": "VK_EXT_memory_budget_estimate",
          "usage_bytes": 1764753408
        },
        "estimated_weight_bytes": 1268945176,
        "oom_recovery": false,
        "policy": "auto",
        "reason": "budget_pressure",
        "requested_memory": "host",
        "reserve_bytes": 1099511627776,
        "reserve_policy": "explicit_bytes",
        "scope": "weight placement before graph loading"
      },
      "vulkan_layers": 83,
      "weight_io": "buffered"
    },
    {
      "awa_cpu": 0,
      "awa_vulkan": 1,
      "awa_windows": 3,
      "backend": "ncnn-vulkan",
      "compute_ms": 1294.70054,
      "cpu_layers": 0,
      "cpu_temporal_encoder_direct_convolution": false,
      "id": "block-26",
      "layers": 83,
      "load_ms": 782.166823,
      "memory": {
        "activation_offload": false,
        "actual_weight_memory": "not_instrumented",
        "after_load": {
          "budget_bytes": 6041698304,
          "heap_index": 0,
          "source": "VK_EXT_memory_budget_estimate",
          "usage_bytes": 1765146624
        },
        "after_release": {
          "budget_bytes": 6051004416,
          "heap_index": 0,
          "source": "VK_EXT_memory_budget_estimate",
          "usage_bytes": 1764753408
        },
        "available_bytes": 4278190080,
        "before_load": {
          "budget_bytes": 6042943488,
          "heap_index": 0,
          "source": "VK_EXT_memory_budget_estimate",
          "usage_bytes": 1764753408
        },
        "estimated_weight_bytes": 1268945176,
        "oom_recovery": false,
        "policy": "auto",
        "reason": "budget_pressure",
        "requested_memory": "host",
        "reserve_bytes": 1099511627776,
        "reserve_policy": "explicit_bytes",
        "scope": "weight placement before graph loading"
      },
      "vulkan_layers": 83,
      "weight_io": "buffered"
    },
    {
      "awa_cpu": 0,
      "awa_vulkan": 1,
      "awa_windows": 3,
      "backend": "ncnn-vulkan",
      "compute_ms": 1525.039311,
      "cpu_layers": 0,
      "cpu_temporal_encoder_direct_convolution": false,
      "id": "block-27",
      "layers": 83,
      "load_ms": 815.775086,
      "memory": {
        "activation_offload": false,
        "actual_weight_memory": "not_instrumented",
        "after_load": {
          "budget_bytes": 6052446208,
          "heap_index": 0,
          "source": "VK_EXT_memory_budget_estimate",
          "usage_bytes": 1765146624
        },
        "after_release": {
          "budget_bytes": 6051069952,
          "heap_index": 0,
          "source": "VK_EXT_memory_budget_estimate",
          "usage_bytes": 1764753408
        },
        "available_bytes": 4286251008,
        "before_load": {
          "budget_bytes": 6051004416,
          "heap_index": 0,
          "source": "VK_EXT_memory_budget_estimate",
          "usage_bytes": 1764753408
        },
        "estimated_weight_bytes": 1268945176,
        "oom_recovery": false,
        "policy": "auto",
        "reason": "budget_pressure",
        "requested_memory": "host",
        "reserve_bytes": 1099511627776,
        "reserve_policy": "explicit_bytes",
        "scope": "weight placement before graph loading"
      },
      "vulkan_layers": 83,
      "weight_io": "buffered"
    },
    {
      "awa_cpu": 0,
      "awa_vulkan": 1,
      "awa_windows": 3,
      "backend": "ncnn-vulkan",
      "compute_ms": 1041.498746,
      "cpu_layers": 0,
      "cpu_temporal_encoder_direct_convolution": false,
      "id": "block-28",
      "layers": 83,
      "load_ms": 831.68279,
      "memory": {
        "activation_offload": false,
        "actual_weight_memory": "not_instrumented",
        "after_load": {
          "budget_bytes": 6049824768,
          "heap_index": 0,
          "source": "VK_EXT_memory_budget_estimate",
          "usage_bytes": 1765146624
        },
        "after_release": {
          "budget_bytes": 6051004416,
          "heap_index": 0,
          "source": "VK_EXT_memory_budget_estimate",
          "usage_bytes": 1764753408
        },
        "available_bytes": 4286316544,
        "before_load": {
          "budget_bytes": 6051069952,
          "heap_index": 0,
          "source": "VK_EXT_memory_budget_estimate",
          "usage_bytes": 1764753408
        },
        "estimated_weight_bytes": 1268945176,
        "oom_recovery": false,
        "policy": "auto",
        "reason": "budget_pressure",
        "requested_memory": "host",
        "reserve_bytes": 1099511627776,
        "reserve_policy": "explicit_bytes",
        "scope": "weight placement before graph loading"
      },
      "vulkan_layers": 83,
      "weight_io": "buffered"
    },
    {
      "awa_cpu": 0,
      "awa_vulkan": 1,
      "awa_windows": 3,
      "backend": "ncnn-vulkan",
      "compute_ms": 1465.917931,
      "cpu_layers": 0,
      "cpu_temporal_encoder_direct_convolution": false,
      "id": "block-29",
      "layers": 83,
      "load_ms": 811.681208,
      "memory": {
        "activation_offload": false,
        "actual_weight_memory": "not_instrumented",
        "after_load": {
          "budget_bytes": 6052839424,
          "heap_index": 0,
          "source": "VK_EXT_memory_budget_estimate",
          "usage_bytes": 1765146624
        },
        "after_release": {
          "budget_bytes": 6055854080,
          "heap_index": 0,
          "source": "VK_EXT_memory_budget_estimate",
          "usage_bytes": 1764753408
        },
        "available_bytes": 4286251008,
        "before_load": {
          "budget_bytes": 6051004416,
          "heap_index": 0,
          "source": "VK_EXT_memory_budget_estimate",
          "usage_bytes": 1764753408
        },
        "estimated_weight_bytes": 1268945176,
        "oom_recovery": false,
        "policy": "auto",
        "reason": "budget_pressure",
        "requested_memory": "host",
        "reserve_bytes": 1099511627776,
        "reserve_policy": "explicit_bytes",
        "scope": "weight placement before graph loading"
      },
      "vulkan_layers": 83,
      "weight_io": "buffered"
    },
    {
      "awa_cpu": 0,
      "awa_vulkan": 1,
      "awa_windows": 3,
      "backend": "ncnn-vulkan",
      "compute_ms": 1027.985864,
      "cpu_layers": 0,
      "cpu_temporal_encoder_direct_convolution": false,
      "id": "block-30",
      "layers": 83,
      "load_ms": 798.791669,
      "memory": {
        "activation_offload": false,
        "actual_weight_memory": "not_instrumented",
        "after_load": {
          "budget_bytes": 6049824768,
          "heap_index": 0,
          "source": "VK_EXT_memory_budget_estimate",
          "usage_bytes": 1765146624
        },
        "after_release": {
          "budget_bytes": 6051004416,
          "heap_index": 0,
          "source": "VK_EXT_memory_budget_estimate",
          "usage_bytes": 1764753408
        },
        "available_bytes": 4291100672,
        "before_load": {
          "budget_bytes": 6055854080,
          "heap_index": 0,
          "source": "VK_EXT_memory_budget_estimate",
          "usage_bytes": 1764753408
        },
        "estimated_weight_bytes": 1268945176,
        "oom_recovery": false,
        "policy": "auto",
        "reason": "budget_pressure",
        "requested_memory": "host",
        "reserve_bytes": 1099511627776,
        "reserve_policy": "explicit_bytes",
        "scope": "weight placement before graph loading"
      },
      "vulkan_layers": 83,
      "weight_io": "buffered"
    },
    {
      "awa_cpu": 0,
      "awa_vulkan": 1,
      "awa_windows": 3,
      "backend": "ncnn-vulkan",
      "compute_ms": 1425.051585,
      "cpu_layers": 0,
      "cpu_temporal_encoder_direct_convolution": false,
      "id": "block-31",
      "layers": 51,
      "load_ms": 486.510051,
      "memory": {
        "activation_offload": false,
        "actual_weight_memory": "not_instrumented",
        "after_load": {
          "budget_bytes": 6050349056,
          "heap_index": 0,
          "source": "VK_EXT_memory_budget_estimate",
          "usage_bytes": 1765146624
        },
        "after_release": {
          "budget_bytes": 6053691392,
          "heap_index": 0,
          "source": "VK_EXT_memory_budget_estimate",
          "usage_bytes": 1764753408
        },
        "available_bytes": 4286251008,
        "before_load": {
          "budget_bytes": 6051004416,
          "heap_index": 0,
          "source": "VK_EXT_memory_budget_estimate",
          "usage_bytes": 1764753408
        },
        "estimated_weight_bytes": 844271872,
        "oom_recovery": false,
        "policy": "auto",
        "reason": "budget_pressure",
        "requested_memory": "host",
        "reserve_bytes": 1099511627776,
        "reserve_policy": "explicit_bytes",
        "scope": "weight placement before graph loading"
      },
      "vulkan_layers": 51,
      "weight_io": "buffered"
    },
    {
      "awa_cpu": 0,
      "awa_vulkan": 0,
      "awa_windows": 0,
      "backend": "ncnn-vulkan",
      "compute_ms": 2.379388,
      "cpu_layers": 0,
      "cpu_temporal_encoder_direct_convolution": false,
      "id": "patch-out",
      "layers": 6,
      "load_ms": 42.244823,
      "memory": {
        "activation_offload": false,
        "actual_weight_memory": "not_instrumented",
        "after_load": {
          "budget_bytes": 6053691392,
          "heap_index": 0,
          "source": "VK_EXT_memory_budget_estimate",
          "usage_bytes": 1764884480
        },
        "after_release": {
          "budget_bytes": 6053691392,
          "heap_index": 0,
          "source": "VK_EXT_memory_budget_estimate",
          "usage_bytes": 1764753408
        },
        "available_bytes": 4288937984,
        "before_load": {
          "budget_bytes": 6053691392,
          "heap_index": 0,
          "source": "VK_EXT_memory_budget_estimate",
          "usage_bytes": 1764753408
        },
        "estimated_weight_bytes": 1372680,
        "oom_recovery": false,
        "policy": "auto",
        "reason": "budget_pressure",
        "requested_memory": "host",
        "reserve_bytes": 1099511627776,
        "reserve_policy": "explicit_bytes",
        "scope": "weight placement before graph loading"
      },
      "vulkan_layers": 6,
      "weight_io": "buffered"
    },
    {
      "awa_cpu": 0,
      "awa_vulkan": 0,
      "awa_windows": 0,
      "backend": "ncnn-vulkan",
      "compute_ms": 1886.706292,
      "cpu_layers": 0,
      "cpu_temporal_encoder_direct_convolution": false,
      "id": "decoder",
      "layers": 136,
      "load_ms": 836.530615,
      "memory": {
        "activation_offload": false,
        "actual_weight_memory": "not_instrumented",
        "after_load": {
          "budget_bytes": 6055067648,
          "heap_index": 0,
          "source": "VK_EXT_memory_budget_estimate",
          "usage_bytes": 1764753408
        },
        "after_release": {
          "budget_bytes": 6051004416,
          "heap_index": 0,
          "source": "VK_EXT_memory_budget_estimate",
          "usage_bytes": 4440064000
        },
        "available_bytes": 4288937984,
        "before_load": {
          "budget_bytes": 6053691392,
          "heap_index": 0,
          "source": "VK_EXT_memory_budget_estimate",
          "usage_bytes": 1764753408
        },
        "estimated_weight_bytes": 1204813848,
        "oom_recovery": false,
        "policy": "auto",
        "reason": "budget_pressure",
        "requested_memory": "host",
        "reserve_bytes": 1099511627776,
        "reserve_policy": "explicit_bytes",
        "scope": "weight placement before graph loading"
      },
      "vulkan_layers": 136,
      "weight_io": "buffered"
    }
  ],
  "status": "SUCCEEDED",
  "timing": {
    "graph_compute_ms": 43539.229467000005,
    "graph_load_ms": 28024.398953999997,
    "other_host_wait_and_cleanup_ms": 2459.1070279999985,
    "package_validation_ms": 14489.355826
  },
  "total_ms": 88512.091275,
  "weight_io": "buffered"
}
