[0 NVIDIA GeForce RTX 4060 Laptop GPU]  queueC=2[8]  queueT=1[2]  rebar=1  r-score=76
[0 NVIDIA GeForce RTX 4060 Laptop GPU]  fp16-p/s/u/a=1/1/1/1  int8-p/s/u/a=1/1/1/1  bf16-p/s=1/1
[0 NVIDIA GeForce RTX 4060 Laptop GPU]  subgroup=32(32~32)  ops=1/1/1/1/1/1/1/1/1/1
[0 NVIDIA GeForce RTX 4060 Laptop GPU]  fp16-cm=16x16x16/16x8x16/16x8x8  int8-cm=16x16x32/16x8x32  bf16-cm=16x16x16  fp8-cm=16x16x32  fp6-cm=0  fp4-cm=0
[1 llvmpipe (LLVM 22.1.8, 256 bits)]  queueC=0[1]  queueT=0[1]  rebar=1  r-score=14
[1 llvmpipe (LLVM 22.1.8, 256 bits)]  fp16-p/s/u/a=1/1/1/1  int8-p/s/u/a=1/1/1/1  bf16-p/s=1/0
[1 llvmpipe (LLVM 22.1.8, 256 bits)]  subgroup=8(8~8)  ops=1/1/1/1/1/1/1/1/1/1
[1 llvmpipe (LLVM 22.1.8, 256 bits)]  fp16-cm=8x8x8  int8-cm=8x8x8  bf16-cm=0  fp8-cm=0  fp6-cm=0  fp4-cm=0
[2 llvmpipe (LLVM 17.0.6, 256 bits)]  queueC=0[1]  queueT=0[1]  rebar=1  r-score=4
[2 llvmpipe (LLVM 17.0.6, 256 bits)]  fp16-p/s/u/a=1/1/1/1  int8-p/s/u/a=1/1/1/1  bf16-p/s=1/0
[2 llvmpipe (LLVM 17.0.6, 256 bits)]  subgroup=8(8~8)  ops=1/1/1/1/1/1/0/1/0/0
[2 llvmpipe (LLVM 17.0.6, 256 bits)]  fp16-cm=0  int8-cm=0  bf16-cm=0  fp8-cm=0  fp6-cm=0  fp4-cm=0
{"completed":0,"elapsed_ms":190.020637,"event":"progress","stage":"validating","total":38}
{"completed":0,"elapsed_ms":195.21796,"event":"progress","stage":"validating","total":38}
{"completed":0,"elapsed_ms":416.658157,"event":"progress","stage":"validating","total":38}
{"completed":0,"elapsed_ms":686.653476,"event":"progress","stage":"validating","total":38}
{"completed":0,"elapsed_ms":1011.123272,"event":"progress","stage":"validating","total":38}
{"completed":0,"elapsed_ms":1338.507872,"event":"progress","stage":"validating","total":38}
{"completed":0,"elapsed_ms":1670.790048,"event":"progress","stage":"validating","total":38}
{"completed":0,"elapsed_ms":2025.019049,"event":"progress","stage":"validating","total":38}
{"completed":0,"elapsed_ms":2384.923335,"event":"progress","stage":"validating","total":38}
{"completed":0,"elapsed_ms":2710.666355,"event":"progress","stage":"validating","total":38}
{"completed":0,"elapsed_ms":3011.721184,"event":"progress","stage":"validating","total":38}
{"completed":0,"elapsed_ms":3340.117283,"event":"progress","stage":"validating","total":38}
{"completed":0,"elapsed_ms":3696.232817,"event":"progress","stage":"validating","total":38}
{"completed":0,"elapsed_ms":4045.529215,"event":"progress","stage":"validating","total":38}
{"completed":0,"elapsed_ms":4393.227016,"event":"progress","stage":"validating","total":38}
{"completed":0,"elapsed_ms":4751.524979,"event":"progress","stage":"validating","total":38}
{"completed":0,"elapsed_ms":5098.005752,"event":"progress","stage":"validating","total":38}
{"completed":0,"elapsed_ms":5463.329901,"event":"progress","stage":"validating","total":38}
{"completed":0,"elapsed_ms":5828.341329,"event":"progress","stage":"validating","total":38}
{"completed":0,"elapsed_ms":6182.936242,"event":"progress","stage":"validating","total":38}
{"completed":0,"elapsed_ms":6542.731091,"event":"progress","stage":"validating","total":38}
{"completed":0,"elapsed_ms":6899.228465,"event":"progress","stage":"validating","total":38}
{"completed":0,"elapsed_ms":7235.177915,"event":"progress","stage":"validating","total":38}
{"completed":0,"elapsed_ms":7588.414954,"event":"progress","stage":"validating","total":38}
{"completed":0,"elapsed_ms":7940.956058,"event":"progress","stage":"validating","total":38}
{"completed":0,"elapsed_ms":8286.921979,"event":"progress","stage":"validating","total":38}
{"completed":0,"elapsed_ms":8645.86983,"event":"progress","stage":"validating","total":38}
{"completed":0,"elapsed_ms":9008.123962,"event":"progress","stage":"validating","total":38}
{"completed":0,"elapsed_ms":9346.900239,"event":"progress","stage":"validating","total":38}
{"completed":0,"elapsed_ms":9702.667134,"event":"progress","stage":"validating","total":38}
{"completed":0,"elapsed_ms":10046.683164,"event":"progress","stage":"validating","total":38}
{"completed":0,"elapsed_ms":10402.503579,"event":"progress","stage":"validating","total":38}
{"completed":0,"elapsed_ms":10758.589707,"event":"progress","stage":"validating","total":38}
{"completed":0,"elapsed_ms":11102.513232,"event":"progress","stage":"validating","total":38}
{"completed":0,"elapsed_ms":11454.985777,"event":"progress","stage":"validating","total":38}
{"completed":0,"elapsed_ms":11693.450687,"event":"progress","stage":"validating","total":38}
{"completed":0,"elapsed_ms":11694.705045,"event":"progress","stage":"validating","total":38}
[libx264 @ 0x27be73c0] using cpu capabilities: MMX2 SSE2Fast SSSE3 SSE4.2 AVX FMA3 BMI2 AVX2 AVX512
[libx264 @ 0x27be73c0] profile High, level 1.0, 4:2:0, 8-bit
[libx264 @ 0x27be73c0] 264 - core 165 r3222 b35605a - H.264/MPEG-4 AVC codec - Copyleft 2003-2025 - http://www.videolan.org/x264.html - options: cabac=1 ref=2 deblock=1:0:0 analyse=0x3:0x113 me=hex subme=6 psy=1 psy_rd=1.00:0.00 mixed_ref=1 me_range=16 chroma_me=1 trellis=1 8x8dct=1 cqm=0 deadzone=21,11 fast_pskip=1 chroma_qp_offset=-2 threads=4 lookahead_threads=1 sliced_threads=0 nr=0 decimate=1 interlaced=0 bluray_compat=0 constrained_intra=0 bframes=0 weightp=1 keyint=250 keyint_min=8 scenecut=40 intra_refresh=0 rc_lookahead=30 rc=crf mbtree=1 crf=18.0 qcomp=0.60 qpmin=0 qpmax=69 qpstep=4 ip_ratio=1.40 aq=1:1.00
[mp4 @ 0x27d1dcc0] Starting second pass: moving the moov atom to the beginning of the file
[libx264 @ 0x27be73c0] frame I:1     Avg QP:18.55  size:  1174
[libx264 @ 0x27be73c0] frame P:7     Avg QP:18.87  size:   699
[libx264 @ 0x27be73c0] mb I  I16..4:  0.0% 90.0% 10.0%
[libx264 @ 0x27be73c0] mb P  I16..4:  0.0%  6.4%  2.5%  P16..4: 36.4% 35.4% 18.2%  0.0%  0.0%    skip: 1.1%
[libx264 @ 0x27be73c0] 8x8 transform intra:83.1% inter:59.0%
[libx264 @ 0x27be73c0] coded y,uvDC,uvAC intra: 95.8% 67.7% 18.5% inter: 65.4% 28.6% 2.7%
[libx264 @ 0x27be73c0] i8 v,h,dc,ddl,ddr,vr,hd,vl,hu: 25% 15% 14%  4%  6% 25%  3%  3%  5%
[libx264 @ 0x27be73c0] i4 v,h,dc,ddl,ddr,vr,hd,vl,hu: 52% 13%  7%  3%  2%  7%  6%  6%  4%
[libx264 @ 0x27be73c0] i8c dc,h,v,p: 62% 26% 11%  2%
[libx264 @ 0x27be73c0] Weighted P-Frames: Y:14.3% UV:0.0%
[libx264 @ 0x27be73c0] ref P L0: 79.1% 20.9%
[libx264 @ 0x27be73c0] kb/s:48.54
{"completed":1,"elapsed_ms":11995.669032,"event":"progress","stage":"encoding","total":38}
overwrite built-in layer type Swish
{"completed":2,"elapsed_ms":12786.538167,"event":"progress","stage":"sampling","total":38}
{"completed":3,"elapsed_ms":12787.049001,"event":"progress","stage":"projecting","total":38}
overwrite built-in layer type Swish
{"completed":4,"elapsed_ms":12803.765061,"event":"progress","stage":"block-00","total":38}
overwrite built-in layer type Swish
overwrite built-in layer type RMSNorm
{"completed":5,"elapsed_ms":13213.128426,"event":"progress","stage":"block-01","total":38}
overwrite built-in layer type Swish
overwrite built-in layer type RMSNorm
{"completed":6,"elapsed_ms":13543.088307,"event":"progress","stage":"block-02","total":38}
overwrite built-in layer type Swish
overwrite built-in layer type RMSNorm
{"completed":7,"elapsed_ms":13885.478557,"event":"progress","stage":"block-03","total":38}
overwrite built-in layer type Swish
overwrite built-in layer type RMSNorm
{"completed":8,"elapsed_ms":14232.679049,"event":"progress","stage":"block-04","total":38}
overwrite built-in layer type Swish
overwrite built-in layer type RMSNorm
{"completed":9,"elapsed_ms":14582.837205,"event":"progress","stage":"block-05","total":38}
overwrite built-in layer type Swish
overwrite built-in layer type RMSNorm
{"completed":10,"elapsed_ms":14886.595728,"event":"progress","stage":"block-06","total":38}
overwrite built-in layer type Swish
overwrite built-in layer type RMSNorm
{"completed":11,"elapsed_ms":15182.144402,"event":"progress","stage":"block-07","total":38}
overwrite built-in layer type Swish
overwrite built-in layer type RMSNorm
{"completed":12,"elapsed_ms":15503.044709,"event":"progress","stage":"block-08","total":38}
overwrite built-in layer type Swish
overwrite built-in layer type RMSNorm
{"completed":13,"elapsed_ms":15848.640831,"event":"progress","stage":"block-09","total":38}
overwrite built-in layer type Swish
overwrite built-in layer type RMSNorm
{"completed":14,"elapsed_ms":16196.849727,"event":"progress","stage":"block-10","total":38}
overwrite built-in layer type Swish
overwrite built-in layer type RMSNorm
{"completed":15,"elapsed_ms":16525.905561,"event":"progress","stage":"block-11","total":38}
overwrite built-in layer type Swish
overwrite built-in layer type RMSNorm
{"completed":16,"elapsed_ms":16871.565725,"event":"progress","stage":"block-12","total":38}
overwrite built-in layer type Swish
overwrite built-in layer type RMSNorm
{"completed":17,"elapsed_ms":17218.032401,"event":"progress","stage":"block-13","total":38}
overwrite built-in layer type Swish
overwrite built-in layer type RMSNorm
{"completed":18,"elapsed_ms":17564.408867,"event":"progress","stage":"block-14","total":38}
overwrite built-in layer type Swish
overwrite built-in layer type RMSNorm
{"completed":19,"elapsed_ms":17908.623902,"event":"progress","stage":"block-15","total":38}
overwrite built-in layer type Swish
overwrite built-in layer type RMSNorm
{"completed":20,"elapsed_ms":18250.434918,"event":"progress","stage":"block-16","total":38}
overwrite built-in layer type Swish
overwrite built-in layer type RMSNorm
{"completed":21,"elapsed_ms":18602.838073,"event":"progress","stage":"block-17","total":38}
overwrite built-in layer type Swish
overwrite built-in layer type RMSNorm
{"completed":22,"elapsed_ms":18943.552208,"event":"progress","stage":"block-18","total":38}
overwrite built-in layer type Swish
overwrite built-in layer type RMSNorm
{"completed":23,"elapsed_ms":19279.716644,"event":"progress","stage":"block-19","total":38}
overwrite built-in layer type Swish
overwrite built-in layer type RMSNorm
{"completed":24,"elapsed_ms":19620.294912,"event":"progress","stage":"block-20","total":38}
overwrite built-in layer type Swish
overwrite built-in layer type RMSNorm
{"completed":25,"elapsed_ms":19967.037049,"event":"progress","stage":"block-21","total":38}
overwrite built-in layer type Swish
overwrite built-in layer type RMSNorm
{"completed":26,"elapsed_ms":20320.586998,"event":"progress","stage":"block-22","total":38}
overwrite built-in layer type Swish
overwrite built-in layer type RMSNorm
{"completed":27,"elapsed_ms":20669.860985,"event":"progress","stage":"block-23","total":38}
overwrite built-in layer type Swish
overwrite built-in layer type RMSNorm
{"completed":28,"elapsed_ms":21015.193369,"event":"progress","stage":"block-24","total":38}
overwrite built-in layer type Swish
overwrite built-in layer type RMSNorm
{"completed":29,"elapsed_ms":21354.27369,"event":"progress","stage":"block-25","total":38}
overwrite built-in layer type Swish
overwrite built-in layer type RMSNorm
{"completed":30,"elapsed_ms":21702.676271,"event":"progress","stage":"block-26","total":38}
overwrite built-in layer type Swish
overwrite built-in layer type RMSNorm
{"completed":31,"elapsed_ms":22048.009307,"event":"progress","stage":"block-27","total":38}
overwrite built-in layer type Swish
overwrite built-in layer type RMSNorm
{"completed":32,"elapsed_ms":22405.978019,"event":"progress","stage":"block-28","total":38}
overwrite built-in layer type Swish
overwrite built-in layer type RMSNorm
{"completed":33,"elapsed_ms":22749.523169,"event":"progress","stage":"block-29","total":38}
overwrite built-in layer type Swish
overwrite built-in layer type RMSNorm
{"completed":34,"elapsed_ms":23090.882493,"event":"progress","stage":"block-30","total":38}
overwrite built-in layer type Swish
overwrite built-in layer type RMSNorm
{"completed":35,"elapsed_ms":23432.642783,"event":"progress","stage":"block-31","total":38}
overwrite built-in layer type Swish
overwrite built-in layer type RMSNorm
{"completed":36,"elapsed_ms":23680.582632,"event":"progress","stage":"denoising","total":38}
overwrite built-in layer type Swish
{"completed":37,"elapsed_ms":23707.272713,"event":"progress","stage":"decoding","total":38}
overwrite built-in layer type Swish
[libx264 @ 0x2a6fc740] using cpu capabilities: MMX2 SSE2Fast SSSE3 SSE4.2 AVX FMA3 BMI2 AVX2 AVX512
[libx264 @ 0x2a6fc740] profile High, level 1.0, 4:2:0, 8-bit
[libx264 @ 0x2a6fc740] 264 - core 165 r3222 b35605a - H.264/MPEG-4 AVC codec - Copyleft 2003-2025 - http://www.videolan.org/x264.html - options: cabac=1 ref=2 deblock=1:0:0 analyse=0x3:0x113 me=hex subme=6 psy=1 psy_rd=1.00:0.00 mixed_ref=1 me_range=16 chroma_me=1 trellis=1 8x8dct=1 cqm=0 deadzone=21,11 fast_pskip=1 chroma_qp_offset=-2 threads=4 lookahead_threads=1 sliced_threads=0 nr=0 decimate=1 interlaced=0 bluray_compat=0 constrained_intra=0 bframes=0 weightp=1 keyint=250 keyint_min=8 scenecut=40 intra_refresh=0 rc_lookahead=30 rc=crf mbtree=1 crf=18.0 qcomp=0.60 qpmin=0 qpmax=69 qpstep=4 ip_ratio=1.40 aq=1:1.00
[mp4 @ 0x2a43d300] Starting second pass: moving the moov atom to the beginning of the file
[libx264 @ 0x2a6fc740] frame I:1     Avg QP:20.90  size:  1777
[libx264 @ 0x2a6fc740] frame P:7     Avg QP:19.99  size:  1390
[libx264 @ 0x2a6fc740] mb I  I16..4:  0.0% 62.5% 37.5%
[libx264 @ 0x2a6fc740] mb P  I16..4:  0.4% 11.4% 16.4%  P16..4: 22.9% 31.4% 12.5%  0.0%  0.0%    skip: 5.0%
[libx264 @ 0x2a6fc740] 8x8 transform intra:47.9% inter:50.9%
[libx264 @ 0x2a6fc740] coded y,uvDC,uvAC intra: 98.7% 95.8% 57.1% inter: 71.1% 50.7% 0.5%
[libx264 @ 0x2a6fc740] i16 v,h,dc,p: 100%  0%  0%  0%
[libx264 @ 0x2a6fc740] i8 v,h,dc,ddl,ddr,vr,hd,vl,hu: 18% 14% 15%  5%  6% 23%  4%  4% 11%
[libx264 @ 0x2a6fc740] i4 v,h,dc,ddl,ddr,vr,hd,vl,hu: 36%  7%  9%  3%  8% 19%  5%  8%  5%
[libx264 @ 0x2a6fc740] i8c dc,h,v,p: 49% 24% 24%  4%
[libx264 @ 0x2a6fc740] Weighted P-Frames: Y:42.9% UV:0.0%
[libx264 @ 0x2a6fc740] ref P L0: 86.6% 13.4%
[libx264 @ 0x2a6fc740] kb/s:92.03
{"completed":38,"elapsed_ms":24864.458008,"event":"progress","stage":"completed","total":38}
