
> seedvr2-studio@0.6.0 build
> tsc --noEmit && vite build

vite v8.2.2 building client environment for production...
transforming...
✓ 3208 modules transformed.
rendering chunks...
computing gzip size...
dist/index.html                               0.65 kB │ gzip:  0.38 kB
dist/assets/index-DOtF9f4u.css               21.58 kB │ gzip:  5.78 kB
dist/assets/rolldown-runtime-CbXtAM7H.js      0.58 kB │ gzip:  0.36 kB
dist/assets/RightOutlined-D8PX9wMF.js         0.74 kB │ gzip:  0.52 kB
dist/assets/DownloadOutlined-Chf66f64.js      0.86 kB │ gzip:  0.56 kB
dist/assets/style-DAEedZ_1.js                 1.96 kB │ gzip:  0.82 kB
dist/assets/Compare-sPjYM4aQ.js               2.33 kB │ gzip:  1.31 kB
dist/assets/History-WtI_wQD4.js               3.10 kB │ gzip:  1.67 kB
dist/assets/Models-_jZKOW5O.js                4.13 kB │ gzip:  2.07 kB
dist/assets/Planning-DIlqJ35o.js              7.27 kB │ gzip:  3.20 kB
dist/assets/Publish-DQ5__IRR.js               8.61 kB │ gzip:  3.97 kB
dist/assets/segmented-D0JECBmm.js             9.26 kB │ gzip:  3.56 kB
dist/assets/Testing-PMzI9zrn.js              10.05 kB │ gzip:  4.23 kB
dist/assets/tooltip-D0ULxgij.js              17.28 kB │ gzip:  5.81 kB
dist/assets/useQuery-RXvE8DEQ.js             22.46 kB │ gzip:  7.45 kB
dist/assets/Addon-BJX02F5a.js                25.26 kB │ gzip:  7.25 kB
dist/assets/VideoComparison-CDk3vtAL.js      31.08 kB │ gzip: 11.34 kB
dist/assets/Restore-T4okVfLG.js              37.32 kB │ gzip: 14.40 kB
dist/assets/Plans-B1letu3g.js                38.74 kB │ gzip: 13.50 kB
dist/assets/ArrowRightOutlined-CqYGceVj.js   46.03 kB │ gzip: 16.43 kB
dist/assets/Page-By9_bsRy.js                 50.84 kB │ gzip: 16.57 kB
dist/assets/index-bc3LN-ds.js                97.87 kB │ gzip: 35.79 kB
dist/assets/select-D4tJsxEc.js              128.30 kB │ gzip: 42.68 kB
dist/assets/table-CHOp7YkW.js               251.49 kB │ gzip: 77.10 kB
dist/assets/api-IaeSCpj6.js                 291.57 kB │ gzip: 98.54 kB

✓ built in 1.29s
