-- Install configuration: "Release"
-- Installing: /home/mingshi/Project/AI/pnnx_torchdynamo/seedvr2-ncnn-vulkan/dist/seedvr2-0.6.0/bin/seedvr2-web
-- Set non-toolchain portion of runtime path of "dist/seedvr2-0.6.0/bin/seedvr2-web" to "$ORIGIN/../lib64:$ORIGIN"
-- Up-to-date: /home/mingshi/Project/AI/pnnx_torchdynamo/seedvr2-ncnn-vulkan/dist/seedvr2-0.6.0/bin/seedvr2-studio
-- Up-to-date: /home/mingshi/Project/AI/pnnx_torchdynamo/seedvr2-ncnn-vulkan/dist/seedvr2-0.6.0/share/seedvr2/licenses/Studio-NOTICES.txt
-- Installing: /home/mingshi/Project/AI/pnnx_torchdynamo/seedvr2-ncnn-vulkan/dist/seedvr2-0.6.0/bin/seedvr2-worker
-- Set non-toolchain portion of runtime path of "dist/seedvr2-0.6.0/bin/seedvr2-worker" to "$ORIGIN/../lib64:$ORIGIN"
-- Installing: /home/mingshi/Project/AI/pnnx_torchdynamo/seedvr2-ncnn-vulkan/dist/seedvr2-0.6.0/bin/seedvr2
-- Set non-toolchain portion of runtime path of "dist/seedvr2-0.6.0/bin/seedvr2" to "$ORIGIN/../lib64:$ORIGIN"
-- Installing: /home/mingshi/Project/AI/pnnx_torchdynamo/seedvr2-ncnn-vulkan/dist/seedvr2-0.6.0/lib64/libseedvr2.so.0.6.0
-- Up-to-date: /home/mingshi/Project/AI/pnnx_torchdynamo/seedvr2-ncnn-vulkan/dist/seedvr2-0.6.0/lib64/libseedvr2.so.0
-- Set non-toolchain portion of runtime path of "dist/seedvr2-0.6.0/lib64/libseedvr2.so.0.6.0" to "$ORIGIN/../lib64:$ORIGIN"
-- Up-to-date: /home/mingshi/Project/AI/pnnx_torchdynamo/seedvr2-ncnn-vulkan/dist/seedvr2-0.6.0/lib64/libseedvr2.so
-- Up-to-date: /home/mingshi/Project/AI/pnnx_torchdynamo/seedvr2-ncnn-vulkan/dist/seedvr2-0.6.0/include/seedvr2/pipeline.hpp
-- Up-to-date: /home/mingshi/Project/AI/pnnx_torchdynamo/seedvr2-ncnn-vulkan/dist/seedvr2-0.6.0/include/seedvr2/result.hpp
-- Up-to-date: /home/mingshi/Project/AI/pnnx_torchdynamo/seedvr2-ncnn-vulkan/dist/seedvr2-0.6.0/include/seedvr2/path.hpp
-- Up-to-date: /home/mingshi/Project/AI/pnnx_torchdynamo/seedvr2-ncnn-vulkan/dist/seedvr2-0.6.0/include/seedvr2/media.hpp
-- Up-to-date: /home/mingshi/Project/AI/pnnx_torchdynamo/seedvr2-ncnn-vulkan/dist/seedvr2-0.6.0/include/seedvr2/image.hpp
-- Up-to-date: /home/mingshi/Project/AI/pnnx_torchdynamo/seedvr2-ncnn-vulkan/dist/seedvr2-0.6.0/include/seedvr2/video.hpp
-- Up-to-date: /home/mingshi/Project/AI/pnnx_torchdynamo/seedvr2-ncnn-vulkan/dist/seedvr2-0.6.0/include/seedvr2/engine.hpp
-- Up-to-date: /home/mingshi/Project/AI/pnnx_torchdynamo/seedvr2-ncnn-vulkan/dist/seedvr2-0.6.0/lib64/cmake/seedvr2/seedvr2Targets.cmake
-- Up-to-date: /home/mingshi/Project/AI/pnnx_torchdynamo/seedvr2-ncnn-vulkan/dist/seedvr2-0.6.0/lib64/cmake/seedvr2/seedvr2Targets-release.cmake
-- Up-to-date: /home/mingshi/Project/AI/pnnx_torchdynamo/seedvr2-ncnn-vulkan/dist/seedvr2-0.6.0/lib64/cmake/seedvr2/seedvr2Config.cmake
-- Up-to-date: /home/mingshi/Project/AI/pnnx_torchdynamo/seedvr2-ncnn-vulkan/dist/seedvr2-0.6.0/lib64/cmake/seedvr2/seedvr2ConfigVersion.cmake
-- Up-to-date: /home/mingshi/Project/AI/pnnx_torchdynamo/seedvr2-ncnn-vulkan/dist/seedvr2-0.6.0/share/seedvr2/examples
-- Up-to-date: /home/mingshi/Project/AI/pnnx_torchdynamo/seedvr2-ncnn-vulkan/dist/seedvr2-0.6.0/share/seedvr2/examples/plan-720p.json
-- Up-to-date: /home/mingshi/Project/AI/pnnx_torchdynamo/seedvr2-ncnn-vulkan/dist/seedvr2-0.6.0/share/seedvr2/examples/model-evidence-empty
-- Up-to-date: /home/mingshi/Project/AI/pnnx_torchdynamo/seedvr2-ncnn-vulkan/dist/seedvr2-0.6.0/share/seedvr2/examples/model-evidence-empty/manifest.json
-- Up-to-date: /home/mingshi/Project/AI/pnnx_torchdynamo/seedvr2-ncnn-vulkan/dist/seedvr2-0.6.0/share/seedvr2/examples/sdk
-- Up-to-date: /home/mingshi/Project/AI/pnnx_torchdynamo/seedvr2-ncnn-vulkan/dist/seedvr2-0.6.0/share/seedvr2/examples/sdk/CMakeLists.txt
-- Up-to-date: /home/mingshi/Project/AI/pnnx_torchdynamo/seedvr2-ncnn-vulkan/dist/seedvr2-0.6.0/share/seedvr2/examples/sdk/main.cpp
-- Up-to-date: /home/mingshi/Project/AI/pnnx_torchdynamo/seedvr2-ncnn-vulkan/dist/seedvr2-0.6.0/share/seedvr2/schemas
-- Up-to-date: /home/mingshi/Project/AI/pnnx_torchdynamo/seedvr2-ncnn-vulkan/dist/seedvr2-0.6.0/share/seedvr2/schemas/planning-request.v1.schema.json
-- Up-to-date: /home/mingshi/Project/AI/pnnx_torchdynamo/seedvr2-ncnn-vulkan/dist/seedvr2-0.6.0/share/seedvr2/schemas/model-evidence-bundle.v1.schema.json
-- Up-to-date: /home/mingshi/Project/AI/pnnx_torchdynamo/seedvr2-ncnn-vulkan/dist/seedvr2-0.6.0/share/seedvr2/schemas/local-api.v1.openapi.json
-- Up-to-date: /home/mingshi/Project/AI/pnnx_torchdynamo/seedvr2-ncnn-vulkan/dist/seedvr2-0.6.0/share/seedvr2/schemas/image-job-request.v1.schema.json
-- Up-to-date: /home/mingshi/Project/AI/pnnx_torchdynamo/seedvr2-ncnn-vulkan/dist/seedvr2-0.6.0/share/seedvr2/schemas/image-package.v1.schema.json
-- Up-to-date: /home/mingshi/Project/AI/pnnx_torchdynamo/seedvr2-ncnn-vulkan/dist/seedvr2-0.6.0/share/seedvr2/schemas/video-job-request.v1.schema.json
-- Up-to-date: /home/mingshi/Project/AI/pnnx_torchdynamo/seedvr2-ncnn-vulkan/dist/seedvr2-0.6.0/share/seedvr2/schemas/video-package.v1.schema.json
-- Up-to-date: /home/mingshi/Project/AI/pnnx_torchdynamo/seedvr2-ncnn-vulkan/dist/seedvr2-0.6.0/share/seedvr2/policies
-- Up-to-date: /home/mingshi/Project/AI/pnnx_torchdynamo/seedvr2-ncnn-vulkan/dist/seedvr2-0.6.0/share/seedvr2/policies/seedvr2-3b.v1.json
-- Up-to-date: /home/mingshi/Project/AI/pnnx_torchdynamo/seedvr2-ncnn-vulkan/dist/seedvr2-0.6.0/share/seedvr2/policies/reviewed-packages.json
-- Up-to-date: /home/mingshi/Project/AI/pnnx_torchdynamo/seedvr2-ncnn-vulkan/dist/seedvr2-0.6.0/share/seedvr2/licenses/nlohmann-json-MIT.txt
-- Up-to-date: /home/mingshi/Project/AI/pnnx_torchdynamo/seedvr2-ncnn-vulkan/dist/seedvr2-0.6.0/share/seedvr2/licenses/SeedVR-Apache-2.0.txt
-- Up-to-date: /home/mingshi/Project/AI/pnnx_torchdynamo/seedvr2-ncnn-vulkan/dist/seedvr2-0.6.0/share/seedvr2/provenance.md
-- Up-to-date: /home/mingshi/Project/AI/pnnx_torchdynamo/seedvr2-ncnn-vulkan/dist/seedvr2-0.6.0/share/seedvr2/docs
-- Up-to-date: /home/mingshi/Project/AI/pnnx_torchdynamo/seedvr2-ncnn-vulkan/dist/seedvr2-0.6.0/share/seedvr2/docs/architecture.md
-- Up-to-date: /home/mingshi/Project/AI/pnnx_torchdynamo/seedvr2-ncnn-vulkan/dist/seedvr2-0.6.0/share/seedvr2/docs/provenance.md
-- Up-to-date: /home/mingshi/Project/AI/pnnx_torchdynamo/seedvr2-ncnn-vulkan/dist/seedvr2-0.6.0/share/seedvr2/docs/example-plan-result.json
-- Up-to-date: /home/mingshi/Project/AI/pnnx_torchdynamo/seedvr2-ncnn-vulkan/dist/seedvr2-0.6.0/share/seedvr2/docs/cli-validation.json
-- Installing: /home/mingshi/Project/AI/pnnx_torchdynamo/seedvr2-ncnn-vulkan/dist/seedvr2-0.6.0/share/seedvr2/docs/status.json
-- Up-to-date: /home/mingshi/Project/AI/pnnx_torchdynamo/seedvr2-ncnn-vulkan/dist/seedvr2-0.6.0/share/seedvr2/docs/validation.md
-- Up-to-date: /home/mingshi/Project/AI/pnnx_torchdynamo/seedvr2-ncnn-vulkan/dist/seedvr2-0.6.0/share/seedvr2/docs/foundation-manifest.json
-- Up-to-date: /home/mingshi/Project/AI/pnnx_torchdynamo/seedvr2-ncnn-vulkan/dist/seedvr2-0.6.0/share/seedvr2/docs/web-validation.json
-- Up-to-date: /home/mingshi/Project/AI/pnnx_torchdynamo/seedvr2-ncnn-vulkan/dist/seedvr2-0.6.0/share/seedvr2/docs/web-sanitize-validation.json
-- Up-to-date: /home/mingshi/Project/AI/pnnx_torchdynamo/seedvr2-ncnn-vulkan/dist/seedvr2-0.6.0/share/seedvr2/docs/local-web.md
-- Up-to-date: /home/mingshi/Project/AI/pnnx_torchdynamo/seedvr2-ncnn-vulkan/dist/seedvr2-0.6.0/share/seedvr2/docs/web-install-validation.json
-- Up-to-date: /home/mingshi/Project/AI/pnnx_torchdynamo/seedvr2-ncnn-vulkan/dist/seedvr2-0.6.0/share/seedvr2/docs/web-browser-validation.json
-- Up-to-date: /home/mingshi/Project/AI/pnnx_torchdynamo/seedvr2-ncnn-vulkan/dist/seedvr2-0.6.0/share/seedvr2/docs/web-validation.md
-- Up-to-date: /home/mingshi/Project/AI/pnnx_torchdynamo/seedvr2-ncnn-vulkan/dist/seedvr2-0.6.0/share/seedvr2/docs/web-manifest.json
-- Up-to-date: /home/mingshi/Project/AI/pnnx_torchdynamo/seedvr2-ncnn-vulkan/dist/seedvr2-0.6.0/share/seedvr2/docs/framework-cli-validation.json
-- Up-to-date: /home/mingshi/Project/AI/pnnx_torchdynamo/seedvr2-ncnn-vulkan/dist/seedvr2-0.6.0/share/seedvr2/docs/framework-audit-validation.json
-- Up-to-date: /home/mingshi/Project/AI/pnnx_torchdynamo/seedvr2-ncnn-vulkan/dist/seedvr2-0.6.0/share/seedvr2/docs/framework-web-validation.json
-- Up-to-date: /home/mingshi/Project/AI/pnnx_torchdynamo/seedvr2-ncnn-vulkan/dist/seedvr2-0.6.0/share/seedvr2/docs/full-stack-framework.md
-- Up-to-date: /home/mingshi/Project/AI/pnnx_torchdynamo/seedvr2-ncnn-vulkan/dist/seedvr2-0.6.0/share/seedvr2/docs/model-validation.md
-- Up-to-date: /home/mingshi/Project/AI/pnnx_torchdynamo/seedvr2-ncnn-vulkan/dist/seedvr2-0.6.0/share/seedvr2/docs/framework-sanitize-audit-validation.json
-- Up-to-date: /home/mingshi/Project/AI/pnnx_torchdynamo/seedvr2-ncnn-vulkan/dist/seedvr2-0.6.0/share/seedvr2/docs/framework-sanitize-web-validation.json
-- Up-to-date: /home/mingshi/Project/AI/pnnx_torchdynamo/seedvr2-ncnn-vulkan/dist/seedvr2-0.6.0/share/seedvr2/docs/framework-empty-model-audit.json
-- Up-to-date: /home/mingshi/Project/AI/pnnx_torchdynamo/seedvr2-ncnn-vulkan/dist/seedvr2-0.6.0/share/seedvr2/docs/framework-install-validation.json
-- Up-to-date: /home/mingshi/Project/AI/pnnx_torchdynamo/seedvr2-ncnn-vulkan/dist/seedvr2-0.6.0/share/seedvr2/docs/framework-browser-validation.json
-- Up-to-date: /home/mingshi/Project/AI/pnnx_torchdynamo/seedvr2-ncnn-vulkan/dist/seedvr2-0.6.0/share/seedvr2/docs/framework-validation.md
-- Up-to-date: /home/mingshi/Project/AI/pnnx_torchdynamo/seedvr2-ncnn-vulkan/dist/seedvr2-0.6.0/share/seedvr2/docs/framework-manifest.json
-- Up-to-date: /home/mingshi/Project/AI/pnnx_torchdynamo/seedvr2-ncnn-vulkan/dist/seedvr2-0.6.0/share/seedvr2/docs/awa-validation.json
-- Up-to-date: /home/mingshi/Project/AI/pnnx_torchdynamo/seedvr2-ncnn-vulkan/dist/seedvr2-0.6.0/share/seedvr2/docs/awa-export-validation.json
-- Up-to-date: /home/mingshi/Project/AI/pnnx_torchdynamo/seedvr2-ncnn-vulkan/dist/seedvr2-0.6.0/share/seedvr2/docs/vae-image-validation.json
-- Up-to-date: /home/mingshi/Project/AI/pnnx_torchdynamo/seedvr2-ncnn-vulkan/dist/seedvr2-0.6.0/share/seedvr2/docs/dit-block-validation.json
-- Up-to-date: /home/mingshi/Project/AI/pnnx_torchdynamo/seedvr2-ncnn-vulkan/dist/seedvr2-0.6.0/share/seedvr2/docs/native-web-validation.json
-- Up-to-date: /home/mingshi/Project/AI/pnnx_torchdynamo/seedvr2-ncnn-vulkan/dist/seedvr2-0.6.0/share/seedvr2/docs/native-engine-boundary-validation.json
-- Up-to-date: /home/mingshi/Project/AI/pnnx_torchdynamo/seedvr2-ncnn-vulkan/dist/seedvr2-0.6.0/share/seedvr2/docs/native-cli-validation.json
-- Up-to-date: /home/mingshi/Project/AI/pnnx_torchdynamo/seedvr2-ncnn-vulkan/dist/seedvr2-0.6.0/share/seedvr2/docs/native-audit-validation.json
-- Up-to-date: /home/mingshi/Project/AI/pnnx_torchdynamo/seedvr2-ncnn-vulkan/dist/seedvr2-0.6.0/share/seedvr2/docs/native-backend.md
-- Up-to-date: /home/mingshi/Project/AI/pnnx_torchdynamo/seedvr2-ncnn-vulkan/dist/seedvr2-0.6.0/share/seedvr2/docs/native-install-http-validation.json
-- Up-to-date: /home/mingshi/Project/AI/pnnx_torchdynamo/seedvr2-ncnn-vulkan/dist/seedvr2-0.6.0/share/seedvr2/docs/native-install-validation.json
-- Up-to-date: /home/mingshi/Project/AI/pnnx_torchdynamo/seedvr2-ncnn-vulkan/dist/seedvr2-0.6.0/share/seedvr2/docs/native-browser-validation.json
-- Up-to-date: /home/mingshi/Project/AI/pnnx_torchdynamo/seedvr2-ncnn-vulkan/dist/seedvr2-0.6.0/share/seedvr2/docs/native-build-capabilities.json
-- Up-to-date: /home/mingshi/Project/AI/pnnx_torchdynamo/seedvr2-ncnn-vulkan/dist/seedvr2-0.6.0/share/seedvr2/docs/native-model-status.json
-- Up-to-date: /home/mingshi/Project/AI/pnnx_torchdynamo/seedvr2-ncnn-vulkan/dist/seedvr2-0.6.0/share/seedvr2/docs/native-validation.md
-- Up-to-date: /home/mingshi/Project/AI/pnnx_torchdynamo/seedvr2-ncnn-vulkan/dist/seedvr2-0.6.0/share/seedvr2/docs/native-pnnx-build.json
-- Up-to-date: /home/mingshi/Project/AI/pnnx_torchdynamo/seedvr2-ncnn-vulkan/dist/seedvr2-0.6.0/share/seedvr2/docs/awa-pnnx-export.json
-- Up-to-date: /home/mingshi/Project/AI/pnnx_torchdynamo/seedvr2-ncnn-vulkan/dist/seedvr2-0.6.0/share/seedvr2/docs/native-manifest.json
-- Up-to-date: /home/mingshi/Project/AI/pnnx_torchdynamo/seedvr2-ncnn-vulkan/dist/seedvr2-0.6.0/share/seedvr2/docs/adr
-- Up-to-date: /home/mingshi/Project/AI/pnnx_torchdynamo/seedvr2-ncnn-vulkan/dist/seedvr2-0.6.0/share/seedvr2/docs/adr/0007-image-runtime-and-jobs.md
-- Up-to-date: /home/mingshi/Project/AI/pnnx_torchdynamo/seedvr2-ncnn-vulkan/dist/seedvr2-0.6.0/share/seedvr2/docs/adr/0008-whole-clip-video.md
-- Up-to-date: /home/mingshi/Project/AI/pnnx_torchdynamo/seedvr2-ncnn-vulkan/dist/seedvr2-0.6.0/share/seedvr2/docs/image-runtime.md
-- Up-to-date: /home/mingshi/Project/AI/pnnx_torchdynamo/seedvr2-ncnn-vulkan/dist/seedvr2-0.6.0/share/seedvr2/docs/image-validation.md
-- Up-to-date: /home/mingshi/Project/AI/pnnx_torchdynamo/seedvr2-ncnn-vulkan/dist/seedvr2-0.6.0/share/seedvr2/docs/image-reference-128.json
-- Up-to-date: /home/mingshi/Project/AI/pnnx_torchdynamo/seedvr2-ncnn-vulkan/dist/seedvr2-0.6.0/share/seedvr2/docs/image-reference-256.json
-- Up-to-date: /home/mingshi/Project/AI/pnnx_torchdynamo/seedvr2-ncnn-vulkan/dist/seedvr2-0.6.0/share/seedvr2/docs/image-parity-128-cpu.json
-- Up-to-date: /home/mingshi/Project/AI/pnnx_torchdynamo/seedvr2-ncnn-vulkan/dist/seedvr2-0.6.0/share/seedvr2/docs/image-parity-final-256-vulkan.json
-- Up-to-date: /home/mingshi/Project/AI/pnnx_torchdynamo/seedvr2-ncnn-vulkan/dist/seedvr2-0.6.0/share/seedvr2/docs/image-jobs-validation.json
-- Up-to-date: /home/mingshi/Project/AI/pnnx_torchdynamo/seedvr2-ncnn-vulkan/dist/seedvr2-0.6.0/share/seedvr2/docs/image-boundaries-validation.json
-- Up-to-date: /home/mingshi/Project/AI/pnnx_torchdynamo/seedvr2-ncnn-vulkan/dist/seedvr2-0.6.0/share/seedvr2/docs/image-install-http-validation.json
-- Up-to-date: /home/mingshi/Project/AI/pnnx_torchdynamo/seedvr2-ncnn-vulkan/dist/seedvr2-0.6.0/share/seedvr2/docs/image-cli-only-validation.json
-- Up-to-date: /home/mingshi/Project/AI/pnnx_torchdynamo/seedvr2-ncnn-vulkan/dist/seedvr2-0.6.0/share/seedvr2/docs/image-engine-validation.json
-- Up-to-date: /home/mingshi/Project/AI/pnnx_torchdynamo/seedvr2-ncnn-vulkan/dist/seedvr2-0.6.0/share/seedvr2/docs/image-audit-validation.json
-- Up-to-date: /home/mingshi/Project/AI/pnnx_torchdynamo/seedvr2-ncnn-vulkan/dist/seedvr2-0.6.0/share/seedvr2/docs/image-install-validation.json
-- Up-to-date: /home/mingshi/Project/AI/pnnx_torchdynamo/seedvr2-ncnn-vulkan/dist/seedvr2-0.6.0/share/seedvr2/docs/image-contract-validation.json
-- Up-to-date: /home/mingshi/Project/AI/pnnx_torchdynamo/seedvr2-ncnn-vulkan/dist/seedvr2-0.6.0/share/seedvr2/docs/image-workspace-migration.json
-- Up-to-date: /home/mingshi/Project/AI/pnnx_torchdynamo/seedvr2-ncnn-vulkan/dist/seedvr2-0.6.0/share/seedvr2/docs/image-build-capabilities.json
-- Up-to-date: /home/mingshi/Project/AI/pnnx_torchdynamo/seedvr2-ncnn-vulkan/dist/seedvr2-0.6.0/share/seedvr2/docs/image-dit-remaining-export.json
-- Up-to-date: /home/mingshi/Project/AI/pnnx_torchdynamo/seedvr2-ncnn-vulkan/dist/seedvr2-0.6.0/share/seedvr2/docs/image-run-128-vulkan-2.json
-- Up-to-date: /home/mingshi/Project/AI/pnnx_torchdynamo/seedvr2-ncnn-vulkan/dist/seedvr2-0.6.0/share/seedvr2/docs/image-run-256-vulkan.json
-- Up-to-date: /home/mingshi/Project/AI/pnnx_torchdynamo/seedvr2-ncnn-vulkan/dist/seedvr2-0.6.0/share/seedvr2/docs/image-run-512-vulkan.json
-- Up-to-date: /home/mingshi/Project/AI/pnnx_torchdynamo/seedvr2-ncnn-vulkan/dist/seedvr2-0.6.0/share/seedvr2/docs/image-run-128-cpu.json
-- Up-to-date: /home/mingshi/Project/AI/pnnx_torchdynamo/seedvr2-ncnn-vulkan/dist/seedvr2-0.6.0/share/seedvr2/docs/image-run-final-256-vulkan.json
-- Up-to-date: /home/mingshi/Project/AI/pnnx_torchdynamo/seedvr2-ncnn-vulkan/dist/seedvr2-0.6.0/share/seedvr2/docs/examples
-- Up-to-date: /home/mingshi/Project/AI/pnnx_torchdynamo/seedvr2-ncnn-vulkan/dist/seedvr2-0.6.0/share/seedvr2/docs/examples/image-demo-job.json
-- Up-to-date: /home/mingshi/Project/AI/pnnx_torchdynamo/seedvr2-ncnn-vulkan/dist/seedvr2-0.6.0/share/seedvr2/docs/examples/image-demo-run.json
-- Up-to-date: /home/mingshi/Project/AI/pnnx_torchdynamo/seedvr2-ncnn-vulkan/dist/seedvr2-0.6.0/share/seedvr2/docs/examples/image-demo-output.png
-- Up-to-date: /home/mingshi/Project/AI/pnnx_torchdynamo/seedvr2-ncnn-vulkan/dist/seedvr2-0.6.0/share/seedvr2/docs/examples/image-demo-comparison-input.png
-- Up-to-date: /home/mingshi/Project/AI/pnnx_torchdynamo/seedvr2-ncnn-vulkan/dist/seedvr2-0.6.0/share/seedvr2/docs/examples/image-demo-input.png
-- Up-to-date: /home/mingshi/Project/AI/pnnx_torchdynamo/seedvr2-ncnn-vulkan/dist/seedvr2-0.6.0/share/seedvr2/docs/examples/image-demo-input-provenance.json
-- Up-to-date: /home/mingshi/Project/AI/pnnx_torchdynamo/seedvr2-ncnn-vulkan/dist/seedvr2-0.6.0/share/seedvr2/docs/examples/video-demo-input.mp4
-- Up-to-date: /home/mingshi/Project/AI/pnnx_torchdynamo/seedvr2-ncnn-vulkan/dist/seedvr2-0.6.0/share/seedvr2/docs/examples/video-demo-input-provenance.json
-- Up-to-date: /home/mingshi/Project/AI/pnnx_torchdynamo/seedvr2-ncnn-vulkan/dist/seedvr2-0.6.0/share/seedvr2/docs/examples/video-demo-output.mp4
-- Up-to-date: /home/mingshi/Project/AI/pnnx_torchdynamo/seedvr2-ncnn-vulkan/dist/seedvr2-0.6.0/share/seedvr2/docs/examples/video-demo-comparison-input.mp4
-- Up-to-date: /home/mingshi/Project/AI/pnnx_torchdynamo/seedvr2-ncnn-vulkan/dist/seedvr2-0.6.0/share/seedvr2/docs/examples/video-demo-output.png
-- Up-to-date: /home/mingshi/Project/AI/pnnx_torchdynamo/seedvr2-ncnn-vulkan/dist/seedvr2-0.6.0/share/seedvr2/docs/examples/video-demo-comparison-input.png
-- Up-to-date: /home/mingshi/Project/AI/pnnx_torchdynamo/seedvr2-ncnn-vulkan/dist/seedvr2-0.6.0/share/seedvr2/docs/examples/video-demo-run.json
-- Up-to-date: /home/mingshi/Project/AI/pnnx_torchdynamo/seedvr2-ncnn-vulkan/dist/seedvr2-0.6.0/share/seedvr2/docs/examples/video-demo-job.json
-- Up-to-date: /home/mingshi/Project/AI/pnnx_torchdynamo/seedvr2-ncnn-vulkan/dist/seedvr2-0.6.0/share/seedvr2/docs/examples/video-compare-desktop.png
-- Up-to-date: /home/mingshi/Project/AI/pnnx_torchdynamo/seedvr2-ncnn-vulkan/dist/seedvr2-0.6.0/share/seedvr2/docs/examples/video-compare-mobile.png
-- Up-to-date: /home/mingshi/Project/AI/pnnx_torchdynamo/seedvr2-ncnn-vulkan/dist/seedvr2-0.6.0/share/seedvr2/docs/examples/video-discussion.png
-- Up-to-date: /home/mingshi/Project/AI/pnnx_torchdynamo/seedvr2-ncnn-vulkan/dist/seedvr2-0.6.0/share/seedvr2/docs/image-discussion-draft.md
-- Up-to-date: /home/mingshi/Project/AI/pnnx_torchdynamo/seedvr2-ncnn-vulkan/dist/seedvr2-0.6.0/share/seedvr2/docs/image-model-status.json
-- Up-to-date: /home/mingshi/Project/AI/pnnx_torchdynamo/seedvr2-ncnn-vulkan/dist/seedvr2-0.6.0/share/seedvr2/docs/image-browser-validation.json
-- Up-to-date: /home/mingshi/Project/AI/pnnx_torchdynamo/seedvr2-ncnn-vulkan/dist/seedvr2-0.6.0/share/seedvr2/docs/image-package-manifest.json
-- Up-to-date: /home/mingshi/Project/AI/pnnx_torchdynamo/seedvr2-ncnn-vulkan/dist/seedvr2-0.6.0/share/seedvr2/docs/image-manifest.json
-- Up-to-date: /home/mingshi/Project/AI/pnnx_torchdynamo/seedvr2-ncnn-vulkan/dist/seedvr2-0.6.0/share/seedvr2/docs/video-web-validation.json
-- Up-to-date: /home/mingshi/Project/AI/pnnx_torchdynamo/seedvr2-ncnn-vulkan/dist/seedvr2-0.6.0/share/seedvr2/docs/video-vae-native-validation.json
-- Up-to-date: /home/mingshi/Project/AI/pnnx_torchdynamo/seedvr2-ncnn-vulkan/dist/seedvr2-0.6.0/share/seedvr2/docs/video-parity-final-six.json
-- Up-to-date: /home/mingshi/Project/AI/pnnx_torchdynamo/seedvr2-ncnn-vulkan/dist/seedvr2-0.6.0/share/seedvr2/docs/video-parity-final-seventeen.json
-- Up-to-date: /home/mingshi/Project/AI/pnnx_torchdynamo/seedvr2-ncnn-vulkan/dist/seedvr2-0.6.0/share/seedvr2/docs/video-image-parity-final.json
-- Installing: /home/mingshi/Project/AI/pnnx_torchdynamo/seedvr2-ncnn-vulkan/dist/seedvr2-0.6.0/share/seedvr2/docs/video-runtime.md
-- Up-to-date: /home/mingshi/Project/AI/pnnx_torchdynamo/seedvr2-ncnn-vulkan/dist/seedvr2-0.6.0/share/seedvr2/docs/video-validation.md
-- Up-to-date: /home/mingshi/Project/AI/pnnx_torchdynamo/seedvr2-ncnn-vulkan/dist/seedvr2-0.6.0/share/seedvr2/docs/video-install-http-validation.json
-- Up-to-date: /home/mingshi/Project/AI/pnnx_torchdynamo/seedvr2-ncnn-vulkan/dist/seedvr2-0.6.0/share/seedvr2/docs/video-vae-export-suite.json
-- Up-to-date: /home/mingshi/Project/AI/pnnx_torchdynamo/seedvr2-ncnn-vulkan/dist/seedvr2-0.6.0/share/seedvr2/docs/video-reference-six.json
-- Up-to-date: /home/mingshi/Project/AI/pnnx_torchdynamo/seedvr2-ncnn-vulkan/dist/seedvr2-0.6.0/share/seedvr2/docs/video-reference-seventeen.json
-- Up-to-date: /home/mingshi/Project/AI/pnnx_torchdynamo/seedvr2-ncnn-vulkan/dist/seedvr2-0.6.0/share/seedvr2/docs/video-parity-cpu-seventeen.json
-- Up-to-date: /home/mingshi/Project/AI/pnnx_torchdynamo/seedvr2-ncnn-vulkan/dist/seedvr2-0.6.0/share/seedvr2/docs/video-jobs-validation.json
-- Up-to-date: /home/mingshi/Project/AI/pnnx_torchdynamo/seedvr2-ncnn-vulkan/dist/seedvr2-0.6.0/share/seedvr2/docs/video-image-jobs-validation.json
-- Up-to-date: /home/mingshi/Project/AI/pnnx_torchdynamo/seedvr2-ncnn-vulkan/dist/seedvr2-0.6.0/share/seedvr2/docs/video-run-final-six.json
-- Up-to-date: /home/mingshi/Project/AI/pnnx_torchdynamo/seedvr2-ncnn-vulkan/dist/seedvr2-0.6.0/share/seedvr2/docs/video-run-final-seventeen.json
-- Up-to-date: /home/mingshi/Project/AI/pnnx_torchdynamo/seedvr2-ncnn-vulkan/dist/seedvr2-0.6.0/share/seedvr2/docs/video-image-run-final.json
-- Up-to-date: /home/mingshi/Project/AI/pnnx_torchdynamo/seedvr2-ncnn-vulkan/dist/seedvr2-0.6.0/share/seedvr2/docs/video-run-cpu-seventeen.json
-- Up-to-date: /home/mingshi/Project/AI/pnnx_torchdynamo/seedvr2-ncnn-vulkan/dist/seedvr2-0.6.0/share/seedvr2/docs/video-package-manifest.json
-- Up-to-date: /home/mingshi/Project/AI/pnnx_torchdynamo/seedvr2-ncnn-vulkan/dist/seedvr2-0.6.0/share/seedvr2/docs/video-workspace-upgrade.json
-- Up-to-date: /home/mingshi/Project/AI/pnnx_torchdynamo/seedvr2-ncnn-vulkan/dist/seedvr2-0.6.0/share/seedvr2/docs/video-contract-validation.json
-- Up-to-date: /home/mingshi/Project/AI/pnnx_torchdynamo/seedvr2-ncnn-vulkan/dist/seedvr2-0.6.0/share/seedvr2/docs/video-cli-validation.json
-- Up-to-date: /home/mingshi/Project/AI/pnnx_torchdynamo/seedvr2-ncnn-vulkan/dist/seedvr2-0.6.0/share/seedvr2/docs/video-engine-validation.json
-- Up-to-date: /home/mingshi/Project/AI/pnnx_torchdynamo/seedvr2-ncnn-vulkan/dist/seedvr2-0.6.0/share/seedvr2/docs/video-discussion-draft.md
-- Up-to-date: /home/mingshi/Project/AI/pnnx_torchdynamo/seedvr2-ncnn-vulkan/dist/seedvr2-0.6.0/share/seedvr2/docs/video-cli-only-parity.json
-- Up-to-date: /home/mingshi/Project/AI/pnnx_torchdynamo/seedvr2-ncnn-vulkan/dist/seedvr2-0.6.0/share/seedvr2/docs/video-install-validation.json
-- Up-to-date: /home/mingshi/Project/AI/pnnx_torchdynamo/seedvr2-ncnn-vulkan/dist/seedvr2-0.6.0/share/seedvr2/docs/video-browser-validation.json
-- Up-to-date: /home/mingshi/Project/AI/pnnx_torchdynamo/seedvr2-ncnn-vulkan/dist/seedvr2-0.6.0/share/seedvr2/docs/video-cli-only-run.json
-- Up-to-date: /home/mingshi/Project/AI/pnnx_torchdynamo/seedvr2-ncnn-vulkan/dist/seedvr2-0.6.0/share/seedvr2/docs/video-build-capabilities.json
-- Up-to-date: /home/mingshi/Project/AI/pnnx_torchdynamo/seedvr2-ncnn-vulkan/dist/seedvr2-0.6.0/share/seedvr2/docs/video-model-status.json
-- Up-to-date: /home/mingshi/Project/AI/pnnx_torchdynamo/seedvr2-ncnn-vulkan/dist/seedvr2-0.6.0/share/seedvr2/docs/video-manifest.json
-- Installing: /home/mingshi/Project/AI/pnnx_torchdynamo/seedvr2-ncnn-vulkan/dist/seedvr2-0.6.0/share/seedvr2/docs/DELIVERY-PLAN.md
-- Up-to-date: /home/mingshi/Project/AI/pnnx_torchdynamo/seedvr2-ncnn-vulkan/dist/seedvr2-0.6.0/share/seedvr2/docs/FIRST-RUN.md
-- Installing: /home/mingshi/Project/AI/pnnx_torchdynamo/seedvr2-ncnn-vulkan/dist/seedvr2-0.6.0/share/seedvr2/docs/ARCHITECTURE.md
-- Installing: /home/mingshi/Project/AI/pnnx_torchdynamo/seedvr2-ncnn-vulkan/dist/seedvr2-0.6.0/share/seedvr2/docs/DELIVERY-RESULTS.md
-- Installing: /home/mingshi/Project/AI/pnnx_torchdynamo/seedvr2-ncnn-vulkan/dist/seedvr2-0.6.0/share/seedvr2/docs/DISCUSSION-DRAFT.md
-- Installing: /home/mingshi/Project/AI/pnnx_torchdynamo/seedvr2-ncnn-vulkan/dist/seedvr2-0.6.0/share/seedvr2/docs/PRECISION-VALIDATION.md
-- Installing: /home/mingshi/Project/AI/pnnx_torchdynamo/seedvr2-ncnn-vulkan/dist/seedvr2-0.6.0/share/seedvr2/docs/VIDEO-NUMERICS.md
-- Installing: /home/mingshi/Project/AI/pnnx_torchdynamo/seedvr2-ncnn-vulkan/dist/seedvr2-0.6.0/share/seedvr2/README.md
-- Up-to-date: /home/mingshi/Project/AI/pnnx_torchdynamo/seedvr2-ncnn-vulkan/dist/seedvr2-0.6.0/share/seedvr2/artifacts/2026-09-08/delivery-v1
-- Up-to-date: /home/mingshi/Project/AI/pnnx_torchdynamo/seedvr2-ncnn-vulkan/dist/seedvr2-0.6.0/share/seedvr2/artifacts/2026-09-08/delivery-v1/ncnn-upstream-comparison.json
-- Up-to-date: /home/mingshi/Project/AI/pnnx_torchdynamo/seedvr2-ncnn-vulkan/dist/seedvr2-0.6.0/share/seedvr2/artifacts/2026-09-08/delivery-v1/official-model-current.json
-- Up-to-date: /home/mingshi/Project/AI/pnnx_torchdynamo/seedvr2-ncnn-vulkan/dist/seedvr2-0.6.0/share/seedvr2/artifacts/2026-09-08/delivery-v1/video-run-final-seventeen-reviewed-replay.json
-- Up-to-date: /home/mingshi/Project/AI/pnnx_torchdynamo/seedvr2-ncnn-vulkan/dist/seedvr2-0.6.0/share/seedvr2/artifacts/2026-09-08/delivery-v1/video-run-final-six-reviewed-replay.json
-- Up-to-date: /home/mingshi/Project/AI/pnnx_torchdynamo/seedvr2-ncnn-vulkan/dist/seedvr2-0.6.0/share/seedvr2/artifacts/2026-09-08/delivery-v1/image-run-final-256-vulkan-reviewed-replay.json
-- Up-to-date: /home/mingshi/Project/AI/pnnx_torchdynamo/seedvr2-ncnn-vulkan/dist/seedvr2-0.6.0/share/seedvr2/artifacts/2026-09-08/delivery-v1/video-run-cpu-v1-reviewed-replay.json
-- Up-to-date: /home/mingshi/Project/AI/pnnx_torchdynamo/seedvr2-ncnn-vulkan/dist/seedvr2-0.6.0/share/seedvr2/artifacts/2026-09-08/delivery-v1/validator-replay-summary.json
-- Up-to-date: /home/mingshi/Project/AI/pnnx_torchdynamo/seedvr2-ncnn-vulkan/dist/seedvr2-0.6.0/share/seedvr2/artifacts/2026-09-08/delivery-v1/same-input-blocks-baseline.json
-- Up-to-date: /home/mingshi/Project/AI/pnnx_torchdynamo/seedvr2-ncnn-vulkan/dist/seedvr2-0.6.0/share/seedvr2/artifacts/2026-09-08/delivery-v1/same-input-cases
-- Up-to-date: /home/mingshi/Project/AI/pnnx_torchdynamo/seedvr2-ncnn-vulkan/dist/seedvr2-0.6.0/share/seedvr2/artifacts/2026-09-08/delivery-v1/same-input-cases/suite.json
-- Up-to-date: /home/mingshi/Project/AI/pnnx_torchdynamo/seedvr2-ncnn-vulkan/dist/seedvr2-0.6.0/share/seedvr2/artifacts/2026-09-08/delivery-v1/same-input-cases/official-trajectory-block-19
-- Up-to-date: /home/mingshi/Project/AI/pnnx_torchdynamo/seedvr2-ncnn-vulkan/dist/seedvr2-0.6.0/share/seedvr2/artifacts/2026-09-08/delivery-v1/same-input-cases/official-trajectory-block-19/case.json
-- Up-to-date: /home/mingshi/Project/AI/pnnx_torchdynamo/seedvr2-ncnn-vulkan/dist/seedvr2-0.6.0/share/seedvr2/artifacts/2026-09-08/delivery-v1/same-input-cases/official-trajectory-block-31
-- Up-to-date: /home/mingshi/Project/AI/pnnx_torchdynamo/seedvr2-ncnn-vulkan/dist/seedvr2-0.6.0/share/seedvr2/artifacts/2026-09-08/delivery-v1/same-input-cases/official-trajectory-block-31/case.json
-- Up-to-date: /home/mingshi/Project/AI/pnnx_torchdynamo/seedvr2-ncnn-vulkan/dist/seedvr2-0.6.0/share/seedvr2/artifacts/2026-09-08/delivery-v1/verification-hardening.json
-- Up-to-date: /home/mingshi/Project/AI/pnnx_torchdynamo/seedvr2-ncnn-vulkan/dist/seedvr2-0.6.0/share/seedvr2/artifacts/2026-09-08/delivery-v1/cli.json
-- Up-to-date: /home/mingshi/Project/AI/pnnx_torchdynamo/seedvr2-ncnn-vulkan/dist/seedvr2-0.6.0/share/seedvr2/artifacts/2026-09-08/delivery-v1/engine-boundaries.json
-- Up-to-date: /home/mingshi/Project/AI/pnnx_torchdynamo/seedvr2-ncnn-vulkan/dist/seedvr2-0.6.0/share/seedvr2/artifacts/2026-09-08/delivery-v1/sdk-smoke.json
-- Up-to-date: /home/mingshi/Project/AI/pnnx_torchdynamo/seedvr2-ncnn-vulkan/dist/seedvr2-0.6.0/share/seedvr2/artifacts/2026-09-08/delivery-v1/native-first-use.json
-- Up-to-date: /home/mingshi/Project/AI/pnnx_torchdynamo/seedvr2-ncnn-vulkan/dist/seedvr2-0.6.0/share/seedvr2/artifacts/2026-09-08/delivery-v1/install-layout-failure-buffered.json
-- Up-to-date: /home/mingshi/Project/AI/pnnx_torchdynamo/seedvr2-ncnn-vulkan/dist/seedvr2-0.6.0/share/seedvr2/artifacts/2026-09-08/delivery-v1/install-layout-failure-mapped.json
-- Up-to-date: /home/mingshi/Project/AI/pnnx_torchdynamo/seedvr2-ncnn-vulkan/dist/seedvr2-0.6.0/share/seedvr2/artifacts/2026-09-08/delivery-v1/installed-cpu-self-test.json
-- Up-to-date: /home/mingshi/Project/AI/pnnx_torchdynamo/seedvr2-ncnn-vulkan/dist/seedvr2-0.6.0/share/seedvr2/artifacts/2026-09-08/delivery-v1/same-input-blocks-new-buffered.json
-- Up-to-date: /home/mingshi/Project/AI/pnnx_torchdynamo/seedvr2-ncnn-vulkan/dist/seedvr2-0.6.0/share/seedvr2/artifacts/2026-09-08/delivery-v1/same-input-blocks-new-mapped.json
-- Up-to-date: /home/mingshi/Project/AI/pnnx_torchdynamo/seedvr2-ncnn-vulkan/dist/seedvr2-0.6.0/share/seedvr2/artifacts/2026-09-08/delivery-v1/measurements
-- Up-to-date: /home/mingshi/Project/AI/pnnx_torchdynamo/seedvr2-ncnn-vulkan/dist/seedvr2-0.6.0/share/seedvr2/artifacts/2026-09-08/delivery-v1/measurements/video17-buffered-a.stdout
-- Up-to-date: /home/mingshi/Project/AI/pnnx_torchdynamo/seedvr2-ncnn-vulkan/dist/seedvr2-0.6.0/share/seedvr2/artifacts/2026-09-08/delivery-v1/measurements/video17-buffered-a.stderr
-- Up-to-date: /home/mingshi/Project/AI/pnnx_torchdynamo/seedvr2-ncnn-vulkan/dist/seedvr2-0.6.0/share/seedvr2/artifacts/2026-09-08/delivery-v1/measurements/video17-buffered-a.json
-- Up-to-date: /home/mingshi/Project/AI/pnnx_torchdynamo/seedvr2-ncnn-vulkan/dist/seedvr2-0.6.0/share/seedvr2/artifacts/2026-09-08/delivery-v1/measurements/video17-mapped-a.stdout
-- Up-to-date: /home/mingshi/Project/AI/pnnx_torchdynamo/seedvr2-ncnn-vulkan/dist/seedvr2-0.6.0/share/seedvr2/artifacts/2026-09-08/delivery-v1/measurements/video17-mapped-a.stderr
-- Up-to-date: /home/mingshi/Project/AI/pnnx_torchdynamo/seedvr2-ncnn-vulkan/dist/seedvr2-0.6.0/share/seedvr2/artifacts/2026-09-08/delivery-v1/measurements/video17-mapped-a.json
-- Up-to-date: /home/mingshi/Project/AI/pnnx_torchdynamo/seedvr2-ncnn-vulkan/dist/seedvr2-0.6.0/share/seedvr2/artifacts/2026-09-08/delivery-v1/measurements/video17-mapped-b.stdout
-- Up-to-date: /home/mingshi/Project/AI/pnnx_torchdynamo/seedvr2-ncnn-vulkan/dist/seedvr2-0.6.0/share/seedvr2/artifacts/2026-09-08/delivery-v1/measurements/video17-mapped-b.stderr
-- Up-to-date: /home/mingshi/Project/AI/pnnx_torchdynamo/seedvr2-ncnn-vulkan/dist/seedvr2-0.6.0/share/seedvr2/artifacts/2026-09-08/delivery-v1/measurements/video17-mapped-b.json
-- Up-to-date: /home/mingshi/Project/AI/pnnx_torchdynamo/seedvr2-ncnn-vulkan/dist/seedvr2-0.6.0/share/seedvr2/artifacts/2026-09-08/delivery-v1/measurements/video17-buffered-b.stdout
-- Up-to-date: /home/mingshi/Project/AI/pnnx_torchdynamo/seedvr2-ncnn-vulkan/dist/seedvr2-0.6.0/share/seedvr2/artifacts/2026-09-08/delivery-v1/measurements/video17-buffered-b.stderr
-- Up-to-date: /home/mingshi/Project/AI/pnnx_torchdynamo/seedvr2-ncnn-vulkan/dist/seedvr2-0.6.0/share/seedvr2/artifacts/2026-09-08/delivery-v1/measurements/video17-buffered-b.json
-- Up-to-date: /home/mingshi/Project/AI/pnnx_torchdynamo/seedvr2-ncnn-vulkan/dist/seedvr2-0.6.0/share/seedvr2/artifacts/2026-09-08/delivery-v1/web.json
-- Up-to-date: /home/mingshi/Project/AI/pnnx_torchdynamo/seedvr2-ncnn-vulkan/dist/seedvr2-0.6.0/share/seedvr2/artifacts/2026-09-08/delivery-v1/video17-buffered-a-parity.json
-- Up-to-date: /home/mingshi/Project/AI/pnnx_torchdynamo/seedvr2-ncnn-vulkan/dist/seedvr2-0.6.0/share/seedvr2/artifacts/2026-09-08/delivery-v1/video17-mapped-a-parity.json
-- Up-to-date: /home/mingshi/Project/AI/pnnx_torchdynamo/seedvr2-ncnn-vulkan/dist/seedvr2-0.6.0/share/seedvr2/artifacts/2026-09-08/delivery-v1/video17-mapped-b-parity.json
-- Up-to-date: /home/mingshi/Project/AI/pnnx_torchdynamo/seedvr2-ncnn-vulkan/dist/seedvr2-0.6.0/share/seedvr2/artifacts/2026-09-08/delivery-v1/video17-buffered-b-parity.json
-- Up-to-date: /home/mingshi/Project/AI/pnnx_torchdynamo/seedvr2-ncnn-vulkan/dist/seedvr2-0.6.0/share/seedvr2/artifacts/2026-09-08/delivery-v1/weight-io-experiment.json
-- Up-to-date: /home/mingshi/Project/AI/pnnx_torchdynamo/seedvr2-ncnn-vulkan/dist/seedvr2-0.6.0/share/seedvr2/artifacts/2026-09-08/delivery-v1/copy-image-model.json
-- Up-to-date: /home/mingshi/Project/AI/pnnx_torchdynamo/seedvr2-ncnn-vulkan/dist/seedvr2-0.6.0/share/seedvr2/artifacts/2026-09-08/delivery-v1/copy-video-model.json
-- Up-to-date: /home/mingshi/Project/AI/pnnx_torchdynamo/seedvr2-ncnn-vulkan/dist/seedvr2-0.6.0/share/seedvr2/artifacts/2026-09-08/delivery-v1/offline-namespace-first-attempt.json
-- Up-to-date: /home/mingshi/Project/AI/pnnx_torchdynamo/seedvr2-ncnn-vulkan/dist/seedvr2-0.6.0/share/seedvr2/artifacts/2026-09-08/delivery-v1/local-native-ci
-- Up-to-date: /home/mingshi/Project/AI/pnnx_torchdynamo/seedvr2-ncnn-vulkan/dist/seedvr2-0.6.0/share/seedvr2/artifacts/2026-09-08/delivery-v1/local-native-ci/ctest.log
-- Up-to-date: /home/mingshi/Project/AI/pnnx_torchdynamo/seedvr2-ncnn-vulkan/dist/seedvr2-0.6.0/share/seedvr2/artifacts/2026-09-08/delivery-v1/local-native-ci/evidence-contract.log
-- Up-to-date: /home/mingshi/Project/AI/pnnx_torchdynamo/seedvr2-ncnn-vulkan/dist/seedvr2-0.6.0/share/seedvr2/artifacts/2026-09-08/delivery-v1/local-native-ci/cli.json
-- Up-to-date: /home/mingshi/Project/AI/pnnx_torchdynamo/seedvr2-ncnn-vulkan/dist/seedvr2-0.6.0/share/seedvr2/artifacts/2026-09-08/delivery-v1/local-native-ci/engine-boundaries.json
-- Up-to-date: /home/mingshi/Project/AI/pnnx_torchdynamo/seedvr2-ncnn-vulkan/dist/seedvr2-0.6.0/share/seedvr2/artifacts/2026-09-08/delivery-v1/local-native-ci/first-use.json
-- Up-to-date: /home/mingshi/Project/AI/pnnx_torchdynamo/seedvr2-ncnn-vulkan/dist/seedvr2-0.6.0/share/seedvr2/artifacts/2026-09-08/delivery-v1/local-native-ci/sdk-build.log
-- Up-to-date: /home/mingshi/Project/AI/pnnx_torchdynamo/seedvr2-ncnn-vulkan/dist/seedvr2-0.6.0/share/seedvr2/artifacts/2026-09-08/delivery-v1/local-native-ci/sdk-smoke.json
-- Up-to-date: /home/mingshi/Project/AI/pnnx_torchdynamo/seedvr2-ncnn-vulkan/dist/seedvr2-0.6.0/share/seedvr2/artifacts/2026-09-08/delivery-v1/local-native-ci/mesa.json
-- Up-to-date: /home/mingshi/Project/AI/pnnx_torchdynamo/seedvr2-ncnn-vulkan/dist/seedvr2-0.6.0/share/seedvr2/artifacts/2026-09-08/delivery-v1/local-native-ci/mesa.stderr
-- Up-to-date: /home/mingshi/Project/AI/pnnx_torchdynamo/seedvr2-ncnn-vulkan/dist/seedvr2-0.6.0/share/seedvr2/artifacts/2026-09-08/delivery-v1/local-native-ci/mesa-wrong-architecture.json
-- Up-to-date: /home/mingshi/Project/AI/pnnx_torchdynamo/seedvr2-ncnn-vulkan/dist/seedvr2-0.6.0/share/seedvr2/artifacts/2026-09-08/delivery-v1/local-native-ci/mesa-wrong-architecture.stderr
-- Up-to-date: /home/mingshi/Project/AI/pnnx_torchdynamo/seedvr2-ncnn-vulkan/dist/seedvr2-0.6.0/share/seedvr2/artifacts/2026-09-08/delivery-v1/natural-jpeg-before-fix-reference.json
-- Up-to-date: /home/mingshi/Project/AI/pnnx_torchdynamo/seedvr2-ncnn-vulkan/dist/seedvr2-0.6.0/share/seedvr2/artifacts/2026-09-08/delivery-v1/offline-before-jpeg-fix.json
-- Up-to-date: /home/mingshi/Project/AI/pnnx_torchdynamo/seedvr2-ncnn-vulkan/dist/seedvr2-0.6.0/share/seedvr2/artifacts/2026-09-08/delivery-v1/natural-jpeg-before-fix-run.json
-- Up-to-date: /home/mingshi/Project/AI/pnnx_torchdynamo/seedvr2-ncnn-vulkan/dist/seedvr2-0.6.0/share/seedvr2/artifacts/2026-09-08/delivery-v1/local-native-ci-final
-- Up-to-date: /home/mingshi/Project/AI/pnnx_torchdynamo/seedvr2-ncnn-vulkan/dist/seedvr2-0.6.0/share/seedvr2/artifacts/2026-09-08/delivery-v1/local-native-ci-final/ctest.log
-- Up-to-date: /home/mingshi/Project/AI/pnnx_torchdynamo/seedvr2-ncnn-vulkan/dist/seedvr2-0.6.0/share/seedvr2/artifacts/2026-09-08/delivery-v1/local-native-ci-final/evidence-contract.log
-- Up-to-date: /home/mingshi/Project/AI/pnnx_torchdynamo/seedvr2-ncnn-vulkan/dist/seedvr2-0.6.0/share/seedvr2/artifacts/2026-09-08/delivery-v1/local-native-ci-final/cli.json
-- Up-to-date: /home/mingshi/Project/AI/pnnx_torchdynamo/seedvr2-ncnn-vulkan/dist/seedvr2-0.6.0/share/seedvr2/artifacts/2026-09-08/delivery-v1/local-native-ci-final/engine-boundaries.json
-- Up-to-date: /home/mingshi/Project/AI/pnnx_torchdynamo/seedvr2-ncnn-vulkan/dist/seedvr2-0.6.0/share/seedvr2/artifacts/2026-09-08/delivery-v1/local-native-ci-final/first-use.json
-- Up-to-date: /home/mingshi/Project/AI/pnnx_torchdynamo/seedvr2-ncnn-vulkan/dist/seedvr2-0.6.0/share/seedvr2/artifacts/2026-09-08/delivery-v1/local-native-ci-final/sdk-build.log
-- Up-to-date: /home/mingshi/Project/AI/pnnx_torchdynamo/seedvr2-ncnn-vulkan/dist/seedvr2-0.6.0/share/seedvr2/artifacts/2026-09-08/delivery-v1/local-native-ci-final/sdk-smoke.json
-- Up-to-date: /home/mingshi/Project/AI/pnnx_torchdynamo/seedvr2-ncnn-vulkan/dist/seedvr2-0.6.0/share/seedvr2/artifacts/2026-09-08/delivery-v1/local-native-ci-final/mesa.json
-- Up-to-date: /home/mingshi/Project/AI/pnnx_torchdynamo/seedvr2-ncnn-vulkan/dist/seedvr2-0.6.0/share/seedvr2/artifacts/2026-09-08/delivery-v1/local-native-ci-final/mesa.stderr
-- Up-to-date: /home/mingshi/Project/AI/pnnx_torchdynamo/seedvr2-ncnn-vulkan/dist/seedvr2-0.6.0/share/seedvr2/artifacts/2026-09-08/delivery-v1/local-native-ci-final/scope.json
-- Up-to-date: /home/mingshi/Project/AI/pnnx_torchdynamo/seedvr2-ncnn-vulkan/dist/seedvr2-0.6.0/share/seedvr2/artifacts/2026-09-08/delivery-v1/natural-jpeg-fixed-parity.json
-- Up-to-date: /home/mingshi/Project/AI/pnnx_torchdynamo/seedvr2-ncnn-vulkan/dist/seedvr2-0.6.0/share/seedvr2/artifacts/2026-09-08/delivery-v1/natural-photo-quality
-- Up-to-date: /home/mingshi/Project/AI/pnnx_torchdynamo/seedvr2-ncnn-vulkan/dist/seedvr2-0.6.0/share/seedvr2/artifacts/2026-09-08/delivery-v1/natural-photo-quality/report.json
-- Up-to-date: /home/mingshi/Project/AI/pnnx_torchdynamo/seedvr2-ncnn-vulkan/dist/seedvr2-0.6.0/share/seedvr2/artifacts/2026-09-08/delivery-v1/natural-photo-quality/comparison.png
-- Up-to-date: /home/mingshi/Project/AI/pnnx_torchdynamo/seedvr2-ncnn-vulkan/dist/seedvr2-0.6.0/share/seedvr2/artifacts/2026-09-08/delivery-v1/natural-photo-quality/output.png
-- Up-to-date: /home/mingshi/Project/AI/pnnx_torchdynamo/seedvr2-ncnn-vulkan/dist/seedvr2-0.6.0/share/seedvr2/artifacts/2026-09-08/delivery-v1/natural-photo-quality/comparison-input.png
-- Up-to-date: /home/mingshi/Project/AI/pnnx_torchdynamo/seedvr2-ncnn-vulkan/dist/seedvr2-0.6.0/share/seedvr2/artifacts/2026-09-08/delivery-v1/natural-photo-quality/official-reference.png
-- Up-to-date: /home/mingshi/Project/AI/pnnx_torchdynamo/seedvr2-ncnn-vulkan/dist/seedvr2-0.6.0/share/seedvr2/artifacts/2026-09-08/delivery-v1/offline-delivery.json
-- Up-to-date: /home/mingshi/Project/AI/pnnx_torchdynamo/seedvr2-ncnn-vulkan/dist/seedvr2-0.6.0/share/seedvr2/artifacts/2026-09-08/delivery-v1/natural-jpeg-fixed-run.json
-- Up-to-date: /home/mingshi/Project/AI/pnnx_torchdynamo/seedvr2-ncnn-vulkan/dist/seedvr2-0.6.0/share/seedvr2/artifacts/2026-09-08/delivery-v1/image-jobs.json
-- Up-to-date: /home/mingshi/Project/AI/pnnx_torchdynamo/seedvr2-ncnn-vulkan/dist/seedvr2-0.6.0/share/seedvr2/artifacts/2026-09-08/delivery-v1/image-job.json
-- Up-to-date: /home/mingshi/Project/AI/pnnx_torchdynamo/seedvr2-ncnn-vulkan/dist/seedvr2-0.6.0/share/seedvr2/artifacts/2026-09-08/delivery-v1/offline
-- Up-to-date: /home/mingshi/Project/AI/pnnx_torchdynamo/seedvr2-ncnn-vulkan/dist/seedvr2-0.6.0/share/seedvr2/artifacts/2026-09-08/delivery-v1/offline/stderr
-- Up-to-date: /home/mingshi/Project/AI/pnnx_torchdynamo/seedvr2-ncnn-vulkan/dist/seedvr2-0.6.0/share/seedvr2/artifacts/2026-09-08/delivery-v1/offline/sdk-build.log
-- Up-to-date: /home/mingshi/Project/AI/pnnx_torchdynamo/seedvr2-ncnn-vulkan/dist/seedvr2-0.6.0/share/seedvr2/artifacts/2026-09-08/delivery-v1/offline/sdk-smoke.json
-- Up-to-date: /home/mingshi/Project/AI/pnnx_torchdynamo/seedvr2-ncnn-vulkan/dist/seedvr2-0.6.0/share/seedvr2/artifacts/2026-09-08/delivery-v1/offline/network-routes.txt
-- Up-to-date: /home/mingshi/Project/AI/pnnx_torchdynamo/seedvr2-ncnn-vulkan/dist/seedvr2-0.6.0/share/seedvr2/artifacts/2026-09-08/delivery-v1/offline/network-namespace.txt
-- Up-to-date: /home/mingshi/Project/AI/pnnx_torchdynamo/seedvr2-ncnn-vulkan/dist/seedvr2-0.6.0/share/seedvr2/artifacts/2026-09-08/delivery-v1/offline/cpu.json
-- Up-to-date: /home/mingshi/Project/AI/pnnx_torchdynamo/seedvr2-ncnn-vulkan/dist/seedvr2-0.6.0/share/seedvr2/artifacts/2026-09-08/delivery-v1/offline/check.sh
-- Up-to-date: /home/mingshi/Project/AI/pnnx_torchdynamo/seedvr2-ncnn-vulkan/dist/seedvr2-0.6.0/share/seedvr2/artifacts/2026-09-08/delivery-v1/video-jobs.json
-- Up-to-date: /home/mingshi/Project/AI/pnnx_torchdynamo/seedvr2-ncnn-vulkan/dist/seedvr2-0.6.0/share/seedvr2/artifacts/2026-09-08/delivery-v1/video-job.json
-- Up-to-date: /home/mingshi/Project/AI/pnnx_torchdynamo/seedvr2-ncnn-vulkan/dist/seedvr2-0.6.0/share/seedvr2/artifacts/2026-09-08/delivery-v1/video-mp4-probe.json
-- Up-to-date: /home/mingshi/Project/AI/pnnx_torchdynamo/seedvr2-ncnn-vulkan/dist/seedvr2-0.6.0/share/seedvr2/artifacts/2026-09-08/delivery-v1/live-capabilities.json
-- Up-to-date: /home/mingshi/Project/AI/pnnx_torchdynamo/seedvr2-ncnn-vulkan/dist/seedvr2-0.6.0/share/seedvr2/artifacts/2026-09-08/delivery-v1/live-models.json
-- Up-to-date: /home/mingshi/Project/AI/pnnx_torchdynamo/seedvr2-ncnn-vulkan/dist/seedvr2-0.6.0/share/seedvr2/artifacts/2026-09-08/delivery-v1/live-app.json
-- Up-to-date: /home/mingshi/Project/AI/pnnx_torchdynamo/seedvr2-ncnn-vulkan/dist/seedvr2-0.6.0/share/seedvr2/artifacts/2026-09-08/delivery-v1/worker-validation-logs.json
-- Up-to-date: /home/mingshi/Project/AI/pnnx_torchdynamo/seedvr2-ncnn-vulkan/dist/seedvr2-0.6.0/share/seedvr2/artifacts/2026-09-08/delivery-v1/delivery-basis.json
-- Up-to-date: /home/mingshi/Project/AI/pnnx_torchdynamo/seedvr2-ncnn-vulkan/dist/seedvr2-0.6.0/share/seedvr2/artifacts/2026-09-08/delivery-v1/browser-review.json
-- Up-to-date: /home/mingshi/Project/AI/pnnx_torchdynamo/seedvr2-ncnn-vulkan/dist/seedvr2-0.6.0/share/seedvr2/licenses/engine
-- Up-to-date: /home/mingshi/Project/AI/pnnx_torchdynamo/seedvr2-ncnn-vulkan/dist/seedvr2-0.6.0/share/seedvr2/licenses/engine/glslang-LICENSE.txt
-- Up-to-date: /home/mingshi/Project/AI/pnnx_torchdynamo/seedvr2-ncnn-vulkan/dist/seedvr2-0.6.0/share/seedvr2/licenses/engine/SPIRV-Tools-LICENSE.txt
-- Up-to-date: /home/mingshi/Project/AI/pnnx_torchdynamo/seedvr2-ncnn-vulkan/dist/seedvr2-0.6.0/share/seedvr2/licenses/engine/ncnn-LICENSE.txt
-- Up-to-date: /home/mingshi/Project/AI/pnnx_torchdynamo/seedvr2-ncnn-vulkan/dist/seedvr2-0.6.0/share/seedvr2/licenses/engine/sources.json
-- Up-to-date: /home/mingshi/Project/AI/pnnx_torchdynamo/seedvr2-ncnn-vulkan/dist/seedvr2-0.6.0/share/seedvr2/licenses/engine/stb-MIT.txt
-- Up-to-date: /home/mingshi/Project/AI/pnnx_torchdynamo/seedvr2-ncnn-vulkan/dist/seedvr2-0.6.0/share/seedvr2/licenses/media
-- Up-to-date: /home/mingshi/Project/AI/pnnx_torchdynamo/seedvr2-ncnn-vulkan/dist/seedvr2-0.6.0/share/seedvr2/licenses/media/COPYING.GPLv3
-- Up-to-date: /home/mingshi/Project/AI/pnnx_torchdynamo/seedvr2-ncnn-vulkan/dist/seedvr2-0.6.0/share/seedvr2/licenses/media/COPYING.GPLv2
-- Up-to-date: /home/mingshi/Project/AI/pnnx_torchdynamo/seedvr2-ncnn-vulkan/dist/seedvr2-0.6.0/share/seedvr2/licenses/media/COPYING.LGPLv3
-- Up-to-date: /home/mingshi/Project/AI/pnnx_torchdynamo/seedvr2-ncnn-vulkan/dist/seedvr2-0.6.0/share/seedvr2/licenses/media/COPYING.LGPLv2.1
-- Up-to-date: /home/mingshi/Project/AI/pnnx_torchdynamo/seedvr2-ncnn-vulkan/dist/seedvr2-0.6.0/share/seedvr2/licenses/media/sources.json
-- Up-to-date: /home/mingshi/Project/AI/pnnx_torchdynamo/seedvr2-ncnn-vulkan/dist/seedvr2-0.6.0/share/seedvr2/licenses/media/NOTICE.txt
-- Up-to-date: /home/mingshi/Project/AI/pnnx_torchdynamo/seedvr2-ncnn-vulkan/dist/seedvr2-0.6.0/share/seedvr2/licenses/media/libjpeg
-- Up-to-date: /home/mingshi/Project/AI/pnnx_torchdynamo/seedvr2-ncnn-vulkan/dist/seedvr2-0.6.0/share/seedvr2/licenses/media/libjpeg/LICENSE.md
-- Up-to-date: /home/mingshi/Project/AI/pnnx_torchdynamo/seedvr2-ncnn-vulkan/dist/seedvr2-0.6.0/share/seedvr2/licenses/media/libjpeg/README.ijg
-- Up-to-date: /home/mingshi/Project/AI/pnnx_torchdynamo/seedvr2-ncnn-vulkan/dist/seedvr2-0.6.0/share/seedvr2/licenses/media/libjpeg/sources.json
-- Up-to-date: /home/mingshi/Project/AI/pnnx_torchdynamo/seedvr2-ncnn-vulkan/dist/seedvr2-0.6.0/share/seedvr2/engine-dependencies.lock.json
-- Up-to-date: /home/mingshi/Project/AI/pnnx_torchdynamo/seedvr2-ncnn-vulkan/dist/seedvr2-0.6.0/share/seedvr2/converter-dependencies.lock.json
-- Up-to-date: /home/mingshi/Project/AI/pnnx_torchdynamo/seedvr2-ncnn-vulkan/dist/seedvr2-0.6.0/share/seedvr2/model-sources.lock.json
-- Up-to-date: /home/mingshi/Project/AI/pnnx_torchdynamo/seedvr2-ncnn-vulkan/dist/seedvr2-0.6.0/share/seedvr2/licenses/CLI11-BSD.txt
-- Up-to-date: /home/mingshi/Project/AI/pnnx_torchdynamo/seedvr2-ncnn-vulkan/dist/seedvr2-0.6.0/share/seedvr2/licenses/Drogon-MIT.txt
-- Up-to-date: /home/mingshi/Project/AI/pnnx_torchdynamo/seedvr2-ncnn-vulkan/dist/seedvr2-0.6.0/share/seedvr2/licenses/Trantor-BSD.txt
-- Up-to-date: /home/mingshi/Project/AI/pnnx_torchdynamo/seedvr2-ncnn-vulkan/dist/seedvr2-0.6.0/share/seedvr2/licenses/JsonCpp-MIT.txt
