[0/2] Re-checking globbed directories...
-- GLOB mismatch!
The following files were added:
  +/home/mingshi/Project/AI/pnnx_torchdynamo/seedvr2-ncnn-vulkan/apps/studio/dist/assets/Addon-BJX02F5a.js
  +/home/mingshi/Project/AI/pnnx_torchdynamo/seedvr2-ncnn-vulkan/apps/studio/dist/assets/ArrowRightOutlined-CqYGceVj.js
  +/home/mingshi/Project/AI/pnnx_torchdynamo/seedvr2-ncnn-vulkan/apps/studio/dist/assets/Compare-sPjYM4aQ.js
  +/home/mingshi/Project/AI/pnnx_torchdynamo/seedvr2-ncnn-vulkan/apps/studio/dist/assets/History-WtI_wQD4.js
  +/home/mingshi/Project/AI/pnnx_torchdynamo/seedvr2-ncnn-vulkan/apps/studio/dist/assets/Models-_jZKOW5O.js
  +/home/mingshi/Project/AI/pnnx_torchdynamo/seedvr2-ncnn-vulkan/apps/studio/dist/assets/Planning-DIlqJ35o.js
  +/home/mingshi/Project/AI/pnnx_torchdynamo/seedvr2-ncnn-vulkan/apps/studio/dist/assets/Plans-B1letu3g.js
  +/home/mingshi/Project/AI/pnnx_torchdynamo/seedvr2-ncnn-vulkan/apps/studio/dist/assets/Publish-DQ5__IRR.js
  +/home/mingshi/Project/AI/pnnx_torchdynamo/seedvr2-ncnn-vulkan/apps/studio/dist/assets/Restore-T4okVfLG.js
  +/home/mingshi/Project/AI/pnnx_torchdynamo/seedvr2-ncnn-vulkan/apps/studio/dist/assets/Testing-PMzI9zrn.js
  +/home/mingshi/Project/AI/pnnx_torchdynamo/seedvr2-ncnn-vulkan/apps/studio/dist/assets/VideoComparison-CDk3vtAL.js
  +/home/mingshi/Project/AI/pnnx_torchdynamo/seedvr2-ncnn-vulkan/apps/studio/dist/assets/index-bc3LN-ds.js
  +/home/mingshi/Project/AI/pnnx_torchdynamo/seedvr2-ncnn-vulkan/apps/studio/dist/assets/segmented-D0JECBmm.js
  +/home/mingshi/Project/AI/pnnx_torchdynamo/seedvr2-ncnn-vulkan/apps/studio/dist/assets/select-D4tJsxEc.js
  +/home/mingshi/Project/AI/pnnx_torchdynamo/seedvr2-ncnn-vulkan/apps/studio/dist/assets/table-CHOp7YkW.js
  +/home/mingshi/Project/AI/pnnx_torchdynamo/seedvr2-ncnn-vulkan/apps/studio/dist/assets/tooltip-D0ULxgij.js
The following files were removed:
  -/home/mingshi/Project/AI/pnnx_torchdynamo/seedvr2-ncnn-vulkan/apps/studio/dist/assets/Addon-CQqgiPyT.js
  -/home/mingshi/Project/AI/pnnx_torchdynamo/seedvr2-ncnn-vulkan/apps/studio/dist/assets/ArrowRightOutlined-B-9Xi6HT.js
  -/home/mingshi/Project/AI/pnnx_torchdynamo/seedvr2-ncnn-vulkan/apps/studio/dist/assets/Compare-Bkseplhg.js
  -/home/mingshi/Project/AI/pnnx_torchdynamo/seedvr2-ncnn-vulkan/apps/studio/dist/assets/History-DwJc6EDC.js
  -/home/mingshi/Project/AI/pnnx_torchdynamo/seedvr2-ncnn-vulkan/apps/studio/dist/assets/Models-DPEDp71-.js
  -/home/mingshi/Project/AI/pnnx_torchdynamo/seedvr2-ncnn-vulkan/apps/studio/dist/assets/Planning-D1j-GXwp.js
  -/home/mingshi/Project/AI/pnnx_torchdynamo/seedvr2-ncnn-vulkan/apps/studio/dist/assets/Plans-C6pFBtBV.js
  -/home/mingshi/Project/AI/pnnx_torchdynamo/seedvr2-ncnn-vulkan/apps/studio/dist/assets/Publish-5y2TSYzk.js
  -/home/mingshi/Project/AI/pnnx_torchdynamo/seedvr2-ncnn-vulkan/apps/studio/dist/assets/Restore-DRJS12ma.js
  -/home/mingshi/Project/AI/pnnx_torchdynamo/seedvr2-ncnn-vulkan/apps/studio/dist/assets/Testing-Cnl2DX6Z.js
  -/home/mingshi/Project/AI/pnnx_torchdynamo/seedvr2-ncnn-vulkan/apps/studio/dist/assets/VideoComparison-Ctg6_YYj.js
  -/home/mingshi/Project/AI/pnnx_torchdynamo/seedvr2-ncnn-vulkan/apps/studio/dist/assets/index-caerQhiY.js
  -/home/mingshi/Project/AI/pnnx_torchdynamo/seedvr2-ncnn-vulkan/apps/studio/dist/assets/segmented-Bddc_Sna.js
  -/home/mingshi/Project/AI/pnnx_torchdynamo/seedvr2-ncnn-vulkan/apps/studio/dist/assets/select-4yJzHIXQ.js
  -/home/mingshi/Project/AI/pnnx_torchdynamo/seedvr2-ncnn-vulkan/apps/studio/dist/assets/table-CYlwIgnj.js
  -/home/mingshi/Project/AI/pnnx_torchdynamo/seedvr2-ncnn-vulkan/apps/studio/dist/assets/tooltip-BTvVFcFp.js
[1/2] Re-running CMake...
-- Found OpenSSL: /usr/lib64/libcrypto.so (found version "3.5.8") found components: Crypto
-- Found ncnn: 20260908
-- jsoncpp version:1.9.8
-- Found OpenSSL: /usr/lib64/libcrypto.so (found version "3.5.8")
-- Found UUID: /lib64/libuuid.so
-- Configuring done (0.3s)
-- Generating done (0.0s)
-- Build files have been written to: /home/mingshi/Project/AI/pnnx_torchdynamo/seedvr2-ncnn-vulkan/build/release
[0/4] Re-checking globbed directories...
[1/8] Generating generated/studio_assets.cpp
[2/8] Linking CXX executable seedvr2-worker
[3/8] Building CXX object CMakeFiles/seedvr2-web.dir/generated/studio_assets.cpp.o
[4/8] Linking CXX executable seedvr2_image_io_tests
[5/8] Linking CXX executable seedvr2-web
