/home/mingshi/Project/AI/pnnx_torchdynamo/seedvr2-ncnn-vulkan/.venv-export/lib/python3.13/site-packages/rotary_embedding_torch/rotary_embedding_torch.py:35: FutureWarning: `torch.cuda.amp.autocast(args...)` is deprecated. Please use `torch.amp.autocast('cuda', args...)` instead.
  @autocast(enabled = False)
/home/mingshi/Project/AI/pnnx_torchdynamo/seedvr2-ncnn-vulkan/.venv-export/lib/python3.13/site-packages/rotary_embedding_torch/rotary_embedding_torch.py:253: FutureWarning: `torch.cuda.amp.autocast(args...)` is deprecated. Please use `torch.amp.autocast('cuda', args...)` instead.
  @autocast(enabled = False)
[
  {
    "index": 0,
    "gather_on_native_projection": [
      {
        "max_abs": 1.9073486328125e-06,
        "rmse": 1.0484721189445635e-07,
        "finite": true
      },
      {
        "max_abs": 2.86102294921875e-06,
        "rmse": 1.123625502757016e-07,
        "finite": true
      },
      {
        "max_abs": 0.0,
        "rmse": 0.0,
        "finite": true
      }
    ],
    "gather_by_axis": {
      "time": [
        {
          "max_abs": 1.430511474609375e-06,
          "rmse": 1.0308205259092622e-07,
          "finite": true
        },
        {
          "max_abs": 1.9073486328125e-06,
          "rmse": 1.0301830666185205e-07,
          "finite": true
        }
      ],
      "height": [
        {
          "max_abs": 1.430511474609375e-06,
          "rmse": 1.0789190607052771e-07,
          "finite": true
        },
        {
          "max_abs": 2.86102294921875e-06,
          "rmse": 1.1551376485706122e-07,
          "finite": true
        }
      ],
      "width": [
        {
          "max_abs": 1.9073486328125e-06,
          "rmse": 1.0446964288206448e-07,
          "finite": true
        },
        {
          "max_abs": 2.86102294921875e-06,
          "rmse": 1.188045375868078e-07,
          "finite": true
        }
      ],
      "unrotated": [
        {
          "max_abs": 9.5367431640625e-07,
          "rmse": 8.220679855648737e-08,
          "finite": true
        },
        {
          "max_abs": 9.5367431640625e-07,
          "rmse": 9.239492925701216e-08,
          "finite": true
        }
      ]
    },
    "sdpa_on_native_qkv": {
      "max_abs": 6.198883056640625e-06,
      "rmse": 2.2843432377398258e-07,
      "finite": true
    },
    "native_sdpa_to_fp64": {
      "max_abs": 8.22773513031727e-06,
      "rmse": 5.865185283926682e-07,
      "finite": true
    },
    "official_sdpa_to_fp64": {
      "max_abs": 7.880026673401375e-06,
      "rmse": 5.48934308652034e-07,
      "finite": true
    }
  },
  {
    "index": 1,
    "gather_on_native_projection": [
      {
        "max_abs": 1.9073486328125e-06,
        "rmse": 1.0521059137784896e-07,
        "finite": true
      },
      {
        "max_abs": 2.86102294921875e-06,
        "rmse": 1.1075682489524577e-07,
        "finite": true
      },
      {
        "max_abs": 0.0,
        "rmse": 0.0,
        "finite": true
      }
    ],
    "gather_by_axis": {
      "time": [
        {
          "max_abs": 1.430511474609375e-06,
          "rmse": 1.0466522287956935e-07,
          "finite": true
        },
        {
          "max_abs": 1.9073486328125e-06,
          "rmse": 1.0290440465916456e-07,
          "finite": true
        }
      ],
      "height": [
        {
          "max_abs": 1.430511474609375e-06,
          "rmse": 1.0783288304306381e-07,
          "finite": true
        },
        {
          "max_abs": 2.86102294921875e-06,
          "rmse": 1.136789864433654e-07,
          "finite": true
        }
      ],
      "width": [
        {
          "max_abs": 1.9073486328125e-06,
          "rmse": 1.0401509839685614e-07,
          "finite": true
        },
        {
          "max_abs": 2.86102294921875e-06,
          "rmse": 1.1618622524978147e-07,
          "finite": true
        }
      ],
      "unrotated": [
        {
          "max_abs": 7.152557373046875e-07,
          "rmse": 8.362835278934563e-08,
          "finite": true
        },
        {
          "max_abs": 9.5367431640625e-07,
          "rmse": 8.86111584644601e-08,
          "finite": true
        }
      ]
    },
    "sdpa_on_native_qkv": {
      "max_abs": 5.245208740234375e-06,
      "rmse": 2.210836892175776e-07,
      "finite": true
    },
    "native_sdpa_to_fp64": {
      "max_abs": 1.0737065590404882e-05,
      "rmse": 6.03839634565772e-07,
      "finite": true
    },
    "official_sdpa_to_fp64": {
      "max_abs": 9.391857391793934e-06,
      "rmse": 5.717388460050347e-07,
      "finite": true
    }
  },
  {
    "index": 2,
    "gather_on_native_projection": [
      {
        "max_abs": 1.9073486328125e-06,
        "rmse": 1.0585154393450732e-07,
        "finite": true
      },
      {
        "max_abs": 2.86102294921875e-06,
        "rmse": 1.1061641490811983e-07,
        "finite": true
      },
      {
        "max_abs": 0.0,
        "rmse": 0.0,
        "finite": true
      }
    ],
    "gather_by_axis": {
      "time": [
        {
          "max_abs": 1.430511474609375e-06,
          "rmse": 1.0456601004098756e-07,
          "finite": true
        },
        {
          "max_abs": 2.384185791015625e-06,
          "rmse": 9.993894612633243e-08,
          "finite": true
        }
      ],
      "height": [
        {
          "max_abs": 1.430511474609375e-06,
          "rmse": 1.0785357020795543e-07,
          "finite": true
        },
        {
          "max_abs": 2.86102294921875e-06,
          "rmse": 1.1542028624507392e-07,
          "finite": true
        }
      ],
      "width": [
        {
          "max_abs": 1.9073486328125e-06,
          "rmse": 1.060145376560203e-07,
          "finite": true
        },
        {
          "max_abs": 2.86102294921875e-06,
          "rmse": 1.164722017219188e-07,
          "finite": true
        }
      ],
      "unrotated": [
        {
          "max_abs": 7.152557373046875e-07,
          "rmse": 8.470612856940865e-08,
          "finite": true
        },
        {
          "max_abs": 9.5367431640625e-07,
          "rmse": 9.338011854013491e-08,
          "finite": true
        }
      ]
    },
    "sdpa_on_native_qkv": {
      "max_abs": 5.7220458984375e-06,
      "rmse": 1.8175037073126076e-07,
      "finite": true
    },
    "native_sdpa_to_fp64": {
      "max_abs": 8.426023493157686e-06,
      "rmse": 5.156577902666231e-07,
      "finite": true
    },
    "official_sdpa_to_fp64": {
      "max_abs": 8.18404538494022e-06,
      "rmse": 4.90650357509794e-07,
      "finite": true
    }
  }
]
