{
  "checked_at_utc": "2026-09-08T15:52:39.492134+00:00",
  "scope": "CLI command boundaries; numerical inference has separate complete-image evidence",
  "cases": [
    {
      "case": "unicode-and-space-path",
      "status": "PASS",
      "exit_code": 0
    },
    {
      "case": "missing-request",
      "status": "PASS",
      "exit_code": 3
    },
    {
      "case": "run-requires-real-input-and-model",
      "status": "PASS",
      "exit_code": 2
    },
    {
      "case": "unknown-argument",
      "status": "PASS",
      "exit_code": 2
    },
    {
      "case": "negative-window-axis",
      "status": "PASS",
      "exit_code": 2
    },
    {
      "case": "huge-window-grid",
      "status": "PASS",
      "exit_code": 2
    },
    {
      "case": "shifted-metadata",
      "status": "PASS",
      "exit_code": 0
    },
    {
      "case": "duplicate-key",
      "status": "PASS",
      "exit_code": 2
    },
    {
      "case": "legacy-design-job-rejected",
      "status": "PASS",
      "exit_code": 2
    },
    {
      "case": "oversized-file",
      "status": "PASS",
      "exit_code": 3
    }
  ]
}
23/23 PASS
8/8 native first-use checks passed
