[0 NVIDIA GeForce RTX 4060 Laptop GPU]  queueC=2[8]  queueT=1[2]  rebar=1  r-score=76
[0 NVIDIA GeForce RTX 4060 Laptop GPU]  fp16-p/s/u/a=1/1/1/1  int8-p/s/u/a=1/1/1/1  bf16-p/s=1/1
[0 NVIDIA GeForce RTX 4060 Laptop GPU]  subgroup=32(32~32)  ops=1/1/1/1/1/1/1/1/1/1
[0 NVIDIA GeForce RTX 4060 Laptop GPU]  fp16-cm=16x16x16/16x8x16/16x8x8  int8-cm=16x16x32/16x8x32  bf16-cm=16x16x16  fp8-cm=16x16x32  fp6-cm=0  fp4-cm=0
[1 llvmpipe (LLVM 22.1.8, 256 bits)]  queueC=0[1]  queueT=0[1]  rebar=1  r-score=14
[1 llvmpipe (LLVM 22.1.8, 256 bits)]  fp16-p/s/u/a=1/1/1/1  int8-p/s/u/a=1/1/1/1  bf16-p/s=1/0
[1 llvmpipe (LLVM 22.1.8, 256 bits)]  subgroup=8(8~8)  ops=1/1/1/1/1/1/1/1/1/1
[1 llvmpipe (LLVM 22.1.8, 256 bits)]  fp16-cm=8x8x8  int8-cm=8x8x8  bf16-cm=0  fp8-cm=0  fp6-cm=0  fp4-cm=0
[2 llvmpipe (LLVM 17.0.6, 256 bits)]  queueC=0[1]  queueT=0[1]  rebar=1  r-score=4
[2 llvmpipe (LLVM 17.0.6, 256 bits)]  fp16-p/s/u/a=1/1/1/1  int8-p/s/u/a=1/1/1/1  bf16-p/s=1/0
[2 llvmpipe (LLVM 17.0.6, 256 bits)]  subgroup=8(8~8)  ops=1/1/1/1/1/1/0/1/0/0
[2 llvmpipe (LLVM 17.0.6, 256 bits)]  fp16-cm=0  int8-cm=0  bf16-cm=0  fp8-cm=0  fp6-cm=0  fp4-cm=0
{"completed":0,"elapsed_ms":257.88771,"event":"progress","stage":"validating","total":38}
{"completed":0,"elapsed_ms":263.434321,"event":"progress","stage":"validating","total":38}
{"completed":0,"elapsed_ms":503.812724,"event":"progress","stage":"validating","total":38}
{"completed":0,"elapsed_ms":788.894907,"event":"progress","stage":"validating","total":38}
{"completed":0,"elapsed_ms":1131.087974,"event":"progress","stage":"validating","total":38}
{"completed":0,"elapsed_ms":1483.363978,"event":"progress","stage":"validating","total":38}
{"completed":0,"elapsed_ms":1858.066043,"event":"progress","stage":"validating","total":38}
{"completed":0,"elapsed_ms":2237.238036,"event":"progress","stage":"validating","total":38}
{"completed":0,"elapsed_ms":2619.297531,"event":"progress","stage":"validating","total":38}
{"completed":0,"elapsed_ms":2952.409183,"event":"progress","stage":"validating","total":38}
{"completed":0,"elapsed_ms":3259.137684,"event":"progress","stage":"validating","total":38}
{"completed":0,"elapsed_ms":3602.695939,"event":"progress","stage":"validating","total":38}
{"completed":0,"elapsed_ms":3962.94169,"event":"progress","stage":"validating","total":38}
{"completed":0,"elapsed_ms":4323.11248,"event":"progress","stage":"validating","total":38}
{"completed":0,"elapsed_ms":4676.903144,"event":"progress","stage":"validating","total":38}
{"completed":0,"elapsed_ms":5055.223229,"event":"progress","stage":"validating","total":38}
{"completed":0,"elapsed_ms":5414.138999,"event":"progress","stage":"validating","total":38}
{"completed":0,"elapsed_ms":5787.985047,"event":"progress","stage":"validating","total":38}
{"completed":0,"elapsed_ms":6180.96502,"event":"progress","stage":"validating","total":38}
{"completed":0,"elapsed_ms":6560.372939,"event":"progress","stage":"validating","total":38}
{"completed":0,"elapsed_ms":6962.219291,"event":"progress","stage":"validating","total":38}
{"completed":0,"elapsed_ms":7347.880046,"event":"progress","stage":"validating","total":38}
{"completed":0,"elapsed_ms":7727.744086,"event":"progress","stage":"validating","total":38}
{"completed":0,"elapsed_ms":8109.989352,"event":"progress","stage":"validating","total":38}
{"completed":0,"elapsed_ms":8497.07153,"event":"progress","stage":"validating","total":38}
{"completed":0,"elapsed_ms":8873.811411,"event":"progress","stage":"validating","total":38}
{"completed":0,"elapsed_ms":9249.718731,"event":"progress","stage":"validating","total":38}
{"completed":0,"elapsed_ms":9625.051426,"event":"progress","stage":"validating","total":38}
{"completed":0,"elapsed_ms":9983.846238,"event":"progress","stage":"validating","total":38}
{"completed":0,"elapsed_ms":10351.935878,"event":"progress","stage":"validating","total":38}
{"completed":0,"elapsed_ms":10709.129967,"event":"progress","stage":"validating","total":38}
{"completed":0,"elapsed_ms":11089.399012,"event":"progress","stage":"validating","total":38}
{"completed":0,"elapsed_ms":11463.501805,"event":"progress","stage":"validating","total":38}
{"completed":0,"elapsed_ms":11822.968695,"event":"progress","stage":"validating","total":38}
{"completed":0,"elapsed_ms":12206.72812,"event":"progress","stage":"validating","total":38}
{"completed":0,"elapsed_ms":12470.332132,"event":"progress","stage":"validating","total":38}
{"completed":0,"elapsed_ms":12471.602511,"event":"progress","stage":"validating","total":38}
[libx264 @ 0x1f560580] using cpu capabilities: MMX2 SSE2Fast SSSE3 SSE4.2 AVX FMA3 BMI2 AVX2 AVX512
[libx264 @ 0x1f560580] profile High, level 1.0, 4:2:0, 8-bit
[libx264 @ 0x1f560580] 264 - core 165 r3222 b35605a - H.264/MPEG-4 AVC codec - Copyleft 2003-2025 - http://www.videolan.org/x264.html - options: cabac=1 ref=2 deblock=1:0:0 analyse=0x3:0x113 me=hex subme=6 psy=1 psy_rd=1.00:0.00 mixed_ref=1 me_range=16 chroma_me=1 trellis=1 8x8dct=1 cqm=0 deadzone=21,11 fast_pskip=1 chroma_qp_offset=-2 threads=4 lookahead_threads=1 sliced_threads=0 nr=0 decimate=1 interlaced=0 bluray_compat=0 constrained_intra=0 bframes=0 weightp=1 keyint=250 keyint_min=8 scenecut=40 intra_refresh=0 rc_lookahead=30 rc=crf mbtree=1 crf=18.0 qcomp=0.60 qpmin=0 qpmax=69 qpstep=4 ip_ratio=1.40 aq=1:1.00
[mp4 @ 0x1f719240] Starting second pass: moving the moov atom to the beginning of the file
[libx264 @ 0x1f560580] frame I:1     Avg QP:18.55  size:  1174
[libx264 @ 0x1f560580] frame P:7     Avg QP:18.87  size:   699
[libx264 @ 0x1f560580] mb I  I16..4:  0.0% 90.0% 10.0%
[libx264 @ 0x1f560580] mb P  I16..4:  0.0%  6.4%  2.5%  P16..4: 36.4% 35.4% 18.2%  0.0%  0.0%    skip: 1.1%
[libx264 @ 0x1f560580] 8x8 transform intra:83.1% inter:59.0%
[libx264 @ 0x1f560580] coded y,uvDC,uvAC intra: 95.8% 67.7% 18.5% inter: 65.4% 28.6% 2.7%
[libx264 @ 0x1f560580] i8 v,h,dc,ddl,ddr,vr,hd,vl,hu: 25% 15% 14%  4%  6% 25%  3%  3%  5%
[libx264 @ 0x1f560580] i4 v,h,dc,ddl,ddr,vr,hd,vl,hu: 52% 13%  7%  3%  2%  7%  6%  6%  4%
[libx264 @ 0x1f560580] i8c dc,h,v,p: 62% 26% 11%  2%
[libx264 @ 0x1f560580] Weighted P-Frames: Y:14.3% UV:0.0%
[libx264 @ 0x1f560580] ref P L0: 79.1% 20.9%
[libx264 @ 0x1f560580] kb/s:48.54
{"completed":1,"elapsed_ms":12759.926624,"event":"progress","stage":"encoding","total":38}
overwrite built-in layer type Swish
{"completed":2,"elapsed_ms":13619.486255,"event":"progress","stage":"sampling","total":38}
{"completed":3,"elapsed_ms":13619.999655,"event":"progress","stage":"projecting","total":38}
overwrite built-in layer type Swish
{"completed":4,"elapsed_ms":13636.92502,"event":"progress","stage":"block-00","total":38}
overwrite built-in layer type Swish
overwrite built-in layer type RMSNorm
overwrite built-in layer type InnerProduct
{"completed":5,"elapsed_ms":14175.02092,"event":"progress","stage":"block-01","total":38}
overwrite built-in layer type Swish
overwrite built-in layer type RMSNorm
overwrite built-in layer type InnerProduct
{"completed":6,"elapsed_ms":14672.373939,"event":"progress","stage":"block-02","total":38}
overwrite built-in layer type Swish
overwrite built-in layer type RMSNorm
overwrite built-in layer type InnerProduct
{"completed":7,"elapsed_ms":15177.4033,"event":"progress","stage":"block-03","total":38}
overwrite built-in layer type Swish
overwrite built-in layer type RMSNorm
overwrite built-in layer type InnerProduct
{"completed":8,"elapsed_ms":15684.558625,"event":"progress","stage":"block-04","total":38}
overwrite built-in layer type Swish
overwrite built-in layer type RMSNorm
overwrite built-in layer type InnerProduct
{"completed":9,"elapsed_ms":16169.436951,"event":"progress","stage":"block-05","total":38}
overwrite built-in layer type Swish
overwrite built-in layer type RMSNorm
overwrite built-in layer type InnerProduct
{"completed":10,"elapsed_ms":16613.14058,"event":"progress","stage":"block-06","total":38}
overwrite built-in layer type Swish
overwrite built-in layer type RMSNorm
overwrite built-in layer type InnerProduct
{"completed":11,"elapsed_ms":17039.416255,"event":"progress","stage":"block-07","total":38}
overwrite built-in layer type Swish
overwrite built-in layer type RMSNorm
overwrite built-in layer type InnerProduct
{"completed":12,"elapsed_ms":17523.754531,"event":"progress","stage":"block-08","total":38}
overwrite built-in layer type Swish
overwrite built-in layer type RMSNorm
overwrite built-in layer type InnerProduct
{"completed":13,"elapsed_ms":18005.110618,"event":"progress","stage":"block-09","total":38}
overwrite built-in layer type Swish
overwrite built-in layer type RMSNorm
overwrite built-in layer type InnerProduct
{"completed":14,"elapsed_ms":18511.241459,"event":"progress","stage":"block-10","total":38}
overwrite built-in layer type Swish
overwrite built-in layer type RMSNorm
overwrite built-in layer type InnerProduct
{"completed":15,"elapsed_ms":19013.364042,"event":"progress","stage":"block-11","total":38}
overwrite built-in layer type Swish
overwrite built-in layer type RMSNorm
overwrite built-in layer type InnerProduct
{"completed":16,"elapsed_ms":19527.789473,"event":"progress","stage":"block-12","total":38}
overwrite built-in layer type Swish
overwrite built-in layer type RMSNorm
overwrite built-in layer type InnerProduct
{"completed":17,"elapsed_ms":20054.356657,"event":"progress","stage":"block-13","total":38}
overwrite built-in layer type Swish
overwrite built-in layer type RMSNorm
overwrite built-in layer type InnerProduct
{"completed":18,"elapsed_ms":20542.852133,"event":"progress","stage":"block-14","total":38}
overwrite built-in layer type Swish
overwrite built-in layer type RMSNorm
overwrite built-in layer type InnerProduct
{"completed":19,"elapsed_ms":21012.028263,"event":"progress","stage":"block-15","total":38}
overwrite built-in layer type Swish
overwrite built-in layer type RMSNorm
overwrite built-in layer type InnerProduct
{"completed":20,"elapsed_ms":21504.093007,"event":"progress","stage":"block-16","total":38}
overwrite built-in layer type Swish
overwrite built-in layer type RMSNorm
overwrite built-in layer type InnerProduct
{"completed":21,"elapsed_ms":22008.433518,"event":"progress","stage":"block-17","total":38}
overwrite built-in layer type Swish
overwrite built-in layer type RMSNorm
overwrite built-in layer type InnerProduct
{"completed":22,"elapsed_ms":22532.524537,"event":"progress","stage":"block-18","total":38}
overwrite built-in layer type Swish
overwrite built-in layer type RMSNorm
overwrite built-in layer type InnerProduct
{"completed":23,"elapsed_ms":23060.70629,"event":"progress","stage":"block-19","total":38}
overwrite built-in layer type Swish
overwrite built-in layer type RMSNorm
overwrite built-in layer type InnerProduct
{"completed":24,"elapsed_ms":23589.154937,"event":"progress","stage":"block-20","total":38}
overwrite built-in layer type Swish
overwrite built-in layer type RMSNorm
overwrite built-in layer type InnerProduct
{"completed":25,"elapsed_ms":24131.646196,"event":"progress","stage":"block-21","total":38}
overwrite built-in layer type Swish
overwrite built-in layer type RMSNorm
overwrite built-in layer type InnerProduct
{"completed":26,"elapsed_ms":24617.55607,"event":"progress","stage":"block-22","total":38}
overwrite built-in layer type Swish
overwrite built-in layer type RMSNorm
overwrite built-in layer type InnerProduct
{"completed":27,"elapsed_ms":25134.276233,"event":"progress","stage":"block-23","total":38}
overwrite built-in layer type Swish
overwrite built-in layer type RMSNorm
overwrite built-in layer type InnerProduct
{"completed":28,"elapsed_ms":25614.098774,"event":"progress","stage":"block-24","total":38}
overwrite built-in layer type Swish
overwrite built-in layer type RMSNorm
overwrite built-in layer type InnerProduct
{"completed":29,"elapsed_ms":26098.700067,"event":"progress","stage":"block-25","total":38}
overwrite built-in layer type Swish
overwrite built-in layer type RMSNorm
overwrite built-in layer type InnerProduct
{"completed":30,"elapsed_ms":26569.617044,"event":"progress","stage":"block-26","total":38}
overwrite built-in layer type Swish
overwrite built-in layer type RMSNorm
overwrite built-in layer type InnerProduct
{"completed":31,"elapsed_ms":27054.90286,"event":"progress","stage":"block-27","total":38}
overwrite built-in layer type Swish
overwrite built-in layer type RMSNorm
overwrite built-in layer type InnerProduct
{"completed":32,"elapsed_ms":27560.48771,"event":"progress","stage":"block-28","total":38}
overwrite built-in layer type Swish
overwrite built-in layer type RMSNorm
overwrite built-in layer type InnerProduct
{"completed":33,"elapsed_ms":28068.109736,"event":"progress","stage":"block-29","total":38}
overwrite built-in layer type Swish
overwrite built-in layer type RMSNorm
overwrite built-in layer type InnerProduct
{"completed":34,"elapsed_ms":28569.567123,"event":"progress","stage":"block-30","total":38}
overwrite built-in layer type Swish
overwrite built-in layer type RMSNorm
overwrite built-in layer type InnerProduct
{"completed":35,"elapsed_ms":29091.285533,"event":"progress","stage":"block-31","total":38}
overwrite built-in layer type Swish
overwrite built-in layer type RMSNorm
overwrite built-in layer type InnerProduct
{"completed":36,"elapsed_ms":29500.439883,"event":"progress","stage":"denoising","total":38}
overwrite built-in layer type Swish
{"completed":37,"elapsed_ms":29539.911104,"event":"progress","stage":"decoding","total":38}
overwrite built-in layer type Swish
[libx264 @ 0x3865a440] using cpu capabilities: MMX2 SSE2Fast SSSE3 SSE4.2 AVX FMA3 BMI2 AVX2 AVX512
[libx264 @ 0x3865a440] profile High, level 1.0, 4:2:0, 8-bit
[libx264 @ 0x3865a440] 264 - core 165 r3222 b35605a - H.264/MPEG-4 AVC codec - Copyleft 2003-2025 - http://www.videolan.org/x264.html - options: cabac=1 ref=2 deblock=1:0:0 analyse=0x3:0x113 me=hex subme=6 psy=1 psy_rd=1.00:0.00 mixed_ref=1 me_range=16 chroma_me=1 trellis=1 8x8dct=1 cqm=0 deadzone=21,11 fast_pskip=1 chroma_qp_offset=-2 threads=4 lookahead_threads=1 sliced_threads=0 nr=0 decimate=1 interlaced=0 bluray_compat=0 constrained_intra=0 bframes=0 weightp=1 keyint=250 keyint_min=8 scenecut=40 intra_refresh=0 rc_lookahead=30 rc=crf mbtree=1 crf=18.0 qcomp=0.60 qpmin=0 qpmax=69 qpstep=4 ip_ratio=1.40 aq=1:1.00
[mp4 @ 0x3870dfc0] Starting second pass: moving the moov atom to the beginning of the file
[libx264 @ 0x3865a440] frame I:1     Avg QP:20.90  size:  1780
[libx264 @ 0x3865a440] frame P:7     Avg QP:19.90  size:  1398
[libx264 @ 0x3865a440] mb I  I16..4:  0.0% 67.5% 32.5%
[libx264 @ 0x3865a440] mb P  I16..4:  0.0% 11.1% 16.1%  P16..4: 23.9% 30.7% 12.5%  0.0%  0.0%    skip: 5.7%
[libx264 @ 0x3865a440] 8x8 transform intra:50.0% inter:55.3%
[libx264 @ 0x3865a440] coded y,uvDC,uvAC intra: 99.1% 95.7% 56.9% inter: 73.2% 51.0% 1.5%
[libx264 @ 0x3865a440] i8 v,h,dc,ddl,ddr,vr,hd,vl,hu: 16% 12% 16%  5%  5% 25%  4%  5% 11%
[libx264 @ 0x3865a440] i4 v,h,dc,ddl,ddr,vr,hd,vl,hu: 35%  8%  8%  4%  8% 20%  4%  7%  5%
[libx264 @ 0x3865a440] i8c dc,h,v,p: 51% 22% 23%  3%
[libx264 @ 0x3865a440] Weighted P-Frames: Y:42.9% UV:0.0%
[libx264 @ 0x3865a440] ref P L0: 87.5% 12.5%
[libx264 @ 0x3865a440] kb/s:92.53
{"completed":38,"elapsed_ms":30660.485128,"event":"progress","stage":"completed","total":38}
