[0 NVIDIA GeForce RTX 4060 Laptop GPU]  queueC=2[8]  queueT=1[2]  rebar=1  r-score=76
[0 NVIDIA GeForce RTX 4060 Laptop GPU]  fp16-p/s/u/a=1/1/1/1  int8-p/s/u/a=1/1/1/1  bf16-p/s=1/1
[0 NVIDIA GeForce RTX 4060 Laptop GPU]  subgroup=32(32~32)  ops=1/1/1/1/1/1/1/1/1/1
[0 NVIDIA GeForce RTX 4060 Laptop GPU]  fp16-cm=16x16x16/16x8x16/16x8x8  int8-cm=16x16x32/16x8x32  bf16-cm=16x16x16  fp8-cm=16x16x32  fp6-cm=0  fp4-cm=0
[1 llvmpipe (LLVM 22.1.8, 256 bits)]  queueC=0[1]  queueT=0[1]  rebar=1  r-score=14
[1 llvmpipe (LLVM 22.1.8, 256 bits)]  fp16-p/s/u/a=1/1/1/1  int8-p/s/u/a=1/1/1/1  bf16-p/s=1/0
[1 llvmpipe (LLVM 22.1.8, 256 bits)]  subgroup=8(8~8)  ops=1/1/1/1/1/1/1/1/1/1
[1 llvmpipe (LLVM 22.1.8, 256 bits)]  fp16-cm=8x8x8  int8-cm=8x8x8  bf16-cm=0  fp8-cm=0  fp6-cm=0  fp4-cm=0
[2 llvmpipe (LLVM 17.0.6, 256 bits)]  queueC=0[1]  queueT=0[1]  rebar=1  r-score=4
[2 llvmpipe (LLVM 17.0.6, 256 bits)]  fp16-p/s/u/a=1/1/1/1  int8-p/s/u/a=1/1/1/1  bf16-p/s=1/0
[2 llvmpipe (LLVM 17.0.6, 256 bits)]  subgroup=8(8~8)  ops=1/1/1/1/1/1/0/1/0/0
[2 llvmpipe (LLVM 17.0.6, 256 bits)]  fp16-cm=0  int8-cm=0  bf16-cm=0  fp8-cm=0  fp6-cm=0  fp4-cm=0
{"completed":0,"elapsed_ms":272.320113,"event":"progress","stage":"validating","total":38}
{"completed":0,"elapsed_ms":277.731938,"event":"progress","stage":"validating","total":38}
{"completed":0,"elapsed_ms":451.80124,"event":"progress","stage":"validating","total":38}
{"completed":0,"elapsed_ms":760.325189,"event":"progress","stage":"validating","total":38}
{"completed":0,"elapsed_ms":1079.206518,"event":"progress","stage":"validating","total":38}
{"completed":0,"elapsed_ms":1390.727314,"event":"progress","stage":"validating","total":38}
{"completed":0,"elapsed_ms":1697.107036,"event":"progress","stage":"validating","total":38}
{"completed":0,"elapsed_ms":2012.275156,"event":"progress","stage":"validating","total":38}
{"completed":0,"elapsed_ms":2340.583879,"event":"progress","stage":"validating","total":38}
{"completed":0,"elapsed_ms":2665.255678,"event":"progress","stage":"validating","total":38}
{"completed":0,"elapsed_ms":2982.462797,"event":"progress","stage":"validating","total":38}
{"completed":0,"elapsed_ms":3311.625402,"event":"progress","stage":"validating","total":38}
{"completed":0,"elapsed_ms":3626.752696,"event":"progress","stage":"validating","total":38}
{"completed":0,"elapsed_ms":3941.617533,"event":"progress","stage":"validating","total":38}
{"completed":0,"elapsed_ms":4256.591357,"event":"progress","stage":"validating","total":38}
{"completed":0,"elapsed_ms":4574.597754,"event":"progress","stage":"validating","total":38}
{"completed":0,"elapsed_ms":4887.374842,"event":"progress","stage":"validating","total":38}
{"completed":0,"elapsed_ms":5205.511415,"event":"progress","stage":"validating","total":38}
{"completed":0,"elapsed_ms":5520.192816,"event":"progress","stage":"validating","total":38}
{"completed":0,"elapsed_ms":5854.563121,"event":"progress","stage":"validating","total":38}
{"completed":0,"elapsed_ms":6164.129758,"event":"progress","stage":"validating","total":38}
{"completed":0,"elapsed_ms":6499.920495,"event":"progress","stage":"validating","total":38}
{"completed":0,"elapsed_ms":6812.000807,"event":"progress","stage":"validating","total":38}
{"completed":0,"elapsed_ms":7122.311137,"event":"progress","stage":"validating","total":38}
{"completed":0,"elapsed_ms":7430.614831,"event":"progress","stage":"validating","total":38}
{"completed":0,"elapsed_ms":7739.891581,"event":"progress","stage":"validating","total":38}
{"completed":0,"elapsed_ms":8079.13282,"event":"progress","stage":"validating","total":38}
{"completed":0,"elapsed_ms":8383.519259,"event":"progress","stage":"validating","total":38}
{"completed":0,"elapsed_ms":8697.044378,"event":"progress","stage":"validating","total":38}
{"completed":0,"elapsed_ms":9026.989931,"event":"progress","stage":"validating","total":38}
{"completed":0,"elapsed_ms":9345.102539,"event":"progress","stage":"validating","total":38}
{"completed":0,"elapsed_ms":9667.510746,"event":"progress","stage":"validating","total":38}
{"completed":0,"elapsed_ms":9987.109609,"event":"progress","stage":"validating","total":38}
{"completed":0,"elapsed_ms":10320.028695,"event":"progress","stage":"validating","total":38}
{"completed":0,"elapsed_ms":10649.004848,"event":"progress","stage":"validating","total":38}
{"completed":0,"elapsed_ms":10862.283118,"event":"progress","stage":"validating","total":38}
{"completed":0,"elapsed_ms":10863.546923,"event":"progress","stage":"validating","total":38}
[libx264 @ 0x26ad640] using cpu capabilities: MMX2 SSE2Fast SSSE3 SSE4.2 AVX FMA3 BMI2 AVX2 AVX512
[libx264 @ 0x26ad640] profile High, level 1.0, 4:2:0, 8-bit
[libx264 @ 0x26ad640] 264 - core 165 r3222 b35605a - H.264/MPEG-4 AVC codec - Copyleft 2003-2025 - http://www.videolan.org/x264.html - options: cabac=1 ref=2 deblock=1:0:0 analyse=0x3:0x113 me=hex subme=6 psy=1 psy_rd=1.00:0.00 mixed_ref=1 me_range=16 chroma_me=1 trellis=1 8x8dct=1 cqm=0 deadzone=21,11 fast_pskip=1 chroma_qp_offset=-2 threads=4 lookahead_threads=1 sliced_threads=0 nr=0 decimate=1 interlaced=0 bluray_compat=0 constrained_intra=0 bframes=0 weightp=1 keyint=250 keyint_min=8 scenecut=40 intra_refresh=0 rc_lookahead=30 rc=crf mbtree=1 crf=18.0 qcomp=0.60 qpmin=0 qpmax=69 qpstep=4 ip_ratio=1.40 aq=1:1.00
[mp4 @ 0x25b0ec0] Starting second pass: moving the moov atom to the beginning of the file
[libx264 @ 0x26ad640] frame I:1     Avg QP:18.55  size:  1174
[libx264 @ 0x26ad640] frame P:8     Avg QP:18.89  size:   723
[libx264 @ 0x26ad640] mb I  I16..4:  0.0% 90.0% 10.0%
[libx264 @ 0x26ad640] mb P  I16..4:  0.0%  8.1%  1.9%  P16..4: 35.0% 35.3% 17.8%  0.0%  0.0%    skip: 1.9%
[libx264 @ 0x26ad640] 8x8 transform intra:86.1% inter:62.1%
[libx264 @ 0x26ad640] coded y,uvDC,uvAC intra: 96.5% 72.2% 22.2% inter: 67.7% 32.6% 1.4%
[libx264 @ 0x26ad640] i8 v,h,dc,ddl,ddr,vr,hd,vl,hu: 28% 15% 13%  3%  6% 23%  3%  3%  5%
[libx264 @ 0x26ad640] i4 v,h,dc,ddl,ddr,vr,hd,vl,hu: 46% 18% 10%  2%  4%  7%  5%  4%  4%
[libx264 @ 0x26ad640] i8c dc,h,v,p: 64% 22% 12%  1%
[libx264 @ 0x26ad640] Weighted P-Frames: Y:12.5% UV:0.0%
[libx264 @ 0x26ad640] ref P L0: 80.1% 19.9%
[libx264 @ 0x26ad640] kb/s:49.49
{"completed":1,"elapsed_ms":11175.091915,"event":"progress","stage":"encoding","total":38}
overwrite built-in layer type Swish
{"completed":2,"elapsed_ms":11983.487689,"event":"progress","stage":"sampling","total":38}
{"completed":3,"elapsed_ms":11984.00222,"event":"progress","stage":"projecting","total":38}
overwrite built-in layer type Swish
{"completed":4,"elapsed_ms":12002.118054,"event":"progress","stage":"block-00","total":38}
overwrite built-in layer type Swish
overwrite built-in layer type RMSNorm
overwrite built-in layer type InnerProduct
{"completed":5,"elapsed_ms":12537.169692,"event":"progress","stage":"block-01","total":38}
overwrite built-in layer type Swish
overwrite built-in layer type RMSNorm
overwrite built-in layer type InnerProduct
{"completed":6,"elapsed_ms":13005.46778,"event":"progress","stage":"block-02","total":38}
overwrite built-in layer type Swish
overwrite built-in layer type RMSNorm
overwrite built-in layer type InnerProduct
{"completed":7,"elapsed_ms":13436.334936,"event":"progress","stage":"block-03","total":38}
overwrite built-in layer type Swish
overwrite built-in layer type RMSNorm
overwrite built-in layer type InnerProduct
{"completed":8,"elapsed_ms":13871.060795,"event":"progress","stage":"block-04","total":38}
overwrite built-in layer type Swish
overwrite built-in layer type RMSNorm
overwrite built-in layer type InnerProduct
{"completed":9,"elapsed_ms":14309.655978,"event":"progress","stage":"block-05","total":38}
overwrite built-in layer type Swish
overwrite built-in layer type RMSNorm
overwrite built-in layer type InnerProduct
{"completed":10,"elapsed_ms":14744.700849,"event":"progress","stage":"block-06","total":38}
overwrite built-in layer type Swish
overwrite built-in layer type RMSNorm
overwrite built-in layer type InnerProduct
{"completed":11,"elapsed_ms":15167.912636,"event":"progress","stage":"block-07","total":38}
overwrite built-in layer type Swish
overwrite built-in layer type RMSNorm
overwrite built-in layer type InnerProduct
{"completed":12,"elapsed_ms":15610.430222,"event":"progress","stage":"block-08","total":38}
overwrite built-in layer type Swish
overwrite built-in layer type RMSNorm
overwrite built-in layer type InnerProduct
{"completed":13,"elapsed_ms":16086.363923,"event":"progress","stage":"block-09","total":38}
overwrite built-in layer type Swish
overwrite built-in layer type RMSNorm
overwrite built-in layer type InnerProduct
{"completed":14,"elapsed_ms":16551.420673,"event":"progress","stage":"block-10","total":38}
overwrite built-in layer type Swish
overwrite built-in layer type RMSNorm
overwrite built-in layer type InnerProduct
{"completed":15,"elapsed_ms":17021.833382,"event":"progress","stage":"block-11","total":38}
overwrite built-in layer type Swish
overwrite built-in layer type RMSNorm
overwrite built-in layer type InnerProduct
{"completed":16,"elapsed_ms":17484.292369,"event":"progress","stage":"block-12","total":38}
overwrite built-in layer type Swish
overwrite built-in layer type RMSNorm
overwrite built-in layer type InnerProduct
{"completed":17,"elapsed_ms":17940.981835,"event":"progress","stage":"block-13","total":38}
overwrite built-in layer type Swish
overwrite built-in layer type RMSNorm
overwrite built-in layer type InnerProduct
{"completed":18,"elapsed_ms":18395.831629,"event":"progress","stage":"block-14","total":38}
overwrite built-in layer type Swish
overwrite built-in layer type RMSNorm
overwrite built-in layer type InnerProduct
{"completed":19,"elapsed_ms":18837.513909,"event":"progress","stage":"block-15","total":38}
overwrite built-in layer type Swish
overwrite built-in layer type RMSNorm
overwrite built-in layer type InnerProduct
{"completed":20,"elapsed_ms":19273.374631,"event":"progress","stage":"block-16","total":38}
overwrite built-in layer type Swish
overwrite built-in layer type RMSNorm
overwrite built-in layer type InnerProduct
{"completed":21,"elapsed_ms":19693.506724,"event":"progress","stage":"block-17","total":38}
overwrite built-in layer type Swish
overwrite built-in layer type RMSNorm
overwrite built-in layer type InnerProduct
{"completed":22,"elapsed_ms":20110.245131,"event":"progress","stage":"block-18","total":38}
overwrite built-in layer type Swish
overwrite built-in layer type RMSNorm
overwrite built-in layer type InnerProduct
{"completed":23,"elapsed_ms":20541.5218,"event":"progress","stage":"block-19","total":38}
overwrite built-in layer type Swish
overwrite built-in layer type RMSNorm
overwrite built-in layer type InnerProduct
{"completed":24,"elapsed_ms":20985.601766,"event":"progress","stage":"block-20","total":38}
overwrite built-in layer type Swish
overwrite built-in layer type RMSNorm
overwrite built-in layer type InnerProduct
{"completed":25,"elapsed_ms":21447.766787,"event":"progress","stage":"block-21","total":38}
overwrite built-in layer type Swish
overwrite built-in layer type RMSNorm
overwrite built-in layer type InnerProduct
{"completed":26,"elapsed_ms":21908.375952,"event":"progress","stage":"block-22","total":38}
overwrite built-in layer type Swish
overwrite built-in layer type RMSNorm
overwrite built-in layer type InnerProduct
{"completed":27,"elapsed_ms":22370.501269,"event":"progress","stage":"block-23","total":38}
overwrite built-in layer type Swish
overwrite built-in layer type RMSNorm
overwrite built-in layer type InnerProduct
{"completed":28,"elapsed_ms":22827.810656,"event":"progress","stage":"block-24","total":38}
overwrite built-in layer type Swish
overwrite built-in layer type RMSNorm
overwrite built-in layer type InnerProduct
{"completed":29,"elapsed_ms":23303.083629,"event":"progress","stage":"block-25","total":38}
overwrite built-in layer type Swish
overwrite built-in layer type RMSNorm
overwrite built-in layer type InnerProduct
{"completed":30,"elapsed_ms":23743.316493,"event":"progress","stage":"block-26","total":38}
overwrite built-in layer type Swish
overwrite built-in layer type RMSNorm
overwrite built-in layer type InnerProduct
{"completed":31,"elapsed_ms":24182.823678,"event":"progress","stage":"block-27","total":38}
overwrite built-in layer type Swish
overwrite built-in layer type RMSNorm
overwrite built-in layer type InnerProduct
{"completed":32,"elapsed_ms":24619.944918,"event":"progress","stage":"block-28","total":38}
overwrite built-in layer type Swish
overwrite built-in layer type RMSNorm
overwrite built-in layer type InnerProduct
{"completed":33,"elapsed_ms":25040.871912,"event":"progress","stage":"block-29","total":38}
overwrite built-in layer type Swish
overwrite built-in layer type RMSNorm
overwrite built-in layer type InnerProduct
{"completed":34,"elapsed_ms":25476.339822,"event":"progress","stage":"block-30","total":38}
overwrite built-in layer type Swish
overwrite built-in layer type RMSNorm
overwrite built-in layer type InnerProduct
{"completed":35,"elapsed_ms":25949.771159,"event":"progress","stage":"block-31","total":38}
overwrite built-in layer type Swish
overwrite built-in layer type RMSNorm
overwrite built-in layer type InnerProduct
{"completed":36,"elapsed_ms":26295.912933,"event":"progress","stage":"denoising","total":38}
overwrite built-in layer type Swish
{"completed":37,"elapsed_ms":26336.685653,"event":"progress","stage":"decoding","total":38}
overwrite built-in layer type Swish
[libx264 @ 0x299bcc0] using cpu capabilities: MMX2 SSE2Fast SSSE3 SSE4.2 AVX FMA3 BMI2 AVX2 AVX512
[libx264 @ 0x299bcc0] profile High, level 1.0, 4:2:0, 8-bit
[libx264 @ 0x299bcc0] 264 - core 165 r3222 b35605a - H.264/MPEG-4 AVC codec - Copyleft 2003-2025 - http://www.videolan.org/x264.html - options: cabac=1 ref=2 deblock=1:0:0 analyse=0x3:0x113 me=hex subme=6 psy=1 psy_rd=1.00:0.00 mixed_ref=1 me_range=16 chroma_me=1 trellis=1 8x8dct=1 cqm=0 deadzone=21,11 fast_pskip=1 chroma_qp_offset=-2 threads=4 lookahead_threads=1 sliced_threads=0 nr=0 decimate=1 interlaced=0 bluray_compat=0 constrained_intra=0 bframes=0 weightp=1 keyint=250 keyint_min=8 scenecut=40 intra_refresh=0 rc_lookahead=30 rc=crf mbtree=1 crf=18.0 qcomp=0.60 qpmin=0 qpmax=69 qpstep=4 ip_ratio=1.40 aq=1:1.00
[mp4 @ 0x5967280] Starting second pass: moving the moov atom to the beginning of the file
[libx264 @ 0x299bcc0] frame I:1     Avg QP:20.92  size:  1815
[libx264 @ 0x299bcc0] frame P:8     Avg QP:20.02  size:  1453
[libx264 @ 0x299bcc0] mb I  I16..4:  2.5% 52.5% 45.0%
[libx264 @ 0x299bcc0] mb P  I16..4:  0.0% 13.8% 18.4%  P16..4: 19.4% 26.9% 16.9%  0.0%  0.0%    skip: 4.7%
[libx264 @ 0x299bcc0] 8x8 transform intra:45.5% inter:56.6%
[libx264 @ 0x299bcc0] coded y,uvDC,uvAC intra: 97.7% 93.0% 49.7% inter: 74.9% 55.3% 0.9%
[libx264 @ 0x299bcc0] i16 v,h,dc,p:  0%  0%  0% 100%
[libx264 @ 0x299bcc0] i8 v,h,dc,ddl,ddr,vr,hd,vl,hu: 19% 13% 18%  2%  6% 20%  5%  5% 12%
[libx264 @ 0x299bcc0] i4 v,h,dc,ddl,ddr,vr,hd,vl,hu: 33% 12%  9%  3%  7% 15%  5% 10%  7%
[libx264 @ 0x299bcc0] i8c dc,h,v,p: 50% 20% 23%  6%
[libx264 @ 0x299bcc0] Weighted P-Frames: Y:25.0% UV:0.0%
[libx264 @ 0x299bcc0] ref P L0: 89.0% 11.0%
[libx264 @ 0x299bcc0] kb/s:95.56
{"completed":38,"elapsed_ms":27824.968236,"event":"progress","stage":"completed","total":38}
