[0 NVIDIA GeForce RTX 4060 Laptop GPU]  queueC=2[8]  queueT=1[2]  rebar=1  r-score=76
[0 NVIDIA GeForce RTX 4060 Laptop GPU]  fp16-p/s/u/a=1/1/1/1  int8-p/s/u/a=1/1/1/1  bf16-p/s=1/1
[0 NVIDIA GeForce RTX 4060 Laptop GPU]  subgroup=32(32~32)  ops=1/1/1/1/1/1/1/1/1/1
[0 NVIDIA GeForce RTX 4060 Laptop GPU]  fp16-cm=16x16x16/16x8x16/16x8x8  int8-cm=16x16x32/16x8x32  bf16-cm=16x16x16  fp8-cm=16x16x32  fp6-cm=0  fp4-cm=0
[1 llvmpipe (LLVM 22.1.8, 256 bits)]  queueC=0[1]  queueT=0[1]  rebar=1  r-score=14
[1 llvmpipe (LLVM 22.1.8, 256 bits)]  fp16-p/s/u/a=1/1/1/1  int8-p/s/u/a=1/1/1/1  bf16-p/s=1/0
[1 llvmpipe (LLVM 22.1.8, 256 bits)]  subgroup=8(8~8)  ops=1/1/1/1/1/1/1/1/1/1
[1 llvmpipe (LLVM 22.1.8, 256 bits)]  fp16-cm=8x8x8  int8-cm=8x8x8  bf16-cm=0  fp8-cm=0  fp6-cm=0  fp4-cm=0
[2 llvmpipe (LLVM 17.0.6, 256 bits)]  queueC=0[1]  queueT=0[1]  rebar=1  r-score=4
[2 llvmpipe (LLVM 17.0.6, 256 bits)]  fp16-p/s/u/a=1/1/1/1  int8-p/s/u/a=1/1/1/1  bf16-p/s=1/0
[2 llvmpipe (LLVM 17.0.6, 256 bits)]  subgroup=8(8~8)  ops=1/1/1/1/1/1/0/1/0/0
[2 llvmpipe (LLVM 17.0.6, 256 bits)]  fp16-cm=0  int8-cm=0  bf16-cm=0  fp8-cm=0  fp6-cm=0  fp4-cm=0
{"completed":0,"elapsed_ms":252.551039,"event":"progress","stage":"validating","total":38}
{"completed":0,"elapsed_ms":259.283449,"event":"progress","stage":"validating","total":38}
{"completed":0,"elapsed_ms":511.464069,"event":"progress","stage":"validating","total":38}
{"completed":0,"elapsed_ms":877.181372,"event":"progress","stage":"validating","total":38}
{"completed":0,"elapsed_ms":1219.808712,"event":"progress","stage":"validating","total":38}
{"completed":0,"elapsed_ms":1565.687551,"event":"progress","stage":"validating","total":38}
{"completed":0,"elapsed_ms":1922.222368,"event":"progress","stage":"validating","total":38}
{"completed":0,"elapsed_ms":2295.056107,"event":"progress","stage":"validating","total":38}
{"completed":0,"elapsed_ms":2671.265679,"event":"progress","stage":"validating","total":38}
{"completed":0,"elapsed_ms":3004.624089,"event":"progress","stage":"validating","total":38}
{"completed":0,"elapsed_ms":3315.178226,"event":"progress","stage":"validating","total":38}
{"completed":0,"elapsed_ms":3654.792828,"event":"progress","stage":"validating","total":38}
{"completed":0,"elapsed_ms":4011.9657,"event":"progress","stage":"validating","total":38}
{"completed":0,"elapsed_ms":4359.952789,"event":"progress","stage":"validating","total":38}
{"completed":0,"elapsed_ms":4702.593865,"event":"progress","stage":"validating","total":38}
{"completed":0,"elapsed_ms":5062.556283,"event":"progress","stage":"validating","total":38}
{"completed":0,"elapsed_ms":5416.259013,"event":"progress","stage":"validating","total":38}
{"completed":0,"elapsed_ms":5799.694738,"event":"progress","stage":"validating","total":38}
{"completed":0,"elapsed_ms":6177.9063,"event":"progress","stage":"validating","total":38}
{"completed":0,"elapsed_ms":6563.974535,"event":"progress","stage":"validating","total":38}
{"completed":0,"elapsed_ms":6959.050677,"event":"progress","stage":"validating","total":38}
{"completed":0,"elapsed_ms":7330.358735,"event":"progress","stage":"validating","total":38}
{"completed":0,"elapsed_ms":7690.205976,"event":"progress","stage":"validating","total":38}
{"completed":0,"elapsed_ms":8061.090575,"event":"progress","stage":"validating","total":38}
{"completed":0,"elapsed_ms":8440.584799,"event":"progress","stage":"validating","total":38}
{"completed":0,"elapsed_ms":8805.036222,"event":"progress","stage":"validating","total":38}
{"completed":0,"elapsed_ms":9171.563023,"event":"progress","stage":"validating","total":38}
{"completed":0,"elapsed_ms":9535.251446,"event":"progress","stage":"validating","total":38}
{"completed":0,"elapsed_ms":9887.820706,"event":"progress","stage":"validating","total":38}
{"completed":0,"elapsed_ms":10236.183465,"event":"progress","stage":"validating","total":38}
{"completed":0,"elapsed_ms":10581.860252,"event":"progress","stage":"validating","total":38}
{"completed":0,"elapsed_ms":10971.873325,"event":"progress","stage":"validating","total":38}
{"completed":0,"elapsed_ms":11356.236291,"event":"progress","stage":"validating","total":38}
{"completed":0,"elapsed_ms":11732.845728,"event":"progress","stage":"validating","total":38}
{"completed":0,"elapsed_ms":12113.363404,"event":"progress","stage":"validating","total":38}
{"completed":0,"elapsed_ms":12369.78001,"event":"progress","stage":"validating","total":38}
{"completed":0,"elapsed_ms":12371.005033,"event":"progress","stage":"validating","total":38}
[libx264 @ 0x16ca62c0] using cpu capabilities: MMX2 SSE2Fast SSSE3 SSE4.2 AVX FMA3 BMI2 AVX2 AVX512
[libx264 @ 0x16ca62c0] profile High, level 1.0, 4:2:0, 8-bit
[libx264 @ 0x16ca62c0] 264 - core 165 r3222 b35605a - H.264/MPEG-4 AVC codec - Copyleft 2003-2025 - http://www.videolan.org/x264.html - options: cabac=1 ref=2 deblock=1:0:0 analyse=0x3:0x113 me=hex subme=6 psy=1 psy_rd=1.00:0.00 mixed_ref=1 me_range=16 chroma_me=1 trellis=1 8x8dct=1 cqm=0 deadzone=21,11 fast_pskip=1 chroma_qp_offset=-2 threads=4 lookahead_threads=1 sliced_threads=0 nr=0 decimate=1 interlaced=0 bluray_compat=0 constrained_intra=0 bframes=0 weightp=1 keyint=250 keyint_min=8 scenecut=40 intra_refresh=0 rc_lookahead=30 rc=crf mbtree=1 crf=18.0 qcomp=0.60 qpmin=0 qpmax=69 qpstep=4 ip_ratio=1.40 aq=1:1.00
[mp4 @ 0x16c48e40] Starting second pass: moving the moov atom to the beginning of the file
[libx264 @ 0x16ca62c0] frame I:1     Avg QP:18.55  size:  1174
[libx264 @ 0x16ca62c0] frame P:8     Avg QP:18.89  size:   723
[libx264 @ 0x16ca62c0] mb I  I16..4:  0.0% 90.0% 10.0%
[libx264 @ 0x16ca62c0] mb P  I16..4:  0.0%  8.1%  1.9%  P16..4: 35.0% 35.3% 17.8%  0.0%  0.0%    skip: 1.9%
[libx264 @ 0x16ca62c0] 8x8 transform intra:86.1% inter:62.1%
[libx264 @ 0x16ca62c0] coded y,uvDC,uvAC intra: 96.5% 72.2% 22.2% inter: 67.7% 32.6% 1.4%
[libx264 @ 0x16ca62c0] i8 v,h,dc,ddl,ddr,vr,hd,vl,hu: 28% 15% 13%  3%  6% 23%  3%  3%  5%
[libx264 @ 0x16ca62c0] i4 v,h,dc,ddl,ddr,vr,hd,vl,hu: 46% 18% 10%  2%  4%  7%  5%  4%  4%
[libx264 @ 0x16ca62c0] i8c dc,h,v,p: 64% 22% 12%  1%
[libx264 @ 0x16ca62c0] Weighted P-Frames: Y:12.5% UV:0.0%
[libx264 @ 0x16ca62c0] ref P L0: 80.1% 19.9%
[libx264 @ 0x16ca62c0] kb/s:49.49
{"completed":1,"elapsed_ms":12696.446517,"event":"progress","stage":"encoding","total":38}
overwrite built-in layer type Swish
{"completed":2,"elapsed_ms":13502.266761,"event":"progress","stage":"sampling","total":38}
{"completed":3,"elapsed_ms":13502.813473,"event":"progress","stage":"projecting","total":38}
overwrite built-in layer type Swish
{"completed":4,"elapsed_ms":13519.550051,"event":"progress","stage":"block-00","total":38}
overwrite built-in layer type Swish
overwrite built-in layer type RMSNorm
{"completed":5,"elapsed_ms":13970.490073,"event":"progress","stage":"block-01","total":38}
overwrite built-in layer type Swish
overwrite built-in layer type RMSNorm
{"completed":6,"elapsed_ms":14334.822221,"event":"progress","stage":"block-02","total":38}
overwrite built-in layer type Swish
overwrite built-in layer type RMSNorm
{"completed":7,"elapsed_ms":14720.793172,"event":"progress","stage":"block-03","total":38}
overwrite built-in layer type Swish
overwrite built-in layer type RMSNorm
{"completed":8,"elapsed_ms":15111.092506,"event":"progress","stage":"block-04","total":38}
overwrite built-in layer type Swish
overwrite built-in layer type RMSNorm
{"completed":9,"elapsed_ms":15501.0745,"event":"progress","stage":"block-05","total":38}
overwrite built-in layer type Swish
overwrite built-in layer type RMSNorm
{"completed":10,"elapsed_ms":15834.500137,"event":"progress","stage":"block-06","total":38}
overwrite built-in layer type Swish
overwrite built-in layer type RMSNorm
{"completed":11,"elapsed_ms":16154.793501,"event":"progress","stage":"block-07","total":38}
overwrite built-in layer type Swish
overwrite built-in layer type RMSNorm
{"completed":12,"elapsed_ms":16500.479135,"event":"progress","stage":"block-08","total":38}
overwrite built-in layer type Swish
overwrite built-in layer type RMSNorm
{"completed":13,"elapsed_ms":16872.971129,"event":"progress","stage":"block-09","total":38}
overwrite built-in layer type Swish
overwrite built-in layer type RMSNorm
{"completed":14,"elapsed_ms":17264.126408,"event":"progress","stage":"block-10","total":38}
overwrite built-in layer type Swish
overwrite built-in layer type RMSNorm
{"completed":15,"elapsed_ms":17640.344817,"event":"progress","stage":"block-11","total":38}
overwrite built-in layer type Swish
overwrite built-in layer type RMSNorm
{"completed":16,"elapsed_ms":18050.587473,"event":"progress","stage":"block-12","total":38}
overwrite built-in layer type Swish
overwrite built-in layer type RMSNorm
{"completed":17,"elapsed_ms":18450.222251,"event":"progress","stage":"block-13","total":38}
overwrite built-in layer type Swish
overwrite built-in layer type RMSNorm
{"completed":18,"elapsed_ms":18862.776732,"event":"progress","stage":"block-14","total":38}
overwrite built-in layer type Swish
overwrite built-in layer type RMSNorm
{"completed":19,"elapsed_ms":19278.784862,"event":"progress","stage":"block-15","total":38}
overwrite built-in layer type Swish
overwrite built-in layer type RMSNorm
{"completed":20,"elapsed_ms":19691.567954,"event":"progress","stage":"block-16","total":38}
overwrite built-in layer type Swish
overwrite built-in layer type RMSNorm
{"completed":21,"elapsed_ms":20126.278655,"event":"progress","stage":"block-17","total":38}
overwrite built-in layer type Swish
overwrite built-in layer type RMSNorm
{"completed":22,"elapsed_ms":20518.183189,"event":"progress","stage":"block-18","total":38}
overwrite built-in layer type Swish
overwrite built-in layer type RMSNorm
{"completed":23,"elapsed_ms":20895.539957,"event":"progress","stage":"block-19","total":38}
overwrite built-in layer type Swish
overwrite built-in layer type RMSNorm
{"completed":24,"elapsed_ms":21278.971073,"event":"progress","stage":"block-20","total":38}
overwrite built-in layer type Swish
overwrite built-in layer type RMSNorm
{"completed":25,"elapsed_ms":21680.259614,"event":"progress","stage":"block-21","total":38}
overwrite built-in layer type Swish
overwrite built-in layer type RMSNorm
{"completed":26,"elapsed_ms":22083.30438,"event":"progress","stage":"block-22","total":38}
overwrite built-in layer type Swish
overwrite built-in layer type RMSNorm
{"completed":27,"elapsed_ms":22486.468272,"event":"progress","stage":"block-23","total":38}
overwrite built-in layer type Swish
overwrite built-in layer type RMSNorm
{"completed":28,"elapsed_ms":22891.173313,"event":"progress","stage":"block-24","total":38}
overwrite built-in layer type Swish
overwrite built-in layer type RMSNorm
{"completed":29,"elapsed_ms":23319.196097,"event":"progress","stage":"block-25","total":38}
overwrite built-in layer type Swish
overwrite built-in layer type RMSNorm
{"completed":30,"elapsed_ms":23719.686741,"event":"progress","stage":"block-26","total":38}
overwrite built-in layer type Swish
overwrite built-in layer type RMSNorm
{"completed":31,"elapsed_ms":24107.906358,"event":"progress","stage":"block-27","total":38}
overwrite built-in layer type Swish
overwrite built-in layer type RMSNorm
{"completed":32,"elapsed_ms":24500.463814,"event":"progress","stage":"block-28","total":38}
overwrite built-in layer type Swish
overwrite built-in layer type RMSNorm
{"completed":33,"elapsed_ms":24899.876013,"event":"progress","stage":"block-29","total":38}
overwrite built-in layer type Swish
overwrite built-in layer type RMSNorm
{"completed":34,"elapsed_ms":25287.763813,"event":"progress","stage":"block-30","total":38}
overwrite built-in layer type Swish
overwrite built-in layer type RMSNorm
{"completed":35,"elapsed_ms":25679.077371,"event":"progress","stage":"block-31","total":38}
overwrite built-in layer type Swish
overwrite built-in layer type RMSNorm
{"completed":36,"elapsed_ms":25966.776709,"event":"progress","stage":"denoising","total":38}
overwrite built-in layer type Swish
{"completed":37,"elapsed_ms":25992.338368,"event":"progress","stage":"decoding","total":38}
overwrite built-in layer type Swish
[libx264 @ 0x2db54680] using cpu capabilities: MMX2 SSE2Fast SSSE3 SSE4.2 AVX FMA3 BMI2 AVX2 AVX512
[libx264 @ 0x2db54680] profile High, level 1.0, 4:2:0, 8-bit
[libx264 @ 0x2db54680] 264 - core 165 r3222 b35605a - H.264/MPEG-4 AVC codec - Copyleft 2003-2025 - http://www.videolan.org/x264.html - options: cabac=1 ref=2 deblock=1:0:0 analyse=0x3:0x113 me=hex subme=6 psy=1 psy_rd=1.00:0.00 mixed_ref=1 me_range=16 chroma_me=1 trellis=1 8x8dct=1 cqm=0 deadzone=21,11 fast_pskip=1 chroma_qp_offset=-2 threads=4 lookahead_threads=1 sliced_threads=0 nr=0 decimate=1 interlaced=0 bluray_compat=0 constrained_intra=0 bframes=0 weightp=1 keyint=250 keyint_min=8 scenecut=40 intra_refresh=0 rc_lookahead=30 rc=crf mbtree=1 crf=18.0 qcomp=0.60 qpmin=0 qpmax=69 qpstep=4 ip_ratio=1.40 aq=1:1.00
[mp4 @ 0x2fe633c0] Starting second pass: moving the moov atom to the beginning of the file
[libx264 @ 0x2db54680] frame I:1     Avg QP:20.92  size:  1801
[libx264 @ 0x2db54680] frame P:8     Avg QP:20.09  size:  1454
[libx264 @ 0x2db54680] mb I  I16..4:  2.5% 55.0% 42.5%
[libx264 @ 0x2db54680] mb P  I16..4:  0.0% 15.9% 17.2%  P16..4: 17.2% 32.2% 14.4%  0.0%  0.0%    skip: 3.1%
[libx264 @ 0x2db54680] 8x8 transform intra:50.0% inter:55.2%
[libx264 @ 0x2db54680] coded y,uvDC,uvAC intra: 97.4% 91.8% 52.1% inter: 75.9% 57.9% 0.9%
[libx264 @ 0x2db54680] i16 v,h,dc,p:  0%  0%  0% 100%
[libx264 @ 0x2db54680] i8 v,h,dc,ddl,ddr,vr,hd,vl,hu: 22% 13% 15%  2%  7% 22%  3%  5% 11%
[libx264 @ 0x2db54680] i4 v,h,dc,ddl,ddr,vr,hd,vl,hu: 30% 12% 10%  3%  7% 16%  5%  9%  7%
[libx264 @ 0x2db54680] i8c dc,h,v,p: 51% 20% 21%  8%
[libx264 @ 0x2db54680] Weighted P-Frames: Y:25.0% UV:0.0%
[libx264 @ 0x2db54680] ref P L0: 90.7%  9.3%
[libx264 @ 0x2db54680] kb/s:95.55
{"completed":38,"elapsed_ms":27093.830732,"event":"progress","stage":"completed","total":38}
