[0 NVIDIA GeForce RTX 4060 Laptop GPU]  queueC=2[8]  queueT=1[2]  rebar=1  r-score=76
[0 NVIDIA GeForce RTX 4060 Laptop GPU]  fp16-p/s/u/a=1/1/1/1  int8-p/s/u/a=1/1/1/1  bf16-p/s=1/1
[0 NVIDIA GeForce RTX 4060 Laptop GPU]  subgroup=32(32~32)  ops=1/1/1/1/1/1/1/1/1/1
[0 NVIDIA GeForce RTX 4060 Laptop GPU]  fp16-cm=16x16x16/16x8x16/16x8x8  int8-cm=16x16x32/16x8x32  bf16-cm=16x16x16  fp8-cm=16x16x32  fp6-cm=0  fp4-cm=0
[1 llvmpipe (LLVM 22.1.8, 256 bits)]  queueC=0[1]  queueT=0[1]  rebar=1  r-score=14
[1 llvmpipe (LLVM 22.1.8, 256 bits)]  fp16-p/s/u/a=1/1/1/1  int8-p/s/u/a=1/1/1/1  bf16-p/s=1/0
[1 llvmpipe (LLVM 22.1.8, 256 bits)]  subgroup=8(8~8)  ops=1/1/1/1/1/1/1/1/1/1
[1 llvmpipe (LLVM 22.1.8, 256 bits)]  fp16-cm=8x8x8  int8-cm=8x8x8  bf16-cm=0  fp8-cm=0  fp6-cm=0  fp4-cm=0
[2 llvmpipe (LLVM 17.0.6, 256 bits)]  queueC=0[1]  queueT=0[1]  rebar=1  r-score=4
[2 llvmpipe (LLVM 17.0.6, 256 bits)]  fp16-p/s/u/a=1/1/1/1  int8-p/s/u/a=1/1/1/1  bf16-p/s=1/0
[2 llvmpipe (LLVM 17.0.6, 256 bits)]  subgroup=8(8~8)  ops=1/1/1/1/1/1/0/1/0/0
[2 llvmpipe (LLVM 17.0.6, 256 bits)]  fp16-cm=0  int8-cm=0  bf16-cm=0  fp8-cm=0  fp6-cm=0  fp4-cm=0
{"completed":0,"elapsed_ms":290.661706,"event":"progress","stage":"validating","total":38}
{"completed":0,"elapsed_ms":296.144737,"event":"progress","stage":"validating","total":38}
{"completed":0,"elapsed_ms":506.888825,"event":"progress","stage":"validating","total":38}
{"completed":0,"elapsed_ms":813.872662,"event":"progress","stage":"validating","total":38}
{"completed":0,"elapsed_ms":1148.606233,"event":"progress","stage":"validating","total":38}
{"completed":0,"elapsed_ms":1452.590973,"event":"progress","stage":"validating","total":38}
{"completed":0,"elapsed_ms":1755.871152,"event":"progress","stage":"validating","total":38}
{"completed":0,"elapsed_ms":2061.86074,"event":"progress","stage":"validating","total":38}
{"completed":0,"elapsed_ms":2377.593067,"event":"progress","stage":"validating","total":38}
{"completed":0,"elapsed_ms":2681.371708,"event":"progress","stage":"validating","total":38}
{"completed":0,"elapsed_ms":2986.551276,"event":"progress","stage":"validating","total":38}
{"completed":0,"elapsed_ms":3291.347048,"event":"progress","stage":"validating","total":38}
{"completed":0,"elapsed_ms":3596.016562,"event":"progress","stage":"validating","total":38}
{"completed":0,"elapsed_ms":3900.126378,"event":"progress","stage":"validating","total":38}
{"completed":0,"elapsed_ms":4200.943353,"event":"progress","stage":"validating","total":38}
{"completed":0,"elapsed_ms":4509.688588,"event":"progress","stage":"validating","total":38}
{"completed":0,"elapsed_ms":4812.704938,"event":"progress","stage":"validating","total":38}
{"completed":0,"elapsed_ms":5116.591693,"event":"progress","stage":"validating","total":38}
{"completed":0,"elapsed_ms":5422.767373,"event":"progress","stage":"validating","total":38}
{"completed":0,"elapsed_ms":5730.115418,"event":"progress","stage":"validating","total":38}
{"completed":0,"elapsed_ms":6040.409129,"event":"progress","stage":"validating","total":38}
{"completed":0,"elapsed_ms":6351.554409,"event":"progress","stage":"validating","total":38}
{"completed":0,"elapsed_ms":6654.390178,"event":"progress","stage":"validating","total":38}
{"completed":0,"elapsed_ms":6967.834702,"event":"progress","stage":"validating","total":38}
{"completed":0,"elapsed_ms":7272.967772,"event":"progress","stage":"validating","total":38}
{"completed":0,"elapsed_ms":7576.905904,"event":"progress","stage":"validating","total":38}
{"completed":0,"elapsed_ms":7877.74452,"event":"progress","stage":"validating","total":38}
{"completed":0,"elapsed_ms":8185.504603,"event":"progress","stage":"validating","total":38}
{"completed":0,"elapsed_ms":8501.572214,"event":"progress","stage":"validating","total":38}
{"completed":0,"elapsed_ms":8805.751322,"event":"progress","stage":"validating","total":38}
{"completed":0,"elapsed_ms":9110.302001,"event":"progress","stage":"validating","total":38}
{"completed":0,"elapsed_ms":9411.492792,"event":"progress","stage":"validating","total":38}
{"completed":0,"elapsed_ms":9713.995862,"event":"progress","stage":"validating","total":38}
{"completed":0,"elapsed_ms":10017.247417,"event":"progress","stage":"validating","total":38}
{"completed":0,"elapsed_ms":10326.051062,"event":"progress","stage":"validating","total":38}
{"completed":0,"elapsed_ms":10527.946982,"event":"progress","stage":"validating","total":38}
{"completed":0,"elapsed_ms":10528.674005,"event":"progress","stage":"validating","total":38}
[libx264 @ 0x150e87c0] using cpu capabilities: MMX2 SSE2Fast SSSE3 SSE4.2 AVX FMA3 BMI2 AVX2 AVX512
[libx264 @ 0x150e87c0] profile High, level 1.0, 4:2:0, 8-bit
[libx264 @ 0x150e87c0] 264 - core 165 r3222 b35605a - H.264/MPEG-4 AVC codec - Copyleft 2003-2025 - http://www.videolan.org/x264.html - options: cabac=1 ref=2 deblock=1:0:0 analyse=0x3:0x113 me=hex subme=6 psy=1 psy_rd=1.00:0.00 mixed_ref=1 me_range=16 chroma_me=1 trellis=1 8x8dct=1 cqm=0 deadzone=21,11 fast_pskip=1 chroma_qp_offset=-2 threads=4 lookahead_threads=1 sliced_threads=0 nr=0 decimate=1 interlaced=0 bluray_compat=0 constrained_intra=0 bframes=0 weightp=1 keyint=250 keyint_min=8 scenecut=40 intra_refresh=0 rc_lookahead=30 rc=crf mbtree=1 crf=18.0 qcomp=0.60 qpmin=0 qpmax=69 qpstep=4 ip_ratio=1.40 aq=1:1.00
[mp4 @ 0x1521e680] Starting second pass: moving the moov atom to the beginning of the file
[libx264 @ 0x150e87c0] frame I:1     Avg QP:18.55  size:  1174
[libx264 @ 0x150e87c0] frame P:8     Avg QP:18.94  size:   720
[libx264 @ 0x150e87c0] mb I  I16..4:  0.0% 90.0% 10.0%
[libx264 @ 0x150e87c0] mb P  I16..4:  0.0%  8.4%  2.5%  P16..4: 33.8% 34.4% 18.8%  0.0%  0.0%    skip: 2.2%
[libx264 @ 0x150e87c0] 8x8 transform intra:84.0% inter:66.1%
[libx264 @ 0x150e87c0] coded y,uvDC,uvAC intra: 96.0% 73.3% 25.3% inter: 67.5% 33.7% 1.8%
[libx264 @ 0x150e87c0] i8 v,h,dc,ddl,ddr,vr,hd,vl,hu: 27% 16% 13%  2%  6% 21%  4%  5%  6%
[libx264 @ 0x150e87c0] i4 v,h,dc,ddl,ddr,vr,hd,vl,hu: 43% 15% 10%  3%  6%  7%  6%  7%  4%
[libx264 @ 0x150e87c0] i8c dc,h,v,p: 68% 19% 11%  3%
[libx264 @ 0x150e87c0] Weighted P-Frames: Y:12.5% UV:0.0%
[libx264 @ 0x150e87c0] ref P L0: 79.0% 21.0%
[libx264 @ 0x150e87c0] kb/s:49.29
{"completed":1,"elapsed_ms":10837.983026,"event":"progress","stage":"encoding","total":38}
{"completed":2,"elapsed_ms":11587.086253,"event":"progress","stage":"sampling","total":38}
{"completed":3,"elapsed_ms":11587.613629,"event":"progress","stage":"projecting","total":38}
{"completed":4,"elapsed_ms":11604.505467,"event":"progress","stage":"block-00","total":38}
overwrite built-in layer type InnerProduct
{"completed":5,"elapsed_ms":12158.909043,"event":"progress","stage":"block-01","total":38}
overwrite built-in layer type InnerProduct
{"completed":6,"elapsed_ms":12612.831485,"event":"progress","stage":"block-02","total":38}
overwrite built-in layer type InnerProduct
{"completed":7,"elapsed_ms":13018.124802,"event":"progress","stage":"block-03","total":38}
overwrite built-in layer type InnerProduct
{"completed":8,"elapsed_ms":13436.117444,"event":"progress","stage":"block-04","total":38}
overwrite built-in layer type InnerProduct
{"completed":9,"elapsed_ms":13881.157844,"event":"progress","stage":"block-05","total":38}
overwrite built-in layer type InnerProduct
{"completed":10,"elapsed_ms":14346.372863,"event":"progress","stage":"block-06","total":38}
overwrite built-in layer type InnerProduct
{"completed":11,"elapsed_ms":14785.15091,"event":"progress","stage":"block-07","total":38}
overwrite built-in layer type InnerProduct
{"completed":12,"elapsed_ms":15219.94607,"event":"progress","stage":"block-08","total":38}
overwrite built-in layer type InnerProduct
{"completed":13,"elapsed_ms":15654.024567,"event":"progress","stage":"block-09","total":38}
overwrite built-in layer type InnerProduct
{"completed":14,"elapsed_ms":16095.432282,"event":"progress","stage":"block-10","total":38}
overwrite built-in layer type InnerProduct
{"completed":15,"elapsed_ms":16525.966071,"event":"progress","stage":"block-11","total":38}
overwrite built-in layer type InnerProduct
{"completed":16,"elapsed_ms":16991.786795,"event":"progress","stage":"block-12","total":38}
overwrite built-in layer type InnerProduct
{"completed":17,"elapsed_ms":17450.71175,"event":"progress","stage":"block-13","total":38}
overwrite built-in layer type InnerProduct
{"completed":18,"elapsed_ms":17901.855472,"event":"progress","stage":"block-14","total":38}
overwrite built-in layer type InnerProduct
{"completed":19,"elapsed_ms":18359.020971,"event":"progress","stage":"block-15","total":38}
overwrite built-in layer type InnerProduct
{"completed":20,"elapsed_ms":18817.391879,"event":"progress","stage":"block-16","total":38}
overwrite built-in layer type InnerProduct
{"completed":21,"elapsed_ms":19283.741013,"event":"progress","stage":"block-17","total":38}
overwrite built-in layer type InnerProduct
{"completed":22,"elapsed_ms":19719.131238,"event":"progress","stage":"block-18","total":38}
overwrite built-in layer type InnerProduct
{"completed":23,"elapsed_ms":20159.761585,"event":"progress","stage":"block-19","total":38}
overwrite built-in layer type InnerProduct
{"completed":24,"elapsed_ms":20577.140037,"event":"progress","stage":"block-20","total":38}
overwrite built-in layer type InnerProduct
{"completed":25,"elapsed_ms":21012.050676,"event":"progress","stage":"block-21","total":38}
overwrite built-in layer type InnerProduct
{"completed":26,"elapsed_ms":21464.745348,"event":"progress","stage":"block-22","total":38}
overwrite built-in layer type InnerProduct
{"completed":27,"elapsed_ms":21922.643022,"event":"progress","stage":"block-23","total":38}
overwrite built-in layer type InnerProduct
{"completed":28,"elapsed_ms":22385.445895,"event":"progress","stage":"block-24","total":38}
overwrite built-in layer type InnerProduct
{"completed":29,"elapsed_ms":22846.910509,"event":"progress","stage":"block-25","total":38}
overwrite built-in layer type InnerProduct
{"completed":30,"elapsed_ms":23311.821774,"event":"progress","stage":"block-26","total":38}
overwrite built-in layer type InnerProduct
{"completed":31,"elapsed_ms":23773.446521,"event":"progress","stage":"block-27","total":38}
overwrite built-in layer type InnerProduct
{"completed":32,"elapsed_ms":24231.282929,"event":"progress","stage":"block-28","total":38}
overwrite built-in layer type InnerProduct
{"completed":33,"elapsed_ms":24660.757206,"event":"progress","stage":"block-29","total":38}
overwrite built-in layer type InnerProduct
{"completed":34,"elapsed_ms":25092.567186,"event":"progress","stage":"block-30","total":38}
overwrite built-in layer type InnerProduct
{"completed":35,"elapsed_ms":25543.847636,"event":"progress","stage":"block-31","total":38}
overwrite built-in layer type InnerProduct
{"completed":36,"elapsed_ms":25893.188949,"event":"progress","stage":"denoising","total":38}
{"completed":37,"elapsed_ms":25918.956759,"event":"progress","stage":"decoding","total":38}
[libx264 @ 0x16dd0a00] using cpu capabilities: MMX2 SSE2Fast SSSE3 SSE4.2 AVX FMA3 BMI2 AVX2 AVX512
[libx264 @ 0x16dd0a00] profile High, level 1.0, 4:2:0, 8-bit
[libx264 @ 0x16dd0a00] 264 - core 165 r3222 b35605a - H.264/MPEG-4 AVC codec - Copyleft 2003-2025 - http://www.videolan.org/x264.html - options: cabac=1 ref=2 deblock=1:0:0 analyse=0x3:0x113 me=hex subme=6 psy=1 psy_rd=1.00:0.00 mixed_ref=1 me_range=16 chroma_me=1 trellis=1 8x8dct=1 cqm=0 deadzone=21,11 fast_pskip=1 chroma_qp_offset=-2 threads=4 lookahead_threads=1 sliced_threads=0 nr=0 decimate=1 interlaced=0 bluray_compat=0 constrained_intra=0 bframes=0 weightp=1 keyint=250 keyint_min=8 scenecut=40 intra_refresh=0 rc_lookahead=30 rc=crf mbtree=1 crf=18.0 qcomp=0.60 qpmin=0 qpmax=69 qpstep=4 ip_ratio=1.40 aq=1:1.00
[mp4 @ 0x17cd79c0] Starting second pass: moving the moov atom to the beginning of the file
[libx264 @ 0x16dd0a00] frame I:1     Avg QP:20.92  size:  1811
[libx264 @ 0x16dd0a00] frame P:8     Avg QP:20.03  size:  1447
[libx264 @ 0x16dd0a00] mb I  I16..4:  2.5% 50.0% 47.5%
[libx264 @ 0x16dd0a00] mb P  I16..4:  0.0% 13.8% 18.1%  P16..4: 17.5% 31.9% 14.4%  0.0%  0.0%    skip: 4.4%
[libx264 @ 0x16dd0a00] 8x8 transform intra:45.1% inter:53.3%
[libx264 @ 0x16dd0a00] coded y,uvDC,uvAC intra: 97.5% 93.0% 52.8% inter: 74.1% 60.1% 0.5%
[libx264 @ 0x16dd0a00] i16 v,h,dc,p:  0%  0%  0% 100%
[libx264 @ 0x16dd0a00] i8 v,h,dc,ddl,ddr,vr,hd,vl,hu: 22% 15% 16%  2%  4% 20%  4%  4% 13%
[libx264 @ 0x16dd0a00] i4 v,h,dc,ddl,ddr,vr,hd,vl,hu: 32% 12% 11%  3%  9% 15%  4% 10%  5%
[libx264 @ 0x16dd0a00] i8c dc,h,v,p: 50% 20% 20%  9%
[libx264 @ 0x16dd0a00] Weighted P-Frames: Y:25.0% UV:0.0%
[libx264 @ 0x16dd0a00] ref P L0: 87.0% 13.0%
[libx264 @ 0x16dd0a00] kb/s:95.22
{"completed":38,"elapsed_ms":27051.450666,"event":"progress","stage":"completed","total":38}
