[0 NVIDIA GeForce RTX 4060 Laptop GPU]  queueC=2[8]  queueT=1[2]  rebar=1  r-score=76
[0 NVIDIA GeForce RTX 4060 Laptop GPU]  fp16-p/s/u/a=1/1/1/1  int8-p/s/u/a=1/1/1/1  bf16-p/s=1/1
[0 NVIDIA GeForce RTX 4060 Laptop GPU]  subgroup=32(32~32)  ops=1/1/1/1/1/1/1/1/1/1
[0 NVIDIA GeForce RTX 4060 Laptop GPU]  fp16-cm=16x16x16/16x8x16/16x8x8  int8-cm=16x16x32/16x8x32  bf16-cm=16x16x16  fp8-cm=16x16x32  fp6-cm=0  fp4-cm=0
[1 llvmpipe (LLVM 22.1.8, 256 bits)]  queueC=0[1]  queueT=0[1]  rebar=1  r-score=14
[1 llvmpipe (LLVM 22.1.8, 256 bits)]  fp16-p/s/u/a=1/1/1/1  int8-p/s/u/a=1/1/1/1  bf16-p/s=1/0
[1 llvmpipe (LLVM 22.1.8, 256 bits)]  subgroup=8(8~8)  ops=1/1/1/1/1/1/1/1/1/1
[1 llvmpipe (LLVM 22.1.8, 256 bits)]  fp16-cm=8x8x8  int8-cm=8x8x8  bf16-cm=0  fp8-cm=0  fp6-cm=0  fp4-cm=0
[2 llvmpipe (LLVM 17.0.6, 256 bits)]  queueC=0[1]  queueT=0[1]  rebar=1  r-score=4
[2 llvmpipe (LLVM 17.0.6, 256 bits)]  fp16-p/s/u/a=1/1/1/1  int8-p/s/u/a=1/1/1/1  bf16-p/s=1/0
[2 llvmpipe (LLVM 17.0.6, 256 bits)]  subgroup=8(8~8)  ops=1/1/1/1/1/1/0/1/0/0
[2 llvmpipe (LLVM 17.0.6, 256 bits)]  fp16-cm=0  int8-cm=0  bf16-cm=0  fp8-cm=0  fp6-cm=0  fp4-cm=0
{"completed":0,"elapsed_ms":323.728457,"event":"progress","stage":"validating","total":38}
{"completed":0,"elapsed_ms":325.559303,"event":"progress","stage":"validating","total":38}
{"completed":0,"elapsed_ms":417.504098,"event":"progress","stage":"validating","total":38}
{"completed":0,"elapsed_ms":548.57224,"event":"progress","stage":"validating","total":38}
{"completed":0,"elapsed_ms":935.251163,"event":"progress","stage":"validating","total":38}
{"completed":0,"elapsed_ms":1340.662417,"event":"progress","stage":"validating","total":38}
{"completed":0,"elapsed_ms":1726.510216,"event":"progress","stage":"validating","total":38}
{"completed":0,"elapsed_ms":2112.417381,"event":"progress","stage":"validating","total":38}
{"completed":0,"elapsed_ms":2493.812734,"event":"progress","stage":"validating","total":38}
{"completed":0,"elapsed_ms":2823.969337,"event":"progress","stage":"validating","total":38}
{"completed":0,"elapsed_ms":3203.089787,"event":"progress","stage":"validating","total":38}
{"completed":0,"elapsed_ms":3585.995409,"event":"progress","stage":"validating","total":38}
{"completed":0,"elapsed_ms":3980.517761,"event":"progress","stage":"validating","total":38}
{"completed":0,"elapsed_ms":4371.427101,"event":"progress","stage":"validating","total":38}
{"completed":0,"elapsed_ms":4777.097191,"event":"progress","stage":"validating","total":38}
{"completed":0,"elapsed_ms":5197.473413,"event":"progress","stage":"validating","total":38}
{"completed":0,"elapsed_ms":5624.967613,"event":"progress","stage":"validating","total":38}
{"completed":0,"elapsed_ms":6037.654758,"event":"progress","stage":"validating","total":38}
{"completed":0,"elapsed_ms":6427.489575,"event":"progress","stage":"validating","total":38}
{"completed":0,"elapsed_ms":6813.190146,"event":"progress","stage":"validating","total":38}
{"completed":0,"elapsed_ms":7204.978102,"event":"progress","stage":"validating","total":38}
{"completed":0,"elapsed_ms":7592.210316,"event":"progress","stage":"validating","total":38}
{"completed":0,"elapsed_ms":7979.143324,"event":"progress","stage":"validating","total":38}
{"completed":0,"elapsed_ms":8367.256528,"event":"progress","stage":"validating","total":38}
{"completed":0,"elapsed_ms":8761.018996,"event":"progress","stage":"validating","total":38}
{"completed":0,"elapsed_ms":9156.581439,"event":"progress","stage":"validating","total":38}
{"completed":0,"elapsed_ms":9547.357799,"event":"progress","stage":"validating","total":38}
{"completed":0,"elapsed_ms":9951.417884,"event":"progress","stage":"validating","total":38}
{"completed":0,"elapsed_ms":10348.846793,"event":"progress","stage":"validating","total":38}
{"completed":0,"elapsed_ms":10731.05071,"event":"progress","stage":"validating","total":38}
{"completed":0,"elapsed_ms":11109.458769,"event":"progress","stage":"validating","total":38}
{"completed":0,"elapsed_ms":11518.942527,"event":"progress","stage":"validating","total":38}
{"completed":0,"elapsed_ms":11927.558355,"event":"progress","stage":"validating","total":38}
{"completed":0,"elapsed_ms":12333.756802,"event":"progress","stage":"validating","total":38}
{"completed":0,"elapsed_ms":12734.721546,"event":"progress","stage":"validating","total":38}
{"completed":0,"elapsed_ms":12999.118487,"event":"progress","stage":"validating","total":38}
{"completed":0,"elapsed_ms":12999.802382,"event":"progress","stage":"validating","total":38}
{"completed":1,"elapsed_ms":13360.630996,"event":"progress","stage":"encoding","total":38}
{"completed":2,"elapsed_ms":14605.505267,"event":"progress","stage":"sampling","total":38}
{"completed":3,"elapsed_ms":14606.483618,"event":"progress","stage":"projecting","total":38}
{"completed":4,"elapsed_ms":14656.410381,"event":"progress","stage":"block-00","total":38}
{"completed":5,"elapsed_ms":15904.5759,"event":"progress","stage":"block-01","total":38}
{"completed":6,"elapsed_ms":16716.903929,"event":"progress","stage":"block-02","total":38}
{"completed":7,"elapsed_ms":17534.983331,"event":"progress","stage":"block-03","total":38}
{"completed":8,"elapsed_ms":18353.095977,"event":"progress","stage":"block-04","total":38}
{"completed":9,"elapsed_ms":19142.297407,"event":"progress","stage":"block-05","total":38}
{"completed":10,"elapsed_ms":19856.998132,"event":"progress","stage":"block-06","total":38}
{"completed":11,"elapsed_ms":20655.886897,"event":"progress","stage":"block-07","total":38}
{"completed":12,"elapsed_ms":21478.641961,"event":"progress","stage":"block-08","total":38}
{"completed":13,"elapsed_ms":22294.231555,"event":"progress","stage":"block-09","total":38}
{"completed":14,"elapsed_ms":23098.02751,"event":"progress","stage":"block-10","total":38}
{"completed":15,"elapsed_ms":23943.209842,"event":"progress","stage":"block-11","total":38}
{"completed":16,"elapsed_ms":24781.00705,"event":"progress","stage":"block-12","total":38}
{"completed":17,"elapsed_ms":25605.723565,"event":"progress","stage":"block-13","total":38}
{"completed":18,"elapsed_ms":26431.420806,"event":"progress","stage":"block-14","total":38}
{"completed":19,"elapsed_ms":27229.161433,"event":"progress","stage":"block-15","total":38}
{"completed":20,"elapsed_ms":28022.239459,"event":"progress","stage":"block-16","total":38}
{"completed":21,"elapsed_ms":28818.210982,"event":"progress","stage":"block-17","total":38}
{"completed":22,"elapsed_ms":29606.556354,"event":"progress","stage":"block-18","total":38}
{"completed":23,"elapsed_ms":30400.877503,"event":"progress","stage":"block-19","total":38}
{"completed":24,"elapsed_ms":31205.69574,"event":"progress","stage":"block-20","total":38}
{"completed":25,"elapsed_ms":32021.805379,"event":"progress","stage":"block-21","total":38}
{"completed":26,"elapsed_ms":32831.181733,"event":"progress","stage":"block-22","total":38}
{"completed":27,"elapsed_ms":33614.968988,"event":"progress","stage":"block-23","total":38}
{"completed":28,"elapsed_ms":34440.447762,"event":"progress","stage":"block-24","total":38}
{"completed":29,"elapsed_ms":35271.98305,"event":"progress","stage":"block-25","total":38}
{"completed":30,"elapsed_ms":36120.2441,"event":"progress","stage":"block-26","total":38}
{"completed":31,"elapsed_ms":36895.761678,"event":"progress","stage":"block-27","total":38}
{"completed":32,"elapsed_ms":37711.52937,"event":"progress","stage":"block-28","total":38}
{"completed":33,"elapsed_ms":38535.518059,"event":"progress","stage":"block-29","total":38}
{"completed":34,"elapsed_ms":39351.988643,"event":"progress","stage":"block-30","total":38}
{"completed":35,"elapsed_ms":40146.436835,"event":"progress","stage":"block-31","total":38}
{"completed":36,"elapsed_ms":40701.660437,"event":"progress","stage":"denoising","total":38}
{"completed":37,"elapsed_ms":40742.855656,"event":"progress","stage":"decoding","total":38}
{"completed":38,"elapsed_ms":41476.961923,"event":"progress","stage":"completed","total":38}
