[0 NVIDIA GeForce RTX 4060 Laptop GPU]  queueC=2[8]  queueT=1[2]  rebar=1  r-score=76
[0 NVIDIA GeForce RTX 4060 Laptop GPU]  fp16-p/s/u/a=1/1/1/1  int8-p/s/u/a=1/1/1/1  bf16-p/s=1/1
[0 NVIDIA GeForce RTX 4060 Laptop GPU]  subgroup=32(32~32)  ops=1/1/1/1/1/1/1/1/1/1
[0 NVIDIA GeForce RTX 4060 Laptop GPU]  fp16-cm=16x16x16/16x8x16/16x8x8  int8-cm=16x16x32/16x8x32  bf16-cm=16x16x16  fp8-cm=16x16x32  fp6-cm=0  fp4-cm=0
[1 llvmpipe (LLVM 22.1.8, 256 bits)]  queueC=0[1]  queueT=0[1]  rebar=1  r-score=14
[1 llvmpipe (LLVM 22.1.8, 256 bits)]  fp16-p/s/u/a=1/1/1/1  int8-p/s/u/a=1/1/1/1  bf16-p/s=1/0
[1 llvmpipe (LLVM 22.1.8, 256 bits)]  subgroup=8(8~8)  ops=1/1/1/1/1/1/1/1/1/1
[1 llvmpipe (LLVM 22.1.8, 256 bits)]  fp16-cm=8x8x8  int8-cm=8x8x8  bf16-cm=0  fp8-cm=0  fp6-cm=0  fp4-cm=0
[2 llvmpipe (LLVM 17.0.6, 256 bits)]  queueC=0[1]  queueT=0[1]  rebar=1  r-score=4
[2 llvmpipe (LLVM 17.0.6, 256 bits)]  fp16-p/s/u/a=1/1/1/1  int8-p/s/u/a=1/1/1/1  bf16-p/s=1/0
[2 llvmpipe (LLVM 17.0.6, 256 bits)]  subgroup=8(8~8)  ops=1/1/1/1/1/1/0/1/0/0
[2 llvmpipe (LLVM 17.0.6, 256 bits)]  fp16-cm=0  int8-cm=0  bf16-cm=0  fp8-cm=0  fp6-cm=0  fp4-cm=0
{"completed":0,"elapsed_ms":258.310758,"event":"progress","stage":"validating","total":38}
{"completed":0,"elapsed_ms":264.814868,"event":"progress","stage":"validating","total":38}
{"completed":0,"elapsed_ms":491.190623,"event":"progress","stage":"validating","total":38}
{"completed":0,"elapsed_ms":763.849882,"event":"progress","stage":"validating","total":38}
{"completed":0,"elapsed_ms":1085.537996,"event":"progress","stage":"validating","total":38}
{"completed":0,"elapsed_ms":1408.033245,"event":"progress","stage":"validating","total":38}
{"completed":0,"elapsed_ms":1757.100711,"event":"progress","stage":"validating","total":38}
{"completed":0,"elapsed_ms":2117.969188,"event":"progress","stage":"validating","total":38}
{"completed":0,"elapsed_ms":2474.321638,"event":"progress","stage":"validating","total":38}
{"completed":0,"elapsed_ms":2795.92368,"event":"progress","stage":"validating","total":38}
{"completed":0,"elapsed_ms":3098.673199,"event":"progress","stage":"validating","total":38}
{"completed":0,"elapsed_ms":3434.383617,"event":"progress","stage":"validating","total":38}
{"completed":0,"elapsed_ms":3787.597682,"event":"progress","stage":"validating","total":38}
{"completed":0,"elapsed_ms":4137.718658,"event":"progress","stage":"validating","total":38}
{"completed":0,"elapsed_ms":4472.713916,"event":"progress","stage":"validating","total":38}
{"completed":0,"elapsed_ms":4831.379143,"event":"progress","stage":"validating","total":38}
{"completed":0,"elapsed_ms":5179.462471,"event":"progress","stage":"validating","total":38}
{"completed":0,"elapsed_ms":5546.260262,"event":"progress","stage":"validating","total":38}
{"completed":0,"elapsed_ms":5903.778975,"event":"progress","stage":"validating","total":38}
{"completed":0,"elapsed_ms":6261.328014,"event":"progress","stage":"validating","total":38}
{"completed":0,"elapsed_ms":6630.793803,"event":"progress","stage":"validating","total":38}
{"completed":0,"elapsed_ms":6980.033915,"event":"progress","stage":"validating","total":38}
{"completed":0,"elapsed_ms":7316.660694,"event":"progress","stage":"validating","total":38}
{"completed":0,"elapsed_ms":7667.211951,"event":"progress","stage":"validating","total":38}
{"completed":0,"elapsed_ms":8022.267594,"event":"progress","stage":"validating","total":38}
{"completed":0,"elapsed_ms":8369.186093,"event":"progress","stage":"validating","total":38}
{"completed":0,"elapsed_ms":8719.913864,"event":"progress","stage":"validating","total":38}
{"completed":0,"elapsed_ms":9086.907144,"event":"progress","stage":"validating","total":38}
{"completed":0,"elapsed_ms":9436.168507,"event":"progress","stage":"validating","total":38}
{"completed":0,"elapsed_ms":9775.135243,"event":"progress","stage":"validating","total":38}
{"completed":0,"elapsed_ms":10121.128295,"event":"progress","stage":"validating","total":38}
{"completed":0,"elapsed_ms":10468.428816,"event":"progress","stage":"validating","total":38}
{"completed":0,"elapsed_ms":10826.93382,"event":"progress","stage":"validating","total":38}
{"completed":0,"elapsed_ms":11168.113464,"event":"progress","stage":"validating","total":38}
{"completed":0,"elapsed_ms":11525.054165,"event":"progress","stage":"validating","total":38}
{"completed":0,"elapsed_ms":11762.309191,"event":"progress","stage":"validating","total":38}
{"completed":0,"elapsed_ms":11763.602483,"event":"progress","stage":"validating","total":38}
[libx264 @ 0x159de7c0] using cpu capabilities: MMX2 SSE2Fast SSSE3 SSE4.2 AVX FMA3 BMI2 AVX2 AVX512
[libx264 @ 0x159de7c0] profile High, level 1.0, 4:2:0, 8-bit
[libx264 @ 0x159de7c0] 264 - core 165 r3222 b35605a - H.264/MPEG-4 AVC codec - Copyleft 2003-2025 - http://www.videolan.org/x264.html - options: cabac=1 ref=2 deblock=1:0:0 analyse=0x3:0x113 me=hex subme=6 psy=1 psy_rd=1.00:0.00 mixed_ref=1 me_range=16 chroma_me=1 trellis=1 8x8dct=1 cqm=0 deadzone=21,11 fast_pskip=1 chroma_qp_offset=-2 threads=4 lookahead_threads=1 sliced_threads=0 nr=0 decimate=1 interlaced=0 bluray_compat=0 constrained_intra=0 bframes=0 weightp=1 keyint=250 keyint_min=8 scenecut=40 intra_refresh=0 rc_lookahead=30 rc=crf mbtree=1 crf=18.0 qcomp=0.60 qpmin=0 qpmax=69 qpstep=4 ip_ratio=1.40 aq=1:1.00
[mp4 @ 0x15b15240] Starting second pass: moving the moov atom to the beginning of the file
[libx264 @ 0x159de7c0] frame I:1     Avg QP:18.55  size:  1174
[libx264 @ 0x159de7c0] frame P:8     Avg QP:18.89  size:   723
[libx264 @ 0x159de7c0] mb I  I16..4:  0.0% 90.0% 10.0%
[libx264 @ 0x159de7c0] mb P  I16..4:  0.0%  8.1%  1.9%  P16..4: 35.0% 35.3% 17.8%  0.0%  0.0%    skip: 1.9%
[libx264 @ 0x159de7c0] 8x8 transform intra:86.1% inter:62.1%
[libx264 @ 0x159de7c0] coded y,uvDC,uvAC intra: 96.5% 72.2% 22.2% inter: 67.7% 32.6% 1.4%
[libx264 @ 0x159de7c0] i8 v,h,dc,ddl,ddr,vr,hd,vl,hu: 28% 15% 13%  3%  6% 23%  3%  3%  5%
[libx264 @ 0x159de7c0] i4 v,h,dc,ddl,ddr,vr,hd,vl,hu: 46% 18% 10%  2%  4%  7%  5%  4%  4%
[libx264 @ 0x159de7c0] i8c dc,h,v,p: 64% 22% 12%  1%
[libx264 @ 0x159de7c0] Weighted P-Frames: Y:12.5% UV:0.0%
[libx264 @ 0x159de7c0] ref P L0: 80.1% 19.9%
[libx264 @ 0x159de7c0] kb/s:49.49
{"completed":1,"elapsed_ms":12094.942951,"event":"progress","stage":"encoding","total":38}
overwrite built-in layer type Swish
{"completed":2,"elapsed_ms":12892.934622,"event":"progress","stage":"sampling","total":38}
{"completed":3,"elapsed_ms":12893.480232,"event":"progress","stage":"projecting","total":38}
overwrite built-in layer type Swish
{"completed":4,"elapsed_ms":12910.464939,"event":"progress","stage":"block-00","total":38}
overwrite built-in layer type Swish
overwrite built-in layer type RMSNorm
{"completed":5,"elapsed_ms":13350.307548,"event":"progress","stage":"block-01","total":38}
overwrite built-in layer type Swish
overwrite built-in layer type RMSNorm
{"completed":6,"elapsed_ms":13702.399365,"event":"progress","stage":"block-02","total":38}
overwrite built-in layer type Swish
overwrite built-in layer type RMSNorm
{"completed":7,"elapsed_ms":14061.241416,"event":"progress","stage":"block-03","total":38}
overwrite built-in layer type Swish
overwrite built-in layer type RMSNorm
{"completed":8,"elapsed_ms":14446.63222,"event":"progress","stage":"block-04","total":38}
overwrite built-in layer type Swish
overwrite built-in layer type RMSNorm
{"completed":9,"elapsed_ms":14821.847453,"event":"progress","stage":"block-05","total":38}
overwrite built-in layer type Swish
overwrite built-in layer type RMSNorm
{"completed":10,"elapsed_ms":15154.975406,"event":"progress","stage":"block-06","total":38}
overwrite built-in layer type Swish
overwrite built-in layer type RMSNorm
{"completed":11,"elapsed_ms":15468.69728,"event":"progress","stage":"block-07","total":38}
overwrite built-in layer type Swish
overwrite built-in layer type RMSNorm
{"completed":12,"elapsed_ms":15826.026996,"event":"progress","stage":"block-08","total":38}
overwrite built-in layer type Swish
overwrite built-in layer type RMSNorm
{"completed":13,"elapsed_ms":16210.009792,"event":"progress","stage":"block-09","total":38}
overwrite built-in layer type Swish
overwrite built-in layer type RMSNorm
{"completed":14,"elapsed_ms":16581.846497,"event":"progress","stage":"block-10","total":38}
overwrite built-in layer type Swish
overwrite built-in layer type RMSNorm
{"completed":15,"elapsed_ms":16942.412853,"event":"progress","stage":"block-11","total":38}
overwrite built-in layer type Swish
overwrite built-in layer type RMSNorm
{"completed":16,"elapsed_ms":17319.01229,"event":"progress","stage":"block-12","total":38}
overwrite built-in layer type Swish
overwrite built-in layer type RMSNorm
{"completed":17,"elapsed_ms":17696.600483,"event":"progress","stage":"block-13","total":38}
overwrite built-in layer type Swish
overwrite built-in layer type RMSNorm
{"completed":18,"elapsed_ms":18069.633977,"event":"progress","stage":"block-14","total":38}
overwrite built-in layer type Swish
overwrite built-in layer type RMSNorm
{"completed":19,"elapsed_ms":18441.682592,"event":"progress","stage":"block-15","total":38}
overwrite built-in layer type Swish
overwrite built-in layer type RMSNorm
{"completed":20,"elapsed_ms":18814.163823,"event":"progress","stage":"block-16","total":38}
overwrite built-in layer type Swish
overwrite built-in layer type RMSNorm
{"completed":21,"elapsed_ms":19191.810817,"event":"progress","stage":"block-17","total":38}
overwrite built-in layer type Swish
overwrite built-in layer type RMSNorm
{"completed":22,"elapsed_ms":19558.542093,"event":"progress","stage":"block-18","total":38}
overwrite built-in layer type Swish
overwrite built-in layer type RMSNorm
{"completed":23,"elapsed_ms":19924.434474,"event":"progress","stage":"block-19","total":38}
overwrite built-in layer type Swish
overwrite built-in layer type RMSNorm
{"completed":24,"elapsed_ms":20293.529372,"event":"progress","stage":"block-20","total":38}
overwrite built-in layer type Swish
overwrite built-in layer type RMSNorm
{"completed":25,"elapsed_ms":20656.516819,"event":"progress","stage":"block-21","total":38}
overwrite built-in layer type Swish
overwrite built-in layer type RMSNorm
{"completed":26,"elapsed_ms":21027.617034,"event":"progress","stage":"block-22","total":38}
overwrite built-in layer type Swish
overwrite built-in layer type RMSNorm
{"completed":27,"elapsed_ms":21399.456543,"event":"progress","stage":"block-23","total":38}
overwrite built-in layer type Swish
overwrite built-in layer type RMSNorm
{"completed":28,"elapsed_ms":21766.797059,"event":"progress","stage":"block-24","total":38}
overwrite built-in layer type Swish
overwrite built-in layer type RMSNorm
{"completed":29,"elapsed_ms":22135.132944,"event":"progress","stage":"block-25","total":38}
overwrite built-in layer type Swish
overwrite built-in layer type RMSNorm
{"completed":30,"elapsed_ms":22497.156101,"event":"progress","stage":"block-26","total":38}
overwrite built-in layer type Swish
overwrite built-in layer type RMSNorm
{"completed":31,"elapsed_ms":22870.206517,"event":"progress","stage":"block-27","total":38}
overwrite built-in layer type Swish
overwrite built-in layer type RMSNorm
{"completed":32,"elapsed_ms":23235.759408,"event":"progress","stage":"block-28","total":38}
overwrite built-in layer type Swish
overwrite built-in layer type RMSNorm
{"completed":33,"elapsed_ms":23602.26653,"event":"progress","stage":"block-29","total":38}
overwrite built-in layer type Swish
overwrite built-in layer type RMSNorm
{"completed":34,"elapsed_ms":23975.800209,"event":"progress","stage":"block-30","total":38}
overwrite built-in layer type Swish
overwrite built-in layer type RMSNorm
{"completed":35,"elapsed_ms":24354.064598,"event":"progress","stage":"block-31","total":38}
overwrite built-in layer type Swish
overwrite built-in layer type RMSNorm
{"completed":36,"elapsed_ms":24628.49968,"event":"progress","stage":"denoising","total":38}
overwrite built-in layer type Swish
{"completed":37,"elapsed_ms":24654.069606,"event":"progress","stage":"decoding","total":38}
overwrite built-in layer type Swish
[libx264 @ 0x17df0d80] using cpu capabilities: MMX2 SSE2Fast SSSE3 SSE4.2 AVX FMA3 BMI2 AVX2 AVX512
[libx264 @ 0x17df0d80] profile High, level 1.0, 4:2:0, 8-bit
[libx264 @ 0x17df0d80] 264 - core 165 r3222 b35605a - H.264/MPEG-4 AVC codec - Copyleft 2003-2025 - http://www.videolan.org/x264.html - options: cabac=1 ref=2 deblock=1:0:0 analyse=0x3:0x113 me=hex subme=6 psy=1 psy_rd=1.00:0.00 mixed_ref=1 me_range=16 chroma_me=1 trellis=1 8x8dct=1 cqm=0 deadzone=21,11 fast_pskip=1 chroma_qp_offset=-2 threads=4 lookahead_threads=1 sliced_threads=0 nr=0 decimate=1 interlaced=0 bluray_compat=0 constrained_intra=0 bframes=0 weightp=1 keyint=250 keyint_min=8 scenecut=40 intra_refresh=0 rc_lookahead=30 rc=crf mbtree=1 crf=18.0 qcomp=0.60 qpmin=0 qpmax=69 qpstep=4 ip_ratio=1.40 aq=1:1.00
[mp4 @ 0x15bf2000] Starting second pass: moving the moov atom to the beginning of the file
[libx264 @ 0x17df0d80] frame I:1     Avg QP:20.92  size:  1801
[libx264 @ 0x17df0d80] frame P:8     Avg QP:20.10  size:  1452
[libx264 @ 0x17df0d80] mb I  I16..4:  2.5% 55.0% 42.5%
[libx264 @ 0x17df0d80] mb P  I16..4:  0.0% 13.4% 19.7%  P16..4: 20.3% 32.5% 11.2%  0.0%  0.0%    skip: 2.8%
[libx264 @ 0x17df0d80] 8x8 transform intra:44.5% inter:56.5%
[libx264 @ 0x17df0d80] coded y,uvDC,uvAC intra: 97.4% 91.1% 50.0% inter: 74.9% 58.9% 0.0%
[libx264 @ 0x17df0d80] i16 v,h,dc,p:  0%  0%  0% 100%
[libx264 @ 0x17df0d80] i8 v,h,dc,ddl,ddr,vr,hd,vl,hu: 18% 14% 15%  3%  6% 22%  5%  6% 11%
[libx264 @ 0x17df0d80] i4 v,h,dc,ddl,ddr,vr,hd,vl,hu: 33% 10%  9%  3%  7% 17%  5%  9%  6%
[libx264 @ 0x17df0d80] i8c dc,h,v,p: 47% 21% 22% 10%
[libx264 @ 0x17df0d80] Weighted P-Frames: Y:25.0% UV:0.0%
[libx264 @ 0x17df0d80] ref P L0: 87.8% 12.2%
[libx264 @ 0x17df0d80] kb/s:95.41
{"completed":38,"elapsed_ms":25782.486287,"event":"progress","stage":"completed","total":38}
