[0 NVIDIA GeForce RTX 4060 Laptop GPU]  queueC=2[8]  queueT=1[2]  rebar=1  r-score=76
[0 NVIDIA GeForce RTX 4060 Laptop GPU]  fp16-p/s/u/a=1/1/1/1  int8-p/s/u/a=1/1/1/1  bf16-p/s=1/1
[0 NVIDIA GeForce RTX 4060 Laptop GPU]  subgroup=32(32~32)  ops=1/1/1/1/1/1/1/1/1/1
[0 NVIDIA GeForce RTX 4060 Laptop GPU]  fp16-cm=16x16x16/16x8x16/16x8x8  int8-cm=16x16x32/16x8x32  bf16-cm=16x16x16  fp8-cm=16x16x32  fp6-cm=0  fp4-cm=0
[1 llvmpipe (LLVM 22.1.8, 256 bits)]  queueC=0[1]  queueT=0[1]  rebar=1  r-score=14
[1 llvmpipe (LLVM 22.1.8, 256 bits)]  fp16-p/s/u/a=1/1/1/1  int8-p/s/u/a=1/1/1/1  bf16-p/s=1/0
[1 llvmpipe (LLVM 22.1.8, 256 bits)]  subgroup=8(8~8)  ops=1/1/1/1/1/1/1/1/1/1
[1 llvmpipe (LLVM 22.1.8, 256 bits)]  fp16-cm=8x8x8  int8-cm=8x8x8  bf16-cm=0  fp8-cm=0  fp6-cm=0  fp4-cm=0
[2 llvmpipe (LLVM 17.0.6, 256 bits)]  queueC=0[1]  queueT=0[1]  rebar=1  r-score=4
[2 llvmpipe (LLVM 17.0.6, 256 bits)]  fp16-p/s/u/a=1/1/1/1  int8-p/s/u/a=1/1/1/1  bf16-p/s=1/0
[2 llvmpipe (LLVM 17.0.6, 256 bits)]  subgroup=8(8~8)  ops=1/1/1/1/1/1/0/1/0/0
[2 llvmpipe (LLVM 17.0.6, 256 bits)]  fp16-cm=0  int8-cm=0  bf16-cm=0  fp8-cm=0  fp6-cm=0  fp4-cm=0
{"completed":0,"elapsed_ms":180.173586,"event":"progress","stage":"validating","total":38}
{"completed":0,"elapsed_ms":185.54644,"event":"progress","stage":"validating","total":38}
{"completed":0,"elapsed_ms":409.824625,"event":"progress","stage":"validating","total":38}
{"completed":0,"elapsed_ms":684.874507,"event":"progress","stage":"validating","total":38}
{"completed":0,"elapsed_ms":1012.0862,"event":"progress","stage":"validating","total":38}
{"completed":0,"elapsed_ms":1337.576102,"event":"progress","stage":"validating","total":38}
{"completed":0,"elapsed_ms":1678.235534,"event":"progress","stage":"validating","total":38}
{"completed":0,"elapsed_ms":2026.745729,"event":"progress","stage":"validating","total":38}
{"completed":0,"elapsed_ms":2385.835227,"event":"progress","stage":"validating","total":38}
{"completed":0,"elapsed_ms":2712.494066,"event":"progress","stage":"validating","total":38}
{"completed":0,"elapsed_ms":3021.163581,"event":"progress","stage":"validating","total":38}
{"completed":0,"elapsed_ms":3350.731232,"event":"progress","stage":"validating","total":38}
{"completed":0,"elapsed_ms":3707.302596,"event":"progress","stage":"validating","total":38}
{"completed":0,"elapsed_ms":4056.48553,"event":"progress","stage":"validating","total":38}
{"completed":0,"elapsed_ms":4394.121434,"event":"progress","stage":"validating","total":38}
{"completed":0,"elapsed_ms":4748.065538,"event":"progress","stage":"validating","total":38}
{"completed":0,"elapsed_ms":5094.067727,"event":"progress","stage":"validating","total":38}
{"completed":0,"elapsed_ms":5460.207536,"event":"progress","stage":"validating","total":38}
{"completed":0,"elapsed_ms":5823.225972,"event":"progress","stage":"validating","total":38}
{"completed":0,"elapsed_ms":6179.257145,"event":"progress","stage":"validating","total":38}
{"completed":0,"elapsed_ms":6547.547394,"event":"progress","stage":"validating","total":38}
{"completed":0,"elapsed_ms":6904.600157,"event":"progress","stage":"validating","total":38}
{"completed":0,"elapsed_ms":7241.746326,"event":"progress","stage":"validating","total":38}
{"completed":0,"elapsed_ms":7584.893715,"event":"progress","stage":"validating","total":38}
{"completed":0,"elapsed_ms":7934.912378,"event":"progress","stage":"validating","total":38}
{"completed":0,"elapsed_ms":8287.373461,"event":"progress","stage":"validating","total":38}
{"completed":0,"elapsed_ms":8638.366824,"event":"progress","stage":"validating","total":38}
{"completed":0,"elapsed_ms":8999.209592,"event":"progress","stage":"validating","total":38}
{"completed":0,"elapsed_ms":9351.563894,"event":"progress","stage":"validating","total":38}
{"completed":0,"elapsed_ms":9698.175894,"event":"progress","stage":"validating","total":38}
{"completed":0,"elapsed_ms":10047.32214,"event":"progress","stage":"validating","total":38}
{"completed":0,"elapsed_ms":10396.248099,"event":"progress","stage":"validating","total":38}
{"completed":0,"elapsed_ms":10745.888988,"event":"progress","stage":"validating","total":38}
{"completed":0,"elapsed_ms":11101.208809,"event":"progress","stage":"validating","total":38}
{"completed":0,"elapsed_ms":11450.950408,"event":"progress","stage":"validating","total":38}
{"completed":0,"elapsed_ms":11686.706564,"event":"progress","stage":"validating","total":38}
{"completed":0,"elapsed_ms":11687.935293,"event":"progress","stage":"validating","total":38}
[libx264 @ 0x1d654500] using cpu capabilities: MMX2 SSE2Fast SSSE3 SSE4.2 AVX FMA3 BMI2 AVX2 AVX512
[libx264 @ 0x1d654500] profile High, level 1.0, 4:2:0, 8-bit
[libx264 @ 0x1d654500] 264 - core 165 r3222 b35605a - H.264/MPEG-4 AVC codec - Copyleft 2003-2025 - http://www.videolan.org/x264.html - options: cabac=1 ref=2 deblock=1:0:0 analyse=0x3:0x113 me=hex subme=6 psy=1 psy_rd=1.00:0.00 mixed_ref=1 me_range=16 chroma_me=1 trellis=1 8x8dct=1 cqm=0 deadzone=21,11 fast_pskip=1 chroma_qp_offset=-2 threads=4 lookahead_threads=1 sliced_threads=0 nr=0 decimate=1 interlaced=0 bluray_compat=0 constrained_intra=0 bframes=0 weightp=1 keyint=250 keyint_min=8 scenecut=40 intra_refresh=0 rc_lookahead=30 rc=crf mbtree=1 crf=18.0 qcomp=0.60 qpmin=0 qpmax=69 qpstep=4 ip_ratio=1.40 aq=1:1.00
[mp4 @ 0x1d561780] Starting second pass: moving the moov atom to the beginning of the file
[libx264 @ 0x1d654500] frame I:1     Avg QP:18.55  size:  1174
[libx264 @ 0x1d654500] frame P:7     Avg QP:18.87  size:   699
[libx264 @ 0x1d654500] mb I  I16..4:  0.0% 90.0% 10.0%
[libx264 @ 0x1d654500] mb P  I16..4:  0.0%  6.4%  2.5%  P16..4: 36.4% 35.4% 18.2%  0.0%  0.0%    skip: 1.1%
[libx264 @ 0x1d654500] 8x8 transform intra:83.1% inter:59.0%
[libx264 @ 0x1d654500] coded y,uvDC,uvAC intra: 95.8% 67.7% 18.5% inter: 65.4% 28.6% 2.7%
[libx264 @ 0x1d654500] i8 v,h,dc,ddl,ddr,vr,hd,vl,hu: 25% 15% 14%  4%  6% 25%  3%  3%  5%
[libx264 @ 0x1d654500] i4 v,h,dc,ddl,ddr,vr,hd,vl,hu: 52% 13%  7%  3%  2%  7%  6%  6%  4%
[libx264 @ 0x1d654500] i8c dc,h,v,p: 62% 26% 11%  2%
[libx264 @ 0x1d654500] Weighted P-Frames: Y:14.3% UV:0.0%
[libx264 @ 0x1d654500] ref P L0: 79.1% 20.9%
[libx264 @ 0x1d654500] kb/s:48.54
{"completed":1,"elapsed_ms":11981.913903,"event":"progress","stage":"encoding","total":38}
overwrite built-in layer type Swish
{"completed":2,"elapsed_ms":12743.287029,"event":"progress","stage":"sampling","total":38}
{"completed":3,"elapsed_ms":12743.795108,"event":"progress","stage":"projecting","total":38}
overwrite built-in layer type Swish
{"completed":4,"elapsed_ms":12760.870646,"event":"progress","stage":"block-00","total":38}
overwrite built-in layer type Swish
overwrite built-in layer type RMSNorm
{"completed":5,"elapsed_ms":13207.42109,"event":"progress","stage":"block-01","total":38}
overwrite built-in layer type Swish
overwrite built-in layer type RMSNorm
{"completed":6,"elapsed_ms":13560.567628,"event":"progress","stage":"block-02","total":38}
overwrite built-in layer type Swish
overwrite built-in layer type RMSNorm
{"completed":7,"elapsed_ms":13915.423132,"event":"progress","stage":"block-03","total":38}
overwrite built-in layer type Swish
overwrite built-in layer type RMSNorm
{"completed":8,"elapsed_ms":14292.975127,"event":"progress","stage":"block-04","total":38}
overwrite built-in layer type Swish
overwrite built-in layer type RMSNorm
{"completed":9,"elapsed_ms":14674.805319,"event":"progress","stage":"block-05","total":38}
overwrite built-in layer type Swish
overwrite built-in layer type RMSNorm
{"completed":10,"elapsed_ms":15015.50653,"event":"progress","stage":"block-06","total":38}
overwrite built-in layer type Swish
overwrite built-in layer type RMSNorm
{"completed":11,"elapsed_ms":15332.684099,"event":"progress","stage":"block-07","total":38}
overwrite built-in layer type Swish
overwrite built-in layer type RMSNorm
{"completed":12,"elapsed_ms":15689.268557,"event":"progress","stage":"block-08","total":38}
overwrite built-in layer type Swish
overwrite built-in layer type RMSNorm
{"completed":13,"elapsed_ms":16061.899802,"event":"progress","stage":"block-09","total":38}
overwrite built-in layer type Swish
overwrite built-in layer type RMSNorm
{"completed":14,"elapsed_ms":16431.611324,"event":"progress","stage":"block-10","total":38}
overwrite built-in layer type Swish
overwrite built-in layer type RMSNorm
{"completed":15,"elapsed_ms":16799.371843,"event":"progress","stage":"block-11","total":38}
overwrite built-in layer type Swish
overwrite built-in layer type RMSNorm
{"completed":16,"elapsed_ms":17166.257119,"event":"progress","stage":"block-12","total":38}
overwrite built-in layer type Swish
overwrite built-in layer type RMSNorm
{"completed":17,"elapsed_ms":17536.247398,"event":"progress","stage":"block-13","total":38}
overwrite built-in layer type Swish
overwrite built-in layer type RMSNorm
{"completed":18,"elapsed_ms":17905.706383,"event":"progress","stage":"block-14","total":38}
overwrite built-in layer type Swish
overwrite built-in layer type RMSNorm
{"completed":19,"elapsed_ms":18287.809661,"event":"progress","stage":"block-15","total":38}
overwrite built-in layer type Swish
overwrite built-in layer type RMSNorm
{"completed":20,"elapsed_ms":18661.933283,"event":"progress","stage":"block-16","total":38}
overwrite built-in layer type Swish
overwrite built-in layer type RMSNorm
{"completed":21,"elapsed_ms":19043.083291,"event":"progress","stage":"block-17","total":38}
overwrite built-in layer type Swish
overwrite built-in layer type RMSNorm
{"completed":22,"elapsed_ms":19416.821205,"event":"progress","stage":"block-18","total":38}
overwrite built-in layer type Swish
overwrite built-in layer type RMSNorm
{"completed":23,"elapsed_ms":19780.413594,"event":"progress","stage":"block-19","total":38}
overwrite built-in layer type Swish
overwrite built-in layer type RMSNorm
{"completed":24,"elapsed_ms":20147.337794,"event":"progress","stage":"block-20","total":38}
overwrite built-in layer type Swish
overwrite built-in layer type RMSNorm
{"completed":25,"elapsed_ms":20516.0133,"event":"progress","stage":"block-21","total":38}
overwrite built-in layer type Swish
overwrite built-in layer type RMSNorm
{"completed":26,"elapsed_ms":20891.666911,"event":"progress","stage":"block-22","total":38}
overwrite built-in layer type Swish
overwrite built-in layer type RMSNorm
{"completed":27,"elapsed_ms":21263.101767,"event":"progress","stage":"block-23","total":38}
overwrite built-in layer type Swish
overwrite built-in layer type RMSNorm
{"completed":28,"elapsed_ms":21631.364714,"event":"progress","stage":"block-24","total":38}
overwrite built-in layer type Swish
overwrite built-in layer type RMSNorm
{"completed":29,"elapsed_ms":21999.845583,"event":"progress","stage":"block-25","total":38}
overwrite built-in layer type Swish
overwrite built-in layer type RMSNorm
{"completed":30,"elapsed_ms":22365.489816,"event":"progress","stage":"block-26","total":38}
overwrite built-in layer type Swish
overwrite built-in layer type RMSNorm
{"completed":31,"elapsed_ms":22733.535443,"event":"progress","stage":"block-27","total":38}
overwrite built-in layer type Swish
overwrite built-in layer type RMSNorm
{"completed":32,"elapsed_ms":23109.429338,"event":"progress","stage":"block-28","total":38}
overwrite built-in layer type Swish
overwrite built-in layer type RMSNorm
{"completed":33,"elapsed_ms":23482.919574,"event":"progress","stage":"block-29","total":38}
overwrite built-in layer type Swish
overwrite built-in layer type RMSNorm
{"completed":34,"elapsed_ms":23850.273225,"event":"progress","stage":"block-30","total":38}
overwrite built-in layer type Swish
overwrite built-in layer type RMSNorm
{"completed":35,"elapsed_ms":24224.779009,"event":"progress","stage":"block-31","total":38}
overwrite built-in layer type Swish
overwrite built-in layer type RMSNorm
{"completed":36,"elapsed_ms":24500.580349,"event":"progress","stage":"denoising","total":38}
overwrite built-in layer type Swish
{"completed":37,"elapsed_ms":24526.907304,"event":"progress","stage":"decoding","total":38}
overwrite built-in layer type Swish
[libx264 @ 0x1f3b72c0] using cpu capabilities: MMX2 SSE2Fast SSSE3 SSE4.2 AVX FMA3 BMI2 AVX2 AVX512
[libx264 @ 0x1f3b72c0] profile High, level 1.0, 4:2:0, 8-bit
[libx264 @ 0x1f3b72c0] 264 - core 165 r3222 b35605a - H.264/MPEG-4 AVC codec - Copyleft 2003-2025 - http://www.videolan.org/x264.html - options: cabac=1 ref=2 deblock=1:0:0 analyse=0x3:0x113 me=hex subme=6 psy=1 psy_rd=1.00:0.00 mixed_ref=1 me_range=16 chroma_me=1 trellis=1 8x8dct=1 cqm=0 deadzone=21,11 fast_pskip=1 chroma_qp_offset=-2 threads=4 lookahead_threads=1 sliced_threads=0 nr=0 decimate=1 interlaced=0 bluray_compat=0 constrained_intra=0 bframes=0 weightp=1 keyint=250 keyint_min=8 scenecut=40 intra_refresh=0 rc_lookahead=30 rc=crf mbtree=1 crf=18.0 qcomp=0.60 qpmin=0 qpmax=69 qpstep=4 ip_ratio=1.40 aq=1:1.00
[mp4 @ 0x1f09c200] Starting second pass: moving the moov atom to the beginning of the file
[libx264 @ 0x1f3b72c0] frame I:1     Avg QP:20.90  size:  1777
[libx264 @ 0x1f3b72c0] frame P:7     Avg QP:19.99  size:  1390
[libx264 @ 0x1f3b72c0] mb I  I16..4:  0.0% 62.5% 37.5%
[libx264 @ 0x1f3b72c0] mb P  I16..4:  0.4% 11.1% 14.3%  P16..4: 22.1% 33.9% 13.2%  0.0%  0.0%    skip: 5.0%
[libx264 @ 0x1f3b72c0] 8x8 transform intra:50.0% inter:51.7%
[libx264 @ 0x1f3b72c0] coded y,uvDC,uvAC intra: 98.7% 95.5% 56.2% inter: 72.5% 52.4% 0.5%
[libx264 @ 0x1f3b72c0] i16 v,h,dc,p: 100%  0%  0%  0%
[libx264 @ 0x1f3b72c0] i8 v,h,dc,ddl,ddr,vr,hd,vl,hu: 17% 13% 16%  5%  6% 23%  4%  4% 12%
[libx264 @ 0x1f3b72c0] i4 v,h,dc,ddl,ddr,vr,hd,vl,hu: 36%  7%  9%  3%  9% 18%  5%  8%  5%
[libx264 @ 0x1f3b72c0] i8c dc,h,v,p: 49% 24% 23%  4%
[libx264 @ 0x1f3b72c0] Weighted P-Frames: Y:42.9% UV:0.0%
[libx264 @ 0x1f3b72c0] ref P L0: 87.8% 12.2%
[libx264 @ 0x1f3b72c0] kb/s:92.06
{"completed":38,"elapsed_ms":25699.602112,"event":"progress","stage":"completed","total":38}
