{
  "backend": "ncnn-vulkan",
  "build": "0.7.0",
  "clip": {
    "decoded_frames": 8,
    "latent_frames": 3,
    "padded_frames": 9,
    "padding": "repeat last frame to 4n+1; crop output to decoded frame count",
    "requested_max_frames": 8,
    "streaming_cache": false,
    "temporal_mode": "joint clip VAE + 3D adaptive window attention",
    "truncated": false
  },
  "comparison_input": "comparison-input.mp4",
  "converter_ncnn_commit": "6a1bf000f363714839a36793addc8c879d3d899e",
  "device": {
    "api_version": 4211017,
    "device_id": 10464,
    "driver_version": 2497102272,
    "index": 0,
    "name": "NVIDIA GeForce RTX 4060 Laptop GPU",
    "subgroup_size": 32,
    "vendor_id": 4318
  },
  "diagnostics": {
    "block-00-text": {
      "dtype": "f32le",
      "elements": 148480,
      "path": "block-00-text.f32",
      "sha256": "754492cc0b5181b1c11d32c1acbd6c414c6ffa33dbadc762684f69d29ed12745",
      "shape": [
        58,
        2560
      ]
    },
    "block-00-video": {
      "dtype": "f32le",
      "elements": 307200,
      "path": "block-00-video.f32",
      "sha256": "d456dce8fbaaca976ea7ae974e97af276f1a373c9110b2e663118fc53ced9cfe",
      "shape": [
        120,
        2560
      ]
    },
    "block-01-text": {
      "dtype": "f32le",
      "elements": 148480,
      "path": "block-01-text.f32",
      "sha256": "7f31d938eeaa173469b19ff514ed3b6273651fa009306a17ceba3ebdfbacea2f",
      "shape": [
        58,
        2560
      ]
    },
    "block-01-video": {
      "dtype": "f32le",
      "elements": 307200,
      "path": "block-01-video.f32",
      "sha256": "c20b96a46598e22be54b046d6a4ec98680d770bbe586f7219773f146d8c2f43d",
      "shape": [
        120,
        2560
      ]
    },
    "block-02-text": {
      "dtype": "f32le",
      "elements": 148480,
      "path": "block-02-text.f32",
      "sha256": "529e9d1882d58da89ccaf7ccf36e140a5e8d2e9540542ec5d53e4f4aca32c759",
      "shape": [
        58,
        2560
      ]
    },
    "block-02-video": {
      "dtype": "f32le",
      "elements": 307200,
      "path": "block-02-video.f32",
      "sha256": "4369f6f926ae328a66565fa73c9a8510d7233766b37e7064ab7d079f0e2749d9",
      "shape": [
        120,
        2560
      ]
    },
    "block-03-text": {
      "dtype": "f32le",
      "elements": 148480,
      "path": "block-03-text.f32",
      "sha256": "3a3e45f0fb32ac8c0609d0639f7de661df344723b3ea9fd40b7d0a716331f7f5",
      "shape": [
        58,
        2560
      ]
    },
    "block-03-video": {
      "dtype": "f32le",
      "elements": 307200,
      "path": "block-03-video.f32",
      "sha256": "7026208c54d714dcca5bb9055db61025931945cebd9c761c0dc48abb47fbff30",
      "shape": [
        120,
        2560
      ]
    },
    "block-04-text": {
      "dtype": "f32le",
      "elements": 148480,
      "path": "block-04-text.f32",
      "sha256": "77a540f58b89df36b9c536a55b22996de36375874f7ed5cf5616e0e426116c80",
      "shape": [
        58,
        2560
      ]
    },
    "block-04-video": {
      "dtype": "f32le",
      "elements": 307200,
      "path": "block-04-video.f32",
      "sha256": "8e3ec47c20ee42495f4137fb1689e6fb5c510ade0afd197cbf0a9a55f7327bc3",
      "shape": [
        120,
        2560
      ]
    },
    "block-05-text": {
      "dtype": "f32le",
      "elements": 148480,
      "path": "block-05-text.f32",
      "sha256": "65749d49ac9c149bc5ec81ae7a919f568d04e80cbad2e64061dfc39282460473",
      "shape": [
        58,
        2560
      ]
    },
    "block-05-video": {
      "dtype": "f32le",
      "elements": 307200,
      "path": "block-05-video.f32",
      "sha256": "f28f2c41951bc0ffec84a3dc4f9fb64f840f74f7c365a3d7e167d018e76e2ec8",
      "shape": [
        120,
        2560
      ]
    },
    "block-06-text": {
      "dtype": "f32le",
      "elements": 148480,
      "path": "block-06-text.f32",
      "sha256": "c56685b29c1f15f107e5319fa77c2d27368e131e9cbc91fbe0bbb670f173029d",
      "shape": [
        58,
        2560
      ]
    },
    "block-06-video": {
      "dtype": "f32le",
      "elements": 307200,
      "path": "block-06-video.f32",
      "sha256": "5803fe253d49e8970946f892e19d37c177e8b727d38e049c8d096500135dffda",
      "shape": [
        120,
        2560
      ]
    },
    "block-07-text": {
      "dtype": "f32le",
      "elements": 148480,
      "path": "block-07-text.f32",
      "sha256": "dd3d1604c9a270c681b1f852c639cdb38cdda1da1f2409a23383573c879ee8be",
      "shape": [
        58,
        2560
      ]
    },
    "block-07-video": {
      "dtype": "f32le",
      "elements": 307200,
      "path": "block-07-video.f32",
      "sha256": "de8d539dbc0aeebd09c717b0cf2e01b5edf78eef428f16007e845a6e6449dc96",
      "shape": [
        120,
        2560
      ]
    },
    "block-08-text": {
      "dtype": "f32le",
      "elements": 148480,
      "path": "block-08-text.f32",
      "sha256": "45991109e19e8d8f27ed7cc3a276618843c43c7f4fdb1f19717ba4c95e10be6f",
      "shape": [
        58,
        2560
      ]
    },
    "block-08-video": {
      "dtype": "f32le",
      "elements": 307200,
      "path": "block-08-video.f32",
      "sha256": "6e64893fc392ed2c93c980c9210307bd40253b29cf2ad4bbc935c58eb7b9ea4b",
      "shape": [
        120,
        2560
      ]
    },
    "block-09-text": {
      "dtype": "f32le",
      "elements": 148480,
      "path": "block-09-text.f32",
      "sha256": "76bd82e545248d17a201e6419fa430f8690b3cf54e2a787c27711f1d6496758c",
      "shape": [
        58,
        2560
      ]
    },
    "block-09-video": {
      "dtype": "f32le",
      "elements": 307200,
      "path": "block-09-video.f32",
      "sha256": "407aaeba544274d4765f130d33946d31c0858a02ad15183cac81dbff733e04cc",
      "shape": [
        120,
        2560
      ]
    },
    "block-10-text": {
      "dtype": "f32le",
      "elements": 148480,
      "path": "block-10-text.f32",
      "sha256": "f03374b297aae9a00cb0c772dda71acad74fbaba026506b94236acbc2651d99e",
      "shape": [
        58,
        2560
      ]
    },
    "block-10-video": {
      "dtype": "f32le",
      "elements": 307200,
      "path": "block-10-video.f32",
      "sha256": "e404e63d22f09a485154da487045a951ebd093f0fbd75af14920b752813303a3",
      "shape": [
        120,
        2560
      ]
    },
    "block-11-text": {
      "dtype": "f32le",
      "elements": 148480,
      "path": "block-11-text.f32",
      "sha256": "f5e08cfe1686d6c2d3078274bdcbf0a9ec2f3312c35d066202107dc965962963",
      "shape": [
        58,
        2560
      ]
    },
    "block-11-video": {
      "dtype": "f32le",
      "elements": 307200,
      "path": "block-11-video.f32",
      "sha256": "ad670f40438c6fde16e577e88952fb592aedbcae6ab670dbb7ce4f8c14a00306",
      "shape": [
        120,
        2560
      ]
    },
    "block-12-text": {
      "dtype": "f32le",
      "elements": 148480,
      "path": "block-12-text.f32",
      "sha256": "4d3b4dbcbe93094a329530141a83b53c59c38730d100f08b07ff84e823ce2145",
      "shape": [
        58,
        2560
      ]
    },
    "block-12-video": {
      "dtype": "f32le",
      "elements": 307200,
      "path": "block-12-video.f32",
      "sha256": "71b708760857ddfa7ee2688686aa71699335390939bc793e9bf994708da0a52f",
      "shape": [
        120,
        2560
      ]
    },
    "block-13-text": {
      "dtype": "f32le",
      "elements": 148480,
      "path": "block-13-text.f32",
      "sha256": "ea1392c0a14ee6ecaa5db598a612c12c0337e440cd6aac7bbe5aa7cab6086783",
      "shape": [
        58,
        2560
      ]
    },
    "block-13-video": {
      "dtype": "f32le",
      "elements": 307200,
      "path": "block-13-video.f32",
      "sha256": "bdf78f3f85382b75a05c1c5df3495e61a37bc6e0e461ae93864c37d5fa618d5d",
      "shape": [
        120,
        2560
      ]
    },
    "block-14-text": {
      "dtype": "f32le",
      "elements": 148480,
      "path": "block-14-text.f32",
      "sha256": "3d8825b5884349ed6156a06e65d4f4f4fa41a9d867e2cca502092b2afbe4dee6",
      "shape": [
        58,
        2560
      ]
    },
    "block-14-video": {
      "dtype": "f32le",
      "elements": 307200,
      "path": "block-14-video.f32",
      "sha256": "a483b431deb356430a0c68e4f32f8f642ce081e0699e2917ed8de34c248f7671",
      "shape": [
        120,
        2560
      ]
    },
    "block-15-text": {
      "dtype": "f32le",
      "elements": 148480,
      "path": "block-15-text.f32",
      "sha256": "c2c4c0a4a8d36c4297d4b06333ed26df5a1c8a4ecfb3a347cf900ec8571a50c6",
      "shape": [
        58,
        2560
      ]
    },
    "block-15-video": {
      "dtype": "f32le",
      "elements": 307200,
      "path": "block-15-video.f32",
      "sha256": "e6ebb5a1444c100df849ba2ba1a5ef99bb425f28cb9d54391b5d78c80561f704",
      "shape": [
        120,
        2560
      ]
    },
    "block-16-text": {
      "dtype": "f32le",
      "elements": 148480,
      "path": "block-16-text.f32",
      "sha256": "cb064cfb666e8319ee668d32cc1c686d44e553a86cdbbd9bdc7b96e45a070255",
      "shape": [
        58,
        2560
      ]
    },
    "block-16-video": {
      "dtype": "f32le",
      "elements": 307200,
      "path": "block-16-video.f32",
      "sha256": "06ebb4c9dce87598e078a20b51392f1ae1e6c6583ec37b2e66fc42cdab381929",
      "shape": [
        120,
        2560
      ]
    },
    "block-17-text": {
      "dtype": "f32le",
      "elements": 148480,
      "path": "block-17-text.f32",
      "sha256": "2831040732fc8538190b6c222209154c636b9fa205d5e2f156cefb56406280ba",
      "shape": [
        58,
        2560
      ]
    },
    "block-17-video": {
      "dtype": "f32le",
      "elements": 307200,
      "path": "block-17-video.f32",
      "sha256": "a878fda83dc3ac36f5c8890319fddf33e590a699840ec35083e7876fcdd3a1c7",
      "shape": [
        120,
        2560
      ]
    },
    "block-18-text": {
      "dtype": "f32le",
      "elements": 148480,
      "path": "block-18-text.f32",
      "sha256": "2d62f10769433d5d2c553ff2b2c2569536e40ef038c9ffd5856446ea58b8327d",
      "shape": [
        58,
        2560
      ]
    },
    "block-18-video": {
      "dtype": "f32le",
      "elements": 307200,
      "path": "block-18-video.f32",
      "sha256": "2d4fd44945590418c79cc64b57860d8464a7e5310ee657ba5d2fc5b6386a3469",
      "shape": [
        120,
        2560
      ]
    },
    "block-19-text": {
      "dtype": "f32le",
      "elements": 148480,
      "path": "block-19-text.f32",
      "sha256": "dc78e2f8ad5541e6e0c68d6d55e3b25738a43e584829e22d6be68db667f56916",
      "shape": [
        58,
        2560
      ]
    },
    "block-19-video": {
      "dtype": "f32le",
      "elements": 307200,
      "path": "block-19-video.f32",
      "sha256": "26a854a8913cf482107c90d119df47563967f50507b74769b8636bd8465a7a64",
      "shape": [
        120,
        2560
      ]
    },
    "block-20-text": {
      "dtype": "f32le",
      "elements": 148480,
      "path": "block-20-text.f32",
      "sha256": "336a71efb545021efcc39f616bbe6402b5583b9190f1de520718bb66f86371fe",
      "shape": [
        58,
        2560
      ]
    },
    "block-20-video": {
      "dtype": "f32le",
      "elements": 307200,
      "path": "block-20-video.f32",
      "sha256": "2b17ab485b0039553e062218610c6985557bd021a25016f1eb59cbfff41907e4",
      "shape": [
        120,
        2560
      ]
    },
    "block-21-text": {
      "dtype": "f32le",
      "elements": 148480,
      "path": "block-21-text.f32",
      "sha256": "e6cd1e322b4b7452a155e7c87e9b3184dc2911e0acb22cd78e74f598f2345f15",
      "shape": [
        58,
        2560
      ]
    },
    "block-21-video": {
      "dtype": "f32le",
      "elements": 307200,
      "path": "block-21-video.f32",
      "sha256": "7edfd0c5eeea47098476cc1b93baaa013b187a76ec907eb4d58a1fcc3534746b",
      "shape": [
        120,
        2560
      ]
    },
    "block-22-text": {
      "dtype": "f32le",
      "elements": 148480,
      "path": "block-22-text.f32",
      "sha256": "df10a7b08c4a8e1858c23da133801bc0e61e8fe17d67eb7cf11e690dc5961652",
      "shape": [
        58,
        2560
      ]
    },
    "block-22-video": {
      "dtype": "f32le",
      "elements": 307200,
      "path": "block-22-video.f32",
      "sha256": "3f634b8eb34a272d0584dc809be422e145ec0622c70bac466cd08ecff00756fe",
      "shape": [
        120,
        2560
      ]
    },
    "block-23-text": {
      "dtype": "f32le",
      "elements": 148480,
      "path": "block-23-text.f32",
      "sha256": "a215b9ca77fa1b8964ae63af4c6f1b2037a6be485d1eb71959635cc9f06cf930",
      "shape": [
        58,
        2560
      ]
    },
    "block-23-video": {
      "dtype": "f32le",
      "elements": 307200,
      "path": "block-23-video.f32",
      "sha256": "7a30b6ab0e4691f0771629cd32ae4c436f4dc81e0c851b512792c694e88c5b3a",
      "shape": [
        120,
        2560
      ]
    },
    "block-24-text": {
      "dtype": "f32le",
      "elements": 148480,
      "path": "block-24-text.f32",
      "sha256": "c2bc606a3f78d2fdd84401217ac4acf93c6e87d713969fd1a79318284e7451c1",
      "shape": [
        58,
        2560
      ]
    },
    "block-24-video": {
      "dtype": "f32le",
      "elements": 307200,
      "path": "block-24-video.f32",
      "sha256": "ae5e02359276ca7eea9e3d0bf5a2c0a03ac504fd78fd7554ffb471ee94827ace",
      "shape": [
        120,
        2560
      ]
    },
    "block-25-text": {
      "dtype": "f32le",
      "elements": 148480,
      "path": "block-25-text.f32",
      "sha256": "e9df64865ba9539eb5d8e4d56ef93926f069b88588e749191093095bdbb4e8c5",
      "shape": [
        58,
        2560
      ]
    },
    "block-25-video": {
      "dtype": "f32le",
      "elements": 307200,
      "path": "block-25-video.f32",
      "sha256": "3bce6ed44cf330863f651a43a96c41d851f54f6cabd8aa9b2655d26a2409146a",
      "shape": [
        120,
        2560
      ]
    },
    "block-26-text": {
      "dtype": "f32le",
      "elements": 148480,
      "path": "block-26-text.f32",
      "sha256": "0482192b152ca10dd007791e96aefc4685bf6459671180c8098afed7dddffebf",
      "shape": [
        58,
        2560
      ]
    },
    "block-26-video": {
      "dtype": "f32le",
      "elements": 307200,
      "path": "block-26-video.f32",
      "sha256": "b65642b57134eb9479a85e57c515b80cfecbe5c32c4252870e831c158b39cf66",
      "shape": [
        120,
        2560
      ]
    },
    "block-27-text": {
      "dtype": "f32le",
      "elements": 148480,
      "path": "block-27-text.f32",
      "sha256": "907f66575f110a04b94dd11ec8e75875558562f5a7d7525632377260bfa4a6f8",
      "shape": [
        58,
        2560
      ]
    },
    "block-27-video": {
      "dtype": "f32le",
      "elements": 307200,
      "path": "block-27-video.f32",
      "sha256": "052fbb058a8f158094b4e30a9c008ca95f15d9a0b596b52ba40d30e404e804c4",
      "shape": [
        120,
        2560
      ]
    },
    "block-28-text": {
      "dtype": "f32le",
      "elements": 148480,
      "path": "block-28-text.f32",
      "sha256": "b2c588ef4752e6a5456f92c8a6e89a50ff084d848e904faf5384fe2729cad45f",
      "shape": [
        58,
        2560
      ]
    },
    "block-28-video": {
      "dtype": "f32le",
      "elements": 307200,
      "path": "block-28-video.f32",
      "sha256": "854bfd5cefa270bc3970c0141fca70d637da2f79bf7feb0a8dbca0bf4fd79356",
      "shape": [
        120,
        2560
      ]
    },
    "block-29-text": {
      "dtype": "f32le",
      "elements": 148480,
      "path": "block-29-text.f32",
      "sha256": "f10214266a36732f76ec60ee7aef6a31237717cf3a183a945c39938f9970bc57",
      "shape": [
        58,
        2560
      ]
    },
    "block-29-video": {
      "dtype": "f32le",
      "elements": 307200,
      "path": "block-29-video.f32",
      "sha256": "c69b8f9f000d56b8e9a354abf45a3ce884cc44515d9e2ce2c22c6190d92e0636",
      "shape": [
        120,
        2560
      ]
    },
    "block-30-text": {
      "dtype": "f32le",
      "elements": 148480,
      "path": "block-30-text.f32",
      "sha256": "70f662b83aeff65bd9c9cb2fe1129686f891286ac7a23c10d533ace52ebeffe1",
      "shape": [
        58,
        2560
      ]
    },
    "block-30-video": {
      "dtype": "f32le",
      "elements": 307200,
      "path": "block-30-video.f32",
      "sha256": "a8abc527df7149977772f45ea027b591eabc8ff5735c38a9475fd8eb12343e07",
      "shape": [
        120,
        2560
      ]
    },
    "block-31-text": {
      "dtype": "f32le",
      "elements": 148480,
      "path": "block-31-text.f32",
      "sha256": "45aeeeaf549ff0a6841ee118fa92a4699afcc66c0fb3d860e2167b01b033c8cf",
      "shape": [
        58,
        2560
      ]
    },
    "block-31-video": {
      "dtype": "f32le",
      "elements": 307200,
      "path": "block-31-video.f32",
      "sha256": "145f95188d7923205aa9bf360fd1f8a60095361edd2caebf2535662ed6d10679",
      "shape": [
        120,
        2560
      ]
    },
    "conditioned": {
      "dtype": "f32le",
      "elements": 7680,
      "path": "conditioned.f32",
      "sha256": "928b13e249ff94091f5783836b0918b5b74cb43458a986872499c3762e9e6ad4",
      "shape": [
        16,
        3,
        10,
        16
      ]
    },
    "decoded": {
      "dtype": "f32le",
      "elements": 276480,
      "path": "decoded.f32",
      "sha256": "744ff7c113ffe11ce46f9fe4ccef1321b2ea5e74fd105e429953c948484b27d9",
      "shape": [
        3,
        9,
        80,
        128
      ]
    },
    "latent": {
      "dtype": "f32le",
      "elements": 7680,
      "path": "latent.f32",
      "sha256": "7f005f1880620dd853714269d05388da8223aeeb25f43111a627734114327b2b",
      "shape": [
        16,
        3,
        10,
        16
      ]
    },
    "noise": {
      "dtype": "f32le",
      "elements": 7680,
      "path": "noise.f32",
      "sha256": "bc9145030c67a61470a40d2ada57591ae0d9ca8a1a68dee2883385b67a96081d",
      "shape": [
        16,
        3,
        10,
        16
      ]
    },
    "patch-in": {
      "dtype": "f32le",
      "elements": 307200,
      "path": "patch-in.f32",
      "sha256": "83b140ddb2e8e693993aa2efabbb01dcb295dc866488957bfd0f187d825c8df2",
      "shape": [
        120,
        2560
      ]
    },
    "patch-out": {
      "dtype": "f32le",
      "elements": 7680,
      "path": "patch-out.f32",
      "sha256": "79bf4bc25e5f5fc869dadf741e7b7c9b1d03a1006a844fb20766f3373d2dea3b",
      "shape": [
        120,
        64
      ]
    },
    "patches": {
      "dtype": "f32le",
      "elements": 15840,
      "path": "patches.f32",
      "sha256": "4516b28629376b838539c8ec7d89793d53213eb977b07c95b962db0b1b77ea45",
      "shape": [
        120,
        132
      ]
    },
    "posterior": {
      "dtype": "f32le",
      "elements": 15360,
      "path": "posterior.f32",
      "sha256": "dd1d36bbb4d2b446af6397ff355a3ed172ed1c486803f9a7c4ebd518bae44888",
      "shape": [
        32,
        3,
        10,
        16
      ]
    },
    "posterior-noise": {
      "dtype": "f32le",
      "elements": 7680,
      "path": "posterior-noise.f32",
      "sha256": "2c2222651a333288955c1bedba6f3ab7415ab988e3b2c6eb5468d62fad7fe669",
      "shape": [
        16,
        3,
        10,
        16
      ]
    },
    "prepared": {
      "dtype": "f32le",
      "elements": 276480,
      "path": "prepared.f32",
      "sha256": "00ae3cc3181b4b7fb039e73005c79021adff7f34ab927dc402e27406a953599c",
      "shape": [
        3,
        9,
        80,
        128
      ]
    },
    "text-in": {
      "dtype": "f32le",
      "elements": 148480,
      "path": "text-in.f32",
      "sha256": "c7cecae53e4f83d60cab1ebddeca3bdf028c630ef33feb0cfd58d8c1ab50e42d",
      "shape": [
        58,
        2560
      ]
    },
    "time-in": {
      "dtype": "f32le",
      "elements": 15360,
      "path": "time-in.f32",
      "sha256": "bd542b62115dab2f055c2ec0ff47df9ebdbe25a9bf1d287b7557c08d20c6e719",
      "shape": [
        2560,
        6
      ]
    },
    "velocity": {
      "dtype": "f32le",
      "elements": 7680,
      "path": "velocity.f32",
      "sha256": "1791d6d390cc0d436af5e3d754c659d9620052b61a652f673a6e921dfc57f034",
      "shape": [
        16,
        3,
        10,
        16
      ]
    }
  },
  "dispatch": "EXPLICIT_PER_LAYER_NO_BACKEND_FALLBACK",
  "executable_sha256": "79f7036d73db52226f786dc1e3aa8e93af4eec4abe9de4d09ce5a1763c1a7d25",
  "host_operations": [
    "video codecs",
    "resizing",
    "layouts",
    "posterior sampling",
    "Euler endpoint"
  ],
  "implementation": {
    "executable_sha256": "79f7036d73db52226f786dc1e3aa8e93af4eec4abe9de4d09ce5a1763c1a7d25",
    "ncnn_runtime_patches": [
      {
        "compiled_allocator_sha256": "b8398e0d5ef5a367f80c5d2f13af1c8f170a83a39d0a1b458a40100924a55320",
        "id": "host-buffer-v1",
        "original_allocator_sha256": "601d69dab40823366fa6aa2be00c8e37bb0f1e960fe96323c36daed887c4fda2",
        "scope": "Imported-host buffer declaration and weight-buffer transfer-source usage"
      }
    ],
    "sdk_library_sha256": "8f95b239f97525b388ee397a1268e1d76d0735adc92b5f16dead6b9503b59652"
  },
  "input": {
    "duration_seconds": 1.0,
    "has_audio": false,
    "height": 40,
    "sha256": "4ee1606327095dcc2dff012c85afbbd4d735441a1163cd679b24bb7b2ee66be3",
    "width": 64
  },
  "media_version": "8.0.1",
  "model_certificate": null,
  "model_manifest_sha256": "fe38835c367a2a389c689d89ce85c952b0e347d1edfd879b008d796a65374028",
  "model_verified": false,
  "ncnn_commit": "3b7bdba7fc8aea8fd46779533eee027df77c639d",
  "noise_algorithm": "splitmix64-box-muller-v1",
  "numerical_validation": "NOT_PERFORMED_BY_RUNNER",
  "output": {
    "audio": false,
    "codec": "H.264 / yuv420p / CRF 18",
    "fps": 8.0,
    "frames": 8,
    "height": 80,
    "path": "output.mp4",
    "sha256": "f3732c9dd7696bbc674224f5fc09b8060f87fe7f064bda8ef8fcb6b6983bb3bd",
    "timestamps_90khz": [
      0,
      11250,
      22500,
      33750,
      45000,
      56250,
      67500,
      78750
    ],
    "width": 128
  },
  "package_authenticated": true,
  "poster": "output.png",
  "preprocessing": "FFmpeg RGB8 / bicubic antialias / center crop 16 / normalize [-1,1]",
  "profile": "seedvr2-3b-video-fp32-b-v1",
  "resources": {
    "activation_peak_bytes": null,
    "autoregressive_kv_cache": false,
    "file_cache_peak_bytes": null,
    "largest_graph_weight_bytes": 634534028,
    "package_bytes": 21096916141,
    "pipeline_cache": "per-run Vulkan shader pipelines; no model weights or autoregressive keys",
    "process_lifetime_peak_rss_bytes": 1009209344,
    "process_system_cpu_seconds": 9.419177,
    "process_user_cpu_seconds": 12.369379,
    "temporal_vae_cache": false,
    "unmeasured_scope": "Allocator categories are not inferred from process RSS or whole-card VRAM",
    "weight_placement": {
      "budget_unavailable": 0,
      "cache_enabled": false,
      "cpu_graphs": 0,
      "device_requests": 36,
      "host_requests": 0,
      "scope": "placement requests, not measured allocator residency"
    },
    "weight_residency": "one graph at a time",
    "workspace_peak_bytes": null
  },
  "sampling": {
    "cfg": 1,
    "color_fix": "none",
    "latent_scale": 0.9152,
    "steps": 1,
    "timestep": 1000
  },
  "schema_version": "seedvr2-video-run-v1",
  "seed": 666,
  "stages": [
    {
      "awa_cpu": 0,
      "awa_vulkan": 0,
      "awa_windows": 0,
      "backend": "ncnn-vulkan",
      "compute_ms": 266.993642,
      "cpu_layers": 0,
      "cpu_temporal_encoder_direct_convolution": false,
      "id": "encoder",
      "layers": 98,
      "load_ms": 485.735364,
      "memory": {
        "activation_offload": false,
        "actual_weight_memory": "not_instrumented",
        "after_load": {
          "budget_bytes": 6132334592,
          "heap_index": 0,
          "source": "VK_EXT_memory_budget_estimate",
          "usage_bytes": 430178304
        },
        "after_release": {
          "budget_bytes": 6134366208,
          "heap_index": 0,
          "source": "VK_EXT_memory_budget_estimate",
          "usage_bytes": 699858944
        },
        "available_bytes": 6112608256,
        "before_load": {
          "budget_bytes": 6129713152,
          "heap_index": 0,
          "source": "VK_EXT_memory_budget_estimate",
          "usage_bytes": 17104896
        },
        "estimated_weight_bytes": 800371968,
        "oom_recovery": false,
        "policy": "auto",
        "reason": "budget_available",
        "requested_memory": "device",
        "reserve_bytes": 1532428288,
        "reserve_policy": "quarter_heap_budget",
        "scope": "weight placement before graph loading"
      },
      "vulkan_layers": 98,
      "weight_io": "buffered"
    },
    {
      "awa_cpu": 0,
      "awa_vulkan": 0,
      "awa_windows": 0,
      "backend": "ncnn-vulkan",
      "compute_ms": 1.265459,
      "cpu_layers": 0,
      "cpu_temporal_encoder_direct_convolution": false,
      "id": "patch-in",
      "layers": 1,
      "load_ms": 14.436997,
      "memory": {
        "activation_offload": false,
        "actual_weight_memory": "not_instrumented",
        "after_load": {
          "budget_bytes": 6134366208,
          "heap_index": 0,
          "source": "VK_EXT_memory_budget_estimate",
          "usage_bytes": 708247552
        },
        "after_release": {
          "budget_bytes": 6134366208,
          "heap_index": 0,
          "source": "VK_EXT_memory_budget_estimate",
          "usage_bytes": 699858944
        },
        "available_bytes": 5434507264,
        "before_load": {
          "budget_bytes": 6134366208,
          "heap_index": 0,
          "source": "VK_EXT_memory_budget_estimate",
          "usage_bytes": 699858944
        },
        "estimated_weight_bytes": 2723856,
        "oom_recovery": false,
        "policy": "auto",
        "reason": "budget_available",
        "requested_memory": "device",
        "reserve_bytes": 1533591552,
        "reserve_policy": "quarter_heap_budget",
        "scope": "weight placement before graph loading"
      },
      "vulkan_layers": 1,
      "weight_io": "buffered"
    },
    {
      "awa_cpu": 0,
      "awa_vulkan": 1,
      "awa_windows": 3,
      "backend": "ncnn-vulkan",
      "compute_ms": 81.125925,
      "cpu_layers": 0,
      "cpu_temporal_encoder_direct_convolution": false,
      "id": "block-00",
      "layers": 83,
      "load_ms": 356.285655,
      "memory": {
        "activation_offload": false,
        "actual_weight_memory": "not_instrumented",
        "after_load": {
          "budget_bytes": 6134235136,
          "heap_index": 0,
          "source": "VK_EXT_memory_budget_estimate",
          "usage_bytes": 1349189632
        },
        "after_release": {
          "budget_bytes": 6134366208,
          "heap_index": 0,
          "source": "VK_EXT_memory_budget_estimate",
          "usage_bytes": 700383232
        },
        "available_bytes": 5434507264,
        "before_load": {
          "budget_bytes": 6134366208,
          "heap_index": 0,
          "source": "VK_EXT_memory_budget_estimate",
          "usage_bytes": 699858944
        },
        "estimated_weight_bytes": 1269068056,
        "oom_recovery": false,
        "policy": "auto",
        "reason": "budget_available",
        "requested_memory": "device",
        "reserve_bytes": 1533591552,
        "reserve_policy": "quarter_heap_budget",
        "scope": "weight placement before graph loading"
      },
      "vulkan_layers": 83,
      "weight_io": "buffered"
    },
    {
      "awa_cpu": 0,
      "awa_vulkan": 1,
      "awa_windows": 3,
      "backend": "ncnn-vulkan",
      "compute_ms": 80.762559,
      "cpu_layers": 0,
      "cpu_temporal_encoder_direct_convolution": false,
      "id": "block-01",
      "layers": 83,
      "load_ms": 263.779413,
      "memory": {
        "activation_offload": false,
        "actual_weight_memory": "not_instrumented",
        "after_load": {
          "budget_bytes": 6105726976,
          "heap_index": 0,
          "source": "VK_EXT_memory_budget_estimate",
          "usage_bytes": 1349189632
        },
        "after_release": {
          "budget_bytes": 6105858048,
          "heap_index": 0,
          "source": "VK_EXT_memory_budget_estimate",
          "usage_bytes": 700383232
        },
        "available_bytes": 5433982976,
        "before_load": {
          "budget_bytes": 6134366208,
          "heap_index": 0,
          "source": "VK_EXT_memory_budget_estimate",
          "usage_bytes": 700383232
        },
        "estimated_weight_bytes": 1269068056,
        "oom_recovery": false,
        "policy": "auto",
        "reason": "budget_available",
        "requested_memory": "device",
        "reserve_bytes": 1533591552,
        "reserve_policy": "quarter_heap_budget",
        "scope": "weight placement before graph loading"
      },
      "vulkan_layers": 83,
      "weight_io": "buffered"
    },
    {
      "awa_cpu": 0,
      "awa_vulkan": 1,
      "awa_windows": 3,
      "backend": "ncnn-vulkan",
      "compute_ms": 80.929404,
      "cpu_layers": 0,
      "cpu_temporal_encoder_direct_convolution": false,
      "id": "block-02",
      "layers": 83,
      "load_ms": 265.331203,
      "memory": {
        "activation_offload": false,
        "actual_weight_memory": "not_instrumented",
        "after_load": {
          "budget_bytes": 6105464832,
          "heap_index": 0,
          "source": "VK_EXT_memory_budget_estimate",
          "usage_bytes": 1349189632
        },
        "after_release": {
          "budget_bytes": 6105595904,
          "heap_index": 0,
          "source": "VK_EXT_memory_budget_estimate",
          "usage_bytes": 700383232
        },
        "available_bytes": 5405474816,
        "before_load": {
          "budget_bytes": 6105858048,
          "heap_index": 0,
          "source": "VK_EXT_memory_budget_estimate",
          "usage_bytes": 700383232
        },
        "estimated_weight_bytes": 1269068056,
        "oom_recovery": false,
        "policy": "auto",
        "reason": "budget_available",
        "requested_memory": "device",
        "reserve_bytes": 1526464512,
        "reserve_policy": "quarter_heap_budget",
        "scope": "weight placement before graph loading"
      },
      "vulkan_layers": 83,
      "weight_io": "buffered"
    },
    {
      "awa_cpu": 0,
      "awa_vulkan": 1,
      "awa_windows": 3,
      "backend": "ncnn-vulkan",
      "compute_ms": 81.584791,
      "cpu_layers": 0,
      "cpu_temporal_encoder_direct_convolution": false,
      "id": "block-03",
      "layers": 83,
      "load_ms": 287.393386,
      "memory": {
        "activation_offload": false,
        "actual_weight_memory": "not_instrumented",
        "after_load": {
          "budget_bytes": 6100680704,
          "heap_index": 0,
          "source": "VK_EXT_memory_budget_estimate",
          "usage_bytes": 1349189632
        },
        "after_release": {
          "budget_bytes": 6117588992,
          "heap_index": 0,
          "source": "VK_EXT_memory_budget_estimate",
          "usage_bytes": 700383232
        },
        "available_bytes": 5405212672,
        "before_load": {
          "budget_bytes": 6105595904,
          "heap_index": 0,
          "source": "VK_EXT_memory_budget_estimate",
          "usage_bytes": 700383232
        },
        "estimated_weight_bytes": 1269068056,
        "oom_recovery": false,
        "policy": "auto",
        "reason": "budget_available",
        "requested_memory": "device",
        "reserve_bytes": 1526398976,
        "reserve_policy": "quarter_heap_budget",
        "scope": "weight placement before graph loading"
      },
      "vulkan_layers": 83,
      "weight_io": "buffered"
    },
    {
      "awa_cpu": 0,
      "awa_vulkan": 1,
      "awa_windows": 3,
      "backend": "ncnn-vulkan",
      "compute_ms": 82.08227,
      "cpu_layers": 0,
      "cpu_temporal_encoder_direct_convolution": false,
      "id": "block-04",
      "layers": 83,
      "load_ms": 291.136554,
      "memory": {
        "activation_offload": false,
        "actual_weight_memory": "not_instrumented",
        "after_load": {
          "budget_bytes": 6117457920,
          "heap_index": 0,
          "source": "VK_EXT_memory_budget_estimate",
          "usage_bytes": 1349189632
        },
        "after_release": {
          "budget_bytes": 6117588992,
          "heap_index": 0,
          "source": "VK_EXT_memory_budget_estimate",
          "usage_bytes": 700383232
        },
        "available_bytes": 5417205760,
        "before_load": {
          "budget_bytes": 6117588992,
          "heap_index": 0,
          "source": "VK_EXT_memory_budget_estimate",
          "usage_bytes": 700383232
        },
        "estimated_weight_bytes": 1269068056,
        "oom_recovery": false,
        "policy": "auto",
        "reason": "budget_available",
        "requested_memory": "device",
        "reserve_bytes": 1529397248,
        "reserve_policy": "quarter_heap_budget",
        "scope": "weight placement before graph loading"
      },
      "vulkan_layers": 83,
      "weight_io": "buffered"
    },
    {
      "awa_cpu": 0,
      "awa_vulkan": 1,
      "awa_windows": 3,
      "backend": "ncnn-vulkan",
      "compute_ms": 80.618818,
      "cpu_layers": 0,
      "cpu_temporal_encoder_direct_convolution": false,
      "id": "block-05",
      "layers": 83,
      "load_ms": 251.511772,
      "memory": {
        "activation_offload": false,
        "actual_weight_memory": "not_instrumented",
        "after_load": {
          "budget_bytes": 6117457920,
          "heap_index": 0,
          "source": "VK_EXT_memory_budget_estimate",
          "usage_bytes": 1349189632
        },
        "after_release": {
          "budget_bytes": 6117588992,
          "heap_index": 0,
          "source": "VK_EXT_memory_budget_estimate",
          "usage_bytes": 700383232
        },
        "available_bytes": 5417205760,
        "before_load": {
          "budget_bytes": 6117588992,
          "heap_index": 0,
          "source": "VK_EXT_memory_budget_estimate",
          "usage_bytes": 700383232
        },
        "estimated_weight_bytes": 1269068056,
        "oom_recovery": false,
        "policy": "auto",
        "reason": "budget_available",
        "requested_memory": "device",
        "reserve_bytes": 1529397248,
        "reserve_policy": "quarter_heap_budget",
        "scope": "weight placement before graph loading"
      },
      "vulkan_layers": 83,
      "weight_io": "buffered"
    },
    {
      "awa_cpu": 0,
      "awa_vulkan": 1,
      "awa_windows": 3,
      "backend": "ncnn-vulkan",
      "compute_ms": 80.251043,
      "cpu_layers": 0,
      "cpu_temporal_encoder_direct_convolution": false,
      "id": "block-06",
      "layers": 83,
      "load_ms": 227.981578,
      "memory": {
        "activation_offload": false,
        "actual_weight_memory": "not_instrumented",
        "after_load": {
          "budget_bytes": 6118965248,
          "heap_index": 0,
          "source": "VK_EXT_memory_budget_estimate",
          "usage_bytes": 1349189632
        },
        "after_release": {
          "budget_bytes": 6119096320,
          "heap_index": 0,
          "source": "VK_EXT_memory_budget_estimate",
          "usage_bytes": 700383232
        },
        "available_bytes": 5417205760,
        "before_load": {
          "budget_bytes": 6117588992,
          "heap_index": 0,
          "source": "VK_EXT_memory_budget_estimate",
          "usage_bytes": 700383232
        },
        "estimated_weight_bytes": 1269068056,
        "oom_recovery": false,
        "policy": "auto",
        "reason": "budget_available",
        "requested_memory": "device",
        "reserve_bytes": 1529397248,
        "reserve_policy": "quarter_heap_budget",
        "scope": "weight placement before graph loading"
      },
      "vulkan_layers": 83,
      "weight_io": "buffered"
    },
    {
      "awa_cpu": 0,
      "awa_vulkan": 1,
      "awa_windows": 3,
      "backend": "ncnn-vulkan",
      "compute_ms": 78.373649,
      "cpu_layers": 0,
      "cpu_temporal_encoder_direct_convolution": false,
      "id": "block-07",
      "layers": 83,
      "load_ms": 266.742507,
      "memory": {
        "activation_offload": false,
        "actual_weight_memory": "not_instrumented",
        "after_load": {
          "budget_bytes": 6118965248,
          "heap_index": 0,
          "source": "VK_EXT_memory_budget_estimate",
          "usage_bytes": 1349189632
        },
        "after_release": {
          "budget_bytes": 6119096320,
          "heap_index": 0,
          "source": "VK_EXT_memory_budget_estimate",
          "usage_bytes": 700383232
        },
        "available_bytes": 5418713088,
        "before_load": {
          "budget_bytes": 6119096320,
          "heap_index": 0,
          "source": "VK_EXT_memory_budget_estimate",
          "usage_bytes": 700383232
        },
        "estimated_weight_bytes": 1269068056,
        "oom_recovery": false,
        "policy": "auto",
        "reason": "budget_available",
        "requested_memory": "device",
        "reserve_bytes": 1529774080,
        "reserve_policy": "quarter_heap_budget",
        "scope": "weight placement before graph loading"
      },
      "vulkan_layers": 83,
      "weight_io": "buffered"
    },
    {
      "awa_cpu": 0,
      "awa_vulkan": 1,
      "awa_windows": 3,
      "backend": "ncnn-vulkan",
      "compute_ms": 78.302775,
      "cpu_layers": 0,
      "cpu_temporal_encoder_direct_convolution": false,
      "id": "block-08",
      "layers": 83,
      "load_ms": 285.61531,
      "memory": {
        "activation_offload": false,
        "actual_weight_memory": "not_instrumented",
        "after_load": {
          "budget_bytes": 6118965248,
          "heap_index": 0,
          "source": "VK_EXT_memory_budget_estimate",
          "usage_bytes": 1349189632
        },
        "after_release": {
          "budget_bytes": 6119096320,
          "heap_index": 0,
          "source": "VK_EXT_memory_budget_estimate",
          "usage_bytes": 700383232
        },
        "available_bytes": 5418713088,
        "before_load": {
          "budget_bytes": 6119096320,
          "heap_index": 0,
          "source": "VK_EXT_memory_budget_estimate",
          "usage_bytes": 700383232
        },
        "estimated_weight_bytes": 1269068056,
        "oom_recovery": false,
        "policy": "auto",
        "reason": "budget_available",
        "requested_memory": "device",
        "reserve_bytes": 1529774080,
        "reserve_policy": "quarter_heap_budget",
        "scope": "weight placement before graph loading"
      },
      "vulkan_layers": 83,
      "weight_io": "buffered"
    },
    {
      "awa_cpu": 0,
      "awa_vulkan": 1,
      "awa_windows": 3,
      "backend": "ncnn-vulkan",
      "compute_ms": 80.150975,
      "cpu_layers": 0,
      "cpu_temporal_encoder_direct_convolution": false,
      "id": "block-09",
      "layers": 83,
      "load_ms": 280.915416,
      "memory": {
        "activation_offload": false,
        "actual_weight_memory": "not_instrumented",
        "after_load": {
          "budget_bytes": 6118965248,
          "heap_index": 0,
          "source": "VK_EXT_memory_budget_estimate",
          "usage_bytes": 1349189632
        },
        "after_release": {
          "budget_bytes": 6119096320,
          "heap_index": 0,
          "source": "VK_EXT_memory_budget_estimate",
          "usage_bytes": 700383232
        },
        "available_bytes": 5418713088,
        "before_load": {
          "budget_bytes": 6119096320,
          "heap_index": 0,
          "source": "VK_EXT_memory_budget_estimate",
          "usage_bytes": 700383232
        },
        "estimated_weight_bytes": 1269068056,
        "oom_recovery": false,
        "policy": "auto",
        "reason": "budget_available",
        "requested_memory": "device",
        "reserve_bytes": 1529774080,
        "reserve_policy": "quarter_heap_budget",
        "scope": "weight placement before graph loading"
      },
      "vulkan_layers": 83,
      "weight_io": "buffered"
    },
    {
      "awa_cpu": 0,
      "awa_vulkan": 1,
      "awa_windows": 3,
      "backend": "ncnn-vulkan",
      "compute_ms": 80.518568,
      "cpu_layers": 0,
      "cpu_temporal_encoder_direct_convolution": false,
      "id": "block-10",
      "layers": 83,
      "load_ms": 279.160503,
      "memory": {
        "activation_offload": false,
        "actual_weight_memory": "not_instrumented",
        "after_load": {
          "budget_bytes": 6118965248,
          "heap_index": 0,
          "source": "VK_EXT_memory_budget_estimate",
          "usage_bytes": 1348796416
        },
        "after_release": {
          "budget_bytes": 6119096320,
          "heap_index": 0,
          "source": "VK_EXT_memory_budget_estimate",
          "usage_bytes": 700383232
        },
        "available_bytes": 5418713088,
        "before_load": {
          "budget_bytes": 6119096320,
          "heap_index": 0,
          "source": "VK_EXT_memory_budget_estimate",
          "usage_bytes": 700383232
        },
        "estimated_weight_bytes": 1268945176,
        "oom_recovery": false,
        "policy": "auto",
        "reason": "budget_available",
        "requested_memory": "device",
        "reserve_bytes": 1529774080,
        "reserve_policy": "quarter_heap_budget",
        "scope": "weight placement before graph loading"
      },
      "vulkan_layers": 83,
      "weight_io": "buffered"
    },
    {
      "awa_cpu": 0,
      "awa_vulkan": 1,
      "awa_windows": 3,
      "backend": "ncnn-vulkan",
      "compute_ms": 80.975071,
      "cpu_layers": 0,
      "cpu_temporal_encoder_direct_convolution": false,
      "id": "block-11",
      "layers": 83,
      "load_ms": 277.746743,
      "memory": {
        "activation_offload": false,
        "actual_weight_memory": "not_instrumented",
        "after_load": {
          "budget_bytes": 6118965248,
          "heap_index": 0,
          "source": "VK_EXT_memory_budget_estimate",
          "usage_bytes": 1348796416
        },
        "after_release": {
          "budget_bytes": 6119096320,
          "heap_index": 0,
          "source": "VK_EXT_memory_budget_estimate",
          "usage_bytes": 700383232
        },
        "available_bytes": 5418713088,
        "before_load": {
          "budget_bytes": 6119096320,
          "heap_index": 0,
          "source": "VK_EXT_memory_budget_estimate",
          "usage_bytes": 700383232
        },
        "estimated_weight_bytes": 1268945176,
        "oom_recovery": false,
        "policy": "auto",
        "reason": "budget_available",
        "requested_memory": "device",
        "reserve_bytes": 1529774080,
        "reserve_policy": "quarter_heap_budget",
        "scope": "weight placement before graph loading"
      },
      "vulkan_layers": 83,
      "weight_io": "buffered"
    },
    {
      "awa_cpu": 0,
      "awa_vulkan": 1,
      "awa_windows": 3,
      "backend": "ncnn-vulkan",
      "compute_ms": 80.512176,
      "cpu_layers": 0,
      "cpu_temporal_encoder_direct_convolution": false,
      "id": "block-12",
      "layers": 83,
      "load_ms": 281.335119,
      "memory": {
        "activation_offload": false,
        "actual_weight_memory": "not_instrumented",
        "after_load": {
          "budget_bytes": 6118965248,
          "heap_index": 0,
          "source": "VK_EXT_memory_budget_estimate",
          "usage_bytes": 1348796416
        },
        "after_release": {
          "budget_bytes": 6119096320,
          "heap_index": 0,
          "source": "VK_EXT_memory_budget_estimate",
          "usage_bytes": 700383232
        },
        "available_bytes": 5418713088,
        "before_load": {
          "budget_bytes": 6119096320,
          "heap_index": 0,
          "source": "VK_EXT_memory_budget_estimate",
          "usage_bytes": 700383232
        },
        "estimated_weight_bytes": 1268945176,
        "oom_recovery": false,
        "policy": "auto",
        "reason": "budget_available",
        "requested_memory": "device",
        "reserve_bytes": 1529774080,
        "reserve_policy": "quarter_heap_budget",
        "scope": "weight placement before graph loading"
      },
      "vulkan_layers": 83,
      "weight_io": "buffered"
    },
    {
      "awa_cpu": 0,
      "awa_vulkan": 1,
      "awa_windows": 3,
      "backend": "ncnn-vulkan",
      "compute_ms": 80.021159,
      "cpu_layers": 0,
      "cpu_temporal_encoder_direct_convolution": false,
      "id": "block-13",
      "layers": 83,
      "load_ms": 281.323427,
      "memory": {
        "activation_offload": false,
        "actual_weight_memory": "not_instrumented",
        "after_load": {
          "budget_bytes": 6118965248,
          "heap_index": 0,
          "source": "VK_EXT_memory_budget_estimate",
          "usage_bytes": 1348796416
        },
        "after_release": {
          "budget_bytes": 6124077056,
          "heap_index": 0,
          "source": "VK_EXT_memory_budget_estimate",
          "usage_bytes": 700383232
        },
        "available_bytes": 5418713088,
        "before_load": {
          "budget_bytes": 6119096320,
          "heap_index": 0,
          "source": "VK_EXT_memory_budget_estimate",
          "usage_bytes": 700383232
        },
        "estimated_weight_bytes": 1268945176,
        "oom_recovery": false,
        "policy": "auto",
        "reason": "budget_available",
        "requested_memory": "device",
        "reserve_bytes": 1529774080,
        "reserve_policy": "quarter_heap_budget",
        "scope": "weight placement before graph loading"
      },
      "vulkan_layers": 83,
      "weight_io": "buffered"
    },
    {
      "awa_cpu": 0,
      "awa_vulkan": 1,
      "awa_windows": 3,
      "backend": "ncnn-vulkan",
      "compute_ms": 80.714899,
      "cpu_layers": 0,
      "cpu_temporal_encoder_direct_convolution": false,
      "id": "block-14",
      "layers": 83,
      "load_ms": 290.633534,
      "memory": {
        "activation_offload": false,
        "actual_weight_memory": "not_instrumented",
        "after_load": {
          "budget_bytes": 6123945984,
          "heap_index": 0,
          "source": "VK_EXT_memory_budget_estimate",
          "usage_bytes": 1348796416
        },
        "after_release": {
          "budget_bytes": 6136659968,
          "heap_index": 0,
          "source": "VK_EXT_memory_budget_estimate",
          "usage_bytes": 700383232
        },
        "available_bytes": 5423693824,
        "before_load": {
          "budget_bytes": 6124077056,
          "heap_index": 0,
          "source": "VK_EXT_memory_budget_estimate",
          "usage_bytes": 700383232
        },
        "estimated_weight_bytes": 1268945176,
        "oom_recovery": false,
        "policy": "auto",
        "reason": "budget_available",
        "requested_memory": "device",
        "reserve_bytes": 1531019264,
        "reserve_policy": "quarter_heap_budget",
        "scope": "weight placement before graph loading"
      },
      "vulkan_layers": 83,
      "weight_io": "buffered"
    },
    {
      "awa_cpu": 0,
      "awa_vulkan": 1,
      "awa_windows": 3,
      "backend": "ncnn-vulkan",
      "compute_ms": 80.92184,
      "cpu_layers": 0,
      "cpu_temporal_encoder_direct_convolution": false,
      "id": "block-15",
      "layers": 83,
      "load_ms": 283.936971,
      "memory": {
        "activation_offload": false,
        "actual_weight_memory": "not_instrumented",
        "after_load": {
          "budget_bytes": 6136528896,
          "heap_index": 0,
          "source": "VK_EXT_memory_budget_estimate",
          "usage_bytes": 1348796416
        },
        "after_release": {
          "budget_bytes": 6136659968,
          "heap_index": 0,
          "source": "VK_EXT_memory_budget_estimate",
          "usage_bytes": 700383232
        },
        "available_bytes": 5436276736,
        "before_load": {
          "budget_bytes": 6136659968,
          "heap_index": 0,
          "source": "VK_EXT_memory_budget_estimate",
          "usage_bytes": 700383232
        },
        "estimated_weight_bytes": 1268945176,
        "oom_recovery": false,
        "policy": "auto",
        "reason": "budget_available",
        "requested_memory": "device",
        "reserve_bytes": 1534164992,
        "reserve_policy": "quarter_heap_budget",
        "scope": "weight placement before graph loading"
      },
      "vulkan_layers": 83,
      "weight_io": "buffered"
    },
    {
      "awa_cpu": 0,
      "awa_vulkan": 1,
      "awa_windows": 3,
      "backend": "ncnn-vulkan",
      "compute_ms": 81.497987,
      "cpu_layers": 0,
      "cpu_temporal_encoder_direct_convolution": false,
      "id": "block-16",
      "layers": 83,
      "load_ms": 291.480052,
      "memory": {
        "activation_offload": false,
        "actual_weight_memory": "not_instrumented",
        "after_load": {
          "budget_bytes": 6131482624,
          "heap_index": 0,
          "source": "VK_EXT_memory_budget_estimate",
          "usage_bytes": 1348796416
        },
        "after_release": {
          "budget_bytes": 6131613696,
          "heap_index": 0,
          "source": "VK_EXT_memory_budget_estimate",
          "usage_bytes": 700383232
        },
        "available_bytes": 5436276736,
        "before_load": {
          "budget_bytes": 6136659968,
          "heap_index": 0,
          "source": "VK_EXT_memory_budget_estimate",
          "usage_bytes": 700383232
        },
        "estimated_weight_bytes": 1268945176,
        "oom_recovery": false,
        "policy": "auto",
        "reason": "budget_available",
        "requested_memory": "device",
        "reserve_bytes": 1534164992,
        "reserve_policy": "quarter_heap_budget",
        "scope": "weight placement before graph loading"
      },
      "vulkan_layers": 83,
      "weight_io": "buffered"
    },
    {
      "awa_cpu": 0,
      "awa_vulkan": 1,
      "awa_windows": 3,
      "backend": "ncnn-vulkan",
      "compute_ms": 81.342503,
      "cpu_layers": 0,
      "cpu_temporal_encoder_direct_convolution": false,
      "id": "block-17",
      "layers": 83,
      "load_ms": 284.1854,
      "memory": {
        "activation_offload": false,
        "actual_weight_memory": "not_instrumented",
        "after_load": {
          "budget_bytes": 6131548160,
          "heap_index": 0,
          "source": "VK_EXT_memory_budget_estimate",
          "usage_bytes": 1348796416
        },
        "after_release": {
          "budget_bytes": 6131679232,
          "heap_index": 0,
          "source": "VK_EXT_memory_budget_estimate",
          "usage_bytes": 700383232
        },
        "available_bytes": 5431230464,
        "before_load": {
          "budget_bytes": 6131613696,
          "heap_index": 0,
          "source": "VK_EXT_memory_budget_estimate",
          "usage_bytes": 700383232
        },
        "estimated_weight_bytes": 1268945176,
        "oom_recovery": false,
        "policy": "auto",
        "reason": "budget_available",
        "requested_memory": "device",
        "reserve_bytes": 1532903424,
        "reserve_policy": "quarter_heap_budget",
        "scope": "weight placement before graph loading"
      },
      "vulkan_layers": 83,
      "weight_io": "buffered"
    },
    {
      "awa_cpu": 0,
      "awa_vulkan": 1,
      "awa_windows": 3,
      "backend": "ncnn-vulkan",
      "compute_ms": 81.719085,
      "cpu_layers": 0,
      "cpu_temporal_encoder_direct_convolution": false,
      "id": "block-18",
      "layers": 83,
      "load_ms": 273.694463,
      "memory": {
        "activation_offload": false,
        "actual_weight_memory": "not_instrumented",
        "after_load": {
          "budget_bytes": 6131548160,
          "heap_index": 0,
          "source": "VK_EXT_memory_budget_estimate",
          "usage_bytes": 1348796416
        },
        "after_release": {
          "budget_bytes": 6131679232,
          "heap_index": 0,
          "source": "VK_EXT_memory_budget_estimate",
          "usage_bytes": 700383232
        },
        "available_bytes": 5431296000,
        "before_load": {
          "budget_bytes": 6131679232,
          "heap_index": 0,
          "source": "VK_EXT_memory_budget_estimate",
          "usage_bytes": 700383232
        },
        "estimated_weight_bytes": 1268945176,
        "oom_recovery": false,
        "policy": "auto",
        "reason": "budget_available",
        "requested_memory": "device",
        "reserve_bytes": 1532919808,
        "reserve_policy": "quarter_heap_budget",
        "scope": "weight placement before graph loading"
      },
      "vulkan_layers": 83,
      "weight_io": "buffered"
    },
    {
      "awa_cpu": 0,
      "awa_vulkan": 1,
      "awa_windows": 3,
      "backend": "ncnn-vulkan",
      "compute_ms": 78.041442,
      "cpu_layers": 0,
      "cpu_temporal_encoder_direct_convolution": false,
      "id": "block-19",
      "layers": 83,
      "load_ms": 280.638653,
      "memory": {
        "activation_offload": false,
        "actual_weight_memory": "not_instrumented",
        "after_load": {
          "budget_bytes": 6131548160,
          "heap_index": 0,
          "source": "VK_EXT_memory_budget_estimate",
          "usage_bytes": 1348796416
        },
        "after_release": {
          "budget_bytes": 6131679232,
          "heap_index": 0,
          "source": "VK_EXT_memory_budget_estimate",
          "usage_bytes": 700383232
        },
        "available_bytes": 5431296000,
        "before_load": {
          "budget_bytes": 6131679232,
          "heap_index": 0,
          "source": "VK_EXT_memory_budget_estimate",
          "usage_bytes": 700383232
        },
        "estimated_weight_bytes": 1268945176,
        "oom_recovery": false,
        "policy": "auto",
        "reason": "budget_available",
        "requested_memory": "device",
        "reserve_bytes": 1532919808,
        "reserve_policy": "quarter_heap_budget",
        "scope": "weight placement before graph loading"
      },
      "vulkan_layers": 83,
      "weight_io": "buffered"
    },
    {
      "awa_cpu": 0,
      "awa_vulkan": 1,
      "awa_windows": 3,
      "backend": "ncnn-vulkan",
      "compute_ms": 79.019278,
      "cpu_layers": 0,
      "cpu_temporal_encoder_direct_convolution": false,
      "id": "block-20",
      "layers": 83,
      "load_ms": 281.443874,
      "memory": {
        "activation_offload": false,
        "actual_weight_memory": "not_instrumented",
        "after_load": {
          "budget_bytes": 6131548160,
          "heap_index": 0,
          "source": "VK_EXT_memory_budget_estimate",
          "usage_bytes": 1348796416
        },
        "after_release": {
          "budget_bytes": 6131679232,
          "heap_index": 0,
          "source": "VK_EXT_memory_budget_estimate",
          "usage_bytes": 700383232
        },
        "available_bytes": 5431296000,
        "before_load": {
          "budget_bytes": 6131679232,
          "heap_index": 0,
          "source": "VK_EXT_memory_budget_estimate",
          "usage_bytes": 700383232
        },
        "estimated_weight_bytes": 1268945176,
        "oom_recovery": false,
        "policy": "auto",
        "reason": "budget_available",
        "requested_memory": "device",
        "reserve_bytes": 1532919808,
        "reserve_policy": "quarter_heap_budget",
        "scope": "weight placement before graph loading"
      },
      "vulkan_layers": 83,
      "weight_io": "buffered"
    },
    {
      "awa_cpu": 0,
      "awa_vulkan": 1,
      "awa_windows": 3,
      "backend": "ncnn-vulkan",
      "compute_ms": 77.826365,
      "cpu_layers": 0,
      "cpu_temporal_encoder_direct_convolution": false,
      "id": "block-21",
      "layers": 83,
      "load_ms": 286.887401,
      "memory": {
        "activation_offload": false,
        "actual_weight_memory": "not_instrumented",
        "after_load": {
          "budget_bytes": 6131548160,
          "heap_index": 0,
          "source": "VK_EXT_memory_budget_estimate",
          "usage_bytes": 1348796416
        },
        "after_release": {
          "budget_bytes": 6131679232,
          "heap_index": 0,
          "source": "VK_EXT_memory_budget_estimate",
          "usage_bytes": 700383232
        },
        "available_bytes": 5431296000,
        "before_load": {
          "budget_bytes": 6131679232,
          "heap_index": 0,
          "source": "VK_EXT_memory_budget_estimate",
          "usage_bytes": 700383232
        },
        "estimated_weight_bytes": 1268945176,
        "oom_recovery": false,
        "policy": "auto",
        "reason": "budget_available",
        "requested_memory": "device",
        "reserve_bytes": 1532919808,
        "reserve_policy": "quarter_heap_budget",
        "scope": "weight placement before graph loading"
      },
      "vulkan_layers": 83,
      "weight_io": "buffered"
    },
    {
      "awa_cpu": 0,
      "awa_vulkan": 1,
      "awa_windows": 3,
      "backend": "ncnn-vulkan",
      "compute_ms": 79.642835,
      "cpu_layers": 0,
      "cpu_temporal_encoder_direct_convolution": false,
      "id": "block-22",
      "layers": 83,
      "load_ms": 283.329394,
      "memory": {
        "activation_offload": false,
        "actual_weight_memory": "not_instrumented",
        "after_load": {
          "budget_bytes": 6131548160,
          "heap_index": 0,
          "source": "VK_EXT_memory_budget_estimate",
          "usage_bytes": 1348796416
        },
        "after_release": {
          "budget_bytes": 6131679232,
          "heap_index": 0,
          "source": "VK_EXT_memory_budget_estimate",
          "usage_bytes": 700383232
        },
        "available_bytes": 5431296000,
        "before_load": {
          "budget_bytes": 6131679232,
          "heap_index": 0,
          "source": "VK_EXT_memory_budget_estimate",
          "usage_bytes": 700383232
        },
        "estimated_weight_bytes": 1268945176,
        "oom_recovery": false,
        "policy": "auto",
        "reason": "budget_available",
        "requested_memory": "device",
        "reserve_bytes": 1532919808,
        "reserve_policy": "quarter_heap_budget",
        "scope": "weight placement before graph loading"
      },
      "vulkan_layers": 83,
      "weight_io": "buffered"
    },
    {
      "awa_cpu": 0,
      "awa_vulkan": 1,
      "awa_windows": 3,
      "backend": "ncnn-vulkan",
      "compute_ms": 80.007053,
      "cpu_layers": 0,
      "cpu_temporal_encoder_direct_convolution": false,
      "id": "block-23",
      "layers": 83,
      "load_ms": 280.050142,
      "memory": {
        "activation_offload": false,
        "actual_weight_memory": "not_instrumented",
        "after_load": {
          "budget_bytes": 6131548160,
          "heap_index": 0,
          "source": "VK_EXT_memory_budget_estimate",
          "usage_bytes": 1348796416
        },
        "after_release": {
          "budget_bytes": 6131679232,
          "heap_index": 0,
          "source": "VK_EXT_memory_budget_estimate",
          "usage_bytes": 700383232
        },
        "available_bytes": 5431296000,
        "before_load": {
          "budget_bytes": 6131679232,
          "heap_index": 0,
          "source": "VK_EXT_memory_budget_estimate",
          "usage_bytes": 700383232
        },
        "estimated_weight_bytes": 1268945176,
        "oom_recovery": false,
        "policy": "auto",
        "reason": "budget_available",
        "requested_memory": "device",
        "reserve_bytes": 1532919808,
        "reserve_policy": "quarter_heap_budget",
        "scope": "weight placement before graph loading"
      },
      "vulkan_layers": 83,
      "weight_io": "buffered"
    },
    {
      "awa_cpu": 0,
      "awa_vulkan": 1,
      "awa_windows": 3,
      "backend": "ncnn-vulkan",
      "compute_ms": 79.963932,
      "cpu_layers": 0,
      "cpu_temporal_encoder_direct_convolution": false,
      "id": "block-24",
      "layers": 83,
      "load_ms": 280.38805,
      "memory": {
        "activation_offload": false,
        "actual_weight_memory": "not_instrumented",
        "after_load": {
          "budget_bytes": 6131548160,
          "heap_index": 0,
          "source": "VK_EXT_memory_budget_estimate",
          "usage_bytes": 1348796416
        },
        "after_release": {
          "budget_bytes": 6131679232,
          "heap_index": 0,
          "source": "VK_EXT_memory_budget_estimate",
          "usage_bytes": 700383232
        },
        "available_bytes": 5431296000,
        "before_load": {
          "budget_bytes": 6131679232,
          "heap_index": 0,
          "source": "VK_EXT_memory_budget_estimate",
          "usage_bytes": 700383232
        },
        "estimated_weight_bytes": 1268945176,
        "oom_recovery": false,
        "policy": "auto",
        "reason": "budget_available",
        "requested_memory": "device",
        "reserve_bytes": 1532919808,
        "reserve_policy": "quarter_heap_budget",
        "scope": "weight placement before graph loading"
      },
      "vulkan_layers": 83,
      "weight_io": "buffered"
    },
    {
      "awa_cpu": 0,
      "awa_vulkan": 1,
      "awa_windows": 3,
      "backend": "ncnn-vulkan",
      "compute_ms": 79.892626,
      "cpu_layers": 0,
      "cpu_temporal_encoder_direct_convolution": false,
      "id": "block-25",
      "layers": 83,
      "load_ms": 277.428804,
      "memory": {
        "activation_offload": false,
        "actual_weight_memory": "not_instrumented",
        "after_load": {
          "budget_bytes": 6131548160,
          "heap_index": 0,
          "source": "VK_EXT_memory_budget_estimate",
          "usage_bytes": 1348796416
        },
        "after_release": {
          "budget_bytes": 6131679232,
          "heap_index": 0,
          "source": "VK_EXT_memory_budget_estimate",
          "usage_bytes": 700383232
        },
        "available_bytes": 5431296000,
        "before_load": {
          "budget_bytes": 6131679232,
          "heap_index": 0,
          "source": "VK_EXT_memory_budget_estimate",
          "usage_bytes": 700383232
        },
        "estimated_weight_bytes": 1268945176,
        "oom_recovery": false,
        "policy": "auto",
        "reason": "budget_available",
        "requested_memory": "device",
        "reserve_bytes": 1532919808,
        "reserve_policy": "quarter_heap_budget",
        "scope": "weight placement before graph loading"
      },
      "vulkan_layers": 83,
      "weight_io": "buffered"
    },
    {
      "awa_cpu": 0,
      "awa_vulkan": 1,
      "awa_windows": 3,
      "backend": "ncnn-vulkan",
      "compute_ms": 80.653954,
      "cpu_layers": 0,
      "cpu_temporal_encoder_direct_convolution": false,
      "id": "block-26",
      "layers": 83,
      "load_ms": 279.211509,
      "memory": {
        "activation_offload": false,
        "actual_weight_memory": "not_instrumented",
        "after_load": {
          "budget_bytes": 6131548160,
          "heap_index": 0,
          "source": "VK_EXT_memory_budget_estimate",
          "usage_bytes": 1348796416
        },
        "after_release": {
          "budget_bytes": 6131679232,
          "heap_index": 0,
          "source": "VK_EXT_memory_budget_estimate",
          "usage_bytes": 700383232
        },
        "available_bytes": 5431296000,
        "before_load": {
          "budget_bytes": 6131679232,
          "heap_index": 0,
          "source": "VK_EXT_memory_budget_estimate",
          "usage_bytes": 700383232
        },
        "estimated_weight_bytes": 1268945176,
        "oom_recovery": false,
        "policy": "auto",
        "reason": "budget_available",
        "requested_memory": "device",
        "reserve_bytes": 1532919808,
        "reserve_policy": "quarter_heap_budget",
        "scope": "weight placement before graph loading"
      },
      "vulkan_layers": 83,
      "weight_io": "buffered"
    },
    {
      "awa_cpu": 0,
      "awa_vulkan": 1,
      "awa_windows": 3,
      "backend": "ncnn-vulkan",
      "compute_ms": 80.272343,
      "cpu_layers": 0,
      "cpu_temporal_encoder_direct_convolution": false,
      "id": "block-27",
      "layers": 83,
      "load_ms": 287.465563,
      "memory": {
        "activation_offload": false,
        "actual_weight_memory": "not_instrumented",
        "after_load": {
          "budget_bytes": 6134169600,
          "heap_index": 0,
          "source": "VK_EXT_memory_budget_estimate",
          "usage_bytes": 1348796416
        },
        "after_release": {
          "budget_bytes": 6134300672,
          "heap_index": 0,
          "source": "VK_EXT_memory_budget_estimate",
          "usage_bytes": 700383232
        },
        "available_bytes": 5431296000,
        "before_load": {
          "budget_bytes": 6131679232,
          "heap_index": 0,
          "source": "VK_EXT_memory_budget_estimate",
          "usage_bytes": 700383232
        },
        "estimated_weight_bytes": 1268945176,
        "oom_recovery": false,
        "policy": "auto",
        "reason": "budget_available",
        "requested_memory": "device",
        "reserve_bytes": 1532919808,
        "reserve_policy": "quarter_heap_budget",
        "scope": "weight placement before graph loading"
      },
      "vulkan_layers": 83,
      "weight_io": "buffered"
    },
    {
      "awa_cpu": 0,
      "awa_vulkan": 1,
      "awa_windows": 3,
      "backend": "ncnn-vulkan",
      "compute_ms": 78.886096,
      "cpu_layers": 0,
      "cpu_temporal_encoder_direct_convolution": false,
      "id": "block-28",
      "layers": 83,
      "load_ms": 286.416602,
      "memory": {
        "activation_offload": false,
        "actual_weight_memory": "not_instrumented",
        "after_load": {
          "budget_bytes": 6134169600,
          "heap_index": 0,
          "source": "VK_EXT_memory_budget_estimate",
          "usage_bytes": 1348796416
        },
        "after_release": {
          "budget_bytes": 6134300672,
          "heap_index": 0,
          "source": "VK_EXT_memory_budget_estimate",
          "usage_bytes": 700383232
        },
        "available_bytes": 5433917440,
        "before_load": {
          "budget_bytes": 6134300672,
          "heap_index": 0,
          "source": "VK_EXT_memory_budget_estimate",
          "usage_bytes": 700383232
        },
        "estimated_weight_bytes": 1268945176,
        "oom_recovery": false,
        "policy": "auto",
        "reason": "budget_available",
        "requested_memory": "device",
        "reserve_bytes": 1533575168,
        "reserve_policy": "quarter_heap_budget",
        "scope": "weight placement before graph loading"
      },
      "vulkan_layers": 83,
      "weight_io": "buffered"
    },
    {
      "awa_cpu": 0,
      "awa_vulkan": 1,
      "awa_windows": 3,
      "backend": "ncnn-vulkan",
      "compute_ms": 79.697738,
      "cpu_layers": 0,
      "cpu_temporal_encoder_direct_convolution": false,
      "id": "block-29",
      "layers": 83,
      "load_ms": 279.420474,
      "memory": {
        "activation_offload": false,
        "actual_weight_memory": "not_instrumented",
        "after_load": {
          "budget_bytes": 6136332288,
          "heap_index": 0,
          "source": "VK_EXT_memory_budget_estimate",
          "usage_bytes": 1348796416
        },
        "after_release": {
          "budget_bytes": 6136463360,
          "heap_index": 0,
          "source": "VK_EXT_memory_budget_estimate",
          "usage_bytes": 700383232
        },
        "available_bytes": 5433917440,
        "before_load": {
          "budget_bytes": 6134300672,
          "heap_index": 0,
          "source": "VK_EXT_memory_budget_estimate",
          "usage_bytes": 700383232
        },
        "estimated_weight_bytes": 1268945176,
        "oom_recovery": false,
        "policy": "auto",
        "reason": "budget_available",
        "requested_memory": "device",
        "reserve_bytes": 1533575168,
        "reserve_policy": "quarter_heap_budget",
        "scope": "weight placement before graph loading"
      },
      "vulkan_layers": 83,
      "weight_io": "buffered"
    },
    {
      "awa_cpu": 0,
      "awa_vulkan": 1,
      "awa_windows": 3,
      "backend": "ncnn-vulkan",
      "compute_ms": 79.588772,
      "cpu_layers": 0,
      "cpu_temporal_encoder_direct_convolution": false,
      "id": "block-30",
      "layers": 83,
      "load_ms": 286.731607,
      "memory": {
        "activation_offload": false,
        "actual_weight_memory": "not_instrumented",
        "after_load": {
          "budget_bytes": 6131548160,
          "heap_index": 0,
          "source": "VK_EXT_memory_budget_estimate",
          "usage_bytes": 1348796416
        },
        "after_release": {
          "budget_bytes": 6131679232,
          "heap_index": 0,
          "source": "VK_EXT_memory_budget_estimate",
          "usage_bytes": 700383232
        },
        "available_bytes": 5436080128,
        "before_load": {
          "budget_bytes": 6136463360,
          "heap_index": 0,
          "source": "VK_EXT_memory_budget_estimate",
          "usage_bytes": 700383232
        },
        "estimated_weight_bytes": 1268945176,
        "oom_recovery": false,
        "policy": "auto",
        "reason": "budget_available",
        "requested_memory": "device",
        "reserve_bytes": 1534115840,
        "reserve_policy": "quarter_heap_budget",
        "scope": "weight placement before graph loading"
      },
      "vulkan_layers": 83,
      "weight_io": "buffered"
    },
    {
      "awa_cpu": 0,
      "awa_vulkan": 1,
      "awa_windows": 3,
      "backend": "ncnn-vulkan",
      "compute_ms": 62.66968,
      "cpu_layers": 0,
      "cpu_temporal_encoder_direct_convolution": false,
      "id": "block-31",
      "layers": 51,
      "load_ms": 206.804776,
      "memory": {
        "activation_offload": false,
        "actual_weight_memory": "not_instrumented",
        "after_load": {
          "budget_bytes": 6131548160,
          "heap_index": 0,
          "source": "VK_EXT_memory_budget_estimate",
          "usage_bytes": 1134886912
        },
        "after_release": {
          "budget_bytes": 6131679232,
          "heap_index": 0,
          "source": "VK_EXT_memory_budget_estimate",
          "usage_bytes": 700383232
        },
        "available_bytes": 5431296000,
        "before_load": {
          "budget_bytes": 6131679232,
          "heap_index": 0,
          "source": "VK_EXT_memory_budget_estimate",
          "usage_bytes": 700383232
        },
        "estimated_weight_bytes": 844271872,
        "oom_recovery": false,
        "policy": "auto",
        "reason": "budget_available",
        "requested_memory": "device",
        "reserve_bytes": 1532919808,
        "reserve_policy": "quarter_heap_budget",
        "scope": "weight placement before graph loading"
      },
      "vulkan_layers": 51,
      "weight_io": "buffered"
    },
    {
      "awa_cpu": 0,
      "awa_vulkan": 0,
      "awa_windows": 0,
      "backend": "ncnn-vulkan",
      "compute_ms": 1.536721,
      "cpu_layers": 0,
      "cpu_temporal_encoder_direct_convolution": false,
      "id": "patch-out",
      "layers": 6,
      "load_ms": 24.090092,
      "memory": {
        "activation_offload": false,
        "actual_weight_memory": "not_instrumented",
        "after_load": {
          "budget_bytes": 6131679232,
          "heap_index": 0,
          "source": "VK_EXT_memory_budget_estimate",
          "usage_bytes": 708902912
        },
        "after_release": {
          "budget_bytes": 6131679232,
          "heap_index": 0,
          "source": "VK_EXT_memory_budget_estimate",
          "usage_bytes": 700383232
        },
        "available_bytes": 5431296000,
        "before_load": {
          "budget_bytes": 6131679232,
          "heap_index": 0,
          "source": "VK_EXT_memory_budget_estimate",
          "usage_bytes": 700383232
        },
        "estimated_weight_bytes": 1372680,
        "oom_recovery": false,
        "policy": "auto",
        "reason": "budget_available",
        "requested_memory": "device",
        "reserve_bytes": 1532919808,
        "reserve_policy": "quarter_heap_budget",
        "scope": "weight placement before graph loading"
      },
      "vulkan_layers": 6,
      "weight_io": "buffered"
    },
    {
      "awa_cpu": 0,
      "awa_vulkan": 0,
      "awa_windows": 0,
      "backend": "ncnn-vulkan",
      "compute_ms": 642.353288,
      "cpu_layers": 0,
      "cpu_temporal_encoder_direct_convolution": false,
      "id": "decoder",
      "layers": 136,
      "load_ms": 406.540104,
      "memory": {
        "activation_offload": false,
        "actual_weight_memory": "not_instrumented",
        "after_load": {
          "budget_bytes": 6131613696,
          "heap_index": 0,
          "source": "VK_EXT_memory_budget_estimate",
          "usage_bytes": 1316421632
        },
        "after_release": {
          "budget_bytes": 6109724672,
          "heap_index": 0,
          "source": "VK_EXT_memory_budget_estimate",
          "usage_bytes": 1596522496
        },
        "available_bytes": 5431296000,
        "before_load": {
          "budget_bytes": 6131679232,
          "heap_index": 0,
          "source": "VK_EXT_memory_budget_estimate",
          "usage_bytes": 700383232
        },
        "estimated_weight_bytes": 1204813848,
        "oom_recovery": false,
        "policy": "auto",
        "reason": "budget_available",
        "requested_memory": "device",
        "reserve_bytes": 1532919808,
        "reserve_policy": "quarter_heap_budget",
        "scope": "weight placement before graph loading"
      },
      "vulkan_layers": 136,
      "weight_io": "buffered"
    }
  ],
  "status": "SUCCEEDED",
  "timing": {
    "graph_compute_ms": 3460.716721,
    "graph_load_ms": 9847.208412,
    "other_host_wait_and_cleanup_ms": 810.8314499999988,
    "package_validation_ms": 11504.342472
  },
  "total_ms": 25623.099055,
  "weight_io": "buffered"
}
