[0 NVIDIA GeForce RTX 4060 Laptop GPU]  queueC=2[8]  queueT=1[2]  rebar=1  r-score=76
[0 NVIDIA GeForce RTX 4060 Laptop GPU]  fp16-p/s/u/a=1/1/1/1  int8-p/s/u/a=1/1/1/1  bf16-p/s=1/1
[0 NVIDIA GeForce RTX 4060 Laptop GPU]  subgroup=32(32~32)  ops=1/1/1/1/1/1/1/1/1/1
[0 NVIDIA GeForce RTX 4060 Laptop GPU]  fp16-cm=16x16x16/16x8x16/16x8x8  int8-cm=16x16x32/16x8x32  bf16-cm=16x16x16  fp8-cm=16x16x32  fp6-cm=0  fp4-cm=0
[1 llvmpipe (LLVM 22.1.8, 256 bits)]  queueC=0[1]  queueT=0[1]  rebar=1  r-score=14
[1 llvmpipe (LLVM 22.1.8, 256 bits)]  fp16-p/s/u/a=1/1/1/1  int8-p/s/u/a=1/1/1/1  bf16-p/s=1/0
[1 llvmpipe (LLVM 22.1.8, 256 bits)]  subgroup=8(8~8)  ops=1/1/1/1/1/1/1/1/1/1
[1 llvmpipe (LLVM 22.1.8, 256 bits)]  fp16-cm=8x8x8  int8-cm=8x8x8  bf16-cm=0  fp8-cm=0  fp6-cm=0  fp4-cm=0
[2 llvmpipe (LLVM 17.0.6, 256 bits)]  queueC=0[1]  queueT=0[1]  rebar=1  r-score=4
[2 llvmpipe (LLVM 17.0.6, 256 bits)]  fp16-p/s/u/a=1/1/1/1  int8-p/s/u/a=1/1/1/1  bf16-p/s=1/0
[2 llvmpipe (LLVM 17.0.6, 256 bits)]  subgroup=8(8~8)  ops=1/1/1/1/1/1/0/1/0/0
[2 llvmpipe (LLVM 17.0.6, 256 bits)]  fp16-cm=0  int8-cm=0  bf16-cm=0  fp8-cm=0  fp6-cm=0  fp4-cm=0
{"completed":0,"elapsed_ms":250.993116,"event":"progress","stage":"validating","total":38}
{"completed":0,"elapsed_ms":256.524508,"event":"progress","stage":"validating","total":38}
{"completed":0,"elapsed_ms":482.119516,"event":"progress","stage":"validating","total":38}
{"completed":0,"elapsed_ms":764.646062,"event":"progress","stage":"validating","total":38}
{"completed":0,"elapsed_ms":1096.776572,"event":"progress","stage":"validating","total":38}
{"completed":0,"elapsed_ms":1429.780381,"event":"progress","stage":"validating","total":38}
{"completed":0,"elapsed_ms":1777.347083,"event":"progress","stage":"validating","total":38}
{"completed":0,"elapsed_ms":2138.123873,"event":"progress","stage":"validating","total":38}
{"completed":0,"elapsed_ms":2496.033249,"event":"progress","stage":"validating","total":38}
{"completed":0,"elapsed_ms":2829.7318,"event":"progress","stage":"validating","total":38}
{"completed":0,"elapsed_ms":3139.602988,"event":"progress","stage":"validating","total":38}
{"completed":0,"elapsed_ms":3476.68183,"event":"progress","stage":"validating","total":38}
{"completed":0,"elapsed_ms":3827.170498,"event":"progress","stage":"validating","total":38}
{"completed":0,"elapsed_ms":4161.470794,"event":"progress","stage":"validating","total":38}
{"completed":0,"elapsed_ms":4499.496734,"event":"progress","stage":"validating","total":38}
{"completed":0,"elapsed_ms":4851.592516,"event":"progress","stage":"validating","total":38}
{"completed":0,"elapsed_ms":5218.532902,"event":"progress","stage":"validating","total":38}
{"completed":0,"elapsed_ms":5579.153988,"event":"progress","stage":"validating","total":38}
{"completed":0,"elapsed_ms":5949.536742,"event":"progress","stage":"validating","total":38}
{"completed":0,"elapsed_ms":6328.822965,"event":"progress","stage":"validating","total":38}
{"completed":0,"elapsed_ms":6679.237513,"event":"progress","stage":"validating","total":38}
{"completed":0,"elapsed_ms":7027.878272,"event":"progress","stage":"validating","total":38}
{"completed":0,"elapsed_ms":7365.082992,"event":"progress","stage":"validating","total":38}
{"completed":0,"elapsed_ms":7697.513418,"event":"progress","stage":"validating","total":38}
{"completed":0,"elapsed_ms":8038.511559,"event":"progress","stage":"validating","total":38}
{"completed":0,"elapsed_ms":8374.618156,"event":"progress","stage":"validating","total":38}
{"completed":0,"elapsed_ms":8711.144845,"event":"progress","stage":"validating","total":38}
{"completed":0,"elapsed_ms":9058.045499,"event":"progress","stage":"validating","total":38}
{"completed":0,"elapsed_ms":9391.296014,"event":"progress","stage":"validating","total":38}
{"completed":0,"elapsed_ms":9725.57476,"event":"progress","stage":"validating","total":38}
{"completed":0,"elapsed_ms":10058.568329,"event":"progress","stage":"validating","total":38}
{"completed":0,"elapsed_ms":10394.492061,"event":"progress","stage":"validating","total":38}
{"completed":0,"elapsed_ms":10737.251587,"event":"progress","stage":"validating","total":38}
{"completed":0,"elapsed_ms":11082.047457,"event":"progress","stage":"validating","total":38}
{"completed":0,"elapsed_ms":11432.492262,"event":"progress","stage":"validating","total":38}
{"completed":0,"elapsed_ms":11663.5803,"event":"progress","stage":"validating","total":38}
{"completed":0,"elapsed_ms":11664.87778,"event":"progress","stage":"validating","total":38}
[libx264 @ 0xffa6d00] using cpu capabilities: MMX2 SSE2Fast SSSE3 SSE4.2 AVX FMA3 BMI2 AVX2 AVX512
[libx264 @ 0xffa6d00] profile High, level 1.0, 4:2:0, 8-bit
[libx264 @ 0xffa6d00] 264 - core 165 r3222 b35605a - H.264/MPEG-4 AVC codec - Copyleft 2003-2025 - http://www.videolan.org/x264.html - options: cabac=1 ref=2 deblock=1:0:0 analyse=0x3:0x113 me=hex subme=6 psy=1 psy_rd=1.00:0.00 mixed_ref=1 me_range=16 chroma_me=1 trellis=1 8x8dct=1 cqm=0 deadzone=21,11 fast_pskip=1 chroma_qp_offset=-2 threads=4 lookahead_threads=1 sliced_threads=0 nr=0 decimate=1 interlaced=0 bluray_compat=0 constrained_intra=0 bframes=0 weightp=1 keyint=250 keyint_min=8 scenecut=40 intra_refresh=0 rc_lookahead=30 rc=crf mbtree=1 crf=18.0 qcomp=0.60 qpmin=0 qpmax=69 qpstep=4 ip_ratio=1.40 aq=1:1.00
[mp4 @ 0xfffaec0] Starting second pass: moving the moov atom to the beginning of the file
[libx264 @ 0xffa6d00] frame I:1     Avg QP:18.55  size:  1174
[libx264 @ 0xffa6d00] frame P:8     Avg QP:18.89  size:   723
[libx264 @ 0xffa6d00] mb I  I16..4:  0.0% 90.0% 10.0%
[libx264 @ 0xffa6d00] mb P  I16..4:  0.0%  8.1%  1.9%  P16..4: 35.0% 35.3% 17.8%  0.0%  0.0%    skip: 1.9%
[libx264 @ 0xffa6d00] 8x8 transform intra:86.1% inter:62.1%
[libx264 @ 0xffa6d00] coded y,uvDC,uvAC intra: 96.5% 72.2% 22.2% inter: 67.7% 32.6% 1.4%
[libx264 @ 0xffa6d00] i8 v,h,dc,ddl,ddr,vr,hd,vl,hu: 28% 15% 13%  3%  6% 23%  3%  3%  5%
[libx264 @ 0xffa6d00] i4 v,h,dc,ddl,ddr,vr,hd,vl,hu: 46% 18% 10%  2%  4%  7%  5%  4%  4%
[libx264 @ 0xffa6d00] i8c dc,h,v,p: 64% 22% 12%  1%
[libx264 @ 0xffa6d00] Weighted P-Frames: Y:12.5% UV:0.0%
[libx264 @ 0xffa6d00] ref P L0: 80.1% 19.9%
[libx264 @ 0xffa6d00] kb/s:49.49
{"completed":1,"elapsed_ms":11997.233946,"event":"progress","stage":"encoding","total":38}
{"completed":2,"elapsed_ms":12820.262515,"event":"progress","stage":"sampling","total":38}
{"completed":3,"elapsed_ms":12820.779061,"event":"progress","stage":"projecting","total":38}
{"completed":4,"elapsed_ms":12838.036049,"event":"progress","stage":"block-00","total":38}
overwrite built-in layer type RMSNorm
overwrite built-in layer type Swish
push_constant_count not match, expect 0 but got 1
push_constant_count not match, expect 0 but got 1
{"completed":5,"elapsed_ms":13282.182799,"event":"progress","stage":"block-01","total":38}
overwrite built-in layer type RMSNorm
overwrite built-in layer type Swish
push_constant_count not match, expect 0 but got 1
push_constant_count not match, expect 0 but got 1
{"completed":6,"elapsed_ms":13620.083382,"event":"progress","stage":"block-02","total":38}
overwrite built-in layer type RMSNorm
overwrite built-in layer type Swish
push_constant_count not match, expect 0 but got 1
push_constant_count not match, expect 0 but got 1
{"completed":7,"elapsed_ms":13959.356767,"event":"progress","stage":"block-03","total":38}
overwrite built-in layer type RMSNorm
overwrite built-in layer type Swish
push_constant_count not match, expect 0 but got 1
push_constant_count not match, expect 0 but got 1
{"completed":8,"elapsed_ms":14315.055661,"event":"progress","stage":"block-04","total":38}
overwrite built-in layer type RMSNorm
overwrite built-in layer type Swish
push_constant_count not match, expect 0 but got 1
push_constant_count not match, expect 0 but got 1
{"completed":9,"elapsed_ms":14680.932057,"event":"progress","stage":"block-05","total":38}
overwrite built-in layer type RMSNorm
overwrite built-in layer type Swish
push_constant_count not match, expect 0 but got 1
push_constant_count not match, expect 0 but got 1
{"completed":10,"elapsed_ms":14994.382363,"event":"progress","stage":"block-06","total":38}
overwrite built-in layer type RMSNorm
overwrite built-in layer type Swish
push_constant_count not match, expect 0 but got 1
push_constant_count not match, expect 0 but got 1
{"completed":11,"elapsed_ms":15305.370028,"event":"progress","stage":"block-07","total":38}
overwrite built-in layer type RMSNorm
overwrite built-in layer type Swish
push_constant_count not match, expect 0 but got 1
push_constant_count not match, expect 0 but got 1
{"completed":12,"elapsed_ms":15632.295562,"event":"progress","stage":"block-08","total":38}
overwrite built-in layer type RMSNorm
overwrite built-in layer type Swish
push_constant_count not match, expect 0 but got 1
push_constant_count not match, expect 0 but got 1
{"completed":13,"elapsed_ms":15991.194836,"event":"progress","stage":"block-09","total":38}
overwrite built-in layer type RMSNorm
overwrite built-in layer type Swish
push_constant_count not match, expect 0 but got 1
push_constant_count not match, expect 0 but got 1
{"completed":14,"elapsed_ms":16336.599436,"event":"progress","stage":"block-10","total":38}
overwrite built-in layer type RMSNorm
overwrite built-in layer type Swish
push_constant_count not match, expect 0 but got 1
push_constant_count not match, expect 0 but got 1
{"completed":15,"elapsed_ms":16673.068337,"event":"progress","stage":"block-11","total":38}
overwrite built-in layer type RMSNorm
overwrite built-in layer type Swish
push_constant_count not match, expect 0 but got 1
push_constant_count not match, expect 0 but got 1
{"completed":16,"elapsed_ms":17021.551107,"event":"progress","stage":"block-12","total":38}
overwrite built-in layer type RMSNorm
overwrite built-in layer type Swish
push_constant_count not match, expect 0 but got 1
push_constant_count not match, expect 0 but got 1
{"completed":17,"elapsed_ms":17388.454423,"event":"progress","stage":"block-13","total":38}
overwrite built-in layer type RMSNorm
overwrite built-in layer type Swish
push_constant_count not match, expect 0 but got 1
push_constant_count not match, expect 0 but got 1
{"completed":18,"elapsed_ms":17736.595459,"event":"progress","stage":"block-14","total":38}
overwrite built-in layer type RMSNorm
overwrite built-in layer type Swish
push_constant_count not match, expect 0 but got 1
push_constant_count not match, expect 0 but got 1
{"completed":19,"elapsed_ms":18093.885917,"event":"progress","stage":"block-15","total":38}
overwrite built-in layer type RMSNorm
overwrite built-in layer type Swish
push_constant_count not match, expect 0 but got 1
push_constant_count not match, expect 0 but got 1
{"completed":20,"elapsed_ms":18454.0925,"event":"progress","stage":"block-16","total":38}
overwrite built-in layer type RMSNorm
overwrite built-in layer type Swish
push_constant_count not match, expect 0 but got 1
push_constant_count not match, expect 0 but got 1
{"completed":21,"elapsed_ms":18822.356925,"event":"progress","stage":"block-17","total":38}
overwrite built-in layer type RMSNorm
overwrite built-in layer type Swish
push_constant_count not match, expect 0 but got 1
push_constant_count not match, expect 0 but got 1
{"completed":22,"elapsed_ms":19185.462592,"event":"progress","stage":"block-18","total":38}
overwrite built-in layer type RMSNorm
overwrite built-in layer type Swish
push_constant_count not match, expect 0 but got 1
push_constant_count not match, expect 0 but got 1
{"completed":23,"elapsed_ms":19519.019445,"event":"progress","stage":"block-19","total":38}
overwrite built-in layer type RMSNorm
overwrite built-in layer type Swish
push_constant_count not match, expect 0 but got 1
push_constant_count not match, expect 0 but got 1
{"completed":24,"elapsed_ms":19861.746249,"event":"progress","stage":"block-20","total":38}
overwrite built-in layer type RMSNorm
overwrite built-in layer type Swish
push_constant_count not match, expect 0 but got 1
push_constant_count not match, expect 0 but got 1
{"completed":25,"elapsed_ms":20214.190298,"event":"progress","stage":"block-21","total":38}
overwrite built-in layer type RMSNorm
overwrite built-in layer type Swish
push_constant_count not match, expect 0 but got 1
push_constant_count not match, expect 0 but got 1
{"completed":26,"elapsed_ms":20555.489006,"event":"progress","stage":"block-22","total":38}
overwrite built-in layer type RMSNorm
overwrite built-in layer type Swish
push_constant_count not match, expect 0 but got 1
push_constant_count not match, expect 0 but got 1
{"completed":27,"elapsed_ms":20908.96333,"event":"progress","stage":"block-23","total":38}
overwrite built-in layer type RMSNorm
overwrite built-in layer type Swish
push_constant_count not match, expect 0 but got 1
push_constant_count not match, expect 0 but got 1
{"completed":28,"elapsed_ms":21259.355876,"event":"progress","stage":"block-24","total":38}
overwrite built-in layer type RMSNorm
overwrite built-in layer type Swish
push_constant_count not match, expect 0 but got 1
push_constant_count not match, expect 0 but got 1
{"completed":29,"elapsed_ms":21594.605826,"event":"progress","stage":"block-25","total":38}
overwrite built-in layer type RMSNorm
overwrite built-in layer type Swish
push_constant_count not match, expect 0 but got 1
push_constant_count not match, expect 0 but got 1
{"completed":30,"elapsed_ms":21939.942157,"event":"progress","stage":"block-26","total":38}
overwrite built-in layer type RMSNorm
overwrite built-in layer type Swish
push_constant_count not match, expect 0 but got 1
push_constant_count not match, expect 0 but got 1
{"completed":31,"elapsed_ms":22289.951039,"event":"progress","stage":"block-27","total":38}
overwrite built-in layer type RMSNorm
overwrite built-in layer type Swish
push_constant_count not match, expect 0 but got 1
push_constant_count not match, expect 0 but got 1
{"completed":32,"elapsed_ms":22636.2886,"event":"progress","stage":"block-28","total":38}
overwrite built-in layer type RMSNorm
overwrite built-in layer type Swish
push_constant_count not match, expect 0 but got 1
push_constant_count not match, expect 0 but got 1
{"completed":33,"elapsed_ms":22984.942675,"event":"progress","stage":"block-29","total":38}
overwrite built-in layer type RMSNorm
overwrite built-in layer type Swish
push_constant_count not match, expect 0 but got 1
push_constant_count not match, expect 0 but got 1
{"completed":34,"elapsed_ms":23333.297203,"event":"progress","stage":"block-30","total":38}
overwrite built-in layer type RMSNorm
overwrite built-in layer type Swish
push_constant_count not match, expect 0 but got 1
push_constant_count not match, expect 0 but got 1
{"completed":35,"elapsed_ms":23691.032361,"event":"progress","stage":"block-31","total":38}
overwrite built-in layer type RMSNorm
overwrite built-in layer type Swish
push_constant_count not match, expect 0 but got 1
{"completed":36,"elapsed_ms":23938.667707,"event":"progress","stage":"denoising","total":38}
{"completed":37,"elapsed_ms":23965.521082,"event":"progress","stage":"decoding","total":38}
[libx264 @ 0x2925dc00] using cpu capabilities: MMX2 SSE2Fast SSSE3 SSE4.2 AVX FMA3 BMI2 AVX2 AVX512
[libx264 @ 0x2925dc00] profile High, level 1.0, 4:2:0, 8-bit
[libx264 @ 0x2925dc00] 264 - core 165 r3222 b35605a - H.264/MPEG-4 AVC codec - Copyleft 2003-2025 - http://www.videolan.org/x264.html - options: cabac=1 ref=2 deblock=1:0:0 analyse=0x3:0x113 me=hex subme=6 psy=1 psy_rd=1.00:0.00 mixed_ref=1 me_range=16 chroma_me=1 trellis=1 8x8dct=1 cqm=0 deadzone=21,11 fast_pskip=1 chroma_qp_offset=-2 threads=4 lookahead_threads=1 sliced_threads=0 nr=0 decimate=1 interlaced=0 bluray_compat=0 constrained_intra=0 bframes=0 weightp=1 keyint=250 keyint_min=8 scenecut=40 intra_refresh=0 rc_lookahead=30 rc=crf mbtree=1 crf=18.0 qcomp=0.60 qpmin=0 qpmax=69 qpstep=4 ip_ratio=1.40 aq=1:1.00
[mp4 @ 0x115bd740] Starting second pass: moving the moov atom to the beginning of the file
[libx264 @ 0x2925dc00] frame I:1     Avg QP:20.92  size:  1801
[libx264 @ 0x2925dc00] frame P:8     Avg QP:20.09  size:  1451
[libx264 @ 0x2925dc00] mb I  I16..4:  2.5% 55.0% 42.5%
[libx264 @ 0x2925dc00] mb P  I16..4:  0.0% 15.9% 17.5%  P16..4: 18.4% 29.1% 16.2%  0.0%  0.0%    skip: 2.8%
[libx264 @ 0x2925dc00] 8x8 transform intra:49.7% inter:55.7%
[libx264 @ 0x2925dc00] coded y,uvDC,uvAC intra: 97.4% 91.2% 51.7% inter: 75.8% 57.7% 0.9%
[libx264 @ 0x2925dc00] i16 v,h,dc,p:  0%  0%  0% 100%
[libx264 @ 0x2925dc00] i8 v,h,dc,ddl,ddr,vr,hd,vl,hu: 22% 12% 15%  2%  5% 22%  4%  5% 12%
[libx264 @ 0x2925dc00] i4 v,h,dc,ddl,ddr,vr,hd,vl,hu: 29% 11% 11%  4%  8% 17%  5%  9%  7%
[libx264 @ 0x2925dc00] i8c dc,h,v,p: 53% 19% 21%  7%
[libx264 @ 0x2925dc00] Weighted P-Frames: Y:25.0% UV:0.0%
[libx264 @ 0x2925dc00] ref P L0: 89.1% 10.9%
[libx264 @ 0x2925dc00] kb/s:95.35
{"completed":38,"elapsed_ms":25123.567203,"event":"progress","stage":"completed","total":38}
