[0 NVIDIA GeForce RTX 4060 Laptop GPU]  queueC=2[8]  queueT=1[2]  rebar=1  r-score=76
[0 NVIDIA GeForce RTX 4060 Laptop GPU]  fp16-p/s/u/a=1/1/1/1  int8-p/s/u/a=1/1/1/1  bf16-p/s=1/1
[0 NVIDIA GeForce RTX 4060 Laptop GPU]  subgroup=32(32~32)  ops=1/1/1/1/1/1/1/1/1/1
[0 NVIDIA GeForce RTX 4060 Laptop GPU]  fp16-cm=16x16x16/16x8x16/16x8x8  int8-cm=16x16x32/16x8x32  bf16-cm=16x16x16  fp8-cm=16x16x32  fp6-cm=0  fp4-cm=0
[1 llvmpipe (LLVM 22.1.8, 256 bits)]  queueC=0[1]  queueT=0[1]  rebar=1  r-score=14
[1 llvmpipe (LLVM 22.1.8, 256 bits)]  fp16-p/s/u/a=1/1/1/1  int8-p/s/u/a=1/1/1/1  bf16-p/s=1/0
[1 llvmpipe (LLVM 22.1.8, 256 bits)]  subgroup=8(8~8)  ops=1/1/1/1/1/1/1/1/1/1
[1 llvmpipe (LLVM 22.1.8, 256 bits)]  fp16-cm=8x8x8  int8-cm=8x8x8  bf16-cm=0  fp8-cm=0  fp6-cm=0  fp4-cm=0
[2 llvmpipe (LLVM 17.0.6, 256 bits)]  queueC=0[1]  queueT=0[1]  rebar=1  r-score=4
[2 llvmpipe (LLVM 17.0.6, 256 bits)]  fp16-p/s/u/a=1/1/1/1  int8-p/s/u/a=1/1/1/1  bf16-p/s=1/0
[2 llvmpipe (LLVM 17.0.6, 256 bits)]  subgroup=8(8~8)  ops=1/1/1/1/1/1/0/1/0/0
[2 llvmpipe (LLVM 17.0.6, 256 bits)]  fp16-cm=0  int8-cm=0  bf16-cm=0  fp8-cm=0  fp6-cm=0  fp4-cm=0
{"completed":0,"elapsed_ms":248.261972,"event":"progress","stage":"validating","total":38}
{"completed":0,"elapsed_ms":253.679087,"event":"progress","stage":"validating","total":38}
{"completed":0,"elapsed_ms":466.165089,"event":"progress","stage":"validating","total":38}
{"completed":0,"elapsed_ms":795.121996,"event":"progress","stage":"validating","total":38}
{"completed":0,"elapsed_ms":1125.426449,"event":"progress","stage":"validating","total":38}
{"completed":0,"elapsed_ms":1454.18432,"event":"progress","stage":"validating","total":38}
{"completed":0,"elapsed_ms":1786.338858,"event":"progress","stage":"validating","total":38}
{"completed":0,"elapsed_ms":2132.365524,"event":"progress","stage":"validating","total":38}
{"completed":0,"elapsed_ms":2483.37299,"event":"progress","stage":"validating","total":38}
{"completed":0,"elapsed_ms":2822.788155,"event":"progress","stage":"validating","total":38}
{"completed":0,"elapsed_ms":3153.405249,"event":"progress","stage":"validating","total":38}
{"completed":0,"elapsed_ms":3471.85246,"event":"progress","stage":"validating","total":38}
{"completed":0,"elapsed_ms":3813.664584,"event":"progress","stage":"validating","total":38}
{"completed":0,"elapsed_ms":4126.039613,"event":"progress","stage":"validating","total":38}
{"completed":0,"elapsed_ms":4449.747544,"event":"progress","stage":"validating","total":38}
{"completed":0,"elapsed_ms":4772.816577,"event":"progress","stage":"validating","total":38}
{"completed":0,"elapsed_ms":5094.457261,"event":"progress","stage":"validating","total":38}
{"completed":0,"elapsed_ms":5404.752301,"event":"progress","stage":"validating","total":38}
{"completed":0,"elapsed_ms":5714.107605,"event":"progress","stage":"validating","total":38}
{"completed":0,"elapsed_ms":6037.042084,"event":"progress","stage":"validating","total":38}
{"completed":0,"elapsed_ms":6356.816833,"event":"progress","stage":"validating","total":38}
{"completed":0,"elapsed_ms":6668.40701,"event":"progress","stage":"validating","total":38}
{"completed":0,"elapsed_ms":6982.705203,"event":"progress","stage":"validating","total":38}
{"completed":0,"elapsed_ms":7298.80547,"event":"progress","stage":"validating","total":38}
{"completed":0,"elapsed_ms":7613.921388,"event":"progress","stage":"validating","total":38}
{"completed":0,"elapsed_ms":7928.289041,"event":"progress","stage":"validating","total":38}
{"completed":0,"elapsed_ms":8241.1033,"event":"progress","stage":"validating","total":38}
{"completed":0,"elapsed_ms":8547.203575,"event":"progress","stage":"validating","total":38}
{"completed":0,"elapsed_ms":8853.918661,"event":"progress","stage":"validating","total":38}
{"completed":0,"elapsed_ms":9166.103520999999,"event":"progress","stage":"validating","total":38}
{"completed":0,"elapsed_ms":9495.666593,"event":"progress","stage":"validating","total":38}
{"completed":0,"elapsed_ms":9812.251757,"event":"progress","stage":"validating","total":38}
{"completed":0,"elapsed_ms":10123.419325,"event":"progress","stage":"validating","total":38}
{"completed":0,"elapsed_ms":10435.799854,"event":"progress","stage":"validating","total":38}
{"completed":0,"elapsed_ms":10754.490195,"event":"progress","stage":"validating","total":38}
{"completed":0,"elapsed_ms":10965.62776,"event":"progress","stage":"validating","total":38}
{"completed":0,"elapsed_ms":10966.920061,"event":"progress","stage":"validating","total":38}
[libx264 @ 0x39640780] using cpu capabilities: MMX2 SSE2Fast SSSE3 SSE4.2 AVX FMA3 BMI2 AVX2 AVX512
[libx264 @ 0x39640780] profile High, level 1.0, 4:2:0, 8-bit
[libx264 @ 0x39640780] 264 - core 165 r3222 b35605a - H.264/MPEG-4 AVC codec - Copyleft 2003-2025 - http://www.videolan.org/x264.html - options: cabac=1 ref=2 deblock=1:0:0 analyse=0x3:0x113 me=hex subme=6 psy=1 psy_rd=1.00:0.00 mixed_ref=1 me_range=16 chroma_me=1 trellis=1 8x8dct=1 cqm=0 deadzone=21,11 fast_pskip=1 chroma_qp_offset=-2 threads=4 lookahead_threads=1 sliced_threads=0 nr=0 decimate=1 interlaced=0 bluray_compat=0 constrained_intra=0 bframes=0 weightp=1 keyint=250 keyint_min=8 scenecut=40 intra_refresh=0 rc_lookahead=30 rc=crf mbtree=1 crf=18.0 qcomp=0.60 qpmin=0 qpmax=69 qpstep=4 ip_ratio=1.40 aq=1:1.00
[mp4 @ 0x39543e40] Starting second pass: moving the moov atom to the beginning of the file
[libx264 @ 0x39640780] frame I:1     Avg QP:18.55  size:  1174
[libx264 @ 0x39640780] frame P:8     Avg QP:18.89  size:   723
[libx264 @ 0x39640780] mb I  I16..4:  0.0% 90.0% 10.0%
[libx264 @ 0x39640780] mb P  I16..4:  0.0%  8.1%  1.9%  P16..4: 35.0% 35.3% 17.8%  0.0%  0.0%    skip: 1.9%
[libx264 @ 0x39640780] 8x8 transform intra:86.1% inter:62.1%
[libx264 @ 0x39640780] coded y,uvDC,uvAC intra: 96.5% 72.2% 22.2% inter: 67.7% 32.6% 1.4%
[libx264 @ 0x39640780] i8 v,h,dc,ddl,ddr,vr,hd,vl,hu: 28% 15% 13%  3%  6% 23%  3%  3%  5%
[libx264 @ 0x39640780] i4 v,h,dc,ddl,ddr,vr,hd,vl,hu: 46% 18% 10%  2%  4%  7%  5%  4%  4%
[libx264 @ 0x39640780] i8c dc,h,v,p: 64% 22% 12%  1%
[libx264 @ 0x39640780] Weighted P-Frames: Y:12.5% UV:0.0%
[libx264 @ 0x39640780] ref P L0: 80.1% 19.9%
[libx264 @ 0x39640780] kb/s:49.49
{"completed":1,"elapsed_ms":11268.227672,"event":"progress","stage":"encoding","total":38}
overwrite built-in layer type RMSNorm
{"completed":2,"elapsed_ms":12169.886003,"event":"progress","stage":"sampling","total":38}
{"completed":3,"elapsed_ms":12170.411566,"event":"progress","stage":"projecting","total":38}
overwrite built-in layer type RMSNorm
{"completed":4,"elapsed_ms":12187.412155,"event":"progress","stage":"block-00","total":38}
overwrite built-in layer type RMSNorm
{"completed":5,"elapsed_ms":12682.574528,"event":"progress","stage":"block-01","total":38}
overwrite built-in layer type RMSNorm
{"completed":6,"elapsed_ms":13062.975086,"event":"progress","stage":"block-02","total":38}
overwrite built-in layer type RMSNorm
{"completed":7,"elapsed_ms":13436.237217,"event":"progress","stage":"block-03","total":38}
overwrite built-in layer type RMSNorm
{"completed":8,"elapsed_ms":13819.003845,"event":"progress","stage":"block-04","total":38}
overwrite built-in layer type RMSNorm
{"completed":9,"elapsed_ms":14198.927671,"event":"progress","stage":"block-05","total":38}
overwrite built-in layer type RMSNorm
{"completed":10,"elapsed_ms":14545.097388,"event":"progress","stage":"block-06","total":38}
overwrite built-in layer type RMSNorm
{"completed":11,"elapsed_ms":14900.19979,"event":"progress","stage":"block-07","total":38}
overwrite built-in layer type RMSNorm
{"completed":12,"elapsed_ms":15260.802905,"event":"progress","stage":"block-08","total":38}
overwrite built-in layer type RMSNorm
{"completed":13,"elapsed_ms":15632.40452,"event":"progress","stage":"block-09","total":38}
overwrite built-in layer type RMSNorm
{"completed":14,"elapsed_ms":15987.310231,"event":"progress","stage":"block-10","total":38}
overwrite built-in layer type RMSNorm
{"completed":15,"elapsed_ms":16320.968239,"event":"progress","stage":"block-11","total":38}
overwrite built-in layer type RMSNorm
{"completed":16,"elapsed_ms":16696.321862,"event":"progress","stage":"block-12","total":38}
overwrite built-in layer type RMSNorm
{"completed":17,"elapsed_ms":17062.639192,"event":"progress","stage":"block-13","total":38}
overwrite built-in layer type RMSNorm
{"completed":18,"elapsed_ms":17402.077562,"event":"progress","stage":"block-14","total":38}
overwrite built-in layer type RMSNorm
{"completed":19,"elapsed_ms":17742.444242,"event":"progress","stage":"block-15","total":38}
overwrite built-in layer type RMSNorm
{"completed":20,"elapsed_ms":18093.203244,"event":"progress","stage":"block-16","total":38}
overwrite built-in layer type RMSNorm
{"completed":21,"elapsed_ms":18431.873046,"event":"progress","stage":"block-17","total":38}
overwrite built-in layer type RMSNorm
{"completed":22,"elapsed_ms":18761.474,"event":"progress","stage":"block-18","total":38}
overwrite built-in layer type RMSNorm
{"completed":23,"elapsed_ms":19101.175811,"event":"progress","stage":"block-19","total":38}
overwrite built-in layer type RMSNorm
{"completed":24,"elapsed_ms":19461.496521,"event":"progress","stage":"block-20","total":38}
overwrite built-in layer type RMSNorm
{"completed":25,"elapsed_ms":19797.152193,"event":"progress","stage":"block-21","total":38}
overwrite built-in layer type RMSNorm
{"completed":26,"elapsed_ms":20134.825354,"event":"progress","stage":"block-22","total":38}
overwrite built-in layer type RMSNorm
{"completed":27,"elapsed_ms":20480.359854,"event":"progress","stage":"block-23","total":38}
overwrite built-in layer type RMSNorm
{"completed":28,"elapsed_ms":20814.294899,"event":"progress","stage":"block-24","total":38}
overwrite built-in layer type RMSNorm
{"completed":29,"elapsed_ms":21154.358672,"event":"progress","stage":"block-25","total":38}
overwrite built-in layer type RMSNorm
{"completed":30,"elapsed_ms":21507.858668,"event":"progress","stage":"block-26","total":38}
overwrite built-in layer type RMSNorm
{"completed":31,"elapsed_ms":21851.299396,"event":"progress","stage":"block-27","total":38}
overwrite built-in layer type RMSNorm
{"completed":32,"elapsed_ms":22196.742944,"event":"progress","stage":"block-28","total":38}
overwrite built-in layer type RMSNorm
{"completed":33,"elapsed_ms":22530.209845,"event":"progress","stage":"block-29","total":38}
overwrite built-in layer type RMSNorm
{"completed":34,"elapsed_ms":22896.338288,"event":"progress","stage":"block-30","total":38}
overwrite built-in layer type RMSNorm
{"completed":35,"elapsed_ms":23257.334955,"event":"progress","stage":"block-31","total":38}
overwrite built-in layer type RMSNorm
{"completed":36,"elapsed_ms":23503.91592,"event":"progress","stage":"denoising","total":38}
overwrite built-in layer type RMSNorm
layer load_param 3 rmsn_1 failed
