[0 NVIDIA GeForce RTX 4060 Laptop GPU]  queueC=2[8]  queueT=1[2]  rebar=1  r-score=76
[0 NVIDIA GeForce RTX 4060 Laptop GPU]  fp16-p/s/u/a=1/1/1/1  int8-p/s/u/a=1/1/1/1  bf16-p/s=1/1
[0 NVIDIA GeForce RTX 4060 Laptop GPU]  subgroup=32(32~32)  ops=1/1/1/1/1/1/1/1/1/1
[0 NVIDIA GeForce RTX 4060 Laptop GPU]  fp16-cm=16x16x16/16x8x16/16x8x8  int8-cm=16x16x32/16x8x32  bf16-cm=16x16x16  fp8-cm=16x16x32  fp6-cm=0  fp4-cm=0
[1 llvmpipe (LLVM 22.1.8, 256 bits)]  queueC=0[1]  queueT=0[1]  rebar=1  r-score=14
[1 llvmpipe (LLVM 22.1.8, 256 bits)]  fp16-p/s/u/a=1/1/1/1  int8-p/s/u/a=1/1/1/1  bf16-p/s=1/0
[1 llvmpipe (LLVM 22.1.8, 256 bits)]  subgroup=8(8~8)  ops=1/1/1/1/1/1/1/1/1/1
[1 llvmpipe (LLVM 22.1.8, 256 bits)]  fp16-cm=8x8x8  int8-cm=8x8x8  bf16-cm=0  fp8-cm=0  fp6-cm=0  fp4-cm=0
[2 llvmpipe (LLVM 17.0.6, 256 bits)]  queueC=0[1]  queueT=0[1]  rebar=1  r-score=4
[2 llvmpipe (LLVM 17.0.6, 256 bits)]  fp16-p/s/u/a=1/1/1/1  int8-p/s/u/a=1/1/1/1  bf16-p/s=1/0
[2 llvmpipe (LLVM 17.0.6, 256 bits)]  subgroup=8(8~8)  ops=1/1/1/1/1/1/0/1/0/0
[2 llvmpipe (LLVM 17.0.6, 256 bits)]  fp16-cm=0  int8-cm=0  bf16-cm=0  fp8-cm=0  fp6-cm=0  fp4-cm=0
{"completed":0,"elapsed_ms":184.106765,"event":"progress","stage":"validating","total":38}
{"completed":0,"elapsed_ms":189.651232,"event":"progress","stage":"validating","total":38}
{"completed":0,"elapsed_ms":414.690651,"event":"progress","stage":"validating","total":38}
{"completed":0,"elapsed_ms":694.212935,"event":"progress","stage":"validating","total":38}
{"completed":0,"elapsed_ms":1031.181179,"event":"progress","stage":"validating","total":38}
{"completed":0,"elapsed_ms":1375.948686,"event":"progress","stage":"validating","total":38}
{"completed":0,"elapsed_ms":1719.816584,"event":"progress","stage":"validating","total":38}
{"completed":0,"elapsed_ms":2080.955768,"event":"progress","stage":"validating","total":38}
{"completed":0,"elapsed_ms":2450.394441,"event":"progress","stage":"validating","total":38}
{"completed":0,"elapsed_ms":2786.087727,"event":"progress","stage":"validating","total":38}
{"completed":0,"elapsed_ms":3101.601237,"event":"progress","stage":"validating","total":38}
{"completed":0,"elapsed_ms":3439.465512,"event":"progress","stage":"validating","total":38}
{"completed":0,"elapsed_ms":3809.727789,"event":"progress","stage":"validating","total":38}
{"completed":0,"elapsed_ms":4160.447903,"event":"progress","stage":"validating","total":38}
{"completed":0,"elapsed_ms":4506.430815,"event":"progress","stage":"validating","total":38}
{"completed":0,"elapsed_ms":4878.507948,"event":"progress","stage":"validating","total":38}
{"completed":0,"elapsed_ms":5239.316087,"event":"progress","stage":"validating","total":38}
{"completed":0,"elapsed_ms":5619.369288,"event":"progress","stage":"validating","total":38}
{"completed":0,"elapsed_ms":6000.395396,"event":"progress","stage":"validating","total":38}
{"completed":0,"elapsed_ms":6373.441057,"event":"progress","stage":"validating","total":38}
{"completed":0,"elapsed_ms":6741.901212,"event":"progress","stage":"validating","total":38}
{"completed":0,"elapsed_ms":7099.184768,"event":"progress","stage":"validating","total":38}
{"completed":0,"elapsed_ms":7447.795189,"event":"progress","stage":"validating","total":38}
{"completed":0,"elapsed_ms":7807.28505,"event":"progress","stage":"validating","total":38}
{"completed":0,"elapsed_ms":8173.3115,"event":"progress","stage":"validating","total":38}
{"completed":0,"elapsed_ms":8548.231831,"event":"progress","stage":"validating","total":38}
{"completed":0,"elapsed_ms":8908.346902,"event":"progress","stage":"validating","total":38}
{"completed":0,"elapsed_ms":9269.384785,"event":"progress","stage":"validating","total":38}
{"completed":0,"elapsed_ms":9624.386172,"event":"progress","stage":"validating","total":38}
{"completed":0,"elapsed_ms":9976.45386,"event":"progress","stage":"validating","total":38}
{"completed":0,"elapsed_ms":10339.182585,"event":"progress","stage":"validating","total":38}
{"completed":0,"elapsed_ms":10715.429611,"event":"progress","stage":"validating","total":38}
{"completed":0,"elapsed_ms":11091.905859,"event":"progress","stage":"validating","total":38}
{"completed":0,"elapsed_ms":11450.684486,"event":"progress","stage":"validating","total":38}
{"completed":0,"elapsed_ms":11810.987742,"event":"progress","stage":"validating","total":38}
{"completed":0,"elapsed_ms":12052.010075,"event":"progress","stage":"validating","total":38}
{"completed":0,"elapsed_ms":12053.304358,"event":"progress","stage":"validating","total":38}
[libx264 @ 0x291b5500] using cpu capabilities: MMX2 SSE2Fast SSSE3 SSE4.2 AVX FMA3 BMI2 AVX2 AVX512
[libx264 @ 0x291b5500] profile High, level 1.0, 4:2:0, 8-bit
[libx264 @ 0x291b5500] 264 - core 165 r3222 b35605a - H.264/MPEG-4 AVC codec - Copyleft 2003-2025 - http://www.videolan.org/x264.html - options: cabac=1 ref=2 deblock=1:0:0 analyse=0x3:0x113 me=hex subme=6 psy=1 psy_rd=1.00:0.00 mixed_ref=1 me_range=16 chroma_me=1 trellis=1 8x8dct=1 cqm=0 deadzone=21,11 fast_pskip=1 chroma_qp_offset=-2 threads=4 lookahead_threads=1 sliced_threads=0 nr=0 decimate=1 interlaced=0 bluray_compat=0 constrained_intra=0 bframes=0 weightp=1 keyint=250 keyint_min=8 scenecut=40 intra_refresh=0 rc_lookahead=30 rc=crf mbtree=1 crf=18.0 qcomp=0.60 qpmin=0 qpmax=69 qpstep=4 ip_ratio=1.40 aq=1:1.00
[mp4 @ 0x291b2e80] Starting second pass: moving the moov atom to the beginning of the file
[libx264 @ 0x291b5500] frame I:1     Avg QP:18.55  size:  1174
[libx264 @ 0x291b5500] frame P:7     Avg QP:18.87  size:   699
[libx264 @ 0x291b5500] mb I  I16..4:  0.0% 90.0% 10.0%
[libx264 @ 0x291b5500] mb P  I16..4:  0.0%  6.4%  2.5%  P16..4: 36.4% 35.4% 18.2%  0.0%  0.0%    skip: 1.1%
[libx264 @ 0x291b5500] 8x8 transform intra:83.1% inter:59.0%
[libx264 @ 0x291b5500] coded y,uvDC,uvAC intra: 95.8% 67.7% 18.5% inter: 65.4% 28.6% 2.7%
[libx264 @ 0x291b5500] i8 v,h,dc,ddl,ddr,vr,hd,vl,hu: 25% 15% 14%  4%  6% 25%  3%  3%  5%
[libx264 @ 0x291b5500] i4 v,h,dc,ddl,ddr,vr,hd,vl,hu: 52% 13%  7%  3%  2%  7%  6%  6%  4%
[libx264 @ 0x291b5500] i8c dc,h,v,p: 62% 26% 11%  2%
[libx264 @ 0x291b5500] Weighted P-Frames: Y:14.3% UV:0.0%
[libx264 @ 0x291b5500] ref P L0: 79.1% 20.9%
[libx264 @ 0x291b5500] kb/s:48.54
{"completed":1,"elapsed_ms":12366.581957,"event":"progress","stage":"encoding","total":38}
{"completed":2,"elapsed_ms":13178.05477,"event":"progress","stage":"sampling","total":38}
{"completed":3,"elapsed_ms":13178.57916,"event":"progress","stage":"projecting","total":38}
{"completed":4,"elapsed_ms":13195.55623,"event":"progress","stage":"block-00","total":38}
overwrite built-in layer type RMSNorm
overwrite built-in layer type Swish
overwrite built-in layer type InnerProduct
{"completed":5,"elapsed_ms":13724.91153,"event":"progress","stage":"block-01","total":38}
overwrite built-in layer type RMSNorm
overwrite built-in layer type Swish
overwrite built-in layer type InnerProduct
{"completed":6,"elapsed_ms":14194.848377,"event":"progress","stage":"block-02","total":38}
overwrite built-in layer type RMSNorm
overwrite built-in layer type Swish
overwrite built-in layer type InnerProduct
{"completed":7,"elapsed_ms":14657.826617,"event":"progress","stage":"block-03","total":38}
overwrite built-in layer type RMSNorm
overwrite built-in layer type Swish
overwrite built-in layer type InnerProduct
{"completed":8,"elapsed_ms":15126.94534,"event":"progress","stage":"block-04","total":38}
overwrite built-in layer type RMSNorm
overwrite built-in layer type Swish
overwrite built-in layer type InnerProduct
{"completed":9,"elapsed_ms":15620.269047,"event":"progress","stage":"block-05","total":38}
overwrite built-in layer type RMSNorm
overwrite built-in layer type Swish
overwrite built-in layer type InnerProduct
{"completed":10,"elapsed_ms":16035.71811,"event":"progress","stage":"block-06","total":38}
overwrite built-in layer type RMSNorm
overwrite built-in layer type Swish
overwrite built-in layer type InnerProduct
{"completed":11,"elapsed_ms":16417.682799,"event":"progress","stage":"block-07","total":38}
overwrite built-in layer type RMSNorm
overwrite built-in layer type Swish
overwrite built-in layer type InnerProduct
{"completed":12,"elapsed_ms":16855.648881,"event":"progress","stage":"block-08","total":38}
overwrite built-in layer type RMSNorm
overwrite built-in layer type Swish
overwrite built-in layer type InnerProduct
{"completed":13,"elapsed_ms":17316.951698,"event":"progress","stage":"block-09","total":38}
overwrite built-in layer type RMSNorm
overwrite built-in layer type Swish
overwrite built-in layer type InnerProduct
{"completed":14,"elapsed_ms":17776.125737,"event":"progress","stage":"block-10","total":38}
overwrite built-in layer type RMSNorm
overwrite built-in layer type Swish
overwrite built-in layer type InnerProduct
{"completed":15,"elapsed_ms":18261.657795,"event":"progress","stage":"block-11","total":38}
overwrite built-in layer type RMSNorm
overwrite built-in layer type Swish
overwrite built-in layer type InnerProduct
{"completed":16,"elapsed_ms":18751.280847,"event":"progress","stage":"block-12","total":38}
overwrite built-in layer type RMSNorm
overwrite built-in layer type Swish
overwrite built-in layer type InnerProduct
{"completed":17,"elapsed_ms":19231.180172,"event":"progress","stage":"block-13","total":38}
overwrite built-in layer type RMSNorm
overwrite built-in layer type Swish
overwrite built-in layer type InnerProduct
{"completed":18,"elapsed_ms":19694.587723,"event":"progress","stage":"block-14","total":38}
overwrite built-in layer type RMSNorm
overwrite built-in layer type Swish
overwrite built-in layer type InnerProduct
{"completed":19,"elapsed_ms":20200.016823,"event":"progress","stage":"block-15","total":38}
overwrite built-in layer type RMSNorm
overwrite built-in layer type Swish
overwrite built-in layer type InnerProduct
{"completed":20,"elapsed_ms":20687.90986,"event":"progress","stage":"block-16","total":38}
overwrite built-in layer type RMSNorm
overwrite built-in layer type Swish
overwrite built-in layer type InnerProduct
{"completed":21,"elapsed_ms":21136.363459,"event":"progress","stage":"block-17","total":38}
overwrite built-in layer type RMSNorm
overwrite built-in layer type Swish
overwrite built-in layer type InnerProduct
{"completed":22,"elapsed_ms":21600.954655,"event":"progress","stage":"block-18","total":38}
overwrite built-in layer type RMSNorm
overwrite built-in layer type Swish
overwrite built-in layer type InnerProduct
{"completed":23,"elapsed_ms":22063.500509,"event":"progress","stage":"block-19","total":38}
overwrite built-in layer type RMSNorm
overwrite built-in layer type Swish
overwrite built-in layer type InnerProduct
{"completed":24,"elapsed_ms":22523.427028,"event":"progress","stage":"block-20","total":38}
overwrite built-in layer type RMSNorm
overwrite built-in layer type Swish
overwrite built-in layer type InnerProduct
{"completed":25,"elapsed_ms":23022.543041,"event":"progress","stage":"block-21","total":38}
overwrite built-in layer type RMSNorm
overwrite built-in layer type Swish
overwrite built-in layer type InnerProduct
{"completed":26,"elapsed_ms":23496.764687,"event":"progress","stage":"block-22","total":38}
overwrite built-in layer type RMSNorm
overwrite built-in layer type Swish
overwrite built-in layer type InnerProduct
{"completed":27,"elapsed_ms":23982.861341,"event":"progress","stage":"block-23","total":38}
overwrite built-in layer type RMSNorm
overwrite built-in layer type Swish
overwrite built-in layer type InnerProduct
{"completed":28,"elapsed_ms":24461.422249,"event":"progress","stage":"block-24","total":38}
overwrite built-in layer type RMSNorm
overwrite built-in layer type Swish
overwrite built-in layer type InnerProduct
{"completed":29,"elapsed_ms":24944.357786,"event":"progress","stage":"block-25","total":38}
overwrite built-in layer type RMSNorm
overwrite built-in layer type Swish
overwrite built-in layer type InnerProduct
{"completed":30,"elapsed_ms":25418.236084,"event":"progress","stage":"block-26","total":38}
overwrite built-in layer type RMSNorm
overwrite built-in layer type Swish
overwrite built-in layer type InnerProduct
{"completed":31,"elapsed_ms":25894.277415,"event":"progress","stage":"block-27","total":38}
overwrite built-in layer type RMSNorm
overwrite built-in layer type Swish
overwrite built-in layer type InnerProduct
{"completed":32,"elapsed_ms":26361.053195,"event":"progress","stage":"block-28","total":38}
overwrite built-in layer type RMSNorm
overwrite built-in layer type Swish
overwrite built-in layer type InnerProduct
{"completed":33,"elapsed_ms":26818.381128,"event":"progress","stage":"block-29","total":38}
overwrite built-in layer type RMSNorm
overwrite built-in layer type Swish
overwrite built-in layer type InnerProduct
{"completed":34,"elapsed_ms":27275.770868,"event":"progress","stage":"block-30","total":38}
overwrite built-in layer type RMSNorm
overwrite built-in layer type Swish
overwrite built-in layer type InnerProduct
{"completed":35,"elapsed_ms":27725.478085,"event":"progress","stage":"block-31","total":38}
overwrite built-in layer type RMSNorm
overwrite built-in layer type Swish
overwrite built-in layer type InnerProduct
{"completed":36,"elapsed_ms":28096.787859,"event":"progress","stage":"denoising","total":38}
{"completed":37,"elapsed_ms":28136.620147,"event":"progress","stage":"decoding","total":38}
[libx264 @ 0x2c01d280] using cpu capabilities: MMX2 SSE2Fast SSSE3 SSE4.2 AVX FMA3 BMI2 AVX2 AVX512
[libx264 @ 0x2c01d280] profile High, level 1.0, 4:2:0, 8-bit
[libx264 @ 0x2c01d280] 264 - core 165 r3222 b35605a - H.264/MPEG-4 AVC codec - Copyleft 2003-2025 - http://www.videolan.org/x264.html - options: cabac=1 ref=2 deblock=1:0:0 analyse=0x3:0x113 me=hex subme=6 psy=1 psy_rd=1.00:0.00 mixed_ref=1 me_range=16 chroma_me=1 trellis=1 8x8dct=1 cqm=0 deadzone=21,11 fast_pskip=1 chroma_qp_offset=-2 threads=4 lookahead_threads=1 sliced_threads=0 nr=0 decimate=1 interlaced=0 bluray_compat=0 constrained_intra=0 bframes=0 weightp=1 keyint=250 keyint_min=8 scenecut=40 intra_refresh=0 rc_lookahead=30 rc=crf mbtree=1 crf=18.0 qcomp=0.60 qpmin=0 qpmax=69 qpstep=4 ip_ratio=1.40 aq=1:1.00
[mp4 @ 0x293dc900] Starting second pass: moving the moov atom to the beginning of the file
[libx264 @ 0x2c01d280] frame I:1     Avg QP:20.90  size:  1780
[libx264 @ 0x2c01d280] frame P:7     Avg QP:19.90  size:  1398
[libx264 @ 0x2c01d280] mb I  I16..4:  0.0% 67.5% 32.5%
[libx264 @ 0x2c01d280] mb P  I16..4:  0.0% 11.1% 16.1%  P16..4: 23.9% 30.7% 12.5%  0.0%  0.0%    skip: 5.7%
[libx264 @ 0x2c01d280] 8x8 transform intra:50.0% inter:55.3%
[libx264 @ 0x2c01d280] coded y,uvDC,uvAC intra: 99.1% 95.7% 56.9% inter: 73.2% 51.0% 1.5%
[libx264 @ 0x2c01d280] i8 v,h,dc,ddl,ddr,vr,hd,vl,hu: 16% 12% 16%  5%  5% 25%  4%  5% 11%
[libx264 @ 0x2c01d280] i4 v,h,dc,ddl,ddr,vr,hd,vl,hu: 35%  8%  8%  4%  8% 20%  4%  7%  5%
[libx264 @ 0x2c01d280] i8c dc,h,v,p: 51% 22% 23%  3%
[libx264 @ 0x2c01d280] Weighted P-Frames: Y:42.9% UV:0.0%
[libx264 @ 0x2c01d280] ref P L0: 87.5% 12.5%
[libx264 @ 0x2c01d280] kb/s:92.53
{"completed":38,"elapsed_ms":29274.102383,"event":"progress","stage":"completed","total":38}
