{
  "backend": "ncnn-cpu",
  "build": "0.6.0",
  "clip": {
    "decoded_frames": 17,
    "latent_frames": 5,
    "padded_frames": 17,
    "padding": "repeat last frame to 4n+1; crop output to decoded frame count",
    "requested_max_frames": 17,
    "streaming_cache": false,
    "temporal_mode": "joint clip VAE + 3D adaptive window attention",
    "truncated": false
  },
  "comparison_input": "comparison-input.mp4",
  "converter_ncnn_commit": "6a1bf000f363714839a36793addc8c879d3d899e",
  "device": null,
  "diagnostics": {
    "block-00-text": {
      "dtype": "f32le",
      "elements": 148480,
      "path": "block-00-text.f32",
      "sha256": "41f9dc06db1d79d67b709dbc4a30b6b487f9f013a95015eaa633a29df6ee7ebb",
      "shape": [
        58,
        2560
      ]
    },
    "block-00-video": {
      "dtype": "f32le",
      "elements": 819200,
      "path": "block-00-video.f32",
      "sha256": "6df34403df8aea02e8371df73240f93048361373f8e67ccb36fe21f6046cfc15",
      "shape": [
        320,
        2560
      ]
    },
    "block-01-text": {
      "dtype": "f32le",
      "elements": 148480,
      "path": "block-01-text.f32",
      "sha256": "77fc404e36e137ba50ef8f57d1ec33034dc6b726c731e491af1f85f2a8b72d7a",
      "shape": [
        58,
        2560
      ]
    },
    "block-01-video": {
      "dtype": "f32le",
      "elements": 819200,
      "path": "block-01-video.f32",
      "sha256": "3688c9488b88aa50bbe395a1d8b2734c036a40cc674f558ea829d179d691a940",
      "shape": [
        320,
        2560
      ]
    },
    "block-02-text": {
      "dtype": "f32le",
      "elements": 148480,
      "path": "block-02-text.f32",
      "sha256": "86bd6646efd37398be11f5f4a59abd94c0b8830edc2aba94bc13b5e582fcafc5",
      "shape": [
        58,
        2560
      ]
    },
    "block-02-video": {
      "dtype": "f32le",
      "elements": 819200,
      "path": "block-02-video.f32",
      "sha256": "c2d8fd14a771b5b47447e65d24a537bfa704f99983e291e10d31c5a5be2012aa",
      "shape": [
        320,
        2560
      ]
    },
    "block-03-text": {
      "dtype": "f32le",
      "elements": 148480,
      "path": "block-03-text.f32",
      "sha256": "3f85c11002519377e95779e2851a3f82148b08a85ce63e69f834beaf024e1d61",
      "shape": [
        58,
        2560
      ]
    },
    "block-03-video": {
      "dtype": "f32le",
      "elements": 819200,
      "path": "block-03-video.f32",
      "sha256": "b40a2a8e1687dd5016ad52bd5dfd0445ad4250f8372adf2dbf197ac6fc1871c6",
      "shape": [
        320,
        2560
      ]
    },
    "block-04-text": {
      "dtype": "f32le",
      "elements": 148480,
      "path": "block-04-text.f32",
      "sha256": "511059a3fed37166eff2bfc345a143a9c6200e54b0a14306bf02c249a38d7eaa",
      "shape": [
        58,
        2560
      ]
    },
    "block-04-video": {
      "dtype": "f32le",
      "elements": 819200,
      "path": "block-04-video.f32",
      "sha256": "a1c8d17f5a41b5f62b67dfbc1bea4532e8d94a2bc1f9e358352e6d86010dd1e1",
      "shape": [
        320,
        2560
      ]
    },
    "block-05-text": {
      "dtype": "f32le",
      "elements": 148480,
      "path": "block-05-text.f32",
      "sha256": "a710eee1e029bff5928e29cc0afe9008cbacc587b9ddcb0f38c31cbdd5ffc3ff",
      "shape": [
        58,
        2560
      ]
    },
    "block-05-video": {
      "dtype": "f32le",
      "elements": 819200,
      "path": "block-05-video.f32",
      "sha256": "ebd00c83d6dd6aa57d92add90cdcc5f36fad2b2dd0f5d323f66898f05efb51bc",
      "shape": [
        320,
        2560
      ]
    },
    "block-06-text": {
      "dtype": "f32le",
      "elements": 148480,
      "path": "block-06-text.f32",
      "sha256": "b2aaf47e35797a4fa457378068de924aa15cb28f55b95515b3884a9a2c641924",
      "shape": [
        58,
        2560
      ]
    },
    "block-06-video": {
      "dtype": "f32le",
      "elements": 819200,
      "path": "block-06-video.f32",
      "sha256": "ee11636bbae7d0fd05be8d3a6e600d1b643f493ccae2419cd82e5659d27b6456",
      "shape": [
        320,
        2560
      ]
    },
    "block-07-text": {
      "dtype": "f32le",
      "elements": 148480,
      "path": "block-07-text.f32",
      "sha256": "529b46f031ee67ee4036c042b726d45add4b7b2d703abfa392761ed9da5fa073",
      "shape": [
        58,
        2560
      ]
    },
    "block-07-video": {
      "dtype": "f32le",
      "elements": 819200,
      "path": "block-07-video.f32",
      "sha256": "01fd066b98ffeb8766b11186bdc266638abf545508e60caa23ec47e28d029a8b",
      "shape": [
        320,
        2560
      ]
    },
    "block-08-text": {
      "dtype": "f32le",
      "elements": 148480,
      "path": "block-08-text.f32",
      "sha256": "9004799dcc55cf79fe3200e94da2b6240fc0e2ea2f59e255c26178deb92a8c75",
      "shape": [
        58,
        2560
      ]
    },
    "block-08-video": {
      "dtype": "f32le",
      "elements": 819200,
      "path": "block-08-video.f32",
      "sha256": "fc5175f3449a4b1e454d1c61ca9bc2a89223295ff35907a6b6bbb0194e9f32c4",
      "shape": [
        320,
        2560
      ]
    },
    "block-09-text": {
      "dtype": "f32le",
      "elements": 148480,
      "path": "block-09-text.f32",
      "sha256": "8c306c9059c1ca0296fe0e3477a6b9da3cd226ecc4103ad01b40dd83ada3a3aa",
      "shape": [
        58,
        2560
      ]
    },
    "block-09-video": {
      "dtype": "f32le",
      "elements": 819200,
      "path": "block-09-video.f32",
      "sha256": "9fb112d33c871ba6b0eb13b8dc95f0fb998e1398c49a20df0bd963db4bc46700",
      "shape": [
        320,
        2560
      ]
    },
    "block-10-text": {
      "dtype": "f32le",
      "elements": 148480,
      "path": "block-10-text.f32",
      "sha256": "2d5644b1d30a294bf789f1d0c8bb8a849f7878cf322089150d67b5135e0439f3",
      "shape": [
        58,
        2560
      ]
    },
    "block-10-video": {
      "dtype": "f32le",
      "elements": 819200,
      "path": "block-10-video.f32",
      "sha256": "b20fe34d8707e5834b64764949502ed2336c6ccc19ea6dbd0ad88a632d04cd23",
      "shape": [
        320,
        2560
      ]
    },
    "block-11-text": {
      "dtype": "f32le",
      "elements": 148480,
      "path": "block-11-text.f32",
      "sha256": "4202af19fc766b8d268c2beb50f8986385fc921ddf6f6a99a6b968e057d575a6",
      "shape": [
        58,
        2560
      ]
    },
    "block-11-video": {
      "dtype": "f32le",
      "elements": 819200,
      "path": "block-11-video.f32",
      "sha256": "8bf46b65b104a7073494be544a0bffe3a44b21e058812d9b4e57822c271a49d0",
      "shape": [
        320,
        2560
      ]
    },
    "block-12-text": {
      "dtype": "f32le",
      "elements": 148480,
      "path": "block-12-text.f32",
      "sha256": "e8c68bde92c5cd52f71bc3bbe2d323f2a628f8bdb85551752837724e0c434171",
      "shape": [
        58,
        2560
      ]
    },
    "block-12-video": {
      "dtype": "f32le",
      "elements": 819200,
      "path": "block-12-video.f32",
      "sha256": "ddd64fd1e3aabd1296dfc86eb61ce9c0ce713f65d7172eb9a5b31b17fb3929e3",
      "shape": [
        320,
        2560
      ]
    },
    "block-13-text": {
      "dtype": "f32le",
      "elements": 148480,
      "path": "block-13-text.f32",
      "sha256": "43d46c87deb0e92805a30940d9b5636670185294567bca0235b404111ea2f5b0",
      "shape": [
        58,
        2560
      ]
    },
    "block-13-video": {
      "dtype": "f32le",
      "elements": 819200,
      "path": "block-13-video.f32",
      "sha256": "24ab325826d9baac66f998e4159fe2156c21d4beab263bc758a40a76955dd1fe",
      "shape": [
        320,
        2560
      ]
    },
    "block-14-text": {
      "dtype": "f32le",
      "elements": 148480,
      "path": "block-14-text.f32",
      "sha256": "02b0accafefd610aaffed780fecbd54210d418a2a0ee4b464a2f4e2cf13d65a3",
      "shape": [
        58,
        2560
      ]
    },
    "block-14-video": {
      "dtype": "f32le",
      "elements": 819200,
      "path": "block-14-video.f32",
      "sha256": "7b4323554930dc8e2493b9b9df3fab0099e14da667dbd89e8ef90406c27b20c5",
      "shape": [
        320,
        2560
      ]
    },
    "block-15-text": {
      "dtype": "f32le",
      "elements": 148480,
      "path": "block-15-text.f32",
      "sha256": "b9653a6b930cb950be95caac269719366c3dded4e5fce4fb078c40cc4b68adee",
      "shape": [
        58,
        2560
      ]
    },
    "block-15-video": {
      "dtype": "f32le",
      "elements": 819200,
      "path": "block-15-video.f32",
      "sha256": "b4c10976fa3190b32957daf6e1c040f961e246119f17b597fe586d5538fa4025",
      "shape": [
        320,
        2560
      ]
    },
    "block-16-text": {
      "dtype": "f32le",
      "elements": 148480,
      "path": "block-16-text.f32",
      "sha256": "e7c864b1033661a3a79ad5fe6ccfa5a2d2bb094c193bc2830f5346e708a371fc",
      "shape": [
        58,
        2560
      ]
    },
    "block-16-video": {
      "dtype": "f32le",
      "elements": 819200,
      "path": "block-16-video.f32",
      "sha256": "ed8d20c54c929639dffa946c02636364655381a200f65b6074bfe467dcf80971",
      "shape": [
        320,
        2560
      ]
    },
    "block-17-text": {
      "dtype": "f32le",
      "elements": 148480,
      "path": "block-17-text.f32",
      "sha256": "0e4caf64c57c53f7b26651a3b123b30137f0138ba5d9a2f7c7b2399c24355980",
      "shape": [
        58,
        2560
      ]
    },
    "block-17-video": {
      "dtype": "f32le",
      "elements": 819200,
      "path": "block-17-video.f32",
      "sha256": "2dba99a83a9c2238c78743eb5f06d99005cce2bb056f9044bb654338b103d5cb",
      "shape": [
        320,
        2560
      ]
    },
    "block-18-text": {
      "dtype": "f32le",
      "elements": 148480,
      "path": "block-18-text.f32",
      "sha256": "122deb97c795e28bec9d3dfbdb9f2021d9cd69e25516dbe8510b6ac9aa06454c",
      "shape": [
        58,
        2560
      ]
    },
    "block-18-video": {
      "dtype": "f32le",
      "elements": 819200,
      "path": "block-18-video.f32",
      "sha256": "bcf225d3945ad436ecc1db24a1b8e269b5fcf91369895c55f9ef3b4cc4c8c75a",
      "shape": [
        320,
        2560
      ]
    },
    "block-19-text": {
      "dtype": "f32le",
      "elements": 148480,
      "path": "block-19-text.f32",
      "sha256": "26e68b639c6e1c4f514e4bb9d0deecae65b51820038530520c74040df0889ae6",
      "shape": [
        58,
        2560
      ]
    },
    "block-19-video": {
      "dtype": "f32le",
      "elements": 819200,
      "path": "block-19-video.f32",
      "sha256": "98c8aae8d6e889e76a4caedcc29ac17819b6cb9a05e3164ec2188f9bd9a62ff2",
      "shape": [
        320,
        2560
      ]
    },
    "block-20-text": {
      "dtype": "f32le",
      "elements": 148480,
      "path": "block-20-text.f32",
      "sha256": "123910039c28578f727810859876800bea7ad025f46a0b35206a09a32c86448f",
      "shape": [
        58,
        2560
      ]
    },
    "block-20-video": {
      "dtype": "f32le",
      "elements": 819200,
      "path": "block-20-video.f32",
      "sha256": "1229ee03e2948336390f6e76311707aa3f61f9b56464840cbb5d41729917bfad",
      "shape": [
        320,
        2560
      ]
    },
    "block-21-text": {
      "dtype": "f32le",
      "elements": 148480,
      "path": "block-21-text.f32",
      "sha256": "02ad1b8bb297f3f4fcf7e6ec1a55e268a375f2d1da3dab577ce4ef9ffec266cc",
      "shape": [
        58,
        2560
      ]
    },
    "block-21-video": {
      "dtype": "f32le",
      "elements": 819200,
      "path": "block-21-video.f32",
      "sha256": "8755bf2e87af60d0f9c98003bd840a05406c9267adf3731ef17930ce7a45577c",
      "shape": [
        320,
        2560
      ]
    },
    "block-22-text": {
      "dtype": "f32le",
      "elements": 148480,
      "path": "block-22-text.f32",
      "sha256": "56c17490fa79f7fcf41b1a122b3cacde1f127948bba1ec6d61bb90855ae20736",
      "shape": [
        58,
        2560
      ]
    },
    "block-22-video": {
      "dtype": "f32le",
      "elements": 819200,
      "path": "block-22-video.f32",
      "sha256": "29229981a43f87993fa2c302d686c379971d5c87630df20148eaf87054fdb526",
      "shape": [
        320,
        2560
      ]
    },
    "block-23-text": {
      "dtype": "f32le",
      "elements": 148480,
      "path": "block-23-text.f32",
      "sha256": "1122637681374dec19c3b783ffa69218c301fc82945dc1cfe880b1b0db9d6297",
      "shape": [
        58,
        2560
      ]
    },
    "block-23-video": {
      "dtype": "f32le",
      "elements": 819200,
      "path": "block-23-video.f32",
      "sha256": "ee7f018080401ae31431b35dc8ab2856f1018ab0cca3bb0067bd3774629a4618",
      "shape": [
        320,
        2560
      ]
    },
    "block-24-text": {
      "dtype": "f32le",
      "elements": 148480,
      "path": "block-24-text.f32",
      "sha256": "4550e004f2b58c1785ccb5f2e6fd7f07a704a4bb59692e3521446574a6f452e5",
      "shape": [
        58,
        2560
      ]
    },
    "block-24-video": {
      "dtype": "f32le",
      "elements": 819200,
      "path": "block-24-video.f32",
      "sha256": "b47854e96097ffac35eff6af00629baa13d31b8faa894a1dcc3bb488bbe9891b",
      "shape": [
        320,
        2560
      ]
    },
    "block-25-text": {
      "dtype": "f32le",
      "elements": 148480,
      "path": "block-25-text.f32",
      "sha256": "a18fef74edacf85b262e7a93657f78b9bafa6acb51ba32c05da4c08fb69ff638",
      "shape": [
        58,
        2560
      ]
    },
    "block-25-video": {
      "dtype": "f32le",
      "elements": 819200,
      "path": "block-25-video.f32",
      "sha256": "e5b6ee08efab69d3baa416c0d4c17ad6130133c881ec9d63ba31c0af4e64dae3",
      "shape": [
        320,
        2560
      ]
    },
    "block-26-text": {
      "dtype": "f32le",
      "elements": 148480,
      "path": "block-26-text.f32",
      "sha256": "7b701bc07847586b828270206af6b15fdf860fbc18ce2af4f6b3804f535e737e",
      "shape": [
        58,
        2560
      ]
    },
    "block-26-video": {
      "dtype": "f32le",
      "elements": 819200,
      "path": "block-26-video.f32",
      "sha256": "6cb3fda58f09b9fb404152109773f4f5ce7b80aaf6fcf4d8a8838d8a8023b02c",
      "shape": [
        320,
        2560
      ]
    },
    "block-27-text": {
      "dtype": "f32le",
      "elements": 148480,
      "path": "block-27-text.f32",
      "sha256": "d23b48726880ade3e48a80006129ceaf6fdad0575e2575ebde2a565f9c0a16b8",
      "shape": [
        58,
        2560
      ]
    },
    "block-27-video": {
      "dtype": "f32le",
      "elements": 819200,
      "path": "block-27-video.f32",
      "sha256": "fb480648bdf26051003d18e3de5fd77166ed58781dfa5b0e45493735c32b5b8b",
      "shape": [
        320,
        2560
      ]
    },
    "block-28-text": {
      "dtype": "f32le",
      "elements": 148480,
      "path": "block-28-text.f32",
      "sha256": "ba04c6278afc08121e16d4fd91c747f829fccf26cf1f0e131d0ef521d4777929",
      "shape": [
        58,
        2560
      ]
    },
    "block-28-video": {
      "dtype": "f32le",
      "elements": 819200,
      "path": "block-28-video.f32",
      "sha256": "a6fdf6994ddcf3c07862aa5fcdc2ba2f5d9df194a97f34fdfd6f028c1fb399ee",
      "shape": [
        320,
        2560
      ]
    },
    "block-29-text": {
      "dtype": "f32le",
      "elements": 148480,
      "path": "block-29-text.f32",
      "sha256": "25e6d9760035555d0fe30cd501356eda8312ad154295a4092c806a6b1aab68cf",
      "shape": [
        58,
        2560
      ]
    },
    "block-29-video": {
      "dtype": "f32le",
      "elements": 819200,
      "path": "block-29-video.f32",
      "sha256": "2c514aa57559e0c7ec6d2ecb648d1c290e338e5de27c96084a57a62da8a3c7be",
      "shape": [
        320,
        2560
      ]
    },
    "block-30-text": {
      "dtype": "f32le",
      "elements": 148480,
      "path": "block-30-text.f32",
      "sha256": "2b2a0218b107d4cfb7aca17abfe64987d89f1a18039b7ee569197c0d38a7e485",
      "shape": [
        58,
        2560
      ]
    },
    "block-30-video": {
      "dtype": "f32le",
      "elements": 819200,
      "path": "block-30-video.f32",
      "sha256": "fc3b55f81b1d8239181900e2ce77922482f16d850f92ad4acdc48ccb9d3bab42",
      "shape": [
        320,
        2560
      ]
    },
    "block-31-text": {
      "dtype": "f32le",
      "elements": 148480,
      "path": "block-31-text.f32",
      "sha256": "4b40794cf23f4e19045fb6c8a88575f41fa10a74971aa971e9303869cd481c2b",
      "shape": [
        58,
        2560
      ]
    },
    "block-31-video": {
      "dtype": "f32le",
      "elements": 819200,
      "path": "block-31-video.f32",
      "sha256": "86978caba8a46123b7edb6ee027c677ad5eed635a594324e3ed31b87b0311d2e",
      "shape": [
        320,
        2560
      ]
    },
    "conditioned": {
      "dtype": "f32le",
      "elements": 20480,
      "path": "conditioned.f32",
      "sha256": "76f6fdb76ca3aad7cdaf763abe577d9def93e02e3c525f5c687585c25453a369",
      "shape": [
        16,
        5,
        16,
        16
      ]
    },
    "decoded": {
      "dtype": "f32le",
      "elements": 835584,
      "path": "decoded.f32",
      "sha256": "d6b401073f7144c5c0056f8a201dae349a4659ee51cc50ccfdfdf11e1be1420c",
      "shape": [
        3,
        17,
        128,
        128
      ]
    },
    "latent": {
      "dtype": "f32le",
      "elements": 20480,
      "path": "latent.f32",
      "sha256": "74d71cbc6fbadde6f1fcca200643c18d507013f5493c17792bb1610c652b35f1",
      "shape": [
        16,
        5,
        16,
        16
      ]
    },
    "noise": {
      "dtype": "f32le",
      "elements": 20480,
      "path": "noise.f32",
      "sha256": "b8c9000f8857070adc98e3e3079e275b35ba084c7910324c342ca652c2002cf0",
      "shape": [
        16,
        5,
        16,
        16
      ]
    },
    "patch-in": {
      "dtype": "f32le",
      "elements": 819200,
      "path": "patch-in.f32",
      "sha256": "c8a38dbb29e5c93e4e90617d2e987c70cbb3598e2a919b0d303a6e5c643e106d",
      "shape": [
        320,
        2560
      ]
    },
    "patch-out": {
      "dtype": "f32le",
      "elements": 20480,
      "path": "patch-out.f32",
      "sha256": "ea2b83070bfc512ca5bf41ddc1de685a39f54b6ea956da5fd99f25842d26d787",
      "shape": [
        320,
        64
      ]
    },
    "patches": {
      "dtype": "f32le",
      "elements": 42240,
      "path": "patches.f32",
      "sha256": "360b8251fffc441a200903cbc7769fe10006a638a816cdc8bd3dbb617adc7bed",
      "shape": [
        320,
        132
      ]
    },
    "posterior": {
      "dtype": "f32le",
      "elements": 40960,
      "path": "posterior.f32",
      "sha256": "d2c2170877169c9656a002bd4ba6c3de26a6be0e04459e907eac2db3520ff5fe",
      "shape": [
        32,
        5,
        16,
        16
      ]
    },
    "posterior-noise": {
      "dtype": "f32le",
      "elements": 20480,
      "path": "posterior-noise.f32",
      "sha256": "bf9550dbf087516eccd34f1e3e70eae52760c1413b5ea0a40450e27233a3c007",
      "shape": [
        16,
        5,
        16,
        16
      ]
    },
    "prepared": {
      "dtype": "f32le",
      "elements": 835584,
      "path": "prepared.f32",
      "sha256": "db22728af9ac7d3b23ad56711f16cca3381a1b00cfe8c35cdb52de3d7c2150f1",
      "shape": [
        3,
        17,
        128,
        128
      ]
    },
    "text-in": {
      "dtype": "f32le",
      "elements": 148480,
      "path": "text-in.f32",
      "sha256": "c7cecae53e4f83d60cab1ebddeca3bdf028c630ef33feb0cfd58d8c1ab50e42d",
      "shape": [
        58,
        2560
      ]
    },
    "time-in": {
      "dtype": "f32le",
      "elements": 15360,
      "path": "time-in.f32",
      "sha256": "bd542b62115dab2f055c2ec0ff47df9ebdbe25a9bf1d287b7557c08d20c6e719",
      "shape": [
        2560,
        6
      ]
    },
    "velocity": {
      "dtype": "f32le",
      "elements": 20480,
      "path": "velocity.f32",
      "sha256": "860cde2d062264888dd549e1ab96bca55082d9dcd1bb8d480fb5ef573130d196",
      "shape": [
        16,
        5,
        16,
        16
      ]
    }
  },
  "dispatch": "EXPLICIT_PER_LAYER_NO_BACKEND_FALLBACK",
  "executable_sha256": "412de27447c8b59d0e25aaf5a045facae60e2e1f7b6f4cdb480eef26384ddd09",
  "host_operations": [
    "video codecs",
    "resizing",
    "layouts",
    "posterior sampling",
    "Euler endpoint"
  ],
  "implementation": {
    "executable_sha256": "412de27447c8b59d0e25aaf5a045facae60e2e1f7b6f4cdb480eef26384ddd09",
    "sdk_library_sha256": "bb3cdfa9d3283ab687cf5ddf991269dac0b09f0730350e54f21ced085290aa39"
  },
  "input": {
    "duration_seconds": 2.125,
    "has_audio": false,
    "height": 64,
    "sha256": "71b061fb9277cfeccad53c9d739003929ac7004a24c5925707c144d0ffeabc67",
    "width": 64
  },
  "media_version": "8.0.1",
  "model_certificate": null,
  "model_manifest_sha256": "fe38835c367a2a389c689d89ce85c952b0e347d1edfd879b008d796a65374028",
  "model_verified": false,
  "ncnn_commit": "3b7bdba7fc8aea8fd46779533eee027df77c639d",
  "noise_algorithm": "splitmix64-box-muller-v1",
  "numerical_validation": "NOT_PERFORMED_BY_RUNNER",
  "output": {
    "audio": false,
    "codec": "H.264 / yuv420p / CRF 18",
    "fps": 8.0,
    "frames": 17,
    "height": 128,
    "path": "output.mp4",
    "sha256": "e24574f5a50b14f1e26beef97faa514c6ed54cace982fb219cbaaeda3d2c5eae",
    "timestamps_90khz": [
      0,
      11250,
      22500,
      33750,
      45000,
      56250,
      67500,
      78750,
      90000,
      101250,
      112500,
      123750,
      135000,
      146250,
      157500,
      168750,
      180000
    ],
    "width": 128
  },
  "package_authenticated": true,
  "poster": "output.png",
  "preprocessing": "FFmpeg RGB8 / bicubic antialias / center crop 16 / normalize [-1,1]",
  "profile": "seedvr2-3b-video-fp32-b-v1",
  "resources": {
    "activation_peak_bytes": null,
    "autoregressive_kv_cache": false,
    "file_cache_peak_bytes": null,
    "largest_graph_weight_bytes": 634534028,
    "package_bytes": 21096916141,
    "pipeline_cache": "per-run Vulkan shader pipelines; no model weights or autoregressive keys",
    "process_lifetime_peak_rss_bytes": 10677448704,
    "process_system_cpu_seconds": 57.798551,
    "process_user_cpu_seconds": 237.983853,
    "temporal_vae_cache": false,
    "unmeasured_scope": "Allocator categories are not inferred from process RSS or whole-card VRAM",
    "weight_residency": "one graph at a time",
    "workspace_peak_bytes": null
  },
  "sampling": {
    "cfg": 1,
    "color_fix": "none",
    "latent_scale": 0.9152,
    "steps": 1,
    "timestep": 1000
  },
  "schema_version": "seedvr2-video-run-v1",
  "seed": 666,
  "stages": [
    {
      "awa_cpu": 0,
      "awa_vulkan": 0,
      "awa_windows": 0,
      "backend": "ncnn-cpu",
      "compute_ms": 14350.147493,
      "cpu_layers": 98,
      "id": "encoder",
      "layers": 98,
      "load_ms": 431.174928,
      "vulkan_layers": 0,
      "weight_io": "buffered"
    },
    {
      "awa_cpu": 0,
      "awa_vulkan": 0,
      "awa_windows": 0,
      "backend": "ncnn-cpu",
      "compute_ms": 0.755135,
      "cpu_layers": 1,
      "id": "patch-in",
      "layers": 1,
      "load_ms": 1.126766,
      "vulkan_layers": 0,
      "weight_io": "buffered"
    },
    {
      "awa_cpu": 1,
      "awa_vulkan": 0,
      "awa_windows": 3,
      "backend": "ncnn-cpu",
      "compute_ms": 970.533621,
      "cpu_layers": 83,
      "id": "block-00",
      "layers": 83,
      "load_ms": 374.776084,
      "vulkan_layers": 0,
      "weight_io": "buffered"
    },
    {
      "awa_cpu": 1,
      "awa_vulkan": 0,
      "awa_windows": 3,
      "backend": "ncnn-cpu",
      "compute_ms": 969.459098,
      "cpu_layers": 83,
      "id": "block-01",
      "layers": 83,
      "load_ms": 356.224223,
      "vulkan_layers": 0,
      "weight_io": "buffered"
    },
    {
      "awa_cpu": 1,
      "awa_vulkan": 0,
      "awa_windows": 3,
      "backend": "ncnn-cpu",
      "compute_ms": 963.942814,
      "cpu_layers": 83,
      "id": "block-02",
      "layers": 83,
      "load_ms": 340.061248,
      "vulkan_layers": 0,
      "weight_io": "buffered"
    },
    {
      "awa_cpu": 1,
      "awa_vulkan": 0,
      "awa_windows": 3,
      "backend": "ncnn-cpu",
      "compute_ms": 972.613805,
      "cpu_layers": 83,
      "id": "block-03",
      "layers": 83,
      "load_ms": 311.562027,
      "vulkan_layers": 0,
      "weight_io": "buffered"
    },
    {
      "awa_cpu": 1,
      "awa_vulkan": 0,
      "awa_windows": 3,
      "backend": "ncnn-cpu",
      "compute_ms": 967.77073,
      "cpu_layers": 83,
      "id": "block-04",
      "layers": 83,
      "load_ms": 270.701629,
      "vulkan_layers": 0,
      "weight_io": "buffered"
    },
    {
      "awa_cpu": 1,
      "awa_vulkan": 0,
      "awa_windows": 3,
      "backend": "ncnn-cpu",
      "compute_ms": 958.341041,
      "cpu_layers": 83,
      "id": "block-05",
      "layers": 83,
      "load_ms": 193.687364,
      "vulkan_layers": 0,
      "weight_io": "buffered"
    },
    {
      "awa_cpu": 1,
      "awa_vulkan": 0,
      "awa_windows": 3,
      "backend": "ncnn-cpu",
      "compute_ms": 1018.539307,
      "cpu_layers": 83,
      "id": "block-06",
      "layers": 83,
      "load_ms": 255.996682,
      "vulkan_layers": 0,
      "weight_io": "buffered"
    },
    {
      "awa_cpu": 1,
      "awa_vulkan": 0,
      "awa_windows": 3,
      "backend": "ncnn-cpu",
      "compute_ms": 978.132464,
      "cpu_layers": 83,
      "id": "block-07",
      "layers": 83,
      "load_ms": 268.145331,
      "vulkan_layers": 0,
      "weight_io": "buffered"
    },
    {
      "awa_cpu": 1,
      "awa_vulkan": 0,
      "awa_windows": 3,
      "backend": "ncnn-cpu",
      "compute_ms": 963.534376,
      "cpu_layers": 83,
      "id": "block-08",
      "layers": 83,
      "load_ms": 260.76258,
      "vulkan_layers": 0,
      "weight_io": "buffered"
    },
    {
      "awa_cpu": 1,
      "awa_vulkan": 0,
      "awa_windows": 3,
      "backend": "ncnn-cpu",
      "compute_ms": 963.716035,
      "cpu_layers": 83,
      "id": "block-09",
      "layers": 83,
      "load_ms": 256.228209,
      "vulkan_layers": 0,
      "weight_io": "buffered"
    },
    {
      "awa_cpu": 1,
      "awa_vulkan": 0,
      "awa_windows": 3,
      "backend": "ncnn-cpu",
      "compute_ms": 946.692254,
      "cpu_layers": 83,
      "id": "block-10",
      "layers": 83,
      "load_ms": 238.102596,
      "vulkan_layers": 0,
      "weight_io": "buffered"
    },
    {
      "awa_cpu": 1,
      "awa_vulkan": 0,
      "awa_windows": 3,
      "backend": "ncnn-cpu",
      "compute_ms": 946.678007,
      "cpu_layers": 83,
      "id": "block-11",
      "layers": 83,
      "load_ms": 283.063995,
      "vulkan_layers": 0,
      "weight_io": "buffered"
    },
    {
      "awa_cpu": 1,
      "awa_vulkan": 0,
      "awa_windows": 3,
      "backend": "ncnn-cpu",
      "compute_ms": 957.444616,
      "cpu_layers": 83,
      "id": "block-12",
      "layers": 83,
      "load_ms": 270.110344,
      "vulkan_layers": 0,
      "weight_io": "buffered"
    },
    {
      "awa_cpu": 1,
      "awa_vulkan": 0,
      "awa_windows": 3,
      "backend": "ncnn-cpu",
      "compute_ms": 952.367639,
      "cpu_layers": 83,
      "id": "block-13",
      "layers": 83,
      "load_ms": 274.871494,
      "vulkan_layers": 0,
      "weight_io": "buffered"
    },
    {
      "awa_cpu": 1,
      "awa_vulkan": 0,
      "awa_windows": 3,
      "backend": "ncnn-cpu",
      "compute_ms": 979.046699,
      "cpu_layers": 83,
      "id": "block-14",
      "layers": 83,
      "load_ms": 270.066413,
      "vulkan_layers": 0,
      "weight_io": "buffered"
    },
    {
      "awa_cpu": 1,
      "awa_vulkan": 0,
      "awa_windows": 3,
      "backend": "ncnn-cpu",
      "compute_ms": 951.618441,
      "cpu_layers": 83,
      "id": "block-15",
      "layers": 83,
      "load_ms": 279.852297,
      "vulkan_layers": 0,
      "weight_io": "buffered"
    },
    {
      "awa_cpu": 1,
      "awa_vulkan": 0,
      "awa_windows": 3,
      "backend": "ncnn-cpu",
      "compute_ms": 965.565878,
      "cpu_layers": 83,
      "id": "block-16",
      "layers": 83,
      "load_ms": 283.547234,
      "vulkan_layers": 0,
      "weight_io": "buffered"
    },
    {
      "awa_cpu": 1,
      "awa_vulkan": 0,
      "awa_windows": 3,
      "backend": "ncnn-cpu",
      "compute_ms": 993.726712,
      "cpu_layers": 83,
      "id": "block-17",
      "layers": 83,
      "load_ms": 283.389321,
      "vulkan_layers": 0,
      "weight_io": "buffered"
    },
    {
      "awa_cpu": 1,
      "awa_vulkan": 0,
      "awa_windows": 3,
      "backend": "ncnn-cpu",
      "compute_ms": 968.407133,
      "cpu_layers": 83,
      "id": "block-18",
      "layers": 83,
      "load_ms": 271.738158,
      "vulkan_layers": 0,
      "weight_io": "buffered"
    },
    {
      "awa_cpu": 1,
      "awa_vulkan": 0,
      "awa_windows": 3,
      "backend": "ncnn-cpu",
      "compute_ms": 971.665136,
      "cpu_layers": 83,
      "id": "block-19",
      "layers": 83,
      "load_ms": 255.140625,
      "vulkan_layers": 0,
      "weight_io": "buffered"
    },
    {
      "awa_cpu": 1,
      "awa_vulkan": 0,
      "awa_windows": 3,
      "backend": "ncnn-cpu",
      "compute_ms": 960.906839,
      "cpu_layers": 83,
      "id": "block-20",
      "layers": 83,
      "load_ms": 246.805644,
      "vulkan_layers": 0,
      "weight_io": "buffered"
    },
    {
      "awa_cpu": 1,
      "awa_vulkan": 0,
      "awa_windows": 3,
      "backend": "ncnn-cpu",
      "compute_ms": 985.273001,
      "cpu_layers": 83,
      "id": "block-21",
      "layers": 83,
      "load_ms": 254.510158,
      "vulkan_layers": 0,
      "weight_io": "buffered"
    },
    {
      "awa_cpu": 1,
      "awa_vulkan": 0,
      "awa_windows": 3,
      "backend": "ncnn-cpu",
      "compute_ms": 971.842047,
      "cpu_layers": 83,
      "id": "block-22",
      "layers": 83,
      "load_ms": 239.235298,
      "vulkan_layers": 0,
      "weight_io": "buffered"
    },
    {
      "awa_cpu": 1,
      "awa_vulkan": 0,
      "awa_windows": 3,
      "backend": "ncnn-cpu",
      "compute_ms": 964.469983,
      "cpu_layers": 83,
      "id": "block-23",
      "layers": 83,
      "load_ms": 255.889823,
      "vulkan_layers": 0,
      "weight_io": "buffered"
    },
    {
      "awa_cpu": 1,
      "awa_vulkan": 0,
      "awa_windows": 3,
      "backend": "ncnn-cpu",
      "compute_ms": 973.897297,
      "cpu_layers": 83,
      "id": "block-24",
      "layers": 83,
      "load_ms": 252.241191,
      "vulkan_layers": 0,
      "weight_io": "buffered"
    },
    {
      "awa_cpu": 1,
      "awa_vulkan": 0,
      "awa_windows": 3,
      "backend": "ncnn-cpu",
      "compute_ms": 999.007908,
      "cpu_layers": 83,
      "id": "block-25",
      "layers": 83,
      "load_ms": 257.182813,
      "vulkan_layers": 0,
      "weight_io": "buffered"
    },
    {
      "awa_cpu": 1,
      "awa_vulkan": 0,
      "awa_windows": 3,
      "backend": "ncnn-cpu",
      "compute_ms": 974.658368,
      "cpu_layers": 83,
      "id": "block-26",
      "layers": 83,
      "load_ms": 226.545232,
      "vulkan_layers": 0,
      "weight_io": "buffered"
    },
    {
      "awa_cpu": 1,
      "awa_vulkan": 0,
      "awa_windows": 3,
      "backend": "ncnn-cpu",
      "compute_ms": 968.062811,
      "cpu_layers": 83,
      "id": "block-27",
      "layers": 83,
      "load_ms": 275.251435,
      "vulkan_layers": 0,
      "weight_io": "buffered"
    },
    {
      "awa_cpu": 1,
      "awa_vulkan": 0,
      "awa_windows": 3,
      "backend": "ncnn-cpu",
      "compute_ms": 957.696327,
      "cpu_layers": 83,
      "id": "block-28",
      "layers": 83,
      "load_ms": 288.816556,
      "vulkan_layers": 0,
      "weight_io": "buffered"
    },
    {
      "awa_cpu": 1,
      "awa_vulkan": 0,
      "awa_windows": 3,
      "backend": "ncnn-cpu",
      "compute_ms": 982.810501,
      "cpu_layers": 83,
      "id": "block-29",
      "layers": 83,
      "load_ms": 272.424429,
      "vulkan_layers": 0,
      "weight_io": "buffered"
    },
    {
      "awa_cpu": 1,
      "awa_vulkan": 0,
      "awa_windows": 3,
      "backend": "ncnn-cpu",
      "compute_ms": 978.78074,
      "cpu_layers": 83,
      "id": "block-30",
      "layers": 83,
      "load_ms": 245.034165,
      "vulkan_layers": 0,
      "weight_io": "buffered"
    },
    {
      "awa_cpu": 1,
      "awa_vulkan": 0,
      "awa_windows": 3,
      "backend": "ncnn-cpu",
      "compute_ms": 866.227639,
      "cpu_layers": 51,
      "id": "block-31",
      "layers": 51,
      "load_ms": 114.009941,
      "vulkan_layers": 0,
      "weight_io": "buffered"
    },
    {
      "awa_cpu": 0,
      "awa_vulkan": 0,
      "awa_windows": 0,
      "backend": "ncnn-cpu",
      "compute_ms": 1.672933,
      "cpu_layers": 6,
      "id": "patch-out",
      "layers": 6,
      "load_ms": 1.728737,
      "vulkan_layers": 0,
      "weight_io": "buffered"
    },
    {
      "awa_cpu": 0,
      "awa_vulkan": 0,
      "awa_windows": 0,
      "backend": "ncnn-cpu",
      "compute_ms": 35074.073199,
      "cpu_layers": 136,
      "id": "decoder",
      "layers": 136,
      "load_ms": 601.556405,
      "vulkan_layers": 0,
      "weight_io": "buffered"
    }
  ],
  "status": "SUCCEEDED",
  "timing": {
    "graph_compute_ms": 80370.07802700001,
    "graph_load_ms": 9561.561375,
    "other_host_wait_and_cleanup_ms": 843.1093439999822,
    "package_validation_ms": 12534.318668
  },
  "total_ms": 103309.067414,
  "weight_io": "buffered"
}
