{"completed":0,"elapsed_ms":27.773768,"event":"progress","stage":"validating","total":38}
{"completed":0,"elapsed_ms":40.372411,"event":"progress","stage":"validating","total":38}
{"completed":0,"elapsed_ms":366.304561,"event":"progress","stage":"validating","total":38}
{"completed":0,"elapsed_ms":753.989178,"event":"progress","stage":"validating","total":38}
{"completed":0,"elapsed_ms":1168.132013,"event":"progress","stage":"validating","total":38}
{"completed":0,"elapsed_ms":1596.324395,"event":"progress","stage":"validating","total":38}
{"completed":0,"elapsed_ms":2011.294792,"event":"progress","stage":"validating","total":38}
{"completed":0,"elapsed_ms":2441.334643,"event":"progress","stage":"validating","total":38}
{"completed":0,"elapsed_ms":2854.863634,"event":"progress","stage":"validating","total":38}
{"completed":0,"elapsed_ms":3199.443818,"event":"progress","stage":"validating","total":38}
{"completed":0,"elapsed_ms":3616.224877,"event":"progress","stage":"validating","total":38}
{"completed":0,"elapsed_ms":4049.490673,"event":"progress","stage":"validating","total":38}
{"completed":0,"elapsed_ms":4472.913595,"event":"progress","stage":"validating","total":38}
{"completed":0,"elapsed_ms":4901.284074,"event":"progress","stage":"validating","total":38}
{"completed":0,"elapsed_ms":5329.47052,"event":"progress","stage":"validating","total":38}
{"completed":0,"elapsed_ms":5764.086298,"event":"progress","stage":"validating","total":38}
{"completed":0,"elapsed_ms":6199.705361,"event":"progress","stage":"validating","total":38}
{"completed":0,"elapsed_ms":6620.865252,"event":"progress","stage":"validating","total":38}
{"completed":0,"elapsed_ms":7058.248672,"event":"progress","stage":"validating","total":38}
{"completed":0,"elapsed_ms":7484.695695,"event":"progress","stage":"validating","total":38}
{"completed":0,"elapsed_ms":7909.951836,"event":"progress","stage":"validating","total":38}
{"completed":0,"elapsed_ms":8327.035661,"event":"progress","stage":"validating","total":38}
{"completed":0,"elapsed_ms":8655.666588,"event":"progress","stage":"validating","total":38}
{"completed":0,"elapsed_ms":8979.744147,"event":"progress","stage":"validating","total":38}
{"completed":0,"elapsed_ms":9308.606601,"event":"progress","stage":"validating","total":38}
{"completed":0,"elapsed_ms":9612.130478,"event":"progress","stage":"validating","total":38}
{"completed":0,"elapsed_ms":9919.789788,"event":"progress","stage":"validating","total":38}
{"completed":0,"elapsed_ms":10232.992691,"event":"progress","stage":"validating","total":38}
{"completed":0,"elapsed_ms":10536.101007,"event":"progress","stage":"validating","total":38}
{"completed":0,"elapsed_ms":10843.383937,"event":"progress","stage":"validating","total":38}
{"completed":0,"elapsed_ms":11144.439378,"event":"progress","stage":"validating","total":38}
{"completed":0,"elapsed_ms":11431.839463,"event":"progress","stage":"validating","total":38}
{"completed":0,"elapsed_ms":11750.369866,"event":"progress","stage":"validating","total":38}
{"completed":0,"elapsed_ms":12044.588724,"event":"progress","stage":"validating","total":38}
{"completed":0,"elapsed_ms":12356.224366,"event":"progress","stage":"validating","total":38}
{"completed":0,"elapsed_ms":12570.160269,"event":"progress","stage":"validating","total":38}
{"completed":0,"elapsed_ms":12571.55893,"event":"progress","stage":"validating","total":38}
[libx264 @ 0x3b90a600] using cpu capabilities: MMX2 SSE2Fast SSSE3 SSE4.2 AVX FMA3 BMI2 AVX2 AVX512
[libx264 @ 0x3b90a600] profile High, level 1.0, 4:2:0, 8-bit
[libx264 @ 0x3b90a600] 264 - core 165 r3222 b35605a - H.264/MPEG-4 AVC codec - Copyleft 2003-2025 - http://www.videolan.org/x264.html - options: cabac=1 ref=2 deblock=1:0:0 analyse=0x3:0x113 me=hex subme=6 psy=1 psy_rd=1.00:0.00 mixed_ref=1 me_range=16 chroma_me=1 trellis=1 8x8dct=1 cqm=0 deadzone=21,11 fast_pskip=1 chroma_qp_offset=-2 threads=4 lookahead_threads=1 sliced_threads=0 nr=0 decimate=1 interlaced=0 bluray_compat=0 constrained_intra=0 bframes=0 weightp=1 keyint=250 keyint_min=8 scenecut=40 intra_refresh=0 rc_lookahead=30 rc=crf mbtree=1 crf=18.0 qcomp=0.60 qpmin=0 qpmax=69 qpstep=4 ip_ratio=1.40 aq=1:1.00
[mp4 @ 0x3b909480] Starting second pass: moving the moov atom to the beginning of the file
[libx264 @ 0x3b90a600] frame I:1     Avg QP:17.17  size:  3880
[libx264 @ 0x3b90a600] frame P:16    Avg QP:18.93  size:  1391
[libx264 @ 0x3b90a600] mb I  I16..4:  6.2% 17.2% 76.6%
[libx264 @ 0x3b90a600] mb P  I16..4:  1.7%  6.7%  6.2%  P16..4: 23.9% 17.2% 13.5%  0.0%  0.0%    skip:30.8%
[libx264 @ 0x3b90a600] 8x8 transform intra:37.4% inter:38.8%
[libx264 @ 0x3b90a600] coded y,uvDC,uvAC intra: 73.2% 98.1% 94.9% inter: 32.0% 53.1% 45.9%
[libx264 @ 0x3b90a600] i16 v,h,dc,p: 81% 10% 10%  0%
[libx264 @ 0x3b90a600] i8 v,h,dc,ddl,ddr,vr,hd,vl,hu: 36% 14% 19%  5%  4%  4%  4%  8%  6%
[libx264 @ 0x3b90a600] i4 v,h,dc,ddl,ddr,vr,hd,vl,hu: 53% 26% 11%  2%  2%  1%  2%  2%  1%
[libx264 @ 0x3b90a600] i8c dc,h,v,p: 19% 29% 48%  5%
[libx264 @ 0x3b90a600] Weighted P-Frames: Y:0.0% UV:0.0%
[libx264 @ 0x3b90a600] ref P L0: 73.6% 26.4%
[libx264 @ 0x3b90a600] kb/s:98.42
{"completed":1,"elapsed_ms":12601.887809,"event":"progress","stage":"encoding","total":38}
{"completed":2,"elapsed_ms":27450.70932,"event":"progress","stage":"sampling","total":38}
{"completed":3,"elapsed_ms":27453.209814,"event":"progress","stage":"projecting","total":38}
{"completed":4,"elapsed_ms":27459.282951,"event":"progress","stage":"block-00","total":38}
{"completed":5,"elapsed_ms":28851.731599,"event":"progress","stage":"block-01","total":38}
{"completed":6,"elapsed_ms":30218.062788,"event":"progress","stage":"block-02","total":38}
{"completed":7,"elapsed_ms":31553.691093,"event":"progress","stage":"block-03","total":38}
{"completed":8,"elapsed_ms":32863.115266,"event":"progress","stage":"block-04","total":38}
{"completed":9,"elapsed_ms":34122.30753,"event":"progress","stage":"block-05","total":38}
{"completed":10,"elapsed_ms":35296.585108,"event":"progress","stage":"block-06","total":38}
{"completed":11,"elapsed_ms":36591.011066,"event":"progress","stage":"block-07","total":38}
{"completed":12,"elapsed_ms":37853.385345,"event":"progress","stage":"block-08","total":38}
{"completed":13,"elapsed_ms":39094.29052,"event":"progress","stage":"block-09","total":38}
{"completed":14,"elapsed_ms":40331.421208,"event":"progress","stage":"block-10","total":38}
{"completed":15,"elapsed_ms":41532.342226,"event":"progress","stage":"block-11","total":38}
{"completed":16,"elapsed_ms":42781.139512,"event":"progress","stage":"block-12","total":38}
{"completed":17,"elapsed_ms":44026.385526,"event":"progress","stage":"block-13","total":38}
{"completed":18,"elapsed_ms":45275.286108,"event":"progress","stage":"block-14","total":38}
{"completed":19,"elapsed_ms":46541.329203,"event":"progress","stage":"block-15","total":38}
{"completed":20,"elapsed_ms":47793.602959,"event":"progress","stage":"block-16","total":38}
{"completed":21,"elapsed_ms":49061.715551,"event":"progress","stage":"block-17","total":38}
{"completed":22,"elapsed_ms":50358.081589,"event":"progress","stage":"block-18","total":38}
{"completed":23,"elapsed_ms":51615.961865,"event":"progress","stage":"block-19","total":38}
{"completed":24,"elapsed_ms":52858.34644,"event":"progress","stage":"block-20","total":38}
{"completed":25,"elapsed_ms":54083.028087,"event":"progress","stage":"block-21","total":38}
{"completed":26,"elapsed_ms":55338.683328,"event":"progress","stage":"block-22","total":38}
{"completed":27,"elapsed_ms":56566.063752,"event":"progress","stage":"block-23","total":38}
{"completed":28,"elapsed_ms":57802.441679,"event":"progress","stage":"block-24","total":38}
{"completed":29,"elapsed_ms":59044.479557,"event":"progress","stage":"block-25","total":38}
{"completed":30,"elapsed_ms":60316.433127,"event":"progress","stage":"block-26","total":38}
{"completed":31,"elapsed_ms":61536.848737,"event":"progress","stage":"block-27","total":38}
{"completed":32,"elapsed_ms":62797.5204,"event":"progress","stage":"block-28","total":38}
{"completed":33,"elapsed_ms":64061.492811,"event":"progress","stage":"block-29","total":38}
{"completed":34,"elapsed_ms":65334.725123,"event":"progress","stage":"block-30","total":38}
{"completed":35,"elapsed_ms":66575.670668,"event":"progress","stage":"block-31","total":38}
{"completed":36,"elapsed_ms":67560.137479,"event":"progress","stage":"denoising","total":38}
{"completed":37,"elapsed_ms":67597.910848,"event":"progress","stage":"decoding","total":38}
[libx264 @ 0x3b90a600] using cpu capabilities: MMX2 SSE2Fast SSSE3 SSE4.2 AVX FMA3 BMI2 AVX2 AVX512
[libx264 @ 0x3b90a600] profile High, level 1.0, 4:2:0, 8-bit
[libx264 @ 0x3b90a600] 264 - core 165 r3222 b35605a - H.264/MPEG-4 AVC codec - Copyleft 2003-2025 - http://www.videolan.org/x264.html - options: cabac=1 ref=2 deblock=1:0:0 analyse=0x3:0x113 me=hex subme=6 psy=1 psy_rd=1.00:0.00 mixed_ref=1 me_range=16 chroma_me=1 trellis=1 8x8dct=1 cqm=0 deadzone=21,11 fast_pskip=1 chroma_qp_offset=-2 threads=4 lookahead_threads=1 sliced_threads=0 nr=0 decimate=1 interlaced=0 bluray_compat=0 constrained_intra=0 bframes=0 weightp=1 keyint=250 keyint_min=8 scenecut=40 intra_refresh=0 rc_lookahead=30 rc=crf mbtree=1 crf=18.0 qcomp=0.60 qpmin=0 qpmax=69 qpstep=4 ip_ratio=1.40 aq=1:1.00
[mp4 @ 0x3bc8bd00] Starting second pass: moving the moov atom to the beginning of the file
[libx264 @ 0x3b90a600] frame I:1     Avg QP:17.81  size:  4495
[libx264 @ 0x3b90a600] frame P:16    Avg QP:19.41  size:  1972
[libx264 @ 0x3b90a600] mb I  I16..4:  7.8% 10.9% 81.2%
[libx264 @ 0x3b90a600] mb P  I16..4:  0.6%  2.6%  4.9%  P16..4: 35.3% 27.0% 24.2%  0.0%  0.0%    skip: 5.5%
[libx264 @ 0x3b90a600] 8x8 transform intra:23.1% inter:29.1%
[libx264 @ 0x3b90a600] coded y,uvDC,uvAC intra: 84.5% 99.3% 98.6% inter: 59.0% 87.9% 73.9%
[libx264 @ 0x3b90a600] i16 v,h,dc,p: 82%  0% 18%  0%
[libx264 @ 0x3b90a600] i8 v,h,dc,ddl,ddr,vr,hd,vl,hu: 39%  7% 18%  4%  7%  3%  8%  6%  8%
[libx264 @ 0x3b90a600] i4 v,h,dc,ddl,ddr,vr,hd,vl,hu: 40% 22% 13%  3%  6%  3%  6%  4%  4%
[libx264 @ 0x3b90a600] i8c dc,h,v,p: 31% 25% 42%  2%
[libx264 @ 0x3b90a600] Weighted P-Frames: Y:0.0% UV:0.0%
[libx264 @ 0x3b90a600] ref P L0: 92.9%  7.1%
[libx264 @ 0x3b90a600] kb/s:135.73
{"completed":38,"elapsed_ms":103505.597219,"event":"progress","stage":"completed","total":38}
