pnnxparam = awa.pnnx.param
pnnxbin = awa.pnnx.bin
pnnxpy = awa_pnnx.py
pnnxonnx = awa.pnnx.onnx
ncnnparam = awa.raw.ncnn.param
ncnnbin = awa.raw.ncnn.bin
ncnnpy = awa_ncnn.py
fp16 = 0
optlevel = 2
device = cpu
inputshape = [2,3,4,7680]f32,[5,7680]f32
inputshape2 = [3,5,7,7680]f32,[7,7680]f32
input = 
input2 = 
customop = 
moduleop = awa_export_module.AdaptiveWindowAttention
############# pass_level0
inline module = awa_export_module.AdaptiveWindowAttention
inline module = awa_export_module.AdaptiveWindowAttention

----------------

assign dynamic shape info
############# pass_level1
############# pass_level2
############# pass_level3
############# pass_level4
############# pass_level5
pnnx build without onnx-zero support, skip saving onnx
############# pass_ncnn
model inputshape = [?,?,?,7680]f32,[?,7680]f32
FLOPS = 0
memory OPS = 0
