[0 NVIDIA GeForce RTX 4060 Laptop GPU]  queueC=2[8]  queueT=1[2]  rebar=1  r-score=76
[0 NVIDIA GeForce RTX 4060 Laptop GPU]  fp16-p/s/u/a=1/1/1/1  int8-p/s/u/a=1/1/1/1  bf16-p/s=1/1
[0 NVIDIA GeForce RTX 4060 Laptop GPU]  subgroup=32(32~32)  ops=1/1/1/1/1/1/1/1/1/1
[0 NVIDIA GeForce RTX 4060 Laptop GPU]  fp16-cm=16x16x16/16x8x16/16x8x8  int8-cm=16x16x32/16x8x32  bf16-cm=16x16x16  fp8-cm=16x16x32  fp6-cm=0  fp4-cm=0
[1 llvmpipe (LLVM 22.1.8, 256 bits)]  queueC=0[1]  queueT=0[1]  rebar=1  r-score=14
[1 llvmpipe (LLVM 22.1.8, 256 bits)]  fp16-p/s/u/a=1/1/1/1  int8-p/s/u/a=1/1/1/1  bf16-p/s=1/0
[1 llvmpipe (LLVM 22.1.8, 256 bits)]  subgroup=8(8~8)  ops=1/1/1/1/1/1/1/1/1/1
[1 llvmpipe (LLVM 22.1.8, 256 bits)]  fp16-cm=8x8x8  int8-cm=8x8x8  bf16-cm=0  fp8-cm=0  fp6-cm=0  fp4-cm=0
[2 llvmpipe (LLVM 17.0.6, 256 bits)]  queueC=0[1]  queueT=0[1]  rebar=1  r-score=4
[2 llvmpipe (LLVM 17.0.6, 256 bits)]  fp16-p/s/u/a=1/1/1/1  int8-p/s/u/a=1/1/1/1  bf16-p/s=1/0
[2 llvmpipe (LLVM 17.0.6, 256 bits)]  subgroup=8(8~8)  ops=1/1/1/1/1/1/0/1/0/0
[2 llvmpipe (LLVM 17.0.6, 256 bits)]  fp16-cm=0  int8-cm=0  bf16-cm=0  fp8-cm=0  fp6-cm=0  fp4-cm=0
{"completed":0,"elapsed_ms":269.644386,"event":"progress","stage":"validating","total":38}
{"completed":0,"elapsed_ms":276.090086,"event":"progress","stage":"validating","total":38}
{"completed":0,"elapsed_ms":485.207195,"event":"progress","stage":"validating","total":38}
{"completed":0,"elapsed_ms":789.890288,"event":"progress","stage":"validating","total":38}
{"completed":0,"elapsed_ms":1102.125981,"event":"progress","stage":"validating","total":38}
{"completed":0,"elapsed_ms":1402.295986,"event":"progress","stage":"validating","total":38}
{"completed":0,"elapsed_ms":1723.738656,"event":"progress","stage":"validating","total":38}
{"completed":0,"elapsed_ms":2037.703276,"event":"progress","stage":"validating","total":38}
{"completed":0,"elapsed_ms":2357.139916,"event":"progress","stage":"validating","total":38}
{"completed":0,"elapsed_ms":2665.085723,"event":"progress","stage":"validating","total":38}
{"completed":0,"elapsed_ms":3001.336443,"event":"progress","stage":"validating","total":38}
{"completed":0,"elapsed_ms":3310.252965,"event":"progress","stage":"validating","total":38}
{"completed":0,"elapsed_ms":3618.18679,"event":"progress","stage":"validating","total":38}
{"completed":0,"elapsed_ms":3921.951327,"event":"progress","stage":"validating","total":38}
{"completed":0,"elapsed_ms":4229.0907,"event":"progress","stage":"validating","total":38}
{"completed":0,"elapsed_ms":4542.062915,"event":"progress","stage":"validating","total":38}
{"completed":0,"elapsed_ms":4853.883063,"event":"progress","stage":"validating","total":38}
{"completed":0,"elapsed_ms":5161.241772,"event":"progress","stage":"validating","total":38}
{"completed":0,"elapsed_ms":5467.646608,"event":"progress","stage":"validating","total":38}
{"completed":0,"elapsed_ms":5775.091689,"event":"progress","stage":"validating","total":38}
{"completed":0,"elapsed_ms":6078.875492,"event":"progress","stage":"validating","total":38}
{"completed":0,"elapsed_ms":6385.072255,"event":"progress","stage":"validating","total":38}
{"completed":0,"elapsed_ms":6696.603818,"event":"progress","stage":"validating","total":38}
{"completed":0,"elapsed_ms":7005.345389,"event":"progress","stage":"validating","total":38}
{"completed":0,"elapsed_ms":7325.050566,"event":"progress","stage":"validating","total":38}
{"completed":0,"elapsed_ms":7644.158013,"event":"progress","stage":"validating","total":38}
{"completed":0,"elapsed_ms":7953.618333,"event":"progress","stage":"validating","total":38}
{"completed":0,"elapsed_ms":8257.594479,"event":"progress","stage":"validating","total":38}
{"completed":0,"elapsed_ms":8563.448394,"event":"progress","stage":"validating","total":38}
{"completed":0,"elapsed_ms":8899.443571,"event":"progress","stage":"validating","total":38}
{"completed":0,"elapsed_ms":9206.19909,"event":"progress","stage":"validating","total":38}
{"completed":0,"elapsed_ms":9510.69569,"event":"progress","stage":"validating","total":38}
{"completed":0,"elapsed_ms":9814.610371,"event":"progress","stage":"validating","total":38}
{"completed":0,"elapsed_ms":10142.79513,"event":"progress","stage":"validating","total":38}
{"completed":0,"elapsed_ms":10473.44133,"event":"progress","stage":"validating","total":38}
{"completed":0,"elapsed_ms":10681.151812,"event":"progress","stage":"validating","total":38}
{"completed":0,"elapsed_ms":10682.591933,"event":"progress","stage":"validating","total":38}
[libx264 @ 0x662d4c0] using cpu capabilities: MMX2 SSE2Fast SSSE3 SSE4.2 AVX FMA3 BMI2 AVX2 AVX512
[libx264 @ 0x662d4c0] profile High, level 1.0, 4:2:0, 8-bit
[libx264 @ 0x662d4c0] 264 - core 165 r3222 b35605a - H.264/MPEG-4 AVC codec - Copyleft 2003-2025 - http://www.videolan.org/x264.html - options: cabac=1 ref=2 deblock=1:0:0 analyse=0x3:0x113 me=hex subme=6 psy=1 psy_rd=1.00:0.00 mixed_ref=1 me_range=16 chroma_me=1 trellis=1 8x8dct=1 cqm=0 deadzone=21,11 fast_pskip=1 chroma_qp_offset=-2 threads=4 lookahead_threads=1 sliced_threads=0 nr=0 decimate=1 interlaced=0 bluray_compat=0 constrained_intra=0 bframes=0 weightp=1 keyint=250 keyint_min=8 scenecut=40 intra_refresh=0 rc_lookahead=30 rc=crf mbtree=1 crf=18.0 qcomp=0.60 qpmin=0 qpmax=69 qpstep=4 ip_ratio=1.40 aq=1:1.00
[mp4 @ 0x6752680] Starting second pass: moving the moov atom to the beginning of the file
[libx264 @ 0x662d4c0] frame I:1     Avg QP:18.55  size:  1174
[libx264 @ 0x662d4c0] frame P:8     Avg QP:18.89  size:   723
[libx264 @ 0x662d4c0] mb I  I16..4:  0.0% 90.0% 10.0%
[libx264 @ 0x662d4c0] mb P  I16..4:  0.0%  8.1%  1.9%  P16..4: 35.0% 35.3% 17.8%  0.0%  0.0%    skip: 1.9%
[libx264 @ 0x662d4c0] 8x8 transform intra:86.1% inter:62.1%
[libx264 @ 0x662d4c0] coded y,uvDC,uvAC intra: 96.5% 72.2% 22.2% inter: 67.7% 32.6% 1.4%
[libx264 @ 0x662d4c0] i8 v,h,dc,ddl,ddr,vr,hd,vl,hu: 28% 15% 13%  3%  6% 23%  3%  3%  5%
[libx264 @ 0x662d4c0] i4 v,h,dc,ddl,ddr,vr,hd,vl,hu: 46% 18% 10%  2%  4%  7%  5%  4%  4%
[libx264 @ 0x662d4c0] i8c dc,h,v,p: 64% 22% 12%  1%
[libx264 @ 0x662d4c0] Weighted P-Frames: Y:12.5% UV:0.0%
[libx264 @ 0x662d4c0] ref P L0: 80.1% 19.9%
[libx264 @ 0x662d4c0] kb/s:49.49
{"completed":1,"elapsed_ms":11013.994993,"event":"progress","stage":"encoding","total":38}
{"completed":2,"elapsed_ms":11802.526583,"event":"progress","stage":"sampling","total":38}
{"completed":3,"elapsed_ms":11803.046265,"event":"progress","stage":"projecting","total":38}
{"completed":4,"elapsed_ms":11819.860226,"event":"progress","stage":"block-00","total":38}
{"completed":5,"elapsed_ms":12237.223709,"event":"progress","stage":"block-01","total":38}
{"completed":6,"elapsed_ms":12520.617285,"event":"progress","stage":"block-02","total":38}
{"completed":7,"elapsed_ms":12860.960989,"event":"progress","stage":"block-03","total":38}
{"completed":8,"elapsed_ms":13199.371009,"event":"progress","stage":"block-04","total":38}
{"completed":9,"elapsed_ms":13535.116855,"event":"progress","stage":"block-05","total":38}
{"completed":10,"elapsed_ms":13862.026796,"event":"progress","stage":"block-06","total":38}
{"completed":11,"elapsed_ms":14182.286982,"event":"progress","stage":"block-07","total":38}
{"completed":12,"elapsed_ms":14509.594233,"event":"progress","stage":"block-08","total":38}
{"completed":13,"elapsed_ms":14837.224644,"event":"progress","stage":"block-09","total":38}
{"completed":14,"elapsed_ms":15156.074064,"event":"progress","stage":"block-10","total":38}
{"completed":15,"elapsed_ms":15477.395084,"event":"progress","stage":"block-11","total":38}
{"completed":16,"elapsed_ms":15797.770838,"event":"progress","stage":"block-12","total":38}
{"completed":17,"elapsed_ms":16114.844894,"event":"progress","stage":"block-13","total":38}
{"completed":18,"elapsed_ms":16428.797311,"event":"progress","stage":"block-14","total":38}
{"completed":19,"elapsed_ms":16742.106162,"event":"progress","stage":"block-15","total":38}
{"completed":20,"elapsed_ms":17052.325686,"event":"progress","stage":"block-16","total":38}
{"completed":21,"elapsed_ms":17364.945415,"event":"progress","stage":"block-17","total":38}
{"completed":22,"elapsed_ms":17683.186305,"event":"progress","stage":"block-18","total":38}
{"completed":23,"elapsed_ms":17999.598109,"event":"progress","stage":"block-19","total":38}
{"completed":24,"elapsed_ms":18319.413725,"event":"progress","stage":"block-20","total":38}
{"completed":25,"elapsed_ms":18637.939112,"event":"progress","stage":"block-21","total":38}
{"completed":26,"elapsed_ms":18958.199769,"event":"progress","stage":"block-22","total":38}
{"completed":27,"elapsed_ms":19272.131857,"event":"progress","stage":"block-23","total":38}
{"completed":28,"elapsed_ms":19591.503795,"event":"progress","stage":"block-24","total":38}
{"completed":29,"elapsed_ms":19902.855638,"event":"progress","stage":"block-25","total":38}
{"completed":30,"elapsed_ms":20217.796442,"event":"progress","stage":"block-26","total":38}
{"completed":31,"elapsed_ms":20532.025572,"event":"progress","stage":"block-27","total":38}
{"completed":32,"elapsed_ms":20853.532995,"event":"progress","stage":"block-28","total":38}
{"completed":33,"elapsed_ms":21169.259845,"event":"progress","stage":"block-29","total":38}
{"completed":34,"elapsed_ms":21479.59617,"event":"progress","stage":"block-30","total":38}
{"completed":35,"elapsed_ms":21805.192408,"event":"progress","stage":"block-31","total":38}
{"completed":36,"elapsed_ms":22038.717186,"event":"progress","stage":"denoising","total":38}
{"completed":37,"elapsed_ms":22049.270607,"event":"progress","stage":"decoding","total":38}
[libx264 @ 0x1f54fd40] using cpu capabilities: MMX2 SSE2Fast SSSE3 SSE4.2 AVX FMA3 BMI2 AVX2 AVX512
[libx264 @ 0x1f54fd40] profile High, level 1.0, 4:2:0, 8-bit
[libx264 @ 0x1f54fd40] 264 - core 165 r3222 b35605a - H.264/MPEG-4 AVC codec - Copyleft 2003-2025 - http://www.videolan.org/x264.html - options: cabac=1 ref=2 deblock=1:0:0 analyse=0x3:0x113 me=hex subme=6 psy=1 psy_rd=1.00:0.00 mixed_ref=1 me_range=16 chroma_me=1 trellis=1 8x8dct=1 cqm=0 deadzone=21,11 fast_pskip=1 chroma_qp_offset=-2 threads=4 lookahead_threads=1 sliced_threads=0 nr=0 decimate=1 interlaced=0 bluray_compat=0 constrained_intra=0 bframes=0 weightp=1 keyint=250 keyint_min=8 scenecut=40 intra_refresh=0 rc_lookahead=30 rc=crf mbtree=1 crf=18.0 qcomp=0.60 qpmin=0 qpmax=69 qpstep=4 ip_ratio=1.40 aq=1:1.00
[mp4 @ 0x7aa95c0] Starting second pass: moving the moov atom to the beginning of the file
[libx264 @ 0x1f54fd40] frame I:1     Avg QP:20.92  size:  1801
[libx264 @ 0x1f54fd40] frame P:8     Avg QP:20.04  size:  1448
[libx264 @ 0x1f54fd40] mb I  I16..4:  2.5% 55.0% 42.5%
[libx264 @ 0x1f54fd40] mb P  I16..4:  0.0% 13.4% 18.8%  P16..4: 19.1% 32.8% 13.1%  0.0%  0.0%    skip: 2.8%
[libx264 @ 0x1f54fd40] 8x8 transform intra:45.5% inter:53.9%
[libx264 @ 0x1f54fd40] coded y,uvDC,uvAC intra: 97.4% 90.9% 51.0% inter: 74.8% 58.5% 0.0%
[libx264 @ 0x1f54fd40] i16 v,h,dc,p:  0%  0%  0% 100%
[libx264 @ 0x1f54fd40] i8 v,h,dc,ddl,ddr,vr,hd,vl,hu: 16% 14% 16%  3%  6% 22%  5%  5% 12%
[libx264 @ 0x1f54fd40] i4 v,h,dc,ddl,ddr,vr,hd,vl,hu: 34% 11%  8%  2%  7% 17%  5% 10%  6%
[libx264 @ 0x1f54fd40] i8c dc,h,v,p: 48% 21% 22% 10%
[libx264 @ 0x1f54fd40] Weighted P-Frames: Y:25.0% UV:0.0%
[libx264 @ 0x1f54fd40] ref P L0: 88.7% 11.3%
[libx264 @ 0x1f54fd40] kb/s:95.21
{"completed":38,"elapsed_ms":23145.197626,"event":"progress","stage":"completed","total":38}
